Copyright 1986-2022 Xilinx, Inc. All Rights Reserved. Copyright 2022-2024 Advanced Micro Devices, Inc. All Rights Reserved.
----------------------------------------------------------------------------------------------------------------------------------------------------------
| Tool Version      : Vivado v.2024.1 (win64) Build 5076996 Wed May 22 18:37:14 MDT 2024
| Date              : Sun Sep 20 12:20:52 2026
| Host              : LAPTOP-KNBVGAN8 running 64-bit major release  (build 9200)
| Command           : report_timing -max_paths 20 -file E:/workspace/chip/dsm_ip/syn/out/tid32_thermo3_axis_frontend_20260920_114834/timing_max_paths.rpt
| Design            : tid32_thermo3_axis_frontend_tx_ooc
| Device            : xczu15eg-ffvb1156
| Speed File        : -2  PRODUCTION 1.30 05-15-2022
| Design State      : Routed
| Temperature Grade : I
----------------------------------------------------------------------------------------------------------------------------------------------------------

Timing Report

Slack (VIOLATED) :        -7.183ns  (required time - arrival time)
  Source:                 u_dut/u_frontend/u_interp_2/out_valid_reg/C
                            (rising edge-triggered cell FDRE clocked by core_clk  {rise@0.000ns fall@2.286ns period=4.571ns})
  Destination:            u_dut/u_frontend/u_tid/u_p/a_q_reg[2][1][0]/CE
                            (rising edge-triggered cell FDCE clocked by core_clk  {rise@0.000ns fall@2.286ns period=4.571ns})
  Path Group:             core_clk
  Path Type:              Setup (Max at Slow Process Corner)
  Requirement:            4.571ns  (core_clk rise@4.571ns - core_clk rise@0.000ns)
  Data Path Delay:        11.650ns  (logic 0.081ns (0.695%)  route 11.569ns (99.305%))
  Logic Levels:           0  
  Clock Path Skew:        -0.009ns (DCD - SCD + CPR)
    Destination Clock Delay (DCD):    0.020ns = ( 4.591 - 4.571 ) 
    Source Clock Delay      (SCD):    0.029ns
    Clock Pessimism Removal (CPR):    0.000ns
  Clock Uncertainty:      0.035ns  ((TSJ^2 + TIJ^2)^1/2 + DJ) / 2 + PE
    Total System Jitter     (TSJ):    0.071ns
    Total Input Jitter      (TIJ):    0.000ns
    Discrete Jitter          (DJ):    0.000ns
    Phase Error              (PE):    0.000ns

    Location             Delay type                Incr(ns)  Path(ns)    Netlist Resource(s)
  -------------------------------------------------------------------    -------------------
                         (clock core_clk rise edge)
                                                      0.000     0.000 r  
                                                      0.000     0.000 r  clk218 (IN)
                         net (fo=99041, unset)        0.029     0.029    u_dut/u_frontend/u_interp_2/clk
    SLICE_X78Y254        FDRE                                         r  u_dut/u_frontend/u_interp_2/out_valid_reg/C
  -------------------------------------------------------------------    -------------------
    SLICE_X78Y254        FDRE (Prop_FFF2_SLICEL_C_Q)
                                                      0.081     0.110 r  u_dut/u_frontend/u_interp_2/out_valid_reg/Q
                         net (fo=14294, routed)      11.569    11.679    u_dut/u_frontend/u_tid/u_p/in_valid
    SLICE_X89Y223        FDCE                                         r  u_dut/u_frontend/u_tid/u_p/a_q_reg[2][1][0]/CE
  -------------------------------------------------------------------    -------------------

                         (clock core_clk rise edge)
                                                      4.571     4.571 r  
                                                      0.000     4.571 r  clk218 (IN)
                         net (fo=99041, unset)        0.020     4.591    u_dut/u_frontend/u_tid/u_p/clk
    SLICE_X89Y223        FDCE                                         r  u_dut/u_frontend/u_tid/u_p/a_q_reg[2][1][0]/C
                         clock pessimism              0.000     4.591    
                         clock uncertainty           -0.035     4.556    
    SLICE_X89Y223        FDCE (Setup_EFF2_SLICEL_C_CE)
                                                     -0.060     4.496    u_dut/u_frontend/u_tid/u_p/a_q_reg[2][1][0]
  -------------------------------------------------------------------
                         required time                          4.496    
                         arrival time                         -11.679    
  -------------------------------------------------------------------
                         slack                                 -7.183    

Slack (VIOLATED) :        -7.183ns  (required time - arrival time)
  Source:                 u_dut/u_frontend/u_interp_2/out_valid_reg/C
                            (rising edge-triggered cell FDRE clocked by core_clk  {rise@0.000ns fall@2.286ns period=4.571ns})
  Destination:            u_dut/u_frontend/u_tid/u_p/a_q_reg[2][1][1]/CE
                            (rising edge-triggered cell FDCE clocked by core_clk  {rise@0.000ns fall@2.286ns period=4.571ns})
  Path Group:             core_clk
  Path Type:              Setup (Max at Slow Process Corner)
  Requirement:            4.571ns  (core_clk rise@4.571ns - core_clk rise@0.000ns)
  Data Path Delay:        11.650ns  (logic 0.081ns (0.695%)  route 11.569ns (99.305%))
  Logic Levels:           0  
  Clock Path Skew:        -0.009ns (DCD - SCD + CPR)
    Destination Clock Delay (DCD):    0.020ns = ( 4.591 - 4.571 ) 
    Source Clock Delay      (SCD):    0.029ns
    Clock Pessimism Removal (CPR):    0.000ns
  Clock Uncertainty:      0.035ns  ((TSJ^2 + TIJ^2)^1/2 + DJ) / 2 + PE
    Total System Jitter     (TSJ):    0.071ns
    Total Input Jitter      (TIJ):    0.000ns
    Discrete Jitter          (DJ):    0.000ns
    Phase Error              (PE):    0.000ns

    Location             Delay type                Incr(ns)  Path(ns)    Netlist Resource(s)
  -------------------------------------------------------------------    -------------------
                         (clock core_clk rise edge)
                                                      0.000     0.000 r  
                                                      0.000     0.000 r  clk218 (IN)
                         net (fo=99041, unset)        0.029     0.029    u_dut/u_frontend/u_interp_2/clk
    SLICE_X78Y254        FDRE                                         r  u_dut/u_frontend/u_interp_2/out_valid_reg/C
  -------------------------------------------------------------------    -------------------
    SLICE_X78Y254        FDRE (Prop_FFF2_SLICEL_C_Q)
                                                      0.081     0.110 r  u_dut/u_frontend/u_interp_2/out_valid_reg/Q
                         net (fo=14294, routed)      11.569    11.679    u_dut/u_frontend/u_tid/u_p/in_valid
    SLICE_X89Y223        FDCE                                         r  u_dut/u_frontend/u_tid/u_p/a_q_reg[2][1][1]/CE
  -------------------------------------------------------------------    -------------------

                         (clock core_clk rise edge)
                                                      4.571     4.571 r  
                                                      0.000     4.571 r  clk218 (IN)
                         net (fo=99041, unset)        0.020     4.591    u_dut/u_frontend/u_tid/u_p/clk
    SLICE_X89Y223        FDCE                                         r  u_dut/u_frontend/u_tid/u_p/a_q_reg[2][1][1]/C
                         clock pessimism              0.000     4.591    
                         clock uncertainty           -0.035     4.556    
    SLICE_X89Y223        FDCE (Setup_FFF2_SLICEL_C_CE)
                                                     -0.060     4.496    u_dut/u_frontend/u_tid/u_p/a_q_reg[2][1][1]
  -------------------------------------------------------------------
                         required time                          4.496    
                         arrival time                         -11.679    
  -------------------------------------------------------------------
                         slack                                 -7.183    

Slack (VIOLATED) :        -7.183ns  (required time - arrival time)
  Source:                 u_dut/u_frontend/u_interp_2/out_valid_reg/C
                            (rising edge-triggered cell FDRE clocked by core_clk  {rise@0.000ns fall@2.286ns period=4.571ns})
  Destination:            u_dut/u_frontend/u_tid/u_p/a_q_reg[2][1][6]/CE
                            (rising edge-triggered cell FDCE clocked by core_clk  {rise@0.000ns fall@2.286ns period=4.571ns})
  Path Group:             core_clk
  Path Type:              Setup (Max at Slow Process Corner)
  Requirement:            4.571ns  (core_clk rise@4.571ns - core_clk rise@0.000ns)
  Data Path Delay:        11.650ns  (logic 0.081ns (0.695%)  route 11.569ns (99.305%))
  Logic Levels:           0  
  Clock Path Skew:        -0.009ns (DCD - SCD + CPR)
    Destination Clock Delay (DCD):    0.020ns = ( 4.591 - 4.571 ) 
    Source Clock Delay      (SCD):    0.029ns
    Clock Pessimism Removal (CPR):    0.000ns
  Clock Uncertainty:      0.035ns  ((TSJ^2 + TIJ^2)^1/2 + DJ) / 2 + PE
    Total System Jitter     (TSJ):    0.071ns
    Total Input Jitter      (TIJ):    0.000ns
    Discrete Jitter          (DJ):    0.000ns
    Phase Error              (PE):    0.000ns

    Location             Delay type                Incr(ns)  Path(ns)    Netlist Resource(s)
  -------------------------------------------------------------------    -------------------
                         (clock core_clk rise edge)
                                                      0.000     0.000 r  
                                                      0.000     0.000 r  clk218 (IN)
                         net (fo=99041, unset)        0.029     0.029    u_dut/u_frontend/u_interp_2/clk
    SLICE_X78Y254        FDRE                                         r  u_dut/u_frontend/u_interp_2/out_valid_reg/C
  -------------------------------------------------------------------    -------------------
    SLICE_X78Y254        FDRE (Prop_FFF2_SLICEL_C_Q)
                                                      0.081     0.110 r  u_dut/u_frontend/u_interp_2/out_valid_reg/Q
                         net (fo=14294, routed)      11.569    11.679    u_dut/u_frontend/u_tid/u_p/in_valid
    SLICE_X89Y223        FDCE                                         r  u_dut/u_frontend/u_tid/u_p/a_q_reg[2][1][6]/CE
  -------------------------------------------------------------------    -------------------

                         (clock core_clk rise edge)
                                                      4.571     4.571 r  
                                                      0.000     4.571 r  clk218 (IN)
                         net (fo=99041, unset)        0.020     4.591    u_dut/u_frontend/u_tid/u_p/clk
    SLICE_X89Y223        FDCE                                         r  u_dut/u_frontend/u_tid/u_p/a_q_reg[2][1][6]/C
                         clock pessimism              0.000     4.591    
                         clock uncertainty           -0.035     4.556    
    SLICE_X89Y223        FDCE (Setup_GFF2_SLICEL_C_CE)
                                                     -0.060     4.496    u_dut/u_frontend/u_tid/u_p/a_q_reg[2][1][6]
  -------------------------------------------------------------------
                         required time                          4.496    
                         arrival time                         -11.679    
  -------------------------------------------------------------------
                         slack                                 -7.183    

Slack (VIOLATED) :        -7.181ns  (required time - arrival time)
  Source:                 u_dut/u_frontend/u_interp_2/out_valid_reg/C
                            (rising edge-triggered cell FDRE clocked by core_clk  {rise@0.000ns fall@2.286ns period=4.571ns})
  Destination:            u_dut/u_frontend/u_tid/u_p/a_q_reg[2][0][14]/CE
                            (rising edge-triggered cell FDCE clocked by core_clk  {rise@0.000ns fall@2.286ns period=4.571ns})
  Path Group:             core_clk
  Path Type:              Setup (Max at Slow Process Corner)
  Requirement:            4.571ns  (core_clk rise@4.571ns - core_clk rise@0.000ns)
  Data Path Delay:        11.648ns  (logic 0.081ns (0.695%)  route 11.567ns (99.305%))
  Logic Levels:           0  
  Clock Path Skew:        -0.009ns (DCD - SCD + CPR)
    Destination Clock Delay (DCD):    0.020ns = ( 4.591 - 4.571 ) 
    Source Clock Delay      (SCD):    0.029ns
    Clock Pessimism Removal (CPR):    0.000ns
  Clock Uncertainty:      0.035ns  ((TSJ^2 + TIJ^2)^1/2 + DJ) / 2 + PE
    Total System Jitter     (TSJ):    0.071ns
    Total Input Jitter      (TIJ):    0.000ns
    Discrete Jitter          (DJ):    0.000ns
    Phase Error              (PE):    0.000ns

    Location             Delay type                Incr(ns)  Path(ns)    Netlist Resource(s)
  -------------------------------------------------------------------    -------------------
                         (clock core_clk rise edge)
                                                      0.000     0.000 r  
                                                      0.000     0.000 r  clk218 (IN)
                         net (fo=99041, unset)        0.029     0.029    u_dut/u_frontend/u_interp_2/clk
    SLICE_X78Y254        FDRE                                         r  u_dut/u_frontend/u_interp_2/out_valid_reg/C
  -------------------------------------------------------------------    -------------------
    SLICE_X78Y254        FDRE (Prop_FFF2_SLICEL_C_Q)
                                                      0.081     0.110 r  u_dut/u_frontend/u_interp_2/out_valid_reg/Q
                         net (fo=14294, routed)      11.567    11.677    u_dut/u_frontend/u_tid/u_p/in_valid
    SLICE_X89Y223        FDCE                                         r  u_dut/u_frontend/u_tid/u_p/a_q_reg[2][0][14]/CE
  -------------------------------------------------------------------    -------------------

                         (clock core_clk rise edge)
                                                      4.571     4.571 r  
                                                      0.000     4.571 r  clk218 (IN)
                         net (fo=99041, unset)        0.020     4.591    u_dut/u_frontend/u_tid/u_p/clk
    SLICE_X89Y223        FDCE                                         r  u_dut/u_frontend/u_tid/u_p/a_q_reg[2][0][14]/C
                         clock pessimism              0.000     4.591    
                         clock uncertainty           -0.035     4.556    
    SLICE_X89Y223        FDCE (Setup_EFF_SLICEL_C_CE)
                                                     -0.060     4.496    u_dut/u_frontend/u_tid/u_p/a_q_reg[2][0][14]
  -------------------------------------------------------------------
                         required time                          4.496    
                         arrival time                         -11.677    
  -------------------------------------------------------------------
                         slack                                 -7.181    

Slack (VIOLATED) :        -7.181ns  (required time - arrival time)
  Source:                 u_dut/u_frontend/u_interp_2/out_valid_reg/C
                            (rising edge-triggered cell FDRE clocked by core_clk  {rise@0.000ns fall@2.286ns period=4.571ns})
  Destination:            u_dut/u_frontend/u_tid/u_p/a_q_reg[2][1][14]/CE
                            (rising edge-triggered cell FDCE clocked by core_clk  {rise@0.000ns fall@2.286ns period=4.571ns})
  Path Group:             core_clk
  Path Type:              Setup (Max at Slow Process Corner)
  Requirement:            4.571ns  (core_clk rise@4.571ns - core_clk rise@0.000ns)
  Data Path Delay:        11.648ns  (logic 0.081ns (0.695%)  route 11.567ns (99.305%))
  Logic Levels:           0  
  Clock Path Skew:        -0.009ns (DCD - SCD + CPR)
    Destination Clock Delay (DCD):    0.020ns = ( 4.591 - 4.571 ) 
    Source Clock Delay      (SCD):    0.029ns
    Clock Pessimism Removal (CPR):    0.000ns
  Clock Uncertainty:      0.035ns  ((TSJ^2 + TIJ^2)^1/2 + DJ) / 2 + PE
    Total System Jitter     (TSJ):    0.071ns
    Total Input Jitter      (TIJ):    0.000ns
    Discrete Jitter          (DJ):    0.000ns
    Phase Error              (PE):    0.000ns

    Location             Delay type                Incr(ns)  Path(ns)    Netlist Resource(s)
  -------------------------------------------------------------------    -------------------
                         (clock core_clk rise edge)
                                                      0.000     0.000 r  
                                                      0.000     0.000 r  clk218 (IN)
                         net (fo=99041, unset)        0.029     0.029    u_dut/u_frontend/u_interp_2/clk
    SLICE_X78Y254        FDRE                                         r  u_dut/u_frontend/u_interp_2/out_valid_reg/C
  -------------------------------------------------------------------    -------------------
    SLICE_X78Y254        FDRE (Prop_FFF2_SLICEL_C_Q)
                                                      0.081     0.110 r  u_dut/u_frontend/u_interp_2/out_valid_reg/Q
                         net (fo=14294, routed)      11.567    11.677    u_dut/u_frontend/u_tid/u_p/in_valid
    SLICE_X89Y223        FDCE                                         r  u_dut/u_frontend/u_tid/u_p/a_q_reg[2][1][14]/CE
  -------------------------------------------------------------------    -------------------

                         (clock core_clk rise edge)
                                                      4.571     4.571 r  
                                                      0.000     4.571 r  clk218 (IN)
                         net (fo=99041, unset)        0.020     4.591    u_dut/u_frontend/u_tid/u_p/clk
    SLICE_X89Y223        FDCE                                         r  u_dut/u_frontend/u_tid/u_p/a_q_reg[2][1][14]/C
                         clock pessimism              0.000     4.591    
                         clock uncertainty           -0.035     4.556    
    SLICE_X89Y223        FDCE (Setup_FFF_SLICEL_C_CE)
                                                     -0.060     4.496    u_dut/u_frontend/u_tid/u_p/a_q_reg[2][1][14]
  -------------------------------------------------------------------
                         required time                          4.496    
                         arrival time                         -11.677    
  -------------------------------------------------------------------
                         slack                                 -7.181    

Slack (VIOLATED) :        -7.181ns  (required time - arrival time)
  Source:                 u_dut/u_frontend/u_interp_2/out_valid_reg/C
                            (rising edge-triggered cell FDRE clocked by core_clk  {rise@0.000ns fall@2.286ns period=4.571ns})
  Destination:            u_dut/u_frontend/u_tid/u_p/a_q_reg[2][1][4]/CE
                            (rising edge-triggered cell FDCE clocked by core_clk  {rise@0.000ns fall@2.286ns period=4.571ns})
  Path Group:             core_clk
  Path Type:              Setup (Max at Slow Process Corner)
  Requirement:            4.571ns  (core_clk rise@4.571ns - core_clk rise@0.000ns)
  Data Path Delay:        11.648ns  (logic 0.081ns (0.695%)  route 11.567ns (99.305%))
  Logic Levels:           0  
  Clock Path Skew:        -0.009ns (DCD - SCD + CPR)
    Destination Clock Delay (DCD):    0.020ns = ( 4.591 - 4.571 ) 
    Source Clock Delay      (SCD):    0.029ns
    Clock Pessimism Removal (CPR):    0.000ns
  Clock Uncertainty:      0.035ns  ((TSJ^2 + TIJ^2)^1/2 + DJ) / 2 + PE
    Total System Jitter     (TSJ):    0.071ns
    Total Input Jitter      (TIJ):    0.000ns
    Discrete Jitter          (DJ):    0.000ns
    Phase Error              (PE):    0.000ns

    Location             Delay type                Incr(ns)  Path(ns)    Netlist Resource(s)
  -------------------------------------------------------------------    -------------------
                         (clock core_clk rise edge)
                                                      0.000     0.000 r  
                                                      0.000     0.000 r  clk218 (IN)
                         net (fo=99041, unset)        0.029     0.029    u_dut/u_frontend/u_interp_2/clk
    SLICE_X78Y254        FDRE                                         r  u_dut/u_frontend/u_interp_2/out_valid_reg/C
  -------------------------------------------------------------------    -------------------
    SLICE_X78Y254        FDRE (Prop_FFF2_SLICEL_C_Q)
                                                      0.081     0.110 r  u_dut/u_frontend/u_interp_2/out_valid_reg/Q
                         net (fo=14294, routed)      11.567    11.677    u_dut/u_frontend/u_tid/u_p/in_valid
    SLICE_X89Y223        FDCE                                         r  u_dut/u_frontend/u_tid/u_p/a_q_reg[2][1][4]/CE
  -------------------------------------------------------------------    -------------------

                         (clock core_clk rise edge)
                                                      4.571     4.571 r  
                                                      0.000     4.571 r  clk218 (IN)
                         net (fo=99041, unset)        0.020     4.591    u_dut/u_frontend/u_tid/u_p/clk
    SLICE_X89Y223        FDCE                                         r  u_dut/u_frontend/u_tid/u_p/a_q_reg[2][1][4]/C
                         clock pessimism              0.000     4.591    
                         clock uncertainty           -0.035     4.556    
    SLICE_X89Y223        FDCE (Setup_GFF_SLICEL_C_CE)
                                                     -0.060     4.496    u_dut/u_frontend/u_tid/u_p/a_q_reg[2][1][4]
  -------------------------------------------------------------------
                         required time                          4.496    
                         arrival time                         -11.677    
  -------------------------------------------------------------------
                         slack                                 -7.181    

Slack (VIOLATED) :        -7.138ns  (required time - arrival time)
  Source:                 u_dut/u_frontend/u_interp_2/out_valid_reg/C
                            (rising edge-triggered cell FDRE clocked by core_clk  {rise@0.000ns fall@2.286ns period=4.571ns})
  Destination:            u_dut/u_frontend/u_tid/u_m/a_q_reg[3][30][10]_a_q_reg_c_162/CE
                            (rising edge-triggered cell FDRE clocked by core_clk  {rise@0.000ns fall@2.286ns period=4.571ns})
  Path Group:             core_clk
  Path Type:              Setup (Max at Slow Process Corner)
  Requirement:            4.571ns  (core_clk rise@4.571ns - core_clk rise@0.000ns)
  Data Path Delay:        11.605ns  (logic 0.081ns (0.698%)  route 11.524ns (99.302%))
  Logic Levels:           0  
  Clock Path Skew:        -0.008ns (DCD - SCD + CPR)
    Destination Clock Delay (DCD):    0.021ns = ( 4.592 - 4.571 ) 
    Source Clock Delay      (SCD):    0.029ns
    Clock Pessimism Removal (CPR):    0.000ns
  Clock Uncertainty:      0.035ns  ((TSJ^2 + TIJ^2)^1/2 + DJ) / 2 + PE
    Total System Jitter     (TSJ):    0.071ns
    Total Input Jitter      (TIJ):    0.000ns
    Discrete Jitter          (DJ):    0.000ns
    Phase Error              (PE):    0.000ns

    Location             Delay type                Incr(ns)  Path(ns)    Netlist Resource(s)
  -------------------------------------------------------------------    -------------------
                         (clock core_clk rise edge)
                                                      0.000     0.000 r  
                                                      0.000     0.000 r  clk218 (IN)
                         net (fo=99041, unset)        0.029     0.029    u_dut/u_frontend/u_interp_2/clk
    SLICE_X78Y254        FDRE                                         r  u_dut/u_frontend/u_interp_2/out_valid_reg/C
  -------------------------------------------------------------------    -------------------
    SLICE_X78Y254        FDRE (Prop_FFF2_SLICEL_C_Q)
                                                      0.081     0.110 r  u_dut/u_frontend/u_interp_2/out_valid_reg/Q
                         net (fo=14294, routed)      11.524    11.634    u_dut/u_frontend/u_tid/u_m/in_valid
    SLICE_X91Y223        FDRE                                         r  u_dut/u_frontend/u_tid/u_m/a_q_reg[3][30][10]_a_q_reg_c_162/CE
  -------------------------------------------------------------------    -------------------

                         (clock core_clk rise edge)
                                                      4.571     4.571 r  
                                                      0.000     4.571 r  clk218 (IN)
                         net (fo=99041, unset)        0.021     4.592    u_dut/u_frontend/u_tid/u_m/clk
    SLICE_X91Y223        FDRE                                         r  u_dut/u_frontend/u_tid/u_m/a_q_reg[3][30][10]_a_q_reg_c_162/C
                         clock pessimism              0.000     4.592    
                         clock uncertainty           -0.035     4.557    
    SLICE_X91Y223        FDRE (Setup_EFF2_SLICEM_C_CE)
                                                     -0.061     4.496    u_dut/u_frontend/u_tid/u_m/a_q_reg[3][30][10]_a_q_reg_c_162
  -------------------------------------------------------------------
                         required time                          4.496    
                         arrival time                         -11.634    
  -------------------------------------------------------------------
                         slack                                 -7.138    

Slack (VIOLATED) :        -7.134ns  (required time - arrival time)
  Source:                 u_dut/u_frontend/u_interp_2/out_valid_reg/C
                            (rising edge-triggered cell FDRE clocked by core_clk  {rise@0.000ns fall@2.286ns period=4.571ns})
  Destination:            u_dut/u_frontend/u_tid/u_p/a_q_reg[1][31][12]/CE
                            (rising edge-triggered cell FDCE clocked by core_clk  {rise@0.000ns fall@2.286ns period=4.571ns})
  Path Group:             core_clk
  Path Type:              Setup (Max at Slow Process Corner)
  Requirement:            4.571ns  (core_clk rise@4.571ns - core_clk rise@0.000ns)
  Data Path Delay:        11.601ns  (logic 0.081ns (0.698%)  route 11.520ns (99.302%))
  Logic Levels:           0  
  Clock Path Skew:        -0.009ns (DCD - SCD + CPR)
    Destination Clock Delay (DCD):    0.020ns = ( 4.591 - 4.571 ) 
    Source Clock Delay      (SCD):    0.029ns
    Clock Pessimism Removal (CPR):    0.000ns
  Clock Uncertainty:      0.035ns  ((TSJ^2 + TIJ^2)^1/2 + DJ) / 2 + PE
    Total System Jitter     (TSJ):    0.071ns
    Total Input Jitter      (TIJ):    0.000ns
    Discrete Jitter          (DJ):    0.000ns
    Phase Error              (PE):    0.000ns

    Location             Delay type                Incr(ns)  Path(ns)    Netlist Resource(s)
  -------------------------------------------------------------------    -------------------
                         (clock core_clk rise edge)
                                                      0.000     0.000 r  
                                                      0.000     0.000 r  clk218 (IN)
                         net (fo=99041, unset)        0.029     0.029    u_dut/u_frontend/u_interp_2/clk
    SLICE_X78Y254        FDRE                                         r  u_dut/u_frontend/u_interp_2/out_valid_reg/C
  -------------------------------------------------------------------    -------------------
    SLICE_X78Y254        FDRE (Prop_FFF2_SLICEL_C_Q)
                                                      0.081     0.110 r  u_dut/u_frontend/u_interp_2/out_valid_reg/Q
                         net (fo=14294, routed)      11.520    11.630    u_dut/u_frontend/u_tid/u_p/in_valid
    SLICE_X92Y223        FDCE                                         r  u_dut/u_frontend/u_tid/u_p/a_q_reg[1][31][12]/CE
  -------------------------------------------------------------------    -------------------

                         (clock core_clk rise edge)
                                                      4.571     4.571 r  
                                                      0.000     4.571 r  clk218 (IN)
                         net (fo=99041, unset)        0.020     4.591    u_dut/u_frontend/u_tid/u_p/clk
    SLICE_X92Y223        FDCE                                         r  u_dut/u_frontend/u_tid/u_p/a_q_reg[1][31][12]/C
                         clock pessimism              0.000     4.591    
                         clock uncertainty           -0.035     4.556    
    SLICE_X92Y223        FDCE (Setup_HFF2_SLICEL_C_CE)
                                                     -0.060     4.496    u_dut/u_frontend/u_tid/u_p/a_q_reg[1][31][12]
  -------------------------------------------------------------------
                         required time                          4.496    
                         arrival time                         -11.630    
  -------------------------------------------------------------------
                         slack                                 -7.134    

Slack (VIOLATED) :        -7.134ns  (required time - arrival time)
  Source:                 u_dut/u_frontend/u_interp_2/out_valid_reg/C
                            (rising edge-triggered cell FDRE clocked by core_clk  {rise@0.000ns fall@2.286ns period=4.571ns})
  Destination:            u_dut/u_frontend/u_tid/u_p/a_q_reg[1][31][4]/CE
                            (rising edge-triggered cell FDCE clocked by core_clk  {rise@0.000ns fall@2.286ns period=4.571ns})
  Path Group:             core_clk
  Path Type:              Setup (Max at Slow Process Corner)
  Requirement:            4.571ns  (core_clk rise@4.571ns - core_clk rise@0.000ns)
  Data Path Delay:        11.601ns  (logic 0.081ns (0.698%)  route 11.520ns (99.302%))
  Logic Levels:           0  
  Clock Path Skew:        -0.009ns (DCD - SCD + CPR)
    Destination Clock Delay (DCD):    0.020ns = ( 4.591 - 4.571 ) 
    Source Clock Delay      (SCD):    0.029ns
    Clock Pessimism Removal (CPR):    0.000ns
  Clock Uncertainty:      0.035ns  ((TSJ^2 + TIJ^2)^1/2 + DJ) / 2 + PE
    Total System Jitter     (TSJ):    0.071ns
    Total Input Jitter      (TIJ):    0.000ns
    Discrete Jitter          (DJ):    0.000ns
    Phase Error              (PE):    0.000ns

    Location             Delay type                Incr(ns)  Path(ns)    Netlist Resource(s)
  -------------------------------------------------------------------    -------------------
                         (clock core_clk rise edge)
                                                      0.000     0.000 r  
                                                      0.000     0.000 r  clk218 (IN)
                         net (fo=99041, unset)        0.029     0.029    u_dut/u_frontend/u_interp_2/clk
    SLICE_X78Y254        FDRE                                         r  u_dut/u_frontend/u_interp_2/out_valid_reg/C
  -------------------------------------------------------------------    -------------------
    SLICE_X78Y254        FDRE (Prop_FFF2_SLICEL_C_Q)
                                                      0.081     0.110 r  u_dut/u_frontend/u_interp_2/out_valid_reg/Q
                         net (fo=14294, routed)      11.520    11.630    u_dut/u_frontend/u_tid/u_p/in_valid
    SLICE_X92Y223        FDCE                                         r  u_dut/u_frontend/u_tid/u_p/a_q_reg[1][31][4]/CE
  -------------------------------------------------------------------    -------------------

                         (clock core_clk rise edge)
                                                      4.571     4.571 r  
                                                      0.000     4.571 r  clk218 (IN)
                         net (fo=99041, unset)        0.020     4.591    u_dut/u_frontend/u_tid/u_p/clk
    SLICE_X92Y223        FDCE                                         r  u_dut/u_frontend/u_tid/u_p/a_q_reg[1][31][4]/C
                         clock pessimism              0.000     4.591    
                         clock uncertainty           -0.035     4.556    
    SLICE_X92Y223        FDCE (Setup_GFF2_SLICEL_C_CE)
                                                     -0.060     4.496    u_dut/u_frontend/u_tid/u_p/a_q_reg[1][31][4]
  -------------------------------------------------------------------
                         required time                          4.496    
                         arrival time                         -11.630    
  -------------------------------------------------------------------
                         slack                                 -7.134    

Slack (VIOLATED) :        -7.132ns  (required time - arrival time)
  Source:                 u_dut/u_frontend/u_interp_2/out_valid_reg/C
                            (rising edge-triggered cell FDRE clocked by core_clk  {rise@0.000ns fall@2.286ns period=4.571ns})
  Destination:            u_dut/u_frontend/u_tid/u_p/a_q_reg[1][31][11]/CE
                            (rising edge-triggered cell FDCE clocked by core_clk  {rise@0.000ns fall@2.286ns period=4.571ns})
  Path Group:             core_clk
  Path Type:              Setup (Max at Slow Process Corner)
  Requirement:            4.571ns  (core_clk rise@4.571ns - core_clk rise@0.000ns)
  Data Path Delay:        11.599ns  (logic 0.081ns (0.698%)  route 11.518ns (99.302%))
  Logic Levels:           0  
  Clock Path Skew:        -0.009ns (DCD - SCD + CPR)
    Destination Clock Delay (DCD):    0.020ns = ( 4.591 - 4.571 ) 
    Source Clock Delay      (SCD):    0.029ns
    Clock Pessimism Removal (CPR):    0.000ns
  Clock Uncertainty:      0.035ns  ((TSJ^2 + TIJ^2)^1/2 + DJ) / 2 + PE
    Total System Jitter     (TSJ):    0.071ns
    Total Input Jitter      (TIJ):    0.000ns
    Discrete Jitter          (DJ):    0.000ns
    Phase Error              (PE):    0.000ns

    Location             Delay type                Incr(ns)  Path(ns)    Netlist Resource(s)
  -------------------------------------------------------------------    -------------------
                         (clock core_clk rise edge)
                                                      0.000     0.000 r  
                                                      0.000     0.000 r  clk218 (IN)
                         net (fo=99041, unset)        0.029     0.029    u_dut/u_frontend/u_interp_2/clk
    SLICE_X78Y254        FDRE                                         r  u_dut/u_frontend/u_interp_2/out_valid_reg/C
  -------------------------------------------------------------------    -------------------
    SLICE_X78Y254        FDRE (Prop_FFF2_SLICEL_C_Q)
                                                      0.081     0.110 r  u_dut/u_frontend/u_interp_2/out_valid_reg/Q
                         net (fo=14294, routed)      11.518    11.628    u_dut/u_frontend/u_tid/u_p/in_valid
    SLICE_X92Y223        FDCE                                         r  u_dut/u_frontend/u_tid/u_p/a_q_reg[1][31][11]/CE
  -------------------------------------------------------------------    -------------------

                         (clock core_clk rise edge)
                                                      4.571     4.571 r  
                                                      0.000     4.571 r  clk218 (IN)
                         net (fo=99041, unset)        0.020     4.591    u_dut/u_frontend/u_tid/u_p/clk
    SLICE_X92Y223        FDCE                                         r  u_dut/u_frontend/u_tid/u_p/a_q_reg[1][31][11]/C
                         clock pessimism              0.000     4.591    
                         clock uncertainty           -0.035     4.556    
    SLICE_X92Y223        FDCE (Setup_HFF_SLICEL_C_CE)
                                                     -0.060     4.496    u_dut/u_frontend/u_tid/u_p/a_q_reg[1][31][11]
  -------------------------------------------------------------------
                         required time                          4.496    
                         arrival time                         -11.628    
  -------------------------------------------------------------------
                         slack                                 -7.132    

Slack (VIOLATED) :        -7.132ns  (required time - arrival time)
  Source:                 u_dut/u_frontend/u_interp_2/out_valid_reg/C
                            (rising edge-triggered cell FDRE clocked by core_clk  {rise@0.000ns fall@2.286ns period=4.571ns})
  Destination:            u_dut/u_frontend/u_tid/u_p/a_q_reg[1][31][3]/CE
                            (rising edge-triggered cell FDCE clocked by core_clk  {rise@0.000ns fall@2.286ns period=4.571ns})
  Path Group:             core_clk
  Path Type:              Setup (Max at Slow Process Corner)
  Requirement:            4.571ns  (core_clk rise@4.571ns - core_clk rise@0.000ns)
  Data Path Delay:        11.599ns  (logic 0.081ns (0.698%)  route 11.518ns (99.302%))
  Logic Levels:           0  
  Clock Path Skew:        -0.009ns (DCD - SCD + CPR)
    Destination Clock Delay (DCD):    0.020ns = ( 4.591 - 4.571 ) 
    Source Clock Delay      (SCD):    0.029ns
    Clock Pessimism Removal (CPR):    0.000ns
  Clock Uncertainty:      0.035ns  ((TSJ^2 + TIJ^2)^1/2 + DJ) / 2 + PE
    Total System Jitter     (TSJ):    0.071ns
    Total Input Jitter      (TIJ):    0.000ns
    Discrete Jitter          (DJ):    0.000ns
    Phase Error              (PE):    0.000ns

    Location             Delay type                Incr(ns)  Path(ns)    Netlist Resource(s)
  -------------------------------------------------------------------    -------------------
                         (clock core_clk rise edge)
                                                      0.000     0.000 r  
                                                      0.000     0.000 r  clk218 (IN)
                         net (fo=99041, unset)        0.029     0.029    u_dut/u_frontend/u_interp_2/clk
    SLICE_X78Y254        FDRE                                         r  u_dut/u_frontend/u_interp_2/out_valid_reg/C
  -------------------------------------------------------------------    -------------------
    SLICE_X78Y254        FDRE (Prop_FFF2_SLICEL_C_Q)
                                                      0.081     0.110 r  u_dut/u_frontend/u_interp_2/out_valid_reg/Q
                         net (fo=14294, routed)      11.518    11.628    u_dut/u_frontend/u_tid/u_p/in_valid
    SLICE_X92Y223        FDCE                                         r  u_dut/u_frontend/u_tid/u_p/a_q_reg[1][31][3]/CE
  -------------------------------------------------------------------    -------------------

                         (clock core_clk rise edge)
                                                      4.571     4.571 r  
                                                      0.000     4.571 r  clk218 (IN)
                         net (fo=99041, unset)        0.020     4.591    u_dut/u_frontend/u_tid/u_p/clk
    SLICE_X92Y223        FDCE                                         r  u_dut/u_frontend/u_tid/u_p/a_q_reg[1][31][3]/C
                         clock pessimism              0.000     4.591    
                         clock uncertainty           -0.035     4.556    
    SLICE_X92Y223        FDCE (Setup_GFF_SLICEL_C_CE)
                                                     -0.060     4.496    u_dut/u_frontend/u_tid/u_p/a_q_reg[1][31][3]
  -------------------------------------------------------------------
                         required time                          4.496    
                         arrival time                         -11.628    
  -------------------------------------------------------------------
                         slack                                 -7.132    

Slack (VIOLATED) :        -6.990ns  (required time - arrival time)
  Source:                 u_dut/u_frontend/u_interp_2/out_valid_reg/C
                            (rising edge-triggered cell FDRE clocked by core_clk  {rise@0.000ns fall@2.286ns period=4.571ns})
  Destination:            u_dut/u_frontend/u_tid/u_m/a_q_reg[3][30][3]_a_q_reg_c_162/CE
                            (rising edge-triggered cell FDRE clocked by core_clk  {rise@0.000ns fall@2.286ns period=4.571ns})
  Path Group:             core_clk
  Path Type:              Setup (Max at Slow Process Corner)
  Requirement:            4.571ns  (core_clk rise@4.571ns - core_clk rise@0.000ns)
  Data Path Delay:        11.457ns  (logic 0.081ns (0.707%)  route 11.376ns (99.293%))
  Logic Levels:           0  
  Clock Path Skew:        -0.008ns (DCD - SCD + CPR)
    Destination Clock Delay (DCD):    0.021ns = ( 4.592 - 4.571 ) 
    Source Clock Delay      (SCD):    0.029ns
    Clock Pessimism Removal (CPR):    0.000ns
  Clock Uncertainty:      0.035ns  ((TSJ^2 + TIJ^2)^1/2 + DJ) / 2 + PE
    Total System Jitter     (TSJ):    0.071ns
    Total Input Jitter      (TIJ):    0.000ns
    Discrete Jitter          (DJ):    0.000ns
    Phase Error              (PE):    0.000ns

    Location             Delay type                Incr(ns)  Path(ns)    Netlist Resource(s)
  -------------------------------------------------------------------    -------------------
                         (clock core_clk rise edge)
                                                      0.000     0.000 r  
                                                      0.000     0.000 r  clk218 (IN)
                         net (fo=99041, unset)        0.029     0.029    u_dut/u_frontend/u_interp_2/clk
    SLICE_X78Y254        FDRE                                         r  u_dut/u_frontend/u_interp_2/out_valid_reg/C
  -------------------------------------------------------------------    -------------------
    SLICE_X78Y254        FDRE (Prop_FFF2_SLICEL_C_Q)
                                                      0.081     0.110 r  u_dut/u_frontend/u_interp_2/out_valid_reg/Q
                         net (fo=14294, routed)      11.376    11.486    u_dut/u_frontend/u_tid/u_m/in_valid
    SLICE_X94Y223        FDRE                                         r  u_dut/u_frontend/u_tid/u_m/a_q_reg[3][30][3]_a_q_reg_c_162/CE
  -------------------------------------------------------------------    -------------------

                         (clock core_clk rise edge)
                                                      4.571     4.571 r  
                                                      0.000     4.571 r  clk218 (IN)
                         net (fo=99041, unset)        0.021     4.592    u_dut/u_frontend/u_tid/u_m/clk
    SLICE_X94Y223        FDRE                                         r  u_dut/u_frontend/u_tid/u_m/a_q_reg[3][30][3]_a_q_reg_c_162/C
                         clock pessimism              0.000     4.592    
                         clock uncertainty           -0.035     4.557    
    SLICE_X94Y223        FDRE (Setup_EFF2_SLICEM_C_CE)
                                                     -0.061     4.496    u_dut/u_frontend/u_tid/u_m/a_q_reg[3][30][3]_a_q_reg_c_162
  -------------------------------------------------------------------
                         required time                          4.496    
                         arrival time                         -11.486    
  -------------------------------------------------------------------
                         slack                                 -6.990    

Slack (VIOLATED) :        -6.990ns  (required time - arrival time)
  Source:                 u_dut/u_frontend/u_interp_2/out_valid_reg/C
                            (rising edge-triggered cell FDRE clocked by core_clk  {rise@0.000ns fall@2.286ns period=4.571ns})
  Destination:            u_dut/u_frontend/u_tid/u_m/a_q_reg[3][30][7]_a_q_reg_c_162/CE
                            (rising edge-triggered cell FDRE clocked by core_clk  {rise@0.000ns fall@2.286ns period=4.571ns})
  Path Group:             core_clk
  Path Type:              Setup (Max at Slow Process Corner)
  Requirement:            4.571ns  (core_clk rise@4.571ns - core_clk rise@0.000ns)
  Data Path Delay:        11.457ns  (logic 0.081ns (0.707%)  route 11.376ns (99.293%))
  Logic Levels:           0  
  Clock Path Skew:        -0.008ns (DCD - SCD + CPR)
    Destination Clock Delay (DCD):    0.021ns = ( 4.592 - 4.571 ) 
    Source Clock Delay      (SCD):    0.029ns
    Clock Pessimism Removal (CPR):    0.000ns
  Clock Uncertainty:      0.035ns  ((TSJ^2 + TIJ^2)^1/2 + DJ) / 2 + PE
    Total System Jitter     (TSJ):    0.071ns
    Total Input Jitter      (TIJ):    0.000ns
    Discrete Jitter          (DJ):    0.000ns
    Phase Error              (PE):    0.000ns

    Location             Delay type                Incr(ns)  Path(ns)    Netlist Resource(s)
  -------------------------------------------------------------------    -------------------
                         (clock core_clk rise edge)
                                                      0.000     0.000 r  
                                                      0.000     0.000 r  clk218 (IN)
                         net (fo=99041, unset)        0.029     0.029    u_dut/u_frontend/u_interp_2/clk
    SLICE_X78Y254        FDRE                                         r  u_dut/u_frontend/u_interp_2/out_valid_reg/C
  -------------------------------------------------------------------    -------------------
    SLICE_X78Y254        FDRE (Prop_FFF2_SLICEL_C_Q)
                                                      0.081     0.110 r  u_dut/u_frontend/u_interp_2/out_valid_reg/Q
                         net (fo=14294, routed)      11.376    11.486    u_dut/u_frontend/u_tid/u_m/in_valid
    SLICE_X94Y223        FDRE                                         r  u_dut/u_frontend/u_tid/u_m/a_q_reg[3][30][7]_a_q_reg_c_162/CE
  -------------------------------------------------------------------    -------------------

                         (clock core_clk rise edge)
                                                      4.571     4.571 r  
                                                      0.000     4.571 r  clk218 (IN)
                         net (fo=99041, unset)        0.021     4.592    u_dut/u_frontend/u_tid/u_m/clk
    SLICE_X94Y223        FDRE                                         r  u_dut/u_frontend/u_tid/u_m/a_q_reg[3][30][7]_a_q_reg_c_162/C
                         clock pessimism              0.000     4.592    
                         clock uncertainty           -0.035     4.557    
    SLICE_X94Y223        FDRE (Setup_FFF2_SLICEM_C_CE)
                                                     -0.061     4.496    u_dut/u_frontend/u_tid/u_m/a_q_reg[3][30][7]_a_q_reg_c_162
  -------------------------------------------------------------------
                         required time                          4.496    
                         arrival time                         -11.486    
  -------------------------------------------------------------------
                         slack                                 -6.990    

Slack (VIOLATED) :        -6.863ns  (required time - arrival time)
  Source:                 u_dut/u_frontend/u_interp_2/out_valid_reg/C
                            (rising edge-triggered cell FDRE clocked by core_clk  {rise@0.000ns fall@2.286ns period=4.571ns})
  Destination:            u_dut/u_frontend/u_tid/u_m/a_i_reg[27][24][15]_srl25_a_q_reg_c_160/CE
                            (rising edge-triggered cell SRLC32E clocked by core_clk  {rise@0.000ns fall@2.286ns period=4.571ns})
  Path Group:             core_clk
  Path Type:              Setup (Max at Slow Process Corner)
  Requirement:            4.571ns  (core_clk rise@4.571ns - core_clk rise@0.000ns)
  Data Path Delay:        11.232ns  (logic 0.081ns (0.721%)  route 11.151ns (99.279%))
  Logic Levels:           0  
  Clock Path Skew:        0.014ns (DCD - SCD + CPR)
    Destination Clock Delay (DCD):    0.043ns = ( 4.614 - 4.571 ) 
    Source Clock Delay      (SCD):    0.029ns
    Clock Pessimism Removal (CPR):    0.000ns
  Clock Uncertainty:      0.035ns  ((TSJ^2 + TIJ^2)^1/2 + DJ) / 2 + PE
    Total System Jitter     (TSJ):    0.071ns
    Total Input Jitter      (TIJ):    0.000ns
    Discrete Jitter          (DJ):    0.000ns
    Phase Error              (PE):    0.000ns

    Location             Delay type                Incr(ns)  Path(ns)    Netlist Resource(s)
  -------------------------------------------------------------------    -------------------
                         (clock core_clk rise edge)
                                                      0.000     0.000 r  
                                                      0.000     0.000 r  clk218 (IN)
                         net (fo=99041, unset)        0.029     0.029    u_dut/u_frontend/u_interp_2/clk
    SLICE_X78Y254        FDRE                                         r  u_dut/u_frontend/u_interp_2/out_valid_reg/C
  -------------------------------------------------------------------    -------------------
    SLICE_X78Y254        FDRE (Prop_FFF2_SLICEL_C_Q)
                                                      0.081     0.110 r  u_dut/u_frontend/u_interp_2/out_valid_reg/Q
                         net (fo=14294, routed)      11.151    11.261    u_dut/u_frontend/u_tid/u_m/in_valid
    SLICE_X91Y250        SRLC32E                                      r  u_dut/u_frontend/u_tid/u_m/a_i_reg[27][24][15]_srl25_a_q_reg_c_160/CE
  -------------------------------------------------------------------    -------------------

                         (clock core_clk rise edge)
                                                      4.571     4.571 r  
                                                      0.000     4.571 r  clk218 (IN)
                         net (fo=99041, unset)        0.043     4.614    u_dut/u_frontend/u_tid/u_m/clk
    SLICE_X91Y250        SRLC32E                                      r  u_dut/u_frontend/u_tid/u_m/a_i_reg[27][24][15]_srl25_a_q_reg_c_160/CLK
                         clock pessimism              0.000     4.614    
                         clock uncertainty           -0.035     4.579    
    SLICE_X91Y250        SRLC32E (Setup_H6LUT_SLICEM_CLK_CE)
                                                     -0.180     4.399    u_dut/u_frontend/u_tid/u_m/a_i_reg[27][24][15]_srl25_a_q_reg_c_160
  -------------------------------------------------------------------
                         required time                          4.399    
                         arrival time                         -11.261    
  -------------------------------------------------------------------
                         slack                                 -6.863    

Slack (VIOLATED) :        -6.863ns  (required time - arrival time)
  Source:                 u_dut/u_frontend/u_interp_2/out_valid_reg/C
                            (rising edge-triggered cell FDRE clocked by core_clk  {rise@0.000ns fall@2.286ns period=4.571ns})
  Destination:            u_dut/u_frontend/u_tid/u_m/a_i_reg[27][29][16]_srl2_a_q_reg_c_137/CE
                            (rising edge-triggered cell SRL16E clocked by core_clk  {rise@0.000ns fall@2.286ns period=4.571ns})
  Path Group:             core_clk
  Path Type:              Setup (Max at Slow Process Corner)
  Requirement:            4.571ns  (core_clk rise@4.571ns - core_clk rise@0.000ns)
  Data Path Delay:        11.232ns  (logic 0.081ns (0.721%)  route 11.151ns (99.279%))
  Logic Levels:           0  
  Clock Path Skew:        0.014ns (DCD - SCD + CPR)
    Destination Clock Delay (DCD):    0.043ns = ( 4.614 - 4.571 ) 
    Source Clock Delay      (SCD):    0.029ns
    Clock Pessimism Removal (CPR):    0.000ns
  Clock Uncertainty:      0.035ns  ((TSJ^2 + TIJ^2)^1/2 + DJ) / 2 + PE
    Total System Jitter     (TSJ):    0.071ns
    Total Input Jitter      (TIJ):    0.000ns
    Discrete Jitter          (DJ):    0.000ns
    Phase Error              (PE):    0.000ns

    Location             Delay type                Incr(ns)  Path(ns)    Netlist Resource(s)
  -------------------------------------------------------------------    -------------------
                         (clock core_clk rise edge)
                                                      0.000     0.000 r  
                                                      0.000     0.000 r  clk218 (IN)
                         net (fo=99041, unset)        0.029     0.029    u_dut/u_frontend/u_interp_2/clk
    SLICE_X78Y254        FDRE                                         r  u_dut/u_frontend/u_interp_2/out_valid_reg/C
  -------------------------------------------------------------------    -------------------
    SLICE_X78Y254        FDRE (Prop_FFF2_SLICEL_C_Q)
                                                      0.081     0.110 r  u_dut/u_frontend/u_interp_2/out_valid_reg/Q
                         net (fo=14294, routed)      11.151    11.261    u_dut/u_frontend/u_tid/u_m/in_valid
    SLICE_X91Y250        SRL16E                                       r  u_dut/u_frontend/u_tid/u_m/a_i_reg[27][29][16]_srl2_a_q_reg_c_137/CE
  -------------------------------------------------------------------    -------------------

                         (clock core_clk rise edge)
                                                      4.571     4.571 r  
                                                      0.000     4.571 r  clk218 (IN)
                         net (fo=99041, unset)        0.043     4.614    u_dut/u_frontend/u_tid/u_m/clk
    SLICE_X91Y250        SRL16E                                       r  u_dut/u_frontend/u_tid/u_m/a_i_reg[27][29][16]_srl2_a_q_reg_c_137/CLK
                         clock pessimism              0.000     4.614    
                         clock uncertainty           -0.035     4.579    
    SLICE_X91Y250        SRL16E (Setup_G6LUT_SLICEM_CLK_CE)
                                                     -0.180     4.399    u_dut/u_frontend/u_tid/u_m/a_i_reg[27][29][16]_srl2_a_q_reg_c_137
  -------------------------------------------------------------------
                         required time                          4.399    
                         arrival time                         -11.261    
  -------------------------------------------------------------------
                         slack                                 -6.863    

Slack (VIOLATED) :        -6.863ns  (required time - arrival time)
  Source:                 u_dut/u_frontend/u_interp_2/out_valid_reg/C
                            (rising edge-triggered cell FDRE clocked by core_clk  {rise@0.000ns fall@2.286ns period=4.571ns})
  Destination:            u_dut/u_frontend/u_tid/u_p/a_i_reg[27][24][15]_srl25_a_q_reg_c_130/CE
                            (rising edge-triggered cell SRLC32E clocked by core_clk  {rise@0.000ns fall@2.286ns period=4.571ns})
  Path Group:             core_clk
  Path Type:              Setup (Max at Slow Process Corner)
  Requirement:            4.571ns  (core_clk rise@4.571ns - core_clk rise@0.000ns)
  Data Path Delay:        11.232ns  (logic 0.081ns (0.721%)  route 11.151ns (99.279%))
  Logic Levels:           0  
  Clock Path Skew:        0.014ns (DCD - SCD + CPR)
    Destination Clock Delay (DCD):    0.043ns = ( 4.614 - 4.571 ) 
    Source Clock Delay      (SCD):    0.029ns
    Clock Pessimism Removal (CPR):    0.000ns
  Clock Uncertainty:      0.035ns  ((TSJ^2 + TIJ^2)^1/2 + DJ) / 2 + PE
    Total System Jitter     (TSJ):    0.071ns
    Total Input Jitter      (TIJ):    0.000ns
    Discrete Jitter          (DJ):    0.000ns
    Phase Error              (PE):    0.000ns

    Location             Delay type                Incr(ns)  Path(ns)    Netlist Resource(s)
  -------------------------------------------------------------------    -------------------
                         (clock core_clk rise edge)
                                                      0.000     0.000 r  
                                                      0.000     0.000 r  clk218 (IN)
                         net (fo=99041, unset)        0.029     0.029    u_dut/u_frontend/u_interp_2/clk
    SLICE_X78Y254        FDRE                                         r  u_dut/u_frontend/u_interp_2/out_valid_reg/C
  -------------------------------------------------------------------    -------------------
    SLICE_X78Y254        FDRE (Prop_FFF2_SLICEL_C_Q)
                                                      0.081     0.110 r  u_dut/u_frontend/u_interp_2/out_valid_reg/Q
                         net (fo=14294, routed)      11.151    11.261    u_dut/u_frontend/u_tid/u_p/in_valid
    SLICE_X91Y250        SRLC32E                                      r  u_dut/u_frontend/u_tid/u_p/a_i_reg[27][24][15]_srl25_a_q_reg_c_130/CE
  -------------------------------------------------------------------    -------------------

                         (clock core_clk rise edge)
                                                      4.571     4.571 r  
                                                      0.000     4.571 r  clk218 (IN)
                         net (fo=99041, unset)        0.043     4.614    u_dut/u_frontend/u_tid/u_p/clk
    SLICE_X91Y250        SRLC32E                                      r  u_dut/u_frontend/u_tid/u_p/a_i_reg[27][24][15]_srl25_a_q_reg_c_130/CLK
                         clock pessimism              0.000     4.614    
                         clock uncertainty           -0.035     4.579    
    SLICE_X91Y250        SRLC32E (Setup_F6LUT_SLICEM_CLK_CE)
                                                     -0.180     4.399    u_dut/u_frontend/u_tid/u_p/a_i_reg[27][24][15]_srl25_a_q_reg_c_130
  -------------------------------------------------------------------
                         required time                          4.399    
                         arrival time                         -11.261    
  -------------------------------------------------------------------
                         slack                                 -6.863    

Slack (VIOLATED) :        -6.863ns  (required time - arrival time)
  Source:                 u_dut/u_frontend/u_interp_2/out_valid_reg/C
                            (rising edge-triggered cell FDRE clocked by core_clk  {rise@0.000ns fall@2.286ns period=4.571ns})
  Destination:            u_dut/u_frontend/u_tid/u_p/a_i_reg[28][25][15]_srl26_a_q_reg_c_131/CE
                            (rising edge-triggered cell SRLC32E clocked by core_clk  {rise@0.000ns fall@2.286ns period=4.571ns})
  Path Group:             core_clk
  Path Type:              Setup (Max at Slow Process Corner)
  Requirement:            4.571ns  (core_clk rise@4.571ns - core_clk rise@0.000ns)
  Data Path Delay:        11.232ns  (logic 0.081ns (0.721%)  route 11.151ns (99.279%))
  Logic Levels:           0  
  Clock Path Skew:        0.014ns (DCD - SCD + CPR)
    Destination Clock Delay (DCD):    0.043ns = ( 4.614 - 4.571 ) 
    Source Clock Delay      (SCD):    0.029ns
    Clock Pessimism Removal (CPR):    0.000ns
  Clock Uncertainty:      0.035ns  ((TSJ^2 + TIJ^2)^1/2 + DJ) / 2 + PE
    Total System Jitter     (TSJ):    0.071ns
    Total Input Jitter      (TIJ):    0.000ns
    Discrete Jitter          (DJ):    0.000ns
    Phase Error              (PE):    0.000ns

    Location             Delay type                Incr(ns)  Path(ns)    Netlist Resource(s)
  -------------------------------------------------------------------    -------------------
                         (clock core_clk rise edge)
                                                      0.000     0.000 r  
                                                      0.000     0.000 r  clk218 (IN)
                         net (fo=99041, unset)        0.029     0.029    u_dut/u_frontend/u_interp_2/clk
    SLICE_X78Y254        FDRE                                         r  u_dut/u_frontend/u_interp_2/out_valid_reg/C
  -------------------------------------------------------------------    -------------------
    SLICE_X78Y254        FDRE (Prop_FFF2_SLICEL_C_Q)
                                                      0.081     0.110 r  u_dut/u_frontend/u_interp_2/out_valid_reg/Q
                         net (fo=14294, routed)      11.151    11.261    u_dut/u_frontend/u_tid/u_p/in_valid
    SLICE_X91Y250        SRLC32E                                      r  u_dut/u_frontend/u_tid/u_p/a_i_reg[28][25][15]_srl26_a_q_reg_c_131/CE
  -------------------------------------------------------------------    -------------------

                         (clock core_clk rise edge)
                                                      4.571     4.571 r  
                                                      0.000     4.571 r  clk218 (IN)
                         net (fo=99041, unset)        0.043     4.614    u_dut/u_frontend/u_tid/u_p/clk
    SLICE_X91Y250        SRLC32E                                      r  u_dut/u_frontend/u_tid/u_p/a_i_reg[28][25][15]_srl26_a_q_reg_c_131/CLK
                         clock pessimism              0.000     4.614    
                         clock uncertainty           -0.035     4.579    
    SLICE_X91Y250        SRLC32E (Setup_E6LUT_SLICEM_CLK_CE)
                                                     -0.180     4.399    u_dut/u_frontend/u_tid/u_p/a_i_reg[28][25][15]_srl26_a_q_reg_c_131
  -------------------------------------------------------------------
                         required time                          4.399    
                         arrival time                         -11.261    
  -------------------------------------------------------------------
                         slack                                 -6.863    

Slack (VIOLATED) :        -6.863ns  (required time - arrival time)
  Source:                 u_dut/u_frontend/u_interp_2/out_valid_reg/C
                            (rising edge-triggered cell FDRE clocked by core_clk  {rise@0.000ns fall@2.286ns period=4.571ns})
  Destination:            u_dut/u_frontend/u_tid/u_p/a_i_reg[4][1][15]_srl2_a_q_reg_c_107/CE
                            (rising edge-triggered cell SRL16E clocked by core_clk  {rise@0.000ns fall@2.286ns period=4.571ns})
  Path Group:             core_clk
  Path Type:              Setup (Max at Slow Process Corner)
  Requirement:            4.571ns  (core_clk rise@4.571ns - core_clk rise@0.000ns)
  Data Path Delay:        11.232ns  (logic 0.081ns (0.721%)  route 11.151ns (99.279%))
  Logic Levels:           0  
  Clock Path Skew:        0.014ns (DCD - SCD + CPR)
    Destination Clock Delay (DCD):    0.043ns = ( 4.614 - 4.571 ) 
    Source Clock Delay      (SCD):    0.029ns
    Clock Pessimism Removal (CPR):    0.000ns
  Clock Uncertainty:      0.035ns  ((TSJ^2 + TIJ^2)^1/2 + DJ) / 2 + PE
    Total System Jitter     (TSJ):    0.071ns
    Total Input Jitter      (TIJ):    0.000ns
    Discrete Jitter          (DJ):    0.000ns
    Phase Error              (PE):    0.000ns

    Location             Delay type                Incr(ns)  Path(ns)    Netlist Resource(s)
  -------------------------------------------------------------------    -------------------
                         (clock core_clk rise edge)
                                                      0.000     0.000 r  
                                                      0.000     0.000 r  clk218 (IN)
                         net (fo=99041, unset)        0.029     0.029    u_dut/u_frontend/u_interp_2/clk
    SLICE_X78Y254        FDRE                                         r  u_dut/u_frontend/u_interp_2/out_valid_reg/C
  -------------------------------------------------------------------    -------------------
    SLICE_X78Y254        FDRE (Prop_FFF2_SLICEL_C_Q)
                                                      0.081     0.110 r  u_dut/u_frontend/u_interp_2/out_valid_reg/Q
                         net (fo=14294, routed)      11.151    11.261    u_dut/u_frontend/u_tid/u_p/in_valid
    SLICE_X91Y250        SRL16E                                       r  u_dut/u_frontend/u_tid/u_p/a_i_reg[4][1][15]_srl2_a_q_reg_c_107/CE
  -------------------------------------------------------------------    -------------------

                         (clock core_clk rise edge)
                                                      4.571     4.571 r  
                                                      0.000     4.571 r  clk218 (IN)
                         net (fo=99041, unset)        0.043     4.614    u_dut/u_frontend/u_tid/u_p/clk
    SLICE_X91Y250        SRL16E                                       r  u_dut/u_frontend/u_tid/u_p/a_i_reg[4][1][15]_srl2_a_q_reg_c_107/CLK
                         clock pessimism              0.000     4.614    
                         clock uncertainty           -0.035     4.579    
    SLICE_X91Y250        SRL16E (Setup_D6LUT_SLICEM_CLK_CE)
                                                     -0.180     4.399    u_dut/u_frontend/u_tid/u_p/a_i_reg[4][1][15]_srl2_a_q_reg_c_107
  -------------------------------------------------------------------
                         required time                          4.399    
                         arrival time                         -11.261    
  -------------------------------------------------------------------
                         slack                                 -6.863    

Slack (VIOLATED) :        -6.863ns  (required time - arrival time)
  Source:                 u_dut/u_frontend/u_interp_2/out_valid_reg/C
                            (rising edge-triggered cell FDRE clocked by core_clk  {rise@0.000ns fall@2.286ns period=4.571ns})
  Destination:            u_dut/u_frontend/u_tid/u_p/a_i_reg[4][29][16]_srl25_a_q_reg_c_130/CE
                            (rising edge-triggered cell SRLC32E clocked by core_clk  {rise@0.000ns fall@2.286ns period=4.571ns})
  Path Group:             core_clk
  Path Type:              Setup (Max at Slow Process Corner)
  Requirement:            4.571ns  (core_clk rise@4.571ns - core_clk rise@0.000ns)
  Data Path Delay:        11.232ns  (logic 0.081ns (0.721%)  route 11.151ns (99.279%))
  Logic Levels:           0  
  Clock Path Skew:        0.014ns (DCD - SCD + CPR)
    Destination Clock Delay (DCD):    0.043ns = ( 4.614 - 4.571 ) 
    Source Clock Delay      (SCD):    0.029ns
    Clock Pessimism Removal (CPR):    0.000ns
  Clock Uncertainty:      0.035ns  ((TSJ^2 + TIJ^2)^1/2 + DJ) / 2 + PE
    Total System Jitter     (TSJ):    0.071ns
    Total Input Jitter      (TIJ):    0.000ns
    Discrete Jitter          (DJ):    0.000ns
    Phase Error              (PE):    0.000ns

    Location             Delay type                Incr(ns)  Path(ns)    Netlist Resource(s)
  -------------------------------------------------------------------    -------------------
                         (clock core_clk rise edge)
                                                      0.000     0.000 r  
                                                      0.000     0.000 r  clk218 (IN)
                         net (fo=99041, unset)        0.029     0.029    u_dut/u_frontend/u_interp_2/clk
    SLICE_X78Y254        FDRE                                         r  u_dut/u_frontend/u_interp_2/out_valid_reg/C
  -------------------------------------------------------------------    -------------------
    SLICE_X78Y254        FDRE (Prop_FFF2_SLICEL_C_Q)
                                                      0.081     0.110 r  u_dut/u_frontend/u_interp_2/out_valid_reg/Q
                         net (fo=14294, routed)      11.151    11.261    u_dut/u_frontend/u_tid/u_p/in_valid
    SLICE_X91Y250        SRLC32E                                      r  u_dut/u_frontend/u_tid/u_p/a_i_reg[4][29][16]_srl25_a_q_reg_c_130/CE
  -------------------------------------------------------------------    -------------------

                         (clock core_clk rise edge)
                                                      4.571     4.571 r  
                                                      0.000     4.571 r  clk218 (IN)
                         net (fo=99041, unset)        0.043     4.614    u_dut/u_frontend/u_tid/u_p/clk
    SLICE_X91Y250        SRLC32E                                      r  u_dut/u_frontend/u_tid/u_p/a_i_reg[4][29][16]_srl25_a_q_reg_c_130/CLK
                         clock pessimism              0.000     4.614    
                         clock uncertainty           -0.035     4.579    
    SLICE_X91Y250        SRLC32E (Setup_C6LUT_SLICEM_CLK_CE)
                                                     -0.180     4.399    u_dut/u_frontend/u_tid/u_p/a_i_reg[4][29][16]_srl25_a_q_reg_c_130
  -------------------------------------------------------------------
                         required time                          4.399    
                         arrival time                         -11.261    
  -------------------------------------------------------------------
                         slack                                 -6.863    

Slack (VIOLATED) :        -6.863ns  (required time - arrival time)
  Source:                 u_dut/u_frontend/u_interp_2/out_valid_reg/C
                            (rising edge-triggered cell FDRE clocked by core_clk  {rise@0.000ns fall@2.286ns period=4.571ns})
  Destination:            u_dut/u_frontend/u_tid/u_p/a_i_reg[5][29][16]_srl24_a_q_reg_c_129/CE
                            (rising edge-triggered cell SRLC32E clocked by core_clk  {rise@0.000ns fall@2.286ns period=4.571ns})
  Path Group:             core_clk
  Path Type:              Setup (Max at Slow Process Corner)
  Requirement:            4.571ns  (core_clk rise@4.571ns - core_clk rise@0.000ns)
  Data Path Delay:        11.232ns  (logic 0.081ns (0.721%)  route 11.151ns (99.279%))
  Logic Levels:           0  
  Clock Path Skew:        0.014ns (DCD - SCD + CPR)
    Destination Clock Delay (DCD):    0.043ns = ( 4.614 - 4.571 ) 
    Source Clock Delay      (SCD):    0.029ns
    Clock Pessimism Removal (CPR):    0.000ns
  Clock Uncertainty:      0.035ns  ((TSJ^2 + TIJ^2)^1/2 + DJ) / 2 + PE
    Total System Jitter     (TSJ):    0.071ns
    Total Input Jitter      (TIJ):    0.000ns
    Discrete Jitter          (DJ):    0.000ns
    Phase Error              (PE):    0.000ns

    Location             Delay type                Incr(ns)  Path(ns)    Netlist Resource(s)
  -------------------------------------------------------------------    -------------------
                         (clock core_clk rise edge)
                                                      0.000     0.000 r  
                                                      0.000     0.000 r  clk218 (IN)
                         net (fo=99041, unset)        0.029     0.029    u_dut/u_frontend/u_interp_2/clk
    SLICE_X78Y254        FDRE                                         r  u_dut/u_frontend/u_interp_2/out_valid_reg/C
  -------------------------------------------------------------------    -------------------
    SLICE_X78Y254        FDRE (Prop_FFF2_SLICEL_C_Q)
                                                      0.081     0.110 r  u_dut/u_frontend/u_interp_2/out_valid_reg/Q
                         net (fo=14294, routed)      11.151    11.261    u_dut/u_frontend/u_tid/u_p/in_valid
    SLICE_X91Y250        SRLC32E                                      r  u_dut/u_frontend/u_tid/u_p/a_i_reg[5][29][16]_srl24_a_q_reg_c_129/CE
  -------------------------------------------------------------------    -------------------

                         (clock core_clk rise edge)
                                                      4.571     4.571 r  
                                                      0.000     4.571 r  clk218 (IN)
                         net (fo=99041, unset)        0.043     4.614    u_dut/u_frontend/u_tid/u_p/clk
    SLICE_X91Y250        SRLC32E                                      r  u_dut/u_frontend/u_tid/u_p/a_i_reg[5][29][16]_srl24_a_q_reg_c_129/CLK
                         clock pessimism              0.000     4.614    
                         clock uncertainty           -0.035     4.579    
    SLICE_X91Y250        SRLC32E (Setup_B6LUT_SLICEM_CLK_CE)
                                                     -0.180     4.399    u_dut/u_frontend/u_tid/u_p/a_i_reg[5][29][16]_srl24_a_q_reg_c_129
  -------------------------------------------------------------------
                         required time                          4.399    
                         arrival time                         -11.261    
  -------------------------------------------------------------------
                         slack                                 -6.863    




