Copyright 1986-2022 Xilinx, Inc. All Rights Reserved. Copyright 2022-2024 Advanced Micro Devices, Inc. All Rights Reserved.
--------------------------------------------------------------------------------------------------------------------------------------------------
| Tool Version      : Vivado v.2024.1 (win64) Build 5076996 Wed May 22 18:37:14 MDT 2024
| Date              : Mon Sep 21 23:30:28 2026
| Host              : LAPTOP-KNBVGAN8 running 64-bit major release  (build 9200)
| Command           : report_timing_summary -file E:/workspace/chip/dsm_ip/syn/out/tid32_thermo5_axis_frontend_20260921_213551/timing_summary.rpt
| Design            : tid32_thermo5_axis_frontend_tx_ooc
| Device            : xczu15eg-ffvb1156
| Speed File        : -2  PRODUCTION 1.30 05-15-2022
| Design State      : Routed
| Temperature Grade : I
--------------------------------------------------------------------------------------------------------------------------------------------------

Timing Summary Report

------------------------------------------------------------------------------------------------
| Timer Settings
| --------------
------------------------------------------------------------------------------------------------

  Enable Multi Corner Analysis               :  Yes
  Enable Pessimism Removal                   :  Yes
  Pessimism Removal Resolution               :  Nearest Common Node
  Enable Input Delay Default Clock           :  No
  Enable Preset / Clear Arcs                 :  No
  Disable Flight Delays                      :  No
  Ignore I/O Paths                           :  No
  Timing Early Launch at Borrowing Latches   :  No
  Borrow Time for Max Delay Exceptions       :  Yes
  Merge Timing Exceptions                    :  Yes
  Inter-SLR Compensation                     :  Conservative

  Corner  Analyze    Analyze    
  Name    Max Paths  Min Paths  
  ------  ---------  ---------  
  Slow    Yes        Yes        
  Fast    Yes        Yes        


------------------------------------------------------------------------------------------------
| Report Methodology
| ------------------
------------------------------------------------------------------------------------------------

No report available as report_methodology has not been run prior. Run report_methodology on the current design for the summary of methodology violations.



check_timing report

Table of Contents
-----------------
1. checking no_clock (0)
2. checking constant_clock (0)
3. checking pulse_width_clock (0)
4. checking unconstrained_internal_endpoints (0)
5. checking no_input_delay (855)
6. checking no_output_delay (264)
7. checking multiple_clock (0)
8. checking generated_clocks (0)
9. checking loops (0)
10. checking partial_input_delay (0)
11. checking partial_output_delay (0)
12. checking latch_loops (0)

1. checking no_clock (0)
------------------------
 There are 0 register/latch pins with no clock.


2. checking constant_clock (0)
------------------------------
 There are 0 register/latch pins with constant_clock.


3. checking pulse_width_clock (0)
---------------------------------
 There are 0 register/latch pins which need pulse_width check


4. checking unconstrained_internal_endpoints (0)
------------------------------------------------
 There are 0 pins that are not constrained for maximum delay.

 There are 0 pins that are not constrained for maximum delay due to constant clock.


5. checking no_input_delay (855)
--------------------------------
 There are 853 input ports with no input delay specified. (HIGH)

 There are 2 input ports with no input delay but user has a false path constraint. (MEDIUM)


6. checking no_output_delay (264)
---------------------------------
 There are 264 ports with no output delay specified. (HIGH)

 There are 0 ports with no output delay but user has a false path constraint

 There are 0 ports with no output delay but with a timing clock defined on it or propagating through it


7. checking multiple_clock (0)
------------------------------
 There are 0 register/latch pins with multiple clocks.


8. checking generated_clocks (0)
--------------------------------
 There are 0 generated clocks that are not connected to a clock source.


9. checking loops (0)
---------------------
 There are 0 combinational loops in the design.


10. checking partial_input_delay (0)
------------------------------------
 There are 0 input ports with partial input delay specified.


11. checking partial_output_delay (0)
-------------------------------------
 There are 0 ports with partial output delay specified.


12. checking latch_loops (0)
----------------------------
 There are 0 combinational latch loops in the design through latch input



------------------------------------------------------------------------------------------------
| Design Timing Summary
| ---------------------
------------------------------------------------------------------------------------------------

    WNS(ns)      TNS(ns)  TNS Failing Endpoints  TNS Total Endpoints      WHS(ns)      THS(ns)  THS Failing Endpoints  THS Total Endpoints     WPWS(ns)     TPWS(ns)  TPWS Failing Endpoints  TPWS Total Endpoints  
    -------      -------  ---------------------  -------------------      -------      -------  ---------------------  -------------------     --------     --------  ----------------------  --------------------  
      0.308        0.000                      0               241363        0.027        0.000                      0               241363        1.743        0.000                       0                110920  


All user specified timing constraints are met.


------------------------------------------------------------------------------------------------
| Clock Summary
| -------------
------------------------------------------------------------------------------------------------

Clock        Waveform(ns)         Period(ns)      Frequency(MHz)
-----        ------------         ----------      --------------
core_clk     {0.000 2.286}        4.571           218.771         
s_axis_aclk  {0.000 4.000}        8.000           125.000         


------------------------------------------------------------------------------------------------
| Intra Clock Table
| -----------------
------------------------------------------------------------------------------------------------

Clock             WNS(ns)      TNS(ns)  TNS Failing Endpoints  TNS Total Endpoints      WHS(ns)      THS(ns)  THS Failing Endpoints  THS Total Endpoints     WPWS(ns)     TPWS(ns)  TPWS Failing Endpoints  TPWS Total Endpoints  
-----             -------      -------  ---------------------  -------------------      -------      -------  ---------------------  -------------------     --------     --------  ----------------------  --------------------  
core_clk            0.308        0.000                      0               240600        0.027        0.000                      0               240600        1.743        0.000                       0                110871  
s_axis_aclk         5.917        0.000                      0                  145        0.039        0.000                      0                  145        3.458        0.000                       0                    49  


------------------------------------------------------------------------------------------------
| Inter Clock Table
| -----------------
------------------------------------------------------------------------------------------------

From Clock    To Clock          WNS(ns)      TNS(ns)  TNS Failing Endpoints  TNS Total Endpoints      WHS(ns)      THS(ns)  THS Failing Endpoints  THS Total Endpoints  
----------    --------          -------      -------  ---------------------  -------------------      -------      -------  ---------------------  -------------------  


------------------------------------------------------------------------------------------------
| Other Path Groups Table
| -----------------------
------------------------------------------------------------------------------------------------

Path Group         From Clock         To Clock               WNS(ns)      TNS(ns)  TNS Failing Endpoints  TNS Total Endpoints      WHS(ns)      THS(ns)  THS Failing Endpoints  THS Total Endpoints  
----------         ----------         --------               -------      -------  ---------------------  -------------------      -------      -------  ---------------------  -------------------  
**async_default**  core_clk           core_clk                 2.823        0.000                      0                  618        0.163        0.000                      0                  618  


------------------------------------------------------------------------------------------------
| Timing Details
| --------------
------------------------------------------------------------------------------------------------


---------------------------------------------------------------------------------------------------
From Clock:  core_clk
  To Clock:  core_clk

Setup :            0  Failing Endpoints,  Worst Slack        0.308ns,  Total Violation        0.000ns
Hold  :            0  Failing Endpoints,  Worst Slack        0.027ns,  Total Violation        0.000ns
PW    :            0  Failing Endpoints,  Worst Slack        1.743ns,  Total Violation        0.000ns
---------------------------------------------------------------------------------------------------


Max Delay Paths
--------------------------------------------------------------------------------------
Slack (MET) :             0.308ns  (required time - arrival time)
  Source:                 u_dut/u_frontend/g_memory_dpd.u_memory_dpd/g_lane[7].u_dpd/r4_full_s2[3]/DSP_A_B_DATA_INST/CLK
                            (rising edge-triggered cell DSP_A_B_DATA clocked by core_clk  {rise@0.000ns fall@2.286ns period=4.571ns})
  Destination:            u_dut/u_frontend/g_memory_dpd.u_memory_dpd/g_lane[7].u_dpd/p_156_out__0/DSP_A_B_DATA_INST/B[15]
                            (rising edge-triggered cell DSP_A_B_DATA clocked by core_clk  {rise@0.000ns fall@2.286ns period=4.571ns})
  Path Group:             core_clk
  Path Type:              Setup (Max at Slow Process Corner)
  Requirement:            4.571ns  (core_clk rise@4.571ns - core_clk rise@0.000ns)
  Data Path Delay:        3.962ns  (logic 2.603ns (65.700%)  route 1.359ns (34.300%))
  Logic Levels:           10  (CARRY8=2 DSP_ALU=2 DSP_M_DATA=1 DSP_MULTIPLIER=1 DSP_OUTPUT=2 DSP_PREADD_DATA=1 LUT2=1)
  Clock Path Skew:        -0.017ns (DCD - SCD + CPR)
    Destination Clock Delay (DCD):    0.043ns = ( 4.614 - 4.571 ) 
    Source Clock Delay      (SCD):    0.060ns
    Clock Pessimism Removal (CPR):    0.000ns
  Clock Uncertainty:      0.035ns  ((TSJ^2 + TIJ^2)^1/2 + DJ) / 2 + PE
    Total System Jitter     (TSJ):    0.071ns
    Total Input Jitter      (TIJ):    0.000ns
    Discrete Jitter          (DJ):    0.000ns
    Phase Error              (PE):    0.000ns

    Location             Delay type                Incr(ns)  Path(ns)    Netlist Resource(s)
  -------------------------------------------------------------------    -------------------
                         (clock core_clk rise edge)
                                                      0.000     0.000 r  
                                                      0.000     0.000 r  clk218 (IN)
                         net (fo=121078, unset)       0.060     0.060    u_dut/u_frontend/g_memory_dpd.u_memory_dpd/g_lane[7].u_dpd/r4_full_s2[3]/CLK
    DSP48E2_X1Y74        DSP_A_B_DATA                                 r  u_dut/u_frontend/g_memory_dpd.u_memory_dpd/g_lane[7].u_dpd/r4_full_s2[3]/DSP_A_B_DATA_INST/CLK
  -------------------------------------------------------------------    -------------------
    DSP48E2_X1Y74        DSP_A_B_DATA (Prop_DSP_A_B_DATA_DSP48E2_CLK_B2_DATA[17])
                                                      0.212     0.272 r  u_dut/u_frontend/g_memory_dpd.u_memory_dpd/g_lane[7].u_dpd/r4_full_s2[3]/DSP_A_B_DATA_INST/B2_DATA[17]
                         net (fo=1, routed)           0.000     0.272    u_dut/u_frontend/g_memory_dpd.u_memory_dpd/g_lane[7].u_dpd/r4_full_s2[3]/DSP_A_B_DATA.B2_DATA<17>
    DSP48E2_X1Y74        DSP_PREADD_DATA (Prop_DSP_PREADD_DATA_DSP48E2_B2_DATA[17]_B2B1[17])
                                                      0.073     0.345 r  u_dut/u_frontend/g_memory_dpd.u_memory_dpd/g_lane[7].u_dpd/r4_full_s2[3]/DSP_PREADD_DATA_INST/B2B1[17]
                         net (fo=1, routed)           0.000     0.345    u_dut/u_frontend/g_memory_dpd.u_memory_dpd/g_lane[7].u_dpd/r4_full_s2[3]/DSP_PREADD_DATA.B2B1<17>
    DSP48E2_X1Y74        DSP_MULTIPLIER (Prop_DSP_MULTIPLIER_DSP48E2_B2B1[17]_V[43])
                                                      0.609     0.954 f  u_dut/u_frontend/g_memory_dpd.u_memory_dpd/g_lane[7].u_dpd/r4_full_s2[3]/DSP_MULTIPLIER_INST/V[43]
                         net (fo=1, routed)           0.000     0.954    u_dut/u_frontend/g_memory_dpd.u_memory_dpd/g_lane[7].u_dpd/r4_full_s2[3]/DSP_MULTIPLIER.V<43>
    DSP48E2_X1Y74        DSP_M_DATA (Prop_DSP_M_DATA_DSP48E2_V[43]_V_DATA[43])
                                                      0.046     1.000 r  u_dut/u_frontend/g_memory_dpd.u_memory_dpd/g_lane[7].u_dpd/r4_full_s2[3]/DSP_M_DATA_INST/V_DATA[43]
                         net (fo=1, routed)           0.000     1.000    u_dut/u_frontend/g_memory_dpd.u_memory_dpd/g_lane[7].u_dpd/r4_full_s2[3]/DSP_M_DATA.V_DATA<43>
    DSP48E2_X1Y74        DSP_ALU (Prop_DSP_ALU_DSP48E2_V_DATA[43]_ALU_OUT[47])
                                                      0.571     1.571 f  u_dut/u_frontend/g_memory_dpd.u_memory_dpd/g_lane[7].u_dpd/r4_full_s2[3]/DSP_ALU_INST/ALU_OUT[47]
                         net (fo=1, routed)           0.000     1.571    u_dut/u_frontend/g_memory_dpd.u_memory_dpd/g_lane[7].u_dpd/r4_full_s2[3]/DSP_ALU.ALU_OUT<47>
    DSP48E2_X1Y74        DSP_OUTPUT (Prop_DSP_OUTPUT_DSP48E2_ALU_OUT[47]_PCOUT[47])
                                                      0.122     1.693 r  u_dut/u_frontend/g_memory_dpd.u_memory_dpd/g_lane[7].u_dpd/r4_full_s2[3]/DSP_OUTPUT_INST/PCOUT[47]
                         net (fo=1, routed)           0.014     1.707    u_dut/u_frontend/g_memory_dpd.u_memory_dpd/g_lane[7].u_dpd/r4_full_s2[3]__0/PCIN[47]
    DSP48E2_X1Y75        DSP_ALU (Prop_DSP_ALU_DSP48E2_PCIN[47]_ALU_OUT[0])
                                                      0.546     2.253 f  u_dut/u_frontend/g_memory_dpd.u_memory_dpd/g_lane[7].u_dpd/r4_full_s2[3]__0/DSP_ALU_INST/ALU_OUT[0]
                         net (fo=1, routed)           0.000     2.253    u_dut/u_frontend/g_memory_dpd.u_memory_dpd/g_lane[7].u_dpd/r4_full_s2[3]__0/DSP_ALU.ALU_OUT<0>
    DSP48E2_X1Y75        DSP_OUTPUT (Prop_DSP_OUTPUT_DSP48E2_ALU_OUT[0]_P[0])
                                                      0.109     2.362 r  u_dut/u_frontend/g_memory_dpd.u_memory_dpd/g_lane[7].u_dpd/r4_full_s2[3]__0/DSP_OUTPUT_INST/P[0]
                         net (fo=1, routed)           0.345     2.707    u_dut/u_frontend/g_memory_dpd.u_memory_dpd/g_lane[7].u_dpd/r4_full_s2[3]__0_n_105
    SLICE_X13Y187        LUT2 (Prop_C6LUT_SLICEM_I1_O)
                                                      0.051     2.758 r  u_dut/u_frontend/g_memory_dpd.u_memory_dpd/g_lane[7].u_dpd/p_156_out__0_i_15/O
                         net (fo=1, routed)           0.021     2.779    u_dut/u_frontend/g_memory_dpd.u_memory_dpd/g_lane[7].u_dpd/p_156_out__0_i_15_n_0
    SLICE_X13Y187        CARRY8 (Prop_CARRY8_SLICEM_S[2]_CO[7])
                                                      0.161     2.940 r  u_dut/u_frontend/g_memory_dpd.u_memory_dpd/g_lane[7].u_dpd/p_156_out__0_i_2/CO[7]
                         net (fo=1, routed)           0.026     2.966    u_dut/u_frontend/g_memory_dpd.u_memory_dpd/g_lane[7].u_dpd/p_156_out__0_i_2_n_0
    SLICE_X13Y188        CARRY8 (Prop_CARRY8_SLICEM_CI_O[6])
                                                      0.103     3.069 r  u_dut/u_frontend/g_memory_dpd.u_memory_dpd/g_lane[7].u_dpd/p_156_out__0_i_1/O[6]
                         net (fo=8, routed)           0.953     4.022    u_dut/u_frontend/g_memory_dpd.u_memory_dpd/g_lane[7].u_dpd/p_156_out__0/B[15]
    DSP48E2_X7Y74        DSP_A_B_DATA                                 r  u_dut/u_frontend/g_memory_dpd.u_memory_dpd/g_lane[7].u_dpd/p_156_out__0/DSP_A_B_DATA_INST/B[15]
  -------------------------------------------------------------------    -------------------

                         (clock core_clk rise edge)
                                                      4.571     4.571 r  
                                                      0.000     4.571 r  clk218 (IN)
                         net (fo=121078, unset)       0.043     4.614    u_dut/u_frontend/g_memory_dpd.u_memory_dpd/g_lane[7].u_dpd/p_156_out__0/CLK
    DSP48E2_X7Y74        DSP_A_B_DATA                                 r  u_dut/u_frontend/g_memory_dpd.u_memory_dpd/g_lane[7].u_dpd/p_156_out__0/DSP_A_B_DATA_INST/CLK
                         clock pessimism              0.000     4.614    
                         clock uncertainty           -0.035     4.579    
    DSP48E2_X7Y74        DSP_A_B_DATA (Setup_DSP_A_B_DATA_DSP48E2_CLK_B[15])
                                                     -0.249     4.330    u_dut/u_frontend/g_memory_dpd.u_memory_dpd/g_lane[7].u_dpd/p_156_out__0/DSP_A_B_DATA_INST
  -------------------------------------------------------------------
                         required time                          4.330    
                         arrival time                          -4.022    
  -------------------------------------------------------------------
                         slack                                  0.308    





Min Delay Paths
--------------------------------------------------------------------------------------
Slack (MET) :             0.027ns  (arrival time - required time)
  Source:                 u_dut/u_frontend/g_memory_dpd.u_memory_dpd/g_lane[11].u_dpd/c1_re_s0_reg[0][14]/C
                            (rising edge-triggered cell FDRE clocked by core_clk  {rise@0.000ns fall@2.286ns period=4.571ns})
  Destination:            u_dut/u_frontend/g_memory_dpd.u_memory_dpd/g_lane[11].u_dpd/c1_re_s3_reg[0][14]_srl3/D
                            (rising edge-triggered cell SRL16E clocked by core_clk  {rise@0.000ns fall@2.286ns period=4.571ns})
  Path Group:             core_clk
  Path Type:              Hold (Min at Fast Process Corner)
  Requirement:            0.000ns  (core_clk rise@0.000ns - core_clk rise@0.000ns)
  Data Path Delay:        0.092ns  (logic 0.037ns (40.217%)  route 0.055ns (59.783%))
  Logic Levels:           0  
  Clock Path Skew:        0.026ns (DCD - SCD - CPR)
    Destination Clock Delay (DCD):    0.039ns
    Source Clock Delay      (SCD):    0.013ns
    Clock Pessimism Removal (CPR):    -0.000ns

    Location             Delay type                Incr(ns)  Path(ns)    Netlist Resource(s)
  -------------------------------------------------------------------    -------------------
                         (clock core_clk rise edge)
                                                      0.000     0.000 r  
                                                      0.000     0.000 r  clk218 (IN)
                         net (fo=121078, unset)       0.013     0.013    u_dut/u_frontend/g_memory_dpd.u_memory_dpd/g_lane[11].u_dpd/clk
    SLICE_X79Y338        FDRE                                         r  u_dut/u_frontend/g_memory_dpd.u_memory_dpd/g_lane[11].u_dpd/c1_re_s0_reg[0][14]/C
  -------------------------------------------------------------------    -------------------
    SLICE_X79Y338        FDRE (Prop_FFF_SLICEM_C_Q)
                                                      0.037     0.050 r  u_dut/u_frontend/g_memory_dpd.u_memory_dpd/g_lane[11].u_dpd/c1_re_s0_reg[0][14]/Q
                         net (fo=1, routed)           0.055     0.105    u_dut/u_frontend/g_memory_dpd.u_memory_dpd/g_lane[11].u_dpd/c1_re_s0_reg_n_0_[0][14]
    SLICE_X79Y339        SRL16E                                       r  u_dut/u_frontend/g_memory_dpd.u_memory_dpd/g_lane[11].u_dpd/c1_re_s3_reg[0][14]_srl3/D
  -------------------------------------------------------------------    -------------------

                         (clock core_clk rise edge)
                                                      0.000     0.000 r  
                                                      0.000     0.000 r  clk218 (IN)
                         net (fo=121078, unset)       0.039     0.039    u_dut/u_frontend/g_memory_dpd.u_memory_dpd/g_lane[11].u_dpd/clk
    SLICE_X79Y339        SRL16E                                       r  u_dut/u_frontend/g_memory_dpd.u_memory_dpd/g_lane[11].u_dpd/c1_re_s3_reg[0][14]_srl3/CLK
                         clock pessimism              0.000     0.039    
    SLICE_X79Y339        SRL16E (Hold_G5LUT_SLICEM_CLK_D)
                                                      0.039     0.078    u_dut/u_frontend/g_memory_dpd.u_memory_dpd/g_lane[11].u_dpd/c1_re_s3_reg[0][14]_srl3
  -------------------------------------------------------------------
                         required time                         -0.078    
                         arrival time                           0.105    
  -------------------------------------------------------------------
                         slack                                  0.027    





Pulse Width Checks
--------------------------------------------------------------------------------------
Clock Name:         core_clk
Waveform(ns):       { 0.000 2.286 }
Period(ns):         4.571
Sources:            { clk218 }

Check Type        Corner  Lib Pin             Reference Pin  Required(ns)  Actual(ns)  Slack(ns)  Location      Pin
Min Period        n/a     RAMB36E2/CLKARDCLK  n/a            1.355         4.571       3.216      RAMB36_X5Y37  u_dut/u_cdc/g_xpm_fifo.u_async_fifo/u_xpm_fifo_async/gnuram_async_fifo.xpm_fifo_base_inst/gen_sdpram.xpm_memory_base_inst/gen_wr_a.gen_word_narrow.mem_reg_0/CLKARDCLK
Low Pulse Width   Slow    RAMB36E2/CLKARDCLK  n/a            0.542         2.285       1.743      RAMB36_X5Y37  u_dut/u_cdc/g_xpm_fifo.u_async_fifo/u_xpm_fifo_async/gnuram_async_fifo.xpm_fifo_base_inst/gen_sdpram.xpm_memory_base_inst/gen_wr_a.gen_word_narrow.mem_reg_0/CLKARDCLK
High Pulse Width  Slow    RAMB36E2/CLKARDCLK  n/a            0.542         2.286       1.744      RAMB36_X5Y37  u_dut/u_cdc/g_xpm_fifo.u_async_fifo/u_xpm_fifo_async/gnuram_async_fifo.xpm_fifo_base_inst/gen_sdpram.xpm_memory_base_inst/gen_wr_a.gen_word_narrow.mem_reg_0/CLKARDCLK



---------------------------------------------------------------------------------------------------
From Clock:  s_axis_aclk
  To Clock:  s_axis_aclk

Setup :            0  Failing Endpoints,  Worst Slack        5.917ns,  Total Violation        0.000ns
Hold  :            0  Failing Endpoints,  Worst Slack        0.039ns,  Total Violation        0.000ns
PW    :            0  Failing Endpoints,  Worst Slack        3.458ns,  Total Violation        0.000ns
---------------------------------------------------------------------------------------------------


Max Delay Paths
--------------------------------------------------------------------------------------
Slack (MET) :             5.917ns  (required time - arrival time)
  Source:                 u_dut/u_cdc/g_xpm_fifo.u_async_fifo/u_xpm_fifo_async/gnuram_async_fifo.xpm_fifo_base_inst/gen_pf_ic_rc.ngen_full_rst_val.ram_full_i_reg/C
                            (rising edge-triggered cell FDRE clocked by s_axis_aclk  {rise@0.000ns fall@4.000ns period=8.000ns})
  Destination:            u_dut/u_cdc/g_xpm_fifo.u_async_fifo/u_xpm_fifo_async/gnuram_async_fifo.xpm_fifo_base_inst/gen_sdpram.xpm_memory_base_inst/gen_wr_a.gen_word_narrow.mem_reg_0/WEBWE[3]
                            (rising edge-triggered cell RAMB36E2 clocked by s_axis_aclk  {rise@0.000ns fall@4.000ns period=8.000ns})
  Path Group:             s_axis_aclk
  Path Type:              Setup (Max at Slow Process Corner)
  Requirement:            8.000ns  (s_axis_aclk rise@8.000ns - s_axis_aclk rise@0.000ns)
  Data Path Delay:        1.664ns  (logic 0.308ns (18.507%)  route 1.356ns (81.493%))
  Logic Levels:           2  (LUT4=2)
  Clock Path Skew:        0.011ns (DCD - SCD + CPR)
    Destination Clock Delay (DCD):    0.040ns = ( 8.040 - 8.000 ) 
    Source Clock Delay      (SCD):    0.029ns
    Clock Pessimism Removal (CPR):    0.000ns
  Clock Uncertainty:      0.035ns  ((TSJ^2 + TIJ^2)^1/2 + DJ) / 2 + PE
    Total System Jitter     (TSJ):    0.071ns
    Total Input Jitter      (TIJ):    0.000ns
    Discrete Jitter          (DJ):    0.000ns
    Phase Error              (PE):    0.000ns

    Location             Delay type                Incr(ns)  Path(ns)    Netlist Resource(s)
  -------------------------------------------------------------------    -------------------
                         (clock s_axis_aclk rise edge)
                                                      0.000     0.000 r  
                                                      0.000     0.000 r  clk125 (IN)
                         net (fo=48, unset)           0.029     0.029    u_dut/u_cdc/g_xpm_fifo.u_async_fifo/u_xpm_fifo_async/gnuram_async_fifo.xpm_fifo_base_inst/wr_clk
    SLICE_X41Y218        FDRE                                         r  u_dut/u_cdc/g_xpm_fifo.u_async_fifo/u_xpm_fifo_async/gnuram_async_fifo.xpm_fifo_base_inst/gen_pf_ic_rc.ngen_full_rst_val.ram_full_i_reg/C
  -------------------------------------------------------------------    -------------------
    SLICE_X41Y218        FDRE (Prop_HFF_SLICEL_C_Q)
                                                      0.079     0.108 f  u_dut/u_cdc/g_xpm_fifo.u_async_fifo/u_xpm_fifo_async/gnuram_async_fifo.xpm_fifo_base_inst/gen_pf_ic_rc.ngen_full_rst_val.ram_full_i_reg/Q
                         net (fo=3, routed)           0.222     0.330    u_dut/u_cdc/g_xpm_fifo.u_async_fifo/wr_full
    SLICE_X39Y216        LUT4 (Prop_A5LUT_SLICEM_I1_O)
                                                      0.163     0.493 r  u_dut/u_cdc/g_xpm_fifo.u_async_fifo/u_xpm_fifo_async_i_2/O
                         net (fo=1, routed)           0.160     0.653    u_dut/u_cdc/g_xpm_fifo.u_async_fifo/u_xpm_fifo_async/gnuram_async_fifo.xpm_fifo_base_inst/wr_en
    SLICE_X39Y216        LUT4 (Prop_D5LUT_SLICEM_I0_O)
                                                      0.066     0.719 r  u_dut/u_cdc/g_xpm_fifo.u_async_fifo/u_xpm_fifo_async/gnuram_async_fifo.xpm_fifo_base_inst/gen_sdpram.xpm_memory_base_inst_i_1/O
                         net (fo=65, routed)          0.974     1.693    u_dut/u_cdc/g_xpm_fifo.u_async_fifo/u_xpm_fifo_async/gnuram_async_fifo.xpm_fifo_base_inst/gen_sdpram.xpm_memory_base_inst/wea[0]
    RAMB36_X5Y37         RAMB36E2                                     r  u_dut/u_cdc/g_xpm_fifo.u_async_fifo/u_xpm_fifo_async/gnuram_async_fifo.xpm_fifo_base_inst/gen_sdpram.xpm_memory_base_inst/gen_wr_a.gen_word_narrow.mem_reg_0/WEBWE[3]
  -------------------------------------------------------------------    -------------------

                         (clock s_axis_aclk rise edge)
                                                      8.000     8.000 r  
                                                      0.000     8.000 r  clk125 (IN)
                         net (fo=48, unset)           0.040     8.040    u_dut/u_cdc/g_xpm_fifo.u_async_fifo/u_xpm_fifo_async/gnuram_async_fifo.xpm_fifo_base_inst/gen_sdpram.xpm_memory_base_inst/clka
    RAMB36_X5Y37         RAMB36E2                                     r  u_dut/u_cdc/g_xpm_fifo.u_async_fifo/u_xpm_fifo_async/gnuram_async_fifo.xpm_fifo_base_inst/gen_sdpram.xpm_memory_base_inst/gen_wr_a.gen_word_narrow.mem_reg_0/CLKBWRCLK
                         clock pessimism              0.000     8.040    
                         clock uncertainty           -0.035     8.005    
    RAMB36_X5Y37         RAMB36E2 (Setup_RAMB36E2_RAMB36_CLKBWRCLK_WEBWE[3])
                                                     -0.394     7.611    u_dut/u_cdc/g_xpm_fifo.u_async_fifo/u_xpm_fifo_async/gnuram_async_fifo.xpm_fifo_base_inst/gen_sdpram.xpm_memory_base_inst/gen_wr_a.gen_word_narrow.mem_reg_0
  -------------------------------------------------------------------
                         required time                          7.611    
                         arrival time                          -1.693    
  -------------------------------------------------------------------
                         slack                                  5.917    





Min Delay Paths
--------------------------------------------------------------------------------------
Slack (MET) :             0.039ns  (arrival time - required time)
  Source:                 u_dut/u_cdc/g_xpm_fifo.u_async_fifo/u_xpm_fifo_async/gnuram_async_fifo.xpm_fifo_base_inst/wrpp2_inst/count_value_i_reg[2]/C
                            (rising edge-triggered cell FDRE clocked by s_axis_aclk  {rise@0.000ns fall@4.000ns period=8.000ns})
  Destination:            u_dut/u_cdc/g_xpm_fifo.u_async_fifo/u_xpm_fifo_async/gnuram_async_fifo.xpm_fifo_base_inst/wrpp2_inst/count_value_i_reg[3]/D
                            (rising edge-triggered cell FDRE clocked by s_axis_aclk  {rise@0.000ns fall@4.000ns period=8.000ns})
  Path Group:             s_axis_aclk
  Path Type:              Hold (Min at Fast Process Corner)
  Requirement:            0.000ns  (s_axis_aclk rise@0.000ns - s_axis_aclk rise@0.000ns)
  Data Path Delay:        0.092ns  (logic 0.059ns (64.237%)  route 0.033ns (35.763%))
  Logic Levels:           1  (LUT4=1)
  Clock Path Skew:        0.006ns (DCD - SCD - CPR)
    Destination Clock Delay (DCD):    0.018ns
    Source Clock Delay      (SCD):    0.012ns
    Clock Pessimism Removal (CPR):    -0.000ns

    Location             Delay type                Incr(ns)  Path(ns)    Netlist Resource(s)
  -------------------------------------------------------------------    -------------------
                         (clock s_axis_aclk rise edge)
                                                      0.000     0.000 r  
                                                      0.000     0.000 r  clk125 (IN)
                         net (fo=48, unset)           0.012     0.012    u_dut/u_cdc/g_xpm_fifo.u_async_fifo/u_xpm_fifo_async/gnuram_async_fifo.xpm_fifo_base_inst/wrpp2_inst/clk
    SLICE_X41Y217        FDRE                                         r  u_dut/u_cdc/g_xpm_fifo.u_async_fifo/u_xpm_fifo_async/gnuram_async_fifo.xpm_fifo_base_inst/wrpp2_inst/count_value_i_reg[2]/C
  -------------------------------------------------------------------    -------------------
    SLICE_X41Y217        FDRE (Prop_AFF_SLICEL_C_Q)
                                                      0.039     0.051 r  u_dut/u_cdc/g_xpm_fifo.u_async_fifo/u_xpm_fifo_async/gnuram_async_fifo.xpm_fifo_base_inst/wrpp2_inst/count_value_i_reg[2]/Q
                         net (fo=3, routed)           0.026     0.077    u_dut/u_cdc/g_xpm_fifo.u_async_fifo/u_xpm_fifo_async/gnuram_async_fifo.xpm_fifo_base_inst/wrpp2_inst/count_value[2]
    SLICE_X41Y217        LUT4 (Prop_A5LUT_SLICEL_I3_O)
                                                      0.020     0.097 r  u_dut/u_cdc/g_xpm_fifo.u_async_fifo/u_xpm_fifo_async/gnuram_async_fifo.xpm_fifo_base_inst/wrpp2_inst/count_value_i[3]_i_1/O
                         net (fo=1, routed)           0.007     0.104    u_dut/u_cdc/g_xpm_fifo.u_async_fifo/u_xpm_fifo_async/gnuram_async_fifo.xpm_fifo_base_inst/wrpp2_inst/count_value_i[3]_i_1_n_0
    SLICE_X41Y217        FDRE                                         r  u_dut/u_cdc/g_xpm_fifo.u_async_fifo/u_xpm_fifo_async/gnuram_async_fifo.xpm_fifo_base_inst/wrpp2_inst/count_value_i_reg[3]/D
  -------------------------------------------------------------------    -------------------

                         (clock s_axis_aclk rise edge)
                                                      0.000     0.000 r  
                                                      0.000     0.000 r  clk125 (IN)
                         net (fo=48, unset)           0.018     0.018    u_dut/u_cdc/g_xpm_fifo.u_async_fifo/u_xpm_fifo_async/gnuram_async_fifo.xpm_fifo_base_inst/wrpp2_inst/clk
    SLICE_X41Y217        FDRE                                         r  u_dut/u_cdc/g_xpm_fifo.u_async_fifo/u_xpm_fifo_async/gnuram_async_fifo.xpm_fifo_base_inst/wrpp2_inst/count_value_i_reg[3]/C
                         clock pessimism              0.000     0.018    
    SLICE_X41Y217        FDRE (Hold_AFF2_SLICEL_C_D)
                                                      0.047     0.065    u_dut/u_cdc/g_xpm_fifo.u_async_fifo/u_xpm_fifo_async/gnuram_async_fifo.xpm_fifo_base_inst/wrpp2_inst/count_value_i_reg[3]
  -------------------------------------------------------------------
                         required time                         -0.065    
                         arrival time                           0.104    
  -------------------------------------------------------------------
                         slack                                  0.039    





Pulse Width Checks
--------------------------------------------------------------------------------------
Clock Name:         s_axis_aclk
Waveform(ns):       { 0.000 4.000 }
Period(ns):         8.000
Sources:            { clk125 }

Check Type        Corner  Lib Pin             Reference Pin  Required(ns)  Actual(ns)  Slack(ns)  Location      Pin
Min Period        n/a     RAMB36E2/CLKBWRCLK  n/a            1.355         8.000       6.645      RAMB36_X5Y37  u_dut/u_cdc/g_xpm_fifo.u_async_fifo/u_xpm_fifo_async/gnuram_async_fifo.xpm_fifo_base_inst/gen_sdpram.xpm_memory_base_inst/gen_wr_a.gen_word_narrow.mem_reg_0/CLKBWRCLK
Low Pulse Width   Slow    RAMB36E2/CLKBWRCLK  n/a            0.542         4.000       3.458      RAMB36_X5Y37  u_dut/u_cdc/g_xpm_fifo.u_async_fifo/u_xpm_fifo_async/gnuram_async_fifo.xpm_fifo_base_inst/gen_sdpram.xpm_memory_base_inst/gen_wr_a.gen_word_narrow.mem_reg_0/CLKBWRCLK
High Pulse Width  Slow    RAMB36E2/CLKBWRCLK  n/a            0.542         4.000       3.458      RAMB36_X5Y37  u_dut/u_cdc/g_xpm_fifo.u_async_fifo/u_xpm_fifo_async/gnuram_async_fifo.xpm_fifo_base_inst/gen_sdpram.xpm_memory_base_inst/gen_wr_a.gen_word_narrow.mem_reg_0/CLKBWRCLK



---------------------------------------------------------------------------------------------------
Path Group:  **async_default**
From Clock:  core_clk
  To Clock:  core_clk

Setup :            0  Failing Endpoints,  Worst Slack        2.823ns,  Total Violation        0.000ns
Hold  :            0  Failing Endpoints,  Worst Slack        0.163ns,  Total Violation        0.000ns
---------------------------------------------------------------------------------------------------


Max Delay Paths
--------------------------------------------------------------------------------------
Slack (MET) :             2.823ns  (required time - arrival time)
  Source:                 u_dut/u_cdc/u_c_reset/sync_q_reg[1]/C
                            (rising edge-triggered cell FDCE clocked by core_clk  {rise@0.000ns fall@2.286ns period=4.571ns})
  Destination:            u_dut/u_cdc/out_q_q_reg[68]/CLR
                            (recovery check against rising-edge clock core_clk  {rise@0.000ns fall@2.286ns period=4.571ns})
  Path Group:             **async_default**
  Path Type:              Recovery (Max at Slow Process Corner)
  Requirement:            4.571ns  (core_clk rise@4.571ns - core_clk rise@0.000ns)
  Data Path Delay:        1.638ns  (logic 0.079ns (4.823%)  route 1.559ns (95.177%))
  Logic Levels:           0  
  Clock Path Skew:        -0.009ns (DCD - SCD + CPR)
    Destination Clock Delay (DCD):    0.021ns = ( 4.592 - 4.571 ) 
    Source Clock Delay      (SCD):    0.030ns
    Clock Pessimism Removal (CPR):    0.000ns
  Clock Uncertainty:      0.035ns  ((TSJ^2 + TIJ^2)^1/2 + DJ) / 2 + PE
    Total System Jitter     (TSJ):    0.071ns
    Total Input Jitter      (TIJ):    0.000ns
    Discrete Jitter          (DJ):    0.000ns
    Phase Error              (PE):    0.000ns

    Location             Delay type                Incr(ns)  Path(ns)    Netlist Resource(s)
  -------------------------------------------------------------------    -------------------
                         (clock core_clk rise edge)
                                                      0.000     0.000 r  
                                                      0.000     0.000 r  clk218 (IN)
                         net (fo=121078, unset)       0.030     0.030    u_dut/u_cdc/u_c_reset/clk
    SLICE_X40Y217        FDCE                                         r  u_dut/u_cdc/u_c_reset/sync_q_reg[1]/C
  -------------------------------------------------------------------    -------------------
    SLICE_X40Y217        FDCE (Prop_EFF2_SLICEM_C_Q)
                                                      0.079     0.109 r  u_dut/u_cdc/u_c_reset/sync_q_reg[1]/Q
                         net (fo=325, routed)         1.559     1.668    u_dut/u_cdc/c_rst_n
    SLICE_X39Y202        FDCE                                         f  u_dut/u_cdc/out_q_q_reg[68]/CLR  (IS_INVERTED)
  -------------------------------------------------------------------    -------------------

                         (clock core_clk rise edge)
                                                      4.571     4.571 r  
                                                      0.000     4.571 r  clk218 (IN)
                         net (fo=121078, unset)       0.021     4.592    u_dut/u_cdc/core_clk
    SLICE_X39Y202        FDCE                                         r  u_dut/u_cdc/out_q_q_reg[68]/C
                         clock pessimism              0.000     4.592    
                         clock uncertainty           -0.035     4.557    
    SLICE_X39Y202        FDCE (Recov_CFF_SLICEM_C_CLR)
                                                     -0.066     4.491    u_dut/u_cdc/out_q_q_reg[68]
  -------------------------------------------------------------------
                         required time                          4.491    
                         arrival time                          -1.668    
  -------------------------------------------------------------------
                         slack                                  2.823    





Min Delay Paths
--------------------------------------------------------------------------------------
Slack (MET) :             0.163ns  (arrival time - required time)
  Source:                 u_dut/u_cdc/u_c_reset/sync_q_reg[1]/C
                            (rising edge-triggered cell FDCE clocked by core_clk  {rise@0.000ns fall@2.286ns period=4.571ns})
  Destination:            u_dut/u_cdc/out_q_q_reg[60]/CLR
                            (removal check against rising-edge clock core_clk  {rise@0.000ns fall@2.286ns period=4.571ns})
  Path Group:             **async_default**
  Path Type:              Removal (Min at Fast Process Corner)
  Requirement:            0.000ns  (core_clk rise@0.000ns - core_clk rise@0.000ns)
  Data Path Delay:        0.148ns  (logic 0.039ns (26.329%)  route 0.109ns (73.671%))
  Logic Levels:           0  
  Clock Path Skew:        0.005ns (DCD - SCD - CPR)
    Destination Clock Delay (DCD):    0.018ns
    Source Clock Delay      (SCD):    0.013ns
    Clock Pessimism Removal (CPR):    -0.000ns

    Location             Delay type                Incr(ns)  Path(ns)    Netlist Resource(s)
  -------------------------------------------------------------------    -------------------
                         (clock core_clk rise edge)
                                                      0.000     0.000 r  
                                                      0.000     0.000 r  clk218 (IN)
                         net (fo=121078, unset)       0.013     0.013    u_dut/u_cdc/u_c_reset/clk
    SLICE_X40Y217        FDCE                                         r  u_dut/u_cdc/u_c_reset/sync_q_reg[1]/C
  -------------------------------------------------------------------    -------------------
    SLICE_X40Y217        FDCE (Prop_EFF2_SLICEM_C_Q)
                                                      0.039     0.052 r  u_dut/u_cdc/u_c_reset/sync_q_reg[1]/Q
                         net (fo=325, routed)         0.109     0.161    u_dut/u_cdc/c_rst_n
    SLICE_X43Y217        FDCE                                         f  u_dut/u_cdc/out_q_q_reg[60]/CLR  (IS_INVERTED)
  -------------------------------------------------------------------    -------------------

                         (clock core_clk rise edge)
                                                      0.000     0.000 r  
                                                      0.000     0.000 r  clk218 (IN)
                         net (fo=121078, unset)       0.018     0.018    u_dut/u_cdc/core_clk
    SLICE_X43Y217        FDCE                                         r  u_dut/u_cdc/out_q_q_reg[60]/C
                         clock pessimism              0.000     0.018    
    SLICE_X43Y217        FDCE (Remov_DFF_SLICEL_C_CLR)
                                                     -0.020    -0.002    u_dut/u_cdc/out_q_q_reg[60]
  -------------------------------------------------------------------
                         required time                          0.002    
                         arrival time                           0.161    
  -------------------------------------------------------------------
                         slack                                  0.163    





