Copyright 1986-2022 Xilinx, Inc. All Rights Reserved. Copyright 2022-2024 Advanced Micro Devices, Inc. All Rights Reserved.
---------------------------------------------------------------------------------------------------------------------------------------------------------------
| Tool Version      : Vivado v.2024.1 (win64) Build 5076996 Wed May 22 18:37:14 MDT 2024
| Date              : Thu Jul  2 22:04:55 2026
| Host              : LAPTOP-KNBVGAN8 running 64-bit major release  (build 9200)
| Command           : report_timing_summary -file E:/workspace/chip/dsm_ip/syn/reports/ooc_xczu48dr_ffvg1517_2_e_20260702_215711/p0_ooc_lp2/timing_summary.rpt
| Design            : p0_ooc_lp2
| Device            : xczu48dr-ffvg1517
| Speed File        : -2  PRODUCTION 1.32 01-31-2021
| Design State      : Routed
| Temperature Grade : E
---------------------------------------------------------------------------------------------------------------------------------------------------------------

Timing Summary Report

------------------------------------------------------------------------------------------------
| Timer Settings
| --------------
------------------------------------------------------------------------------------------------

  Enable Multi Corner Analysis               :  Yes
  Enable Pessimism Removal                   :  Yes
  Pessimism Removal Resolution               :  Nearest Common Node
  Enable Input Delay Default Clock           :  No
  Enable Preset / Clear Arcs                 :  No
  Disable Flight Delays                      :  No
  Ignore I/O Paths                           :  No
  Timing Early Launch at Borrowing Latches   :  No
  Borrow Time for Max Delay Exceptions       :  Yes
  Merge Timing Exceptions                    :  Yes
  Inter-SLR Compensation                     :  Conservative

  Corner  Analyze    Analyze    
  Name    Max Paths  Min Paths  
  ------  ---------  ---------  
  Slow    Yes        Yes        
  Fast    Yes        Yes        


------------------------------------------------------------------------------------------------
| Report Methodology
| ------------------
------------------------------------------------------------------------------------------------

No report available as report_methodology has not been run prior. Run report_methodology on the current design for the summary of methodology violations.



check_timing report

Table of Contents
-----------------
1. checking no_clock (0)
2. checking constant_clock (0)
3. checking pulse_width_clock (0)
4. checking unconstrained_internal_endpoints (0)
5. checking no_input_delay (34)
6. checking no_output_delay (2)
7. checking multiple_clock (0)
8. checking generated_clocks (0)
9. checking loops (0)
10. checking partial_input_delay (0)
11. checking partial_output_delay (0)
12. checking latch_loops (0)

1. checking no_clock (0)
------------------------
 There are 0 register/latch pins with no clock.


2. checking constant_clock (0)
------------------------------
 There are 0 register/latch pins with constant_clock.


3. checking pulse_width_clock (0)
---------------------------------
 There are 0 register/latch pins which need pulse_width check


4. checking unconstrained_internal_endpoints (0)
------------------------------------------------
 There are 0 pins that are not constrained for maximum delay.

 There are 0 pins that are not constrained for maximum delay due to constant clock.


5. checking no_input_delay (34)
-------------------------------
 There are 0 input ports with no input delay specified.

 There are 34 input ports with no input delay but user has a false path constraint. (MEDIUM)


6. checking no_output_delay (2)
-------------------------------
 There are 0 ports with no output delay specified.

 There are 2 ports with no output delay but user has a false path constraint (MEDIUM)

 There are 0 ports with no output delay but with a timing clock defined on it or propagating through it


7. checking multiple_clock (0)
------------------------------
 There are 0 register/latch pins with multiple clocks.


8. checking generated_clocks (0)
--------------------------------
 There are 0 generated clocks that are not connected to a clock source.


9. checking loops (0)
---------------------
 There are 0 combinational loops in the design.


10. checking partial_input_delay (0)
------------------------------------
 There are 0 input ports with partial input delay specified.


11. checking partial_output_delay (0)
-------------------------------------
 There are 0 ports with partial output delay specified.


12. checking latch_loops (0)
----------------------------
 There are 0 combinational latch loops in the design through latch input



------------------------------------------------------------------------------------------------
| Design Timing Summary
| ---------------------
------------------------------------------------------------------------------------------------

    WNS(ns)      TNS(ns)  TNS Failing Endpoints  TNS Total Endpoints      WHS(ns)      THS(ns)  THS Failing Endpoints  THS Total Endpoints     WPWS(ns)     TPWS(ns)  TPWS Failing Endpoints  TPWS Total Endpoints  
    -------      -------  ---------------------  -------------------      -------      -------  ---------------------  -------------------     --------     --------  ----------------------  --------------------  
      5.624        0.000                      0                  169        0.076        0.000                      0                  169        4.725        0.000                       0                   167  


All user specified timing constraints are met.


------------------------------------------------------------------------------------------------
| Clock Summary
| -------------
------------------------------------------------------------------------------------------------

Clock  Waveform(ns)       Period(ns)      Frequency(MHz)
-----  ------------       ----------      --------------
clk    {0.000 5.000}      10.000          100.000         


------------------------------------------------------------------------------------------------
| Intra Clock Table
| -----------------
------------------------------------------------------------------------------------------------

Clock             WNS(ns)      TNS(ns)  TNS Failing Endpoints  TNS Total Endpoints      WHS(ns)      THS(ns)  THS Failing Endpoints  THS Total Endpoints     WPWS(ns)     TPWS(ns)  TPWS Failing Endpoints  TPWS Total Endpoints  
-----             -------      -------  ---------------------  -------------------      -------      -------  ---------------------  -------------------     --------     --------  ----------------------  --------------------  
clk                 5.624        0.000                      0                  169        0.076        0.000                      0                  169        4.725        0.000                       0                   167  


------------------------------------------------------------------------------------------------
| Inter Clock Table
| -----------------
------------------------------------------------------------------------------------------------

From Clock    To Clock          WNS(ns)      TNS(ns)  TNS Failing Endpoints  TNS Total Endpoints      WHS(ns)      THS(ns)  THS Failing Endpoints  THS Total Endpoints  
----------    --------          -------      -------  ---------------------  -------------------      -------      -------  ---------------------  -------------------  


------------------------------------------------------------------------------------------------
| Other Path Groups Table
| -----------------------
------------------------------------------------------------------------------------------------

Path Group    From Clock    To Clock          WNS(ns)      TNS(ns)  TNS Failing Endpoints  TNS Total Endpoints      WHS(ns)      THS(ns)  THS Failing Endpoints  THS Total Endpoints  
----------    ----------    --------          -------      -------  ---------------------  -------------------      -------      -------  ---------------------  -------------------  


------------------------------------------------------------------------------------------------
| Timing Details
| --------------
------------------------------------------------------------------------------------------------


---------------------------------------------------------------------------------------------------
From Clock:  clk
  To Clock:  clk

Setup :            0  Failing Endpoints,  Worst Slack        5.624ns,  Total Violation        0.000ns
Hold  :            0  Failing Endpoints,  Worst Slack        0.076ns,  Total Violation        0.000ns
PW    :            0  Failing Endpoints,  Worst Slack        4.725ns,  Total Violation        0.000ns
---------------------------------------------------------------------------------------------------


Max Delay Paths
--------------------------------------------------------------------------------------
Slack (MET) :             5.624ns  (required time - arrival time)
  Source:                 u_i/v2_reg[39]/C
                            (rising edge-triggered cell FDCE clocked by clk  {rise@0.000ns fall@5.000ns period=10.000ns})
  Destination:            u_i/v2_reg[30]/D
                            (rising edge-triggered cell FDCE clocked by clk  {rise@0.000ns fall@5.000ns period=10.000ns})
  Path Group:             clk
  Path Type:              Setup (Max at Slow Process Corner)
  Requirement:            10.000ns  (clk rise@10.000ns - clk rise@0.000ns)
  Data Path Delay:        4.356ns  (logic 1.497ns (34.366%)  route 2.859ns (65.634%))
  Logic Levels:           14  (CARRY8=8 LUT2=2 LUT3=2 LUT4=1 LUT6=1)
  Clock Path Skew:        -0.010ns (DCD - SCD + CPR)
    Destination Clock Delay (DCD):    0.020ns = ( 10.020 - 10.000 ) 
    Source Clock Delay      (SCD):    0.030ns
    Clock Pessimism Removal (CPR):    0.000ns
  Clock Uncertainty:      0.035ns  ((TSJ^2 + TIJ^2)^1/2 + DJ) / 2 + PE
    Total System Jitter     (TSJ):    0.071ns
    Total Input Jitter      (TIJ):    0.000ns
    Discrete Jitter          (DJ):    0.000ns
    Phase Error              (PE):    0.000ns

    Location             Delay type                Incr(ns)  Path(ns)    Netlist Resource(s)
  -------------------------------------------------------------------    -------------------
                         (clock clk rise edge)        0.000     0.000 r  
                                                      0.000     0.000 r  clk (IN)
                         net (fo=166, unset)          0.030     0.030    u_i/clk
    SLICE_X99Y264        FDCE                                         r  u_i/v2_reg[39]/C
  -------------------------------------------------------------------    -------------------
    SLICE_X99Y264        FDCE (Prop_CFF2_SLICEM_C_Q)
                                                      0.077     0.107 r  u_i/v2_reg[39]/Q
                         net (fo=16, routed)          0.648     0.755    u_i/v2[39]
    SLICE_X102Y262       LUT4 (Prop_B6LUT_SLICEL_I0_O)
                                                      0.124     0.879 r  u_i/v1_next2__1_carry__1_i_9__0/O
                         net (fo=1, routed)           0.009     0.888    u_i/v1_next2__1_carry__1_i_9__0_n_0
    SLICE_X102Y262       CARRY8 (Prop_CARRY8_SLICEL_S[1]_CO[7])
                                                      0.186     1.074 r  u_i/v1_next2__1_carry__1/CO[7]
                         net (fo=1, routed)           0.026     1.100    u_i/v1_next2__1_carry__1_n_0
    SLICE_X102Y263       CARRY8 (Prop_CARRY8_SLICEL_CI_CO[7])
                                                      0.015     1.115 r  u_i/v1_next2__1_carry__2/CO[7]
                         net (fo=1, routed)           0.026     1.141    u_i/v1_next2__1_carry__2_n_0
    SLICE_X102Y264       CARRY8 (Prop_CARRY8_SLICEL_CI_O[6])
                                                      0.103     1.244 r  u_i/v1_next2__1_carry__3/O[6]
                         net (fo=6, routed)           0.239     1.483    u_i/v1_next2[38]
    SLICE_X100Y265       LUT2 (Prop_A6LUT_SLICEL_I0_O)
                                                      0.149     1.632 r  u_i/i__carry_i_2__1/O
                         net (fo=1, routed)           0.009     1.641    u_i/i__carry_i_2__1_n_0
    SLICE_X100Y265       CARRY8 (Prop_CARRY8_SLICEL_S[0]_CO[1])
                                                      0.107     1.748 r  u_i/v1_next1_inferred__0/i__carry/CO[1]
                         net (fo=100, routed)         0.556     2.304    u_i/v1_next10_in
    SLICE_X101Y261       LUT3 (Prop_D5LUT_SLICEL_I0_O)
                                                      0.096     2.400 r  u_i/v1[23]_i_1/O
                         net (fo=4, routed)           0.376     2.776    u_i/p_0_in[23]
    SLICE_X100Y262       LUT6 (Prop_A6LUT_SLICEL_I5_O)
                                                      0.090     2.866 r  u_i/v2_next2__1_carry__2_i_16__0/O
                         net (fo=1, routed)           0.009     2.875    u_i/v2_next2__1_carry__2_i_16__0_n_0
    SLICE_X100Y262       CARRY8 (Prop_CARRY8_SLICEL_S[0]_CO[7])
                                                      0.190     3.065 r  u_i/v2_next2__1_carry__2/CO[7]
                         net (fo=1, routed)           0.026     3.091    u_i/v2_next2__1_carry__2_n_0
    SLICE_X100Y263       CARRY8 (Prop_CARRY8_SLICEL_CI_CO[7])
                                                      0.015     3.106 r  u_i/v2_next2__1_carry__3/CO[7]
                         net (fo=1, routed)           0.026     3.132    u_i/v2_next2__1_carry__3_n_0
    SLICE_X100Y264       CARRY8 (Prop_CARRY8_SLICEL_CI_O[0])
                                                      0.056     3.188 f  u_i/v2_next2__1_carry__4/O[0]
                         net (fo=4, routed)           0.278     3.467    u_i/v2_next2[40]
    SLICE_X99Y263        LUT2 (Prop_B6LUT_SLICEM_I1_O)
                                                      0.100     3.567 r  u_i/i__carry_i_2__2/O
                         net (fo=1, routed)           0.016     3.583    u_i/i__carry_i_2__2_n_0
    SLICE_X99Y263        CARRY8 (Prop_CARRY8_SLICEM_S[1]_CO[1])
                                                      0.091     3.674 r  u_i/v2_next1_inferred__0/i__carry/CO[1]
                         net (fo=40, routed)          0.565     4.239    u_i/v2_next10_in
    SLICE_X101Y262       LUT3 (Prop_B6LUT_SLICEL_I0_O)
                                                      0.098     4.337 r  u_i/v2[30]_i_1/O
                         net (fo=1, routed)           0.049     4.386    u_i/v2_next[30]
    SLICE_X101Y262       FDCE                                         r  u_i/v2_reg[30]/D
  -------------------------------------------------------------------    -------------------

                         (clock clk rise edge)       10.000    10.000 r  
                                                      0.000    10.000 r  clk (IN)
                         net (fo=166, unset)          0.020    10.020    u_i/clk
    SLICE_X101Y262       FDCE                                         r  u_i/v2_reg[30]/C
                         clock pessimism              0.000    10.020    
                         clock uncertainty           -0.035     9.985    
    SLICE_X101Y262       FDCE (Setup_BFF_SLICEL_C_D)
                                                      0.025    10.010    u_i/v2_reg[30]
  -------------------------------------------------------------------
                         required time                         10.010    
                         arrival time                          -4.386    
  -------------------------------------------------------------------
                         slack                                  5.624    





Min Delay Paths
--------------------------------------------------------------------------------------
Slack (MET) :             0.076ns  (arrival time - required time)
  Source:                 u_duc/in_valid_d1_reg/C
                            (rising edge-triggered cell FDCE clocked by clk  {rise@0.000ns fall@5.000ns period=10.000ns})
  Destination:            u_duc/rf_valid_reg/D
                            (rising edge-triggered cell FDCE clocked by clk  {rise@0.000ns fall@5.000ns period=10.000ns})
  Path Group:             clk
  Path Type:              Hold (Min at Fast Process Corner)
  Requirement:            0.000ns  (clk rise@0.000ns - clk rise@0.000ns)
  Data Path Delay:        0.129ns  (logic 0.041ns (31.861%)  route 0.088ns (68.139%))
  Logic Levels:           0  
  Clock Path Skew:        0.006ns (DCD - SCD - CPR)
    Destination Clock Delay (DCD):    0.019ns
    Source Clock Delay      (SCD):    0.013ns
    Clock Pessimism Removal (CPR):    -0.000ns

    Location             Delay type                Incr(ns)  Path(ns)    Netlist Resource(s)
  -------------------------------------------------------------------    -------------------
                         (clock clk rise edge)        0.000     0.000 r  
                                                      0.000     0.000 r  clk (IN)
                         net (fo=166, unset)          0.013     0.013    u_duc/clk
    SLICE_X99Y265        FDCE                                         r  u_duc/in_valid_d1_reg/C
  -------------------------------------------------------------------    -------------------
    SLICE_X99Y265        FDCE (Prop_DFF2_SLICEM_C_Q)
                                                      0.041     0.054 r  u_duc/in_valid_d1_reg/Q
                         net (fo=4, routed)           0.088     0.142    u_duc/in_valid_d1
    SLICE_X99Y265        FDCE                                         r  u_duc/rf_valid_reg/D
  -------------------------------------------------------------------    -------------------

                         (clock clk rise edge)        0.000     0.000 r  
                                                      0.000     0.000 r  clk (IN)
                         net (fo=166, unset)          0.019     0.019    u_duc/clk
    SLICE_X99Y265        FDCE                                         r  u_duc/rf_valid_reg/C
                         clock pessimism              0.000     0.019    
    SLICE_X99Y265        FDCE (Hold_CFF2_SLICEM_C_D)
                                                      0.047     0.066    u_duc/rf_valid_reg
  -------------------------------------------------------------------
                         required time                         -0.066    
                         arrival time                           0.142    
  -------------------------------------------------------------------
                         slack                                  0.076    





Pulse Width Checks
--------------------------------------------------------------------------------------
Clock Name:         clk
Waveform(ns):       { 0.000 5.000 }
Period(ns):         10.000
Sources:            { clk }

Check Type        Corner  Lib Pin  Reference Pin  Required(ns)  Actual(ns)  Slack(ns)  Location       Pin
Min Period        n/a     FDCE/C   n/a            0.550         10.000      9.450      SLICE_X99Y265  u_duc/in_valid_d1_reg/C
Low Pulse Width   Slow    FDCE/C   n/a            0.275         5.000       4.725      SLICE_X99Y265  u_duc/in_valid_d1_reg/C
High Pulse Width  Slow    FDCE/C   n/a            0.275         5.000       4.725      SLICE_X99Y265  u_duc/in_valid_d1_reg/C



