Copyright 1986-2022 Xilinx, Inc. All Rights Reserved. Copyright 2022-2024 Advanced Micro Devices, Inc. All Rights Reserved.
---------------------------------------------------------------------------------------------------------------------------------------------------------------
| Tool Version      : Vivado v.2024.1 (win64) Build 5076996 Wed May 22 18:37:14 MDT 2024
| Date              : Thu Jul  2 22:13:20 2026
| Host              : LAPTOP-KNBVGAN8 running 64-bit major release  (build 9200)
| Command           : report_timing_summary -file E:/workspace/chip/dsm_ip/syn/reports/ooc_xczu48dr_ffvg1517_2_e_20260702_215711/p0_ooc_ef2/timing_summary.rpt
| Design            : p0_ooc_ef2
| Device            : xczu48dr-ffvg1517
| Speed File        : -2  PRODUCTION 1.32 01-31-2021
| Design State      : Routed
| Temperature Grade : E
---------------------------------------------------------------------------------------------------------------------------------------------------------------

Timing Summary Report

------------------------------------------------------------------------------------------------
| Timer Settings
| --------------
------------------------------------------------------------------------------------------------

  Enable Multi Corner Analysis               :  Yes
  Enable Pessimism Removal                   :  Yes
  Pessimism Removal Resolution               :  Nearest Common Node
  Enable Input Delay Default Clock           :  No
  Enable Preset / Clear Arcs                 :  No
  Disable Flight Delays                      :  No
  Ignore I/O Paths                           :  No
  Timing Early Launch at Borrowing Latches   :  No
  Borrow Time for Max Delay Exceptions       :  Yes
  Merge Timing Exceptions                    :  Yes
  Inter-SLR Compensation                     :  Conservative

  Corner  Analyze    Analyze    
  Name    Max Paths  Min Paths  
  ------  ---------  ---------  
  Slow    Yes        Yes        
  Fast    Yes        Yes        


------------------------------------------------------------------------------------------------
| Report Methodology
| ------------------
------------------------------------------------------------------------------------------------

No report available as report_methodology has not been run prior. Run report_methodology on the current design for the summary of methodology violations.



check_timing report

Table of Contents
-----------------
1. checking no_clock (0)
2. checking constant_clock (0)
3. checking pulse_width_clock (0)
4. checking unconstrained_internal_endpoints (0)
5. checking no_input_delay (34)
6. checking no_output_delay (2)
7. checking multiple_clock (0)
8. checking generated_clocks (0)
9. checking loops (0)
10. checking partial_input_delay (0)
11. checking partial_output_delay (0)
12. checking latch_loops (0)

1. checking no_clock (0)
------------------------
 There are 0 register/latch pins with no clock.


2. checking constant_clock (0)
------------------------------
 There are 0 register/latch pins with constant_clock.


3. checking pulse_width_clock (0)
---------------------------------
 There are 0 register/latch pins which need pulse_width check


4. checking unconstrained_internal_endpoints (0)
------------------------------------------------
 There are 0 pins that are not constrained for maximum delay.

 There are 0 pins that are not constrained for maximum delay due to constant clock.


5. checking no_input_delay (34)
-------------------------------
 There are 0 input ports with no input delay specified.

 There are 34 input ports with no input delay but user has a false path constraint. (MEDIUM)


6. checking no_output_delay (2)
-------------------------------
 There are 0 ports with no output delay specified.

 There are 2 ports with no output delay but user has a false path constraint (MEDIUM)

 There are 0 ports with no output delay but with a timing clock defined on it or propagating through it


7. checking multiple_clock (0)
------------------------------
 There are 0 register/latch pins with multiple clocks.


8. checking generated_clocks (0)
--------------------------------
 There are 0 generated clocks that are not connected to a clock source.


9. checking loops (0)
---------------------
 There are 0 combinational loops in the design.


10. checking partial_input_delay (0)
------------------------------------
 There are 0 input ports with partial input delay specified.


11. checking partial_output_delay (0)
-------------------------------------
 There are 0 ports with partial output delay specified.


12. checking latch_loops (0)
----------------------------
 There are 0 combinational latch loops in the design through latch input



------------------------------------------------------------------------------------------------
| Design Timing Summary
| ---------------------
------------------------------------------------------------------------------------------------

    WNS(ns)      TNS(ns)  TNS Failing Endpoints  TNS Total Endpoints      WHS(ns)      THS(ns)  THS Failing Endpoints  THS Total Endpoints     WPWS(ns)     TPWS(ns)  TPWS Failing Endpoints  TPWS Total Endpoints  
    -------      -------  ---------------------  -------------------      -------      -------  ---------------------  -------------------     --------     --------  ----------------------  --------------------  
      6.558        0.000                      0                  121        0.054        0.000                      0                  121        4.725        0.000                       0                   119  


All user specified timing constraints are met.


------------------------------------------------------------------------------------------------
| Clock Summary
| -------------
------------------------------------------------------------------------------------------------

Clock  Waveform(ns)       Period(ns)      Frequency(MHz)
-----  ------------       ----------      --------------
clk    {0.000 5.000}      10.000          100.000         


------------------------------------------------------------------------------------------------
| Intra Clock Table
| -----------------
------------------------------------------------------------------------------------------------

Clock             WNS(ns)      TNS(ns)  TNS Failing Endpoints  TNS Total Endpoints      WHS(ns)      THS(ns)  THS Failing Endpoints  THS Total Endpoints     WPWS(ns)     TPWS(ns)  TPWS Failing Endpoints  TPWS Total Endpoints  
-----             -------      -------  ---------------------  -------------------      -------      -------  ---------------------  -------------------     --------     --------  ----------------------  --------------------  
clk                 6.558        0.000                      0                  121        0.054        0.000                      0                  121        4.725        0.000                       0                   119  


------------------------------------------------------------------------------------------------
| Inter Clock Table
| -----------------
------------------------------------------------------------------------------------------------

From Clock    To Clock          WNS(ns)      TNS(ns)  TNS Failing Endpoints  TNS Total Endpoints      WHS(ns)      THS(ns)  THS Failing Endpoints  THS Total Endpoints  
----------    --------          -------      -------  ---------------------  -------------------      -------      -------  ---------------------  -------------------  


------------------------------------------------------------------------------------------------
| Other Path Groups Table
| -----------------------
------------------------------------------------------------------------------------------------

Path Group    From Clock    To Clock          WNS(ns)      TNS(ns)  TNS Failing Endpoints  TNS Total Endpoints      WHS(ns)      THS(ns)  THS Failing Endpoints  THS Total Endpoints  
----------    ----------    --------          -------      -------  ---------------------  -------------------      -------      -------  ---------------------  -------------------  


------------------------------------------------------------------------------------------------
| Timing Details
| --------------
------------------------------------------------------------------------------------------------


---------------------------------------------------------------------------------------------------
From Clock:  clk
  To Clock:  clk

Setup :            0  Failing Endpoints,  Worst Slack        6.558ns,  Total Violation        0.000ns
Hold  :            0  Failing Endpoints,  Worst Slack        0.054ns,  Total Violation        0.000ns
PW    :            0  Failing Endpoints,  Worst Slack        4.725ns,  Total Violation        0.000ns
---------------------------------------------------------------------------------------------------


Max Delay Paths
--------------------------------------------------------------------------------------
Slack (MET) :             6.558ns  (required time - arrival time)
  Source:                 u_i/e2_reg[0]/C
                            (rising edge-triggered cell FDCE clocked by clk  {rise@0.000ns fall@5.000ns period=10.000ns})
  Destination:            u_i/e1_reg[24]/D
                            (rising edge-triggered cell FDCE clocked by clk  {rise@0.000ns fall@5.000ns period=10.000ns})
  Path Group:             clk
  Path Type:              Setup (Max at Slow Process Corner)
  Requirement:            10.000ns  (clk rise@10.000ns - clk rise@0.000ns)
  Data Path Delay:        3.425ns  (logic 1.414ns (41.290%)  route 2.011ns (58.710%))
  Logic Levels:           12  (CARRY8=8 LUT1=1 LUT2=1 LUT3=1 LUT4=1)
  Clock Path Skew:        -0.007ns (DCD - SCD + CPR)
    Destination Clock Delay (DCD):    0.021ns = ( 10.021 - 10.000 ) 
    Source Clock Delay      (SCD):    0.028ns
    Clock Pessimism Removal (CPR):    0.000ns
  Clock Uncertainty:      0.035ns  ((TSJ^2 + TIJ^2)^1/2 + DJ) / 2 + PE
    Total System Jitter     (TSJ):    0.071ns
    Total Input Jitter      (TIJ):    0.000ns
    Discrete Jitter          (DJ):    0.000ns
    Phase Error              (PE):    0.000ns

    Location             Delay type                Incr(ns)  Path(ns)    Netlist Resource(s)
  -------------------------------------------------------------------    -------------------
                         (clock clk rise edge)        0.000     0.000 r  
                                                      0.000     0.000 r  clk (IN)
                         net (fo=118, unset)          0.028     0.028    u_i/clk
    SLICE_X95Y274        FDCE                                         r  u_i/e2_reg[0]/C
  -------------------------------------------------------------------    -------------------
    SLICE_X95Y274        FDCE (Prop_AFF_SLICEL_C_Q)
                                                      0.079     0.107 f  u_i/e2_reg[0]/Q
                         net (fo=2, routed)           0.047     0.154    u_i/e2[0]
    SLICE_X95Y274        LUT1 (Prop_F6LUT_SLICEL_I0_O)
                                                      0.035     0.189 r  u_i/i__carry_i_1/O
                         net (fo=1, routed)           0.186     0.375    u_i/i__carry_i_1_n_0
    SLICE_X95Y275        CARRY8 (Prop_CARRY8_SLICEL_CI_CO[7])
                                                      0.151     0.526 r  u_i/_inferred__1/i__carry/CO[7]
                         net (fo=1, routed)           0.026     0.552    u_i/_inferred__1/i__carry_n_0
    SLICE_X95Y276        CARRY8 (Prop_CARRY8_SLICEL_CI_CO[7])
                                                      0.015     0.567 r  u_i/_inferred__1/i__carry__0/CO[7]
                         net (fo=1, routed)           0.026     0.593    u_i/_inferred__1/i__carry__0_n_0
    SLICE_X95Y277        CARRY8 (Prop_CARRY8_SLICEL_CI_O[6])
                                                      0.103     0.696 r  u_i/_inferred__1/i__carry__1/O[6]
                         net (fo=5, routed)           0.451     1.147    u_i/_inferred__1/i__carry__1_n_9
    SLICE_X95Y279        LUT4 (Prop_G6LUT_SLICEL_I1_O)
                                                      0.089     1.236 r  u_i/y_int2__1_carry__2_i_5__0/O
                         net (fo=1, routed)           0.330     1.566    u_i/y_int2__1_carry__2_i_5__0_n_0
    SLICE_X94Y278        CARRY8 (Prop_CARRY8_SLICEM_DI[1]_O[4])
                                                      0.162     1.728 f  u_i/y_int2__1_carry__2/O[4]
                         net (fo=4, routed)           0.312     2.041    u_i/p_0_in[28]
    SLICE_X94Y279        LUT2 (Prop_B6LUT_SLICEM_I0_O)
                                                      0.149     2.190 r  u_i/i__carry_i_5__0/O
                         net (fo=1, routed)           0.016     2.206    u_i/i__carry_i_5__0_n_0
    SLICE_X94Y279        CARRY8 (Prop_CARRY8_SLICEM_S[1]_CO[5])
                                                      0.199     2.405 r  u_i/y_int1_inferred__0/i__carry/CO[5]
                         net (fo=56, routed)          0.260     2.665    u_i/y_int10_in
    SLICE_X96Y275        LUT3 (Prop_F6LUT_SLICEM_I0_O)
                                                      0.148     2.813 r  u_i/e10_carry_i_1/O
                         net (fo=1, routed)           0.278     3.091    u_i/y_int[0]
    SLICE_X93Y275        CARRY8 (Prop_CARRY8_SLICEM_CI_CO[7])
                                                      0.153     3.244 r  u_i/e10_carry/CO[7]
                         net (fo=1, routed)           0.026     3.270    u_i/e10_carry_n_0
    SLICE_X93Y276        CARRY8 (Prop_CARRY8_SLICEM_CI_CO[7])
                                                      0.015     3.285 r  u_i/e10_carry__0/CO[7]
                         net (fo=1, routed)           0.026     3.311    u_i/e10_carry__0_n_0
    SLICE_X93Y277        CARRY8 (Prop_CARRY8_SLICEM_CI_O[7])
                                                      0.116     3.427 r  u_i/e10_carry__1/O[7]
                         net (fo=1, routed)           0.026     3.453    u_i/e10[24]
    SLICE_X93Y277        FDCE                                         r  u_i/e1_reg[24]/D
  -------------------------------------------------------------------    -------------------

                         (clock clk rise edge)       10.000    10.000 r  
                                                      0.000    10.000 r  clk (IN)
                         net (fo=118, unset)          0.021    10.021    u_i/clk
    SLICE_X93Y277        FDCE                                         r  u_i/e1_reg[24]/C
                         clock pessimism              0.000    10.021    
                         clock uncertainty           -0.035     9.986    
    SLICE_X93Y277        FDCE (Setup_HFF_SLICEM_C_D)
                                                      0.025    10.011    u_i/e1_reg[24]
  -------------------------------------------------------------------
                         required time                         10.011    
                         arrival time                          -3.453    
  -------------------------------------------------------------------
                         slack                                  6.558    





Min Delay Paths
--------------------------------------------------------------------------------------
Slack (MET) :             0.054ns  (arrival time - required time)
  Source:                 u_q/e1_reg[8]/C
                            (rising edge-triggered cell FDCE clocked by clk  {rise@0.000ns fall@5.000ns period=10.000ns})
  Destination:            u_q/e2_reg[8]/D
                            (rising edge-triggered cell FDCE clocked by clk  {rise@0.000ns fall@5.000ns period=10.000ns})
  Path Group:             clk
  Path Type:              Hold (Min at Fast Process Corner)
  Requirement:            0.000ns  (clk rise@0.000ns - clk rise@0.000ns)
  Data Path Delay:        0.107ns  (logic 0.039ns (36.589%)  route 0.068ns (63.411%))
  Logic Levels:           0  
  Clock Path Skew:        0.006ns (DCD - SCD - CPR)
    Destination Clock Delay (DCD):    0.019ns
    Source Clock Delay      (SCD):    0.013ns
    Clock Pessimism Removal (CPR):    -0.000ns

    Location             Delay type                Incr(ns)  Path(ns)    Netlist Resource(s)
  -------------------------------------------------------------------    -------------------
                         (clock clk rise edge)        0.000     0.000 r  
                                                      0.000     0.000 r  clk (IN)
                         net (fo=118, unset)          0.013     0.013    u_q/clk
    SLICE_X97Y276        FDCE                                         r  u_q/e1_reg[8]/C
  -------------------------------------------------------------------    -------------------
    SLICE_X97Y276        FDCE (Prop_HFF_SLICEM_C_Q)
                                                      0.039     0.052 r  u_q/e1_reg[8]/Q
                         net (fo=3, routed)           0.068     0.120    u_q/e1_reg_n_0_[8]
    SLICE_X99Y276        FDCE                                         r  u_q/e2_reg[8]/D
  -------------------------------------------------------------------    -------------------

                         (clock clk rise edge)        0.000     0.000 r  
                                                      0.000     0.000 r  clk (IN)
                         net (fo=118, unset)          0.019     0.019    u_q/clk
    SLICE_X99Y276        FDCE                                         r  u_q/e2_reg[8]/C
                         clock pessimism              0.000     0.019    
    SLICE_X99Y276        FDCE (Hold_HFF2_SLICEM_C_D)
                                                      0.047     0.066    u_q/e2_reg[8]
  -------------------------------------------------------------------
                         required time                         -0.066    
                         arrival time                           0.120    
  -------------------------------------------------------------------
                         slack                                  0.054    





Pulse Width Checks
--------------------------------------------------------------------------------------
Clock Name:         clk
Waveform(ns):       { 0.000 5.000 }
Period(ns):         10.000
Sources:            { clk }

Check Type        Corner  Lib Pin  Reference Pin  Required(ns)  Actual(ns)  Slack(ns)  Location       Pin
Min Period        n/a     FDCE/C   n/a            0.550         10.000      9.450      SLICE_X96Y275  u_duc/in_valid_d1_reg/C
Low Pulse Width   Slow    FDCE/C   n/a            0.275         5.000       4.725      SLICE_X96Y275  u_duc/in_valid_d1_reg/C
High Pulse Width  Slow    FDCE/C   n/a            0.275         5.000       4.725      SLICE_X96Y275  u_duc/in_valid_d1_reg/C



