Copyright 1986-2022 Xilinx, Inc. All Rights Reserved. Copyright 2022-2024 Advanced Micro Devices, Inc. All Rights Reserved.
---------------------------------------------------------------------------------------------------------------------------------------------
| Tool Version : Vivado v.2024.1 (win64) Build 5076996 Wed May 22 18:37:14 MDT 2024
| Date         : Wed Jul  1 23:09:39 2026
| Host         : LAPTOP-KNBVGAN8 running 64-bit major release  (build 9200)
| Command      : report_timing_summary -file E:/workspace/chip/dsm_ip/syn/reports/ooc_20260701_230058/p0_ooc_mash11/timing_summary.rpt
| Design       : p0_ooc_mash11
| Device       : 7z020-clg400
| Speed File   : -1  PRODUCTION 1.12 2019-11-22
| Design State : Routed
---------------------------------------------------------------------------------------------------------------------------------------------

Timing Summary Report

------------------------------------------------------------------------------------------------
| Timer Settings
| --------------
------------------------------------------------------------------------------------------------

  Enable Multi Corner Analysis               :  Yes
  Enable Pessimism Removal                   :  Yes
  Pessimism Removal Resolution               :  Nearest Common Node
  Enable Input Delay Default Clock           :  No
  Enable Preset / Clear Arcs                 :  No
  Disable Flight Delays                      :  No
  Ignore I/O Paths                           :  No
  Timing Early Launch at Borrowing Latches   :  No
  Borrow Time for Max Delay Exceptions       :  Yes
  Merge Timing Exceptions                    :  Yes
  Inter-SLR Compensation                     :  Conservative

  Corner  Analyze    Analyze    
  Name    Max Paths  Min Paths  
  ------  ---------  ---------  
  Slow    Yes        Yes        
  Fast    Yes        Yes        


------------------------------------------------------------------------------------------------
| Report Methodology
| ------------------
------------------------------------------------------------------------------------------------

No report available as report_methodology has not been run prior. Run report_methodology on the current design for the summary of methodology violations.



check_timing report

Table of Contents
-----------------
1. checking no_clock (0)
2. checking constant_clock (0)
3. checking pulse_width_clock (0)
4. checking unconstrained_internal_endpoints (0)
5. checking no_input_delay (34)
6. checking no_output_delay (17)
7. checking multiple_clock (0)
8. checking generated_clocks (0)
9. checking loops (0)
10. checking partial_input_delay (0)
11. checking partial_output_delay (0)
12. checking latch_loops (0)

1. checking no_clock (0)
------------------------
 There are 0 register/latch pins with no clock.


2. checking constant_clock (0)
------------------------------
 There are 0 register/latch pins with constant_clock.


3. checking pulse_width_clock (0)
---------------------------------
 There are 0 register/latch pins which need pulse_width check


4. checking unconstrained_internal_endpoints (0)
------------------------------------------------
 There are 0 pins that are not constrained for maximum delay.

 There are 0 pins that are not constrained for maximum delay due to constant clock.


5. checking no_input_delay (34)
-------------------------------
 There are 0 input ports with no input delay specified.

 There are 34 input ports with no input delay but user has a false path constraint. (MEDIUM)


6. checking no_output_delay (17)
--------------------------------
 There are 0 ports with no output delay specified.

 There are 17 ports with no output delay but user has a false path constraint (MEDIUM)

 There are 0 ports with no output delay but with a timing clock defined on it or propagating through it


7. checking multiple_clock (0)
------------------------------
 There are 0 register/latch pins with multiple clocks.


8. checking generated_clocks (0)
--------------------------------
 There are 0 generated clocks that are not connected to a clock source.


9. checking loops (0)
---------------------
 There are 0 combinational loops in the design.


10. checking partial_input_delay (0)
------------------------------------
 There are 0 input ports with partial input delay specified.


11. checking partial_output_delay (0)
-------------------------------------
 There are 0 ports with partial output delay specified.


12. checking latch_loops (0)
----------------------------
 There are 0 combinational latch loops in the design through latch input



------------------------------------------------------------------------------------------------
| Design Timing Summary
| ---------------------
------------------------------------------------------------------------------------------------

    WNS(ns)      TNS(ns)  TNS Failing Endpoints  TNS Total Endpoints      WHS(ns)      THS(ns)  THS Failing Endpoints  THS Total Endpoints     WPWS(ns)     TPWS(ns)  TPWS Failing Endpoints  TPWS Total Endpoints  
    -------      -------  ---------------------  -------------------      -------      -------  ---------------------  -------------------     --------     --------  ----------------------  --------------------  
     -2.098      -55.463                     41                  116        0.213        0.000                      0                  116        4.500        0.000                       0                   100  


Timing constraints are not met.


------------------------------------------------------------------------------------------------
| Clock Summary
| -------------
------------------------------------------------------------------------------------------------

Clock  Waveform(ns)       Period(ns)      Frequency(MHz)
-----  ------------       ----------      --------------
clk    {0.000 5.000}      10.000          100.000         


------------------------------------------------------------------------------------------------
| Intra Clock Table
| -----------------
------------------------------------------------------------------------------------------------

Clock             WNS(ns)      TNS(ns)  TNS Failing Endpoints  TNS Total Endpoints      WHS(ns)      THS(ns)  THS Failing Endpoints  THS Total Endpoints     WPWS(ns)     TPWS(ns)  TPWS Failing Endpoints  TPWS Total Endpoints  
-----             -------      -------  ---------------------  -------------------      -------      -------  ---------------------  -------------------     --------     --------  ----------------------  --------------------  
clk                -2.098      -55.463                     41                  116        0.213        0.000                      0                  116        4.500        0.000                       0                   100  


------------------------------------------------------------------------------------------------
| Inter Clock Table
| -----------------
------------------------------------------------------------------------------------------------

From Clock    To Clock          WNS(ns)      TNS(ns)  TNS Failing Endpoints  TNS Total Endpoints      WHS(ns)      THS(ns)  THS Failing Endpoints  THS Total Endpoints  
----------    --------          -------      -------  ---------------------  -------------------      -------      -------  ---------------------  -------------------  


------------------------------------------------------------------------------------------------
| Other Path Groups Table
| -----------------------
------------------------------------------------------------------------------------------------

Path Group    From Clock    To Clock          WNS(ns)      TNS(ns)  TNS Failing Endpoints  TNS Total Endpoints      WHS(ns)      THS(ns)  THS Failing Endpoints  THS Total Endpoints  
----------    ----------    --------          -------      -------  ---------------------  -------------------      -------      -------  ---------------------  -------------------  


------------------------------------------------------------------------------------------------
| Timing Details
| --------------
------------------------------------------------------------------------------------------------


---------------------------------------------------------------------------------------------------
From Clock:  clk
  To Clock:  clk

Setup :           41  Failing Endpoints,  Worst Slack       -2.098ns,  Total Violation      -55.463ns
Hold  :            0  Failing Endpoints,  Worst Slack        0.213ns,  Total Violation        0.000ns
PW    :            0  Failing Endpoints,  Worst Slack        4.500ns,  Total Violation        0.000ns
---------------------------------------------------------------------------------------------------


Max Delay Paths
--------------------------------------------------------------------------------------
Slack (VIOLATED) :        -2.098ns  (required time - arrival time)
  Source:                 u_i/e1_state_reg[0]/C
                            (rising edge-triggered cell FDCE clocked by clk  {rise@0.000ns fall@5.000ns period=10.000ns})
  Destination:            u_i/e2_state_reg[17]/D
                            (rising edge-triggered cell FDCE clocked by clk  {rise@0.000ns fall@5.000ns period=10.000ns})
  Path Group:             clk
  Path Type:              Setup (Max at Slow Process Corner)
  Requirement:            10.000ns  (clk rise@10.000ns - clk rise@0.000ns)
  Data Path Delay:        12.123ns  (logic 7.232ns (59.653%)  route 4.891ns (40.347%))
  Logic Levels:           24  (CARRY4=18 LUT2=4 LUT3=2)
  Clock Path Skew:        -0.049ns (DCD - SCD + CPR)
    Destination Clock Delay (DCD):    0.924ns = ( 10.924 - 10.000 ) 
    Source Clock Delay      (SCD):    0.973ns
    Clock Pessimism Removal (CPR):    0.000ns
  Clock Uncertainty:      0.035ns  ((TSJ^2 + TIJ^2)^1/2 + DJ) / 2 + PE
    Total System Jitter     (TSJ):    0.071ns
    Total Input Jitter      (TIJ):    0.000ns
    Discrete Jitter          (DJ):    0.000ns
    Phase Error              (PE):    0.000ns

    Location             Delay type                Incr(ns)  Path(ns)    Netlist Resource(s)
  -------------------------------------------------------------------    -------------------
                         (clock clk rise edge)        0.000     0.000 r  
                                                      0.000     0.000 r  clk (IN)
                         net (fo=99, unset)           0.973     0.973    u_i/clk
    SLICE_X29Y74         FDCE                                         r  u_i/e1_state_reg[0]/C
  -------------------------------------------------------------------    -------------------
    SLICE_X29Y74         FDCE (Prop_fdce_C_Q)         0.456     1.429 r  u_i/e1_state_reg[0]/Q
                         net (fo=1, routed)           0.469     1.898    u_i/e1_state[0]
    SLICE_X28Y75         LUT2 (Prop_lut2_I1_O)        0.124     2.022 r  u_i/y1_int2_carry_i_4__0/O
                         net (fo=1, routed)           0.000     2.022    u_i/y1_int2_carry_i_4__0_n_0
    SLICE_X28Y75         CARRY4 (Prop_carry4_S[0]_CO[3])
                                                      0.532     2.554 r  u_i/y1_int2_carry/CO[3]
                         net (fo=1, routed)           0.000     2.554    u_i/y1_int2_carry_n_0
    SLICE_X28Y76         CARRY4 (Prop_carry4_CI_CO[3])
                                                      0.114     2.668 r  u_i/y1_int2_carry__0/CO[3]
                         net (fo=1, routed)           0.000     2.668    u_i/y1_int2_carry__0_n_0
    SLICE_X28Y77         CARRY4 (Prop_carry4_CI_CO[3])
                                                      0.114     2.782 r  u_i/y1_int2_carry__1/CO[3]
                         net (fo=1, routed)           0.000     2.782    u_i/y1_int2_carry__1_n_0
    SLICE_X28Y78         CARRY4 (Prop_carry4_CI_CO[3])
                                                      0.114     2.896 r  u_i/y1_int2_carry__2/CO[3]
                         net (fo=1, routed)           0.000     2.896    u_i/y1_int2_carry__2_n_0
    SLICE_X28Y79         CARRY4 (Prop_carry4_CI_O[0])
                                                      0.222     3.118 r  u_i/y1_int2_carry__3/O[0]
                         net (fo=4, routed)           0.655     3.773    u_i/y1_int2_carry__3_n_7
    SLICE_X28Y80         LUT2 (Prop_lut2_I0_O)        0.299     4.072 r  u_i/i__carry_i_1/O
                         net (fo=1, routed)           0.000     4.072    u_i/i__carry_i_1_n_0
    SLICE_X28Y80         CARRY4 (Prop_carry4_S[0]_CO[1])
                                                      0.457     4.529 r  u_i/y1_int1_inferred__0/i__carry/CO[1]
                         net (fo=38, routed)          0.617     5.146    u_i/y1_int10_in
    SLICE_X31Y79         LUT3 (Prop_lut3_I0_O)        0.329     5.475 r  u_i/e1_state0_carry_i_1__0/O
                         net (fo=1, routed)           0.611     6.086    u_i/y1_int[0]
    SLICE_X29Y75         CARRY4 (Prop_carry4_CYINIT_CO[3])
                                                      0.580     6.666 r  u_i/e1_state0_carry/CO[3]
                         net (fo=1, routed)           0.000     6.666    u_i/e1_state0_carry_n_0
    SLICE_X29Y76         CARRY4 (Prop_carry4_CI_O[0])
                                                      0.222     6.888 r  u_i/e1_state0_carry__0/O[0]
                         net (fo=3, routed)           0.502     7.391    u_i/e1_state0_carry__0_n_7
    SLICE_X27Y76         LUT2 (Prop_lut2_I0_O)        0.299     7.690 r  u_i/y2_int2_carry__0_i_3__0/O
                         net (fo=1, routed)           0.000     7.690    u_i/y2_int2_carry__0_i_3__0_n_0
    SLICE_X27Y76         CARRY4 (Prop_carry4_S[1]_CO[3])
                                                      0.550     8.240 r  u_i/y2_int2_carry__0/CO[3]
                         net (fo=1, routed)           0.000     8.240    u_i/y2_int2_carry__0_n_0
    SLICE_X27Y77         CARRY4 (Prop_carry4_CI_CO[3])
                                                      0.114     8.354 r  u_i/y2_int2_carry__1/CO[3]
                         net (fo=1, routed)           0.000     8.354    u_i/y2_int2_carry__1_n_0
    SLICE_X27Y78         CARRY4 (Prop_carry4_CI_CO[3])
                                                      0.114     8.468 r  u_i/y2_int2_carry__2/CO[3]
                         net (fo=1, routed)           0.000     8.468    u_i/y2_int2_carry__2_n_0
    SLICE_X27Y79         CARRY4 (Prop_carry4_CI_O[1])
                                                      0.334     8.802 r  u_i/y2_int2_carry__3/O[1]
                         net (fo=13, routed)          0.699     9.501    u_i/p_0_in[17]
    SLICE_X26Y79         LUT2 (Prop_lut2_I0_O)        0.303     9.804 r  u_i/y2_int1_carry_i_3__0/O
                         net (fo=1, routed)           0.000     9.804    u_i/y2_int1_carry_i_3__0_n_0
    SLICE_X26Y79         CARRY4 (Prop_carry4_S[0]_CO[1])
                                                      0.458    10.262 f  u_i/y2_int1_carry/CO[1]
                         net (fo=37, routed)          0.760    11.022    u_i/y2_int1
    SLICE_X27Y74         LUT3 (Prop_lut3_I1_O)        0.332    11.354 r  u_i/e2_state0_carry_i_1__0/O
                         net (fo=1, routed)           0.568    11.922    u_i/y2_int__0[0]
    SLICE_X26Y74         CARRY4 (Prop_carry4_CYINIT_CO[3])
                                                      0.595    12.517 r  u_i/e2_state0_carry/CO[3]
                         net (fo=1, routed)           0.009    12.526    u_i/e2_state0_carry_n_0
    SLICE_X26Y75         CARRY4 (Prop_carry4_CI_CO[3])
                                                      0.117    12.643 r  u_i/e2_state0_carry__0/CO[3]
                         net (fo=1, routed)           0.000    12.643    u_i/e2_state0_carry__0_n_0
    SLICE_X26Y76         CARRY4 (Prop_carry4_CI_CO[3])
                                                      0.117    12.760 r  u_i/e2_state0_carry__1/CO[3]
                         net (fo=1, routed)           0.000    12.760    u_i/e2_state0_carry__1_n_0
    SLICE_X26Y77         CARRY4 (Prop_carry4_CI_CO[3])
                                                      0.117    12.877 r  u_i/e2_state0_carry__2/CO[3]
                         net (fo=1, routed)           0.000    12.877    u_i/e2_state0_carry__2_n_0
    SLICE_X26Y78         CARRY4 (Prop_carry4_CI_O[0])
                                                      0.219    13.096 r  u_i/e2_state0_carry__3/O[0]
                         net (fo=1, routed)           0.000    13.096    u_i/e2_state0[17]
    SLICE_X26Y78         FDCE                                         r  u_i/e2_state_reg[17]/D
  -------------------------------------------------------------------    -------------------

                         (clock clk rise edge)       10.000    10.000 r  
                                                      0.000    10.000 r  clk (IN)
                         net (fo=99, unset)           0.924    10.924    u_i/clk
    SLICE_X26Y78         FDCE                                         r  u_i/e2_state_reg[17]/C
                         clock pessimism              0.000    10.924    
                         clock uncertainty           -0.035    10.889    
    SLICE_X26Y78         FDCE (Setup_fdce_C_D)        0.109    10.998    u_i/e2_state_reg[17]
  -------------------------------------------------------------------
                         required time                         10.998    
                         arrival time                         -13.096    
  -------------------------------------------------------------------
                         slack                                 -2.098    





Min Delay Paths
--------------------------------------------------------------------------------------
Slack (MET) :             0.213ns  (arrival time - required time)
  Source:                 u_i/y2_pm_prev_reg[1]/C
                            (rising edge-triggered cell FDCE clocked by clk  {rise@0.000ns fall@5.000ns period=10.000ns})
  Destination:            u_i/y_mash_signed_reg[2]/D
                            (rising edge-triggered cell FDCE clocked by clk  {rise@0.000ns fall@5.000ns period=10.000ns})
  Path Group:             clk
  Path Type:              Hold (Min at Fast Process Corner)
  Requirement:            0.000ns  (clk rise@0.000ns - clk rise@0.000ns)
  Data Path Delay:        0.326ns  (logic 0.186ns (57.002%)  route 0.140ns (42.998%))
  Logic Levels:           1  (LUT6=1)
  Clock Path Skew:        0.022ns (DCD - SCD - CPR)
    Destination Clock Delay (DCD):    0.432ns
    Source Clock Delay      (SCD):    0.410ns
    Clock Pessimism Removal (CPR):    -0.000ns

    Location             Delay type                Incr(ns)  Path(ns)    Netlist Resource(s)
  -------------------------------------------------------------------    -------------------
                         (clock clk rise edge)        0.000     0.000 r  
                                                      0.000     0.000 r  clk (IN)
                         net (fo=99, unset)           0.410     0.410    u_i/clk
    SLICE_X29Y80         FDCE                                         r  u_i/y2_pm_prev_reg[1]/C
  -------------------------------------------------------------------    -------------------
    SLICE_X29Y80         FDCE (Prop_fdce_C_Q)         0.141     0.551 r  u_i/y2_pm_prev_reg[1]/Q
                         net (fo=2, routed)           0.140     0.691    u_i/y2_pm_prev[1]
    SLICE_X31Y80         LUT6 (Prop_lut6_I4_O)        0.045     0.736 r  u_i/y_mash_signed[2]_i_1__0/O
                         net (fo=1, routed)           0.000     0.736    u_i/y_mash_c[2]
    SLICE_X31Y80         FDCE                                         r  u_i/y_mash_signed_reg[2]/D
  -------------------------------------------------------------------    -------------------

                         (clock clk rise edge)        0.000     0.000 r  
                                                      0.000     0.000 r  clk (IN)
                         net (fo=99, unset)           0.432     0.432    u_i/clk
    SLICE_X31Y80         FDCE                                         r  u_i/y_mash_signed_reg[2]/C
                         clock pessimism              0.000     0.432    
    SLICE_X31Y80         FDCE (Hold_fdce_C_D)         0.092     0.524    u_i/y_mash_signed_reg[2]
  -------------------------------------------------------------------
                         required time                         -0.524    
                         arrival time                           0.736    
  -------------------------------------------------------------------
                         slack                                  0.213    





Pulse Width Checks
--------------------------------------------------------------------------------------
Clock Name:         clk
Waveform(ns):       { 0.000 5.000 }
Period(ns):         10.000
Sources:            { clk }

Check Type        Corner  Lib Pin  Reference Pin  Required(ns)  Actual(ns)  Slack(ns)  Location      Pin
Min Period        n/a     FDCE/C   n/a            1.000         10.000      9.000      SLICE_X30Y73  u_duc/in_valid_d1_reg/C
Low Pulse Width   Slow    FDCE/C   n/a            0.500         5.000       4.500      SLICE_X30Y73  u_duc/in_valid_d1_reg/C
High Pulse Width  Slow    FDCE/C   n/a            0.500         5.000       4.500      SLICE_X30Y73  u_duc/in_valid_d1_reg/C



