Copyright 1986-2022 Xilinx, Inc. All Rights Reserved. Copyright 2022-2024 Advanced Micro Devices, Inc. All Rights Reserved.
-------------------------------------------------------------------------------------------------------------------------------------------------------------------
| Tool Version      : Vivado v.2024.1 (win64) Build 5076996 Wed May 22 18:37:14 MDT 2024
| Date              : Thu Jul  2 22:22:06 2026
| Host              : LAPTOP-KNBVGAN8 running 64-bit major release  (build 9200)
| Command           : report_timing_summary -file E:/workspace/chip/dsm_ip/syn/reports/ooc_xczu48dr_ffvg1517_2_e_20260702_215711/p0_ooc_mash111/timing_summary.rpt
| Design            : p0_ooc_mash111
| Device            : xczu48dr-ffvg1517
| Speed File        : -2  PRODUCTION 1.32 01-31-2021
| Design State      : Routed
| Temperature Grade : E
-------------------------------------------------------------------------------------------------------------------------------------------------------------------

Timing Summary Report

------------------------------------------------------------------------------------------------
| Timer Settings
| --------------
------------------------------------------------------------------------------------------------

  Enable Multi Corner Analysis               :  Yes
  Enable Pessimism Removal                   :  Yes
  Pessimism Removal Resolution               :  Nearest Common Node
  Enable Input Delay Default Clock           :  No
  Enable Preset / Clear Arcs                 :  No
  Disable Flight Delays                      :  No
  Ignore I/O Paths                           :  No
  Timing Early Launch at Borrowing Latches   :  No
  Borrow Time for Max Delay Exceptions       :  Yes
  Merge Timing Exceptions                    :  Yes
  Inter-SLR Compensation                     :  Conservative

  Corner  Analyze    Analyze    
  Name    Max Paths  Min Paths  
  ------  ---------  ---------  
  Slow    Yes        Yes        
  Fast    Yes        Yes        


------------------------------------------------------------------------------------------------
| Report Methodology
| ------------------
------------------------------------------------------------------------------------------------

No report available as report_methodology has not been run prior. Run report_methodology on the current design for the summary of methodology violations.



check_timing report

Table of Contents
-----------------
1. checking no_clock (0)
2. checking constant_clock (0)
3. checking pulse_width_clock (0)
4. checking unconstrained_internal_endpoints (0)
5. checking no_input_delay (34)
6. checking no_output_delay (17)
7. checking multiple_clock (0)
8. checking generated_clocks (0)
9. checking loops (0)
10. checking partial_input_delay (0)
11. checking partial_output_delay (0)
12. checking latch_loops (0)

1. checking no_clock (0)
------------------------
 There are 0 register/latch pins with no clock.


2. checking constant_clock (0)
------------------------------
 There are 0 register/latch pins with constant_clock.


3. checking pulse_width_clock (0)
---------------------------------
 There are 0 register/latch pins which need pulse_width check


4. checking unconstrained_internal_endpoints (0)
------------------------------------------------
 There are 0 pins that are not constrained for maximum delay.

 There are 0 pins that are not constrained for maximum delay due to constant clock.


5. checking no_input_delay (34)
-------------------------------
 There are 0 input ports with no input delay specified.

 There are 34 input ports with no input delay but user has a false path constraint. (MEDIUM)


6. checking no_output_delay (17)
--------------------------------
 There are 0 ports with no output delay specified.

 There are 17 ports with no output delay but user has a false path constraint (MEDIUM)

 There are 0 ports with no output delay but with a timing clock defined on it or propagating through it


7. checking multiple_clock (0)
------------------------------
 There are 0 register/latch pins with multiple clocks.


8. checking generated_clocks (0)
--------------------------------
 There are 0 generated clocks that are not connected to a clock source.


9. checking loops (0)
---------------------
 There are 0 combinational loops in the design.


10. checking partial_input_delay (0)
------------------------------------
 There are 0 input ports with partial input delay specified.


11. checking partial_output_delay (0)
-------------------------------------
 There are 0 ports with partial output delay specified.


12. checking latch_loops (0)
----------------------------
 There are 0 combinational latch loops in the design through latch input



------------------------------------------------------------------------------------------------
| Design Timing Summary
| ---------------------
------------------------------------------------------------------------------------------------

    WNS(ns)      TNS(ns)  TNS Failing Endpoints  TNS Total Endpoints      WHS(ns)      THS(ns)  THS Failing Endpoints  THS Total Endpoints     WPWS(ns)     TPWS(ns)  TPWS Failing Endpoints  TPWS Total Endpoints  
    -------      -------  ---------------------  -------------------      -------      -------  ---------------------  -------------------     --------     --------  ----------------------  --------------------  
      3.908        0.000                      0                  139        0.057        0.000                      0                  139        4.725        0.000                       0                   133  


All user specified timing constraints are met.


------------------------------------------------------------------------------------------------
| Clock Summary
| -------------
------------------------------------------------------------------------------------------------

Clock  Waveform(ns)       Period(ns)      Frequency(MHz)
-----  ------------       ----------      --------------
clk    {0.000 5.000}      10.000          100.000         


------------------------------------------------------------------------------------------------
| Intra Clock Table
| -----------------
------------------------------------------------------------------------------------------------

Clock             WNS(ns)      TNS(ns)  TNS Failing Endpoints  TNS Total Endpoints      WHS(ns)      THS(ns)  THS Failing Endpoints  THS Total Endpoints     WPWS(ns)     TPWS(ns)  TPWS Failing Endpoints  TPWS Total Endpoints  
-----             -------      -------  ---------------------  -------------------      -------      -------  ---------------------  -------------------     --------     --------  ----------------------  --------------------  
clk                 3.908        0.000                      0                  139        0.057        0.000                      0                  139        4.725        0.000                       0                   133  


------------------------------------------------------------------------------------------------
| Inter Clock Table
| -----------------
------------------------------------------------------------------------------------------------

From Clock    To Clock          WNS(ns)      TNS(ns)  TNS Failing Endpoints  TNS Total Endpoints      WHS(ns)      THS(ns)  THS Failing Endpoints  THS Total Endpoints  
----------    --------          -------      -------  ---------------------  -------------------      -------      -------  ---------------------  -------------------  


------------------------------------------------------------------------------------------------
| Other Path Groups Table
| -----------------------
------------------------------------------------------------------------------------------------

Path Group    From Clock    To Clock          WNS(ns)      TNS(ns)  TNS Failing Endpoints  TNS Total Endpoints      WHS(ns)      THS(ns)  THS Failing Endpoints  THS Total Endpoints  
----------    ----------    --------          -------      -------  ---------------------  -------------------      -------      -------  ---------------------  -------------------  


------------------------------------------------------------------------------------------------
| Timing Details
| --------------
------------------------------------------------------------------------------------------------


---------------------------------------------------------------------------------------------------
From Clock:  clk
  To Clock:  clk

Setup :            0  Failing Endpoints,  Worst Slack        3.908ns,  Total Violation        0.000ns
Hold  :            0  Failing Endpoints,  Worst Slack        0.057ns,  Total Violation        0.000ns
PW    :            0  Failing Endpoints,  Worst Slack        4.725ns,  Total Violation        0.000ns
---------------------------------------------------------------------------------------------------


Max Delay Paths
--------------------------------------------------------------------------------------
Slack (MET) :             3.908ns  (required time - arrival time)
  Source:                 u_q/e1_state_reg[1]/C
                            (rising edge-triggered cell FDCE clocked by clk  {rise@0.000ns fall@5.000ns period=10.000ns})
  Destination:            u_q/y_mash_signed_reg[3]/D
                            (rising edge-triggered cell FDCE clocked by clk  {rise@0.000ns fall@5.000ns period=10.000ns})
  Path Group:             clk
  Path Type:              Setup (Max at Slow Process Corner)
  Requirement:            10.000ns  (clk rise@10.000ns - clk rise@0.000ns)
  Data Path Delay:        6.075ns  (logic 2.790ns (45.928%)  route 3.285ns (54.072%))
  Logic Levels:           24  (CARRY8=14 LUT1=1 LUT2=4 LUT3=2 LUT4=1 LUT5=1 LUT6=1)
  Clock Path Skew:        -0.007ns (DCD - SCD + CPR)
    Destination Clock Delay (DCD):    0.021ns = ( 10.021 - 10.000 ) 
    Source Clock Delay      (SCD):    0.028ns
    Clock Pessimism Removal (CPR):    0.000ns
  Clock Uncertainty:      0.035ns  ((TSJ^2 + TIJ^2)^1/2 + DJ) / 2 + PE
    Total System Jitter     (TSJ):    0.071ns
    Total Input Jitter      (TIJ):    0.000ns
    Discrete Jitter          (DJ):    0.000ns
    Phase Error              (PE):    0.000ns

    Location             Delay type                Incr(ns)  Path(ns)    Netlist Resource(s)
  -------------------------------------------------------------------    -------------------
                         (clock clk rise edge)        0.000     0.000 r  
                                                      0.000     0.000 r  clk (IN)
                         net (fo=132, unset)          0.028     0.028    u_q/clk
    SLICE_X47Y106        FDCE                                         r  u_q/e1_state_reg[1]/C
  -------------------------------------------------------------------    -------------------
    SLICE_X47Y106        FDCE (Prop_AFF_SLICEL_C_Q)
                                                      0.079     0.107 r  u_q/e1_state_reg[1]/Q
                         net (fo=1, routed)           0.099     0.206    u_q/e1_state_reg_n_0_[1]
    SLICE_X46Y106        LUT2 (Prop_B6LUT_SLICEM_I1_O)
                                                      0.125     0.331 r  u_q/y1_int2_carry_i_7/O
                         net (fo=1, routed)           0.016     0.347    u_q/y1_int2_carry_i_7_n_0
    SLICE_X46Y106        CARRY8 (Prop_CARRY8_SLICEM_S[1]_CO[7])
                                                      0.190     0.537 f  u_q/y1_int2_carry/CO[7]
                         net (fo=1, routed)           0.026     0.563    u_q/y1_int2_carry_n_0
    SLICE_X46Y107        CARRY8 (Prop_CARRY8_SLICEM_CI_CO[7])
                                                      0.015     0.578 f  u_q/y1_int2_carry__0/CO[7]
                         net (fo=1, routed)           0.026     0.604    u_q/y1_int2_carry__0_n_0
    SLICE_X46Y108        CARRY8 (Prop_CARRY8_SLICEM_CI_CO[2])
                                                      0.057     0.661 f  u_q/y1_int2_carry__1/CO[2]
                         net (fo=2, routed)           0.189     0.850    u_q/y1_int2_carry__1_n_5
    SLICE_X46Y109        LUT1 (Prop_B6LUT_SLICEM_I0_O)
                                                      0.125     0.975 r  u_q/y1_int1_carry_i_2/O
                         net (fo=1, routed)           0.016     0.991    u_q/y1_int1_carry_i_2_n_0
    SLICE_X46Y109        CARRY8 (Prop_CARRY8_SLICEM_S[1]_CO[1])
                                                      0.091     1.082 r  u_q/y1_int1_carry/CO[1]
                         net (fo=40, routed)          0.338     1.420    u_q/y1_int1_carry_n_6
    SLICE_X47Y106        LUT4 (Prop_D6LUT_SLICEL_I2_O)
                                                      0.146     1.566 r  u_q/e1_state0_carry_i_14/O
                         net (fo=1, routed)           0.009     1.575    u_q/e1_state0_carry_i_14_n_0
    SLICE_X47Y106        CARRY8 (Prop_CARRY8_SLICEL_S[3]_CO[7])
                                                      0.154     1.729 r  u_q/e1_state0_carry/CO[7]
                         net (fo=1, routed)           0.026     1.755    u_q/e1_state0_carry_n_0
    SLICE_X47Y107        CARRY8 (Prop_CARRY8_SLICEL_CI_O[0])
                                                      0.063     1.818 r  u_q/e1_state0_carry__0/O[0]
                         net (fo=3, routed)           0.316     2.134    u_q/e1_state0_carry__0_n_15
    SLICE_X46Y104        LUT2 (Prop_B6LUT_SLICEM_I0_O)
                                                      0.149     2.283 r  u_q/y2_int2_carry__0_i_7/O
                         net (fo=1, routed)           0.016     2.299    u_q/y2_int2_carry__0_i_7_n_0
    SLICE_X46Y104        CARRY8 (Prop_CARRY8_SLICEM_S[1]_CO[7])
                                                      0.190     2.489 r  u_q/y2_int2_carry__0/CO[7]
                         net (fo=1, routed)           0.026     2.515    u_q/y2_int2_carry__0_n_0
    SLICE_X46Y105        CARRY8 (Prop_CARRY8_SLICEM_CI_O[1])
                                                      0.076     2.591 r  u_q/y2_int2_carry__1/O[1]
                         net (fo=13, routed)          0.366     2.957    u_q/y2_int2_carry__1_n_14
    SLICE_X46Y102        LUT2 (Prop_A6LUT_SLICEM_I0_O)
                                                      0.125     3.082 r  u_q/y2_int1_carry_i_3/O
                         net (fo=1, routed)           0.013     3.095    u_q/y2_int1_carry_i_3_n_0
    SLICE_X46Y102        CARRY8 (Prop_CARRY8_SLICEM_S[0]_CO[1])
                                                      0.109     3.204 f  u_q/y2_int1_carry/CO[1]
                         net (fo=38, routed)          0.133     3.337    u_q/y2_int1_carry_n_6
    SLICE_X47Y102        LUT3 (Prop_H6LUT_SLICEL_I1_O)
                                                      0.099     3.436 r  u_q/e2_state0_carry_i_1/O
                         net (fo=1, routed)           0.186     3.622    u_q/e2_state0_carry_i_1_n_0
    SLICE_X47Y103        CARRY8 (Prop_CARRY8_SLICEL_CI_CO[7])
                                                      0.151     3.773 r  u_q/e2_state0_carry/CO[7]
                         net (fo=1, routed)           0.026     3.799    u_q/e2_state0_carry_n_0
    SLICE_X47Y104        CARRY8 (Prop_CARRY8_SLICEL_CI_O[0])
                                                      0.063     3.862 r  u_q/e2_state0_carry__0/O[0]
                         net (fo=3, routed)           0.513     4.375    u_q/e2_state0_carry__0_n_15
    SLICE_X48Y104        CARRY8 (Prop_CARRY8_SLICEM_DI[1]_CO[7])
                                                      0.120     4.495 r  u_q/y3_int2_carry__0/CO[7]
                         net (fo=1, routed)           0.026     4.521    u_q/y3_int2_carry__0_n_0
    SLICE_X48Y105        CARRY8 (Prop_CARRY8_SLICEM_CI_O[1])
                                                      0.076     4.597 r  u_q/y3_int2_carry__1/O[1]
                         net (fo=13, routed)          0.229     4.826    u_q/y3_int2_carry__1_n_14
    SLICE_X49Y105        LUT2 (Prop_A6LUT_SLICEL_I0_O)
                                                      0.098     4.924 r  u_q/y3_int1_carry_i_3/O
                         net (fo=1, routed)           0.009     4.933    u_q/y3_int1_carry_i_3_n_0
    SLICE_X49Y105        CARRY8 (Prop_CARRY8_SLICEL_S[0]_CO[1])
                                                      0.107     5.040 f  u_q/y3_int1_carry/CO[1]
                         net (fo=37, routed)          0.187     5.227    u_q/y3_int1_carry_n_6
    SLICE_X48Y106        LUT3 (Prop_C5LUT_SLICEM_I1_O)
                                                      0.159     5.386 f  u_q/y3_pm_prev1[2]_i_1/O
                         net (fo=5, routed)           0.270     5.656    u_q/y3_pm_prev1[2]_i_1_n_0
    SLICE_X48Y113        LUT5 (Prop_H5LUT_SLICEM_I1_O)
                                                      0.135     5.791 r  u_q/y_mash_signed[3]_i_4/O
                         net (fo=1, routed)           0.158     5.949    u_q/y_mash_signed[3]_i_4_n_0
    SLICE_X48Y113        LUT6 (Prop_C6LUT_SLICEM_I4_O)
                                                      0.088     6.037 r  u_q/y_mash_signed[3]_i_1/O
                         net (fo=1, routed)           0.066     6.103    u_q/y_mash_signed[3]_i_1_n_0
    SLICE_X48Y113        FDCE                                         r  u_q/y_mash_signed_reg[3]/D
  -------------------------------------------------------------------    -------------------

                         (clock clk rise edge)       10.000    10.000 r  
                                                      0.000    10.000 r  clk (IN)
                         net (fo=132, unset)          0.021    10.021    u_q/clk
    SLICE_X48Y113        FDCE                                         r  u_q/y_mash_signed_reg[3]/C
                         clock pessimism              0.000    10.021    
                         clock uncertainty           -0.035     9.986    
    SLICE_X48Y113        FDCE (Setup_CFF_SLICEM_C_D)
                                                      0.025    10.011    u_q/y_mash_signed_reg[3]
  -------------------------------------------------------------------
                         required time                         10.011    
                         arrival time                          -6.103    
  -------------------------------------------------------------------
                         slack                                  3.908    





Min Delay Paths
--------------------------------------------------------------------------------------
Slack (MET) :             0.057ns  (arrival time - required time)
  Source:                 u_i/y3_pm_prev1_reg[0]/C
                            (rising edge-triggered cell FDCE clocked by clk  {rise@0.000ns fall@5.000ns period=10.000ns})
  Destination:            u_q/y3_pm_prev2_reg[0]/D
                            (rising edge-triggered cell FDCE clocked by clk  {rise@0.000ns fall@5.000ns period=10.000ns})
  Path Group:             clk
  Path Type:              Hold (Min at Fast Process Corner)
  Requirement:            0.000ns  (clk rise@0.000ns - clk rise@0.000ns)
  Data Path Delay:        0.110ns  (logic 0.038ns (34.431%)  route 0.072ns (65.569%))
  Logic Levels:           0  
  Clock Path Skew:        0.006ns (DCD - SCD - CPR)
    Destination Clock Delay (DCD):    0.019ns
    Source Clock Delay      (SCD):    0.013ns
    Clock Pessimism Removal (CPR):    -0.000ns

    Location             Delay type                Incr(ns)  Path(ns)    Netlist Resource(s)
  -------------------------------------------------------------------    -------------------
                         (clock clk rise edge)        0.000     0.000 r  
                                                      0.000     0.000 r  clk (IN)
                         net (fo=132, unset)          0.013     0.013    u_i/clk
    SLICE_X46Y114        FDCE                                         r  u_i/y3_pm_prev1_reg[0]/C
  -------------------------------------------------------------------    -------------------
    SLICE_X46Y114        FDCE (Prop_EFF_SLICEM_C_Q)
                                                      0.038     0.051 r  u_i/y3_pm_prev1_reg[0]/Q
                         net (fo=10, routed)          0.072     0.123    u_q/y3_pm_prev2_reg[0]_1[0]
    SLICE_X46Y114        FDCE                                         r  u_q/y3_pm_prev2_reg[0]/D
  -------------------------------------------------------------------    -------------------

                         (clock clk rise edge)        0.000     0.000 r  
                                                      0.000     0.000 r  clk (IN)
                         net (fo=132, unset)          0.019     0.019    u_q/clk
    SLICE_X46Y114        FDCE                                         r  u_q/y3_pm_prev2_reg[0]/C
                         clock pessimism              0.000     0.019    
    SLICE_X46Y114        FDCE (Hold_EFF2_SLICEM_C_D)
                                                      0.047     0.066    u_q/y3_pm_prev2_reg[0]
  -------------------------------------------------------------------
                         required time                         -0.066    
                         arrival time                           0.123    
  -------------------------------------------------------------------
                         slack                                  0.057    





Pulse Width Checks
--------------------------------------------------------------------------------------
Clock Name:         clk
Waveform(ns):       { 0.000 5.000 }
Period(ns):         10.000
Sources:            { clk }

Check Type        Corner  Lib Pin  Reference Pin  Required(ns)  Actual(ns)  Slack(ns)  Location       Pin
Min Period        n/a     FDCE/C   n/a            0.550         10.000      9.450      SLICE_X48Y120  u_duc/in_valid_d1_reg/C
Low Pulse Width   Slow    FDCE/C   n/a            0.275         5.000       4.725      SLICE_X48Y120  u_duc/in_valid_d1_reg/C
High Pulse Width  Slow    FDCE/C   n/a            0.275         5.000       4.725      SLICE_X48Y120  u_duc/in_valid_d1_reg/C



