Copyright 1986-2022 Xilinx, Inc. All Rights Reserved. Copyright 2022-2024 Advanced Micro Devices, Inc. All Rights Reserved.
-------------------------------------------------------------------------------------------------------------------------------------------------------
| Tool Version : Vivado v.2024.1 (win64) Build 5076996 Wed May 22 18:37:14 MDT 2024
| Date         : Thu Jul  2 21:56:53 2026
| Host         : LAPTOP-KNBVGAN8 running 64-bit major release  (build 9200)
| Command      : report_timing_summary -file E:/workspace/chip/dsm_ip/syn/reports/ooc_xc7z020clg400_1_20260702_214700/p0_ooc_mash22/timing_summary.rpt
| Design       : p0_ooc_mash22
| Device       : 7z020-clg400
| Speed File   : -1  PRODUCTION 1.12 2019-11-22
| Design State : Routed
-------------------------------------------------------------------------------------------------------------------------------------------------------

Timing Summary Report

------------------------------------------------------------------------------------------------
| Timer Settings
| --------------
------------------------------------------------------------------------------------------------

  Enable Multi Corner Analysis               :  Yes
  Enable Pessimism Removal                   :  Yes
  Pessimism Removal Resolution               :  Nearest Common Node
  Enable Input Delay Default Clock           :  No
  Enable Preset / Clear Arcs                 :  No
  Disable Flight Delays                      :  No
  Ignore I/O Paths                           :  No
  Timing Early Launch at Borrowing Latches   :  No
  Borrow Time for Max Delay Exceptions       :  Yes
  Merge Timing Exceptions                    :  Yes
  Inter-SLR Compensation                     :  Conservative

  Corner  Analyze    Analyze    
  Name    Max Paths  Min Paths  
  ------  ---------  ---------  
  Slow    Yes        Yes        
  Fast    Yes        Yes        


------------------------------------------------------------------------------------------------
| Report Methodology
| ------------------
------------------------------------------------------------------------------------------------

No report available as report_methodology has not been run prior. Run report_methodology on the current design for the summary of methodology violations.



check_timing report

Table of Contents
-----------------
1. checking no_clock (0)
2. checking constant_clock (0)
3. checking pulse_width_clock (0)
4. checking unconstrained_internal_endpoints (0)
5. checking no_input_delay (34)
6. checking no_output_delay (17)
7. checking multiple_clock (0)
8. checking generated_clocks (0)
9. checking loops (0)
10. checking partial_input_delay (0)
11. checking partial_output_delay (0)
12. checking latch_loops (0)

1. checking no_clock (0)
------------------------
 There are 0 register/latch pins with no clock.


2. checking constant_clock (0)
------------------------------
 There are 0 register/latch pins with constant_clock.


3. checking pulse_width_clock (0)
---------------------------------
 There are 0 register/latch pins which need pulse_width check


4. checking unconstrained_internal_endpoints (0)
------------------------------------------------
 There are 0 pins that are not constrained for maximum delay.

 There are 0 pins that are not constrained for maximum delay due to constant clock.


5. checking no_input_delay (34)
-------------------------------
 There are 0 input ports with no input delay specified.

 There are 34 input ports with no input delay but user has a false path constraint. (MEDIUM)


6. checking no_output_delay (17)
--------------------------------
 There are 0 ports with no output delay specified.

 There are 17 ports with no output delay but user has a false path constraint (MEDIUM)

 There are 0 ports with no output delay but with a timing clock defined on it or propagating through it


7. checking multiple_clock (0)
------------------------------
 There are 0 register/latch pins with multiple clocks.


8. checking generated_clocks (0)
--------------------------------
 There are 0 generated clocks that are not connected to a clock source.


9. checking loops (0)
---------------------
 There are 0 combinational loops in the design.


10. checking partial_input_delay (0)
------------------------------------
 There are 0 input ports with partial input delay specified.


11. checking partial_output_delay (0)
-------------------------------------
 There are 0 ports with partial output delay specified.


12. checking latch_loops (0)
----------------------------
 There are 0 combinational latch loops in the design through latch input



------------------------------------------------------------------------------------------------
| Design Timing Summary
| ---------------------
------------------------------------------------------------------------------------------------

    WNS(ns)      TNS(ns)  TNS Failing Endpoints  TNS Total Endpoints      WHS(ns)      THS(ns)  THS Failing Endpoints  THS Total Endpoints     WPWS(ns)     TPWS(ns)  TPWS Failing Endpoints  TPWS Total Endpoints  
    -------      -------  ---------------------  -------------------      -------      -------  ---------------------  -------------------     --------     --------  ----------------------  --------------------  
     -8.646     -344.787                     46                  193        0.148        0.000                      0                  193        4.500        0.000                       0                   177  


Timing constraints are not met.


------------------------------------------------------------------------------------------------
| Clock Summary
| -------------
------------------------------------------------------------------------------------------------

Clock  Waveform(ns)       Period(ns)      Frequency(MHz)
-----  ------------       ----------      --------------
clk    {0.000 5.000}      10.000          100.000         


------------------------------------------------------------------------------------------------
| Intra Clock Table
| -----------------
------------------------------------------------------------------------------------------------

Clock             WNS(ns)      TNS(ns)  TNS Failing Endpoints  TNS Total Endpoints      WHS(ns)      THS(ns)  THS Failing Endpoints  THS Total Endpoints     WPWS(ns)     TPWS(ns)  TPWS Failing Endpoints  TPWS Total Endpoints  
-----             -------      -------  ---------------------  -------------------      -------      -------  ---------------------  -------------------     --------     --------  ----------------------  --------------------  
clk                -8.646     -344.787                     46                  193        0.148        0.000                      0                  193        4.500        0.000                       0                   177  


------------------------------------------------------------------------------------------------
| Inter Clock Table
| -----------------
------------------------------------------------------------------------------------------------

From Clock    To Clock          WNS(ns)      TNS(ns)  TNS Failing Endpoints  TNS Total Endpoints      WHS(ns)      THS(ns)  THS Failing Endpoints  THS Total Endpoints  
----------    --------          -------      -------  ---------------------  -------------------      -------      -------  ---------------------  -------------------  


------------------------------------------------------------------------------------------------
| Other Path Groups Table
| -----------------------
------------------------------------------------------------------------------------------------

Path Group    From Clock    To Clock          WNS(ns)      TNS(ns)  TNS Failing Endpoints  TNS Total Endpoints      WHS(ns)      THS(ns)  THS Failing Endpoints  THS Total Endpoints  
----------    ----------    --------          -------      -------  ---------------------  -------------------      -------      -------  ---------------------  -------------------  


------------------------------------------------------------------------------------------------
| Timing Details
| --------------
------------------------------------------------------------------------------------------------


---------------------------------------------------------------------------------------------------
From Clock:  clk
  To Clock:  clk

Setup :           46  Failing Endpoints,  Worst Slack       -8.646ns,  Total Violation     -344.787ns
Hold  :            0  Failing Endpoints,  Worst Slack        0.148ns,  Total Violation        0.000ns
PW    :            0  Failing Endpoints,  Worst Slack        4.500ns,  Total Violation        0.000ns
---------------------------------------------------------------------------------------------------


Max Delay Paths
--------------------------------------------------------------------------------------
Slack (VIOLATED) :        -8.646ns  (required time - arrival time)
  Source:                 u_i/e12_state_reg[17]/C
                            (rising edge-triggered cell FDCE clocked by clk  {rise@0.000ns fall@5.000ns period=10.000ns})
  Destination:            u_i/e21_state_reg[17]/D
                            (rising edge-triggered cell FDCE clocked by clk  {rise@0.000ns fall@5.000ns period=10.000ns})
  Path Group:             clk
  Path Type:              Setup (Max at Slow Process Corner)
  Requirement:            10.000ns  (clk rise@10.000ns - clk rise@0.000ns)
  Data Path Delay:        18.671ns  (logic 12.610ns (67.537%)  route 6.061ns (32.463%))
  Logic Levels:           22  (CARRY4=14 DSP48E1=4 LUT2=2 LUT3=2)
  Clock Path Skew:        -0.049ns (DCD - SCD + CPR)
    Destination Clock Delay (DCD):    0.924ns = ( 10.924 - 10.000 ) 
    Source Clock Delay      (SCD):    0.973ns
    Clock Pessimism Removal (CPR):    0.000ns
  Clock Uncertainty:      0.035ns  ((TSJ^2 + TIJ^2)^1/2 + DJ) / 2 + PE
    Total System Jitter     (TSJ):    0.071ns
    Total Input Jitter      (TIJ):    0.000ns
    Discrete Jitter          (DJ):    0.000ns
    Phase Error              (PE):    0.000ns

    Location             Delay type                Incr(ns)  Path(ns)    Netlist Resource(s)
  -------------------------------------------------------------------    -------------------
                         (clock clk rise edge)        0.000     0.000 r  
                                                      0.000     0.000 r  clk (IN)
                         net (fo=176, unset)          0.973     0.973    u_i/clk
    SLICE_X34Y72         FDCE                                         r  u_i/e12_state_reg[17]/C
  -------------------------------------------------------------------    -------------------
    SLICE_X34Y72         FDCE (Prop_fdce_C_Q)         0.518     1.491 r  u_i/e12_state_reg[17]/Q
                         net (fo=31, routed)          0.768     2.259    u_i/e12_state[17]
    DSP48_X2Y28          DSP48E1 (Prop_dsp48e1_A[19]_PCOUT[47])
                                                      2.271     4.530 r  u_i/y1_int2/PCOUT[47]
                         net (fo=1, routed)           0.002     4.532    u_i/y1_int2_n_106
    DSP48_X2Y29          DSP48E1 (Prop_dsp48e1_PCIN[47]_P[18])
                                                      1.518     6.050 f  u_i/y1_int2__0/P[18]
                         net (fo=4, routed)           0.955     7.005    u_i/y1_int2__0_n_87
    SLICE_X36Y72         LUT2 (Prop_lut2_I0_O)        0.124     7.129 r  u_i/i__carry_i_6/O
                         net (fo=1, routed)           0.000     7.129    u_i/i__carry_i_6_n_0
    SLICE_X36Y72         CARRY4 (Prop_carry4_S[1]_CO[3])
                                                      0.533     7.662 r  u_i/y1_int1_inferred__0/i__carry/CO[3]
                         net (fo=1, routed)           0.000     7.662    u_i/y1_int1_inferred__0/i__carry_n_0
    SLICE_X36Y73         CARRY4 (Prop_carry4_CI_CO[1])
                                                      0.157     7.819 r  u_i/y1_int1_inferred__0/i__carry__0/CO[1]
                         net (fo=37, routed)          0.866     8.686    u_i/y1_int10_in
    SLICE_X34Y70         LUT3 (Prop_lut3_I0_O)        0.332     9.018 r  u_i/e11_state0_carry_i_1__0/O
                         net (fo=1, routed)           0.190     9.208    u_i/y1_int[0]
    SLICE_X35Y70         CARRY4 (Prop_carry4_CYINIT_CO[3])
                                                      0.580     9.788 r  u_i/e11_state0_carry/CO[3]
                         net (fo=1, routed)           0.000     9.788    u_i/e11_state0_carry_n_0
    SLICE_X35Y71         CARRY4 (Prop_carry4_CI_CO[3])
                                                      0.114     9.902 r  u_i/e11_state0_carry__0/CO[3]
                         net (fo=1, routed)           0.000     9.902    u_i/e11_state0_carry__0_n_0
    SLICE_X35Y72         CARRY4 (Prop_carry4_CI_CO[3])
                                                      0.114    10.016 r  u_i/e11_state0_carry__1/CO[3]
                         net (fo=1, routed)           0.000    10.016    u_i/e11_state0_carry__1_n_0
    SLICE_X35Y73         CARRY4 (Prop_carry4_CI_CO[3])
                                                      0.114    10.130 r  u_i/e11_state0_carry__2/CO[3]
                         net (fo=1, routed)           0.000    10.130    u_i/e11_state0_carry__2_n_0
    SLICE_X35Y74         CARRY4 (Prop_carry4_CI_O[0])
                                                      0.235    10.365 r  u_i/e11_state0_carry__3/O[0]
                         net (fo=32, routed)          0.974    11.338    u_i/C[17]
    DSP48_X2Y30          DSP48E1 (Prop_dsp48e1_C[47]_PCOUT[47])
                                                      2.191    13.529 r  u_i/y2_int2/PCOUT[47]
                         net (fo=1, routed)           0.002    13.531    u_i/y2_int2_n_106
    DSP48_X2Y31          DSP48E1 (Prop_dsp48e1_PCIN[47]_P[17])
                                                      1.518    15.049 r  u_i/y2_int2__0/P[17]
                         net (fo=12, routed)          1.110    16.159    u_i/y2_int2__0_n_88
    SLICE_X34Y75         LUT2 (Prop_lut2_I0_O)        0.124    16.283 r  u_i/y2_int1_carry_i_8__0/O
                         net (fo=1, routed)           0.000    16.283    u_i/y2_int1_carry_i_8__0_n_0
    SLICE_X34Y75         CARRY4 (Prop_carry4_S[0]_CO[3])
                                                      0.513    16.796 r  u_i/y2_int1_carry/CO[3]
                         net (fo=1, routed)           0.000    16.796    u_i/y2_int1_carry_n_0
    SLICE_X34Y76         CARRY4 (Prop_carry4_CI_CO[1])
                                                      0.157    16.953 f  u_i/y2_int1_carry__0/CO[1]
                         net (fo=36, routed)          0.662    17.615    u_i/y2_int1
    SLICE_X37Y76         LUT3 (Prop_lut3_I1_O)        0.332    17.947 r  u_i/e21_state0_carry_i_1__0/O
                         net (fo=1, routed)           0.532    18.479    u_i/y2_int__0[0]
    SLICE_X36Y75         CARRY4 (Prop_carry4_CYINIT_CO[3])
                                                      0.595    19.074 r  u_i/e21_state0_carry/CO[3]
                         net (fo=1, routed)           0.000    19.074    u_i/e21_state0_carry_n_0
    SLICE_X36Y76         CARRY4 (Prop_carry4_CI_CO[3])
                                                      0.117    19.191 r  u_i/e21_state0_carry__0/CO[3]
                         net (fo=1, routed)           0.000    19.191    u_i/e21_state0_carry__0_n_0
    SLICE_X36Y77         CARRY4 (Prop_carry4_CI_CO[3])
                                                      0.117    19.308 r  u_i/e21_state0_carry__1/CO[3]
                         net (fo=1, routed)           0.000    19.308    u_i/e21_state0_carry__1_n_0
    SLICE_X36Y78         CARRY4 (Prop_carry4_CI_CO[3])
                                                      0.117    19.425 r  u_i/e21_state0_carry__2/CO[3]
                         net (fo=1, routed)           0.000    19.425    u_i/e21_state0_carry__2_n_0
    SLICE_X36Y79         CARRY4 (Prop_carry4_CI_O[0])
                                                      0.219    19.644 r  u_i/e21_state0_carry__3/O[0]
                         net (fo=1, routed)           0.000    19.644    u_i/e21_state0[17]
    SLICE_X36Y79         FDCE                                         r  u_i/e21_state_reg[17]/D
  -------------------------------------------------------------------    -------------------

                         (clock clk rise edge)       10.000    10.000 r  
                                                      0.000    10.000 r  clk (IN)
                         net (fo=176, unset)          0.924    10.924    u_i/clk
    SLICE_X36Y79         FDCE                                         r  u_i/e21_state_reg[17]/C
                         clock pessimism              0.000    10.924    
                         clock uncertainty           -0.035    10.889    
    SLICE_X36Y79         FDCE (Setup_fdce_C_D)        0.109    10.998    u_i/e21_state_reg[17]
  -------------------------------------------------------------------
                         required time                         10.998    
                         arrival time                         -19.644    
  -------------------------------------------------------------------
                         slack                                 -8.646    





Min Delay Paths
--------------------------------------------------------------------------------------
Slack (MET) :             0.148ns  (arrival time - required time)
  Source:                 u_i/y_mash_signed_reg[0]/C
                            (rising edge-triggered cell FDPE clocked by clk  {rise@0.000ns fall@5.000ns period=10.000ns})
  Destination:            u_duc/rf_signed_reg[0]/D
                            (rising edge-triggered cell FDCE clocked by clk  {rise@0.000ns fall@5.000ns period=10.000ns})
  Path Group:             clk
  Path Type:              Hold (Min at Fast Process Corner)
  Requirement:            0.000ns  (clk rise@0.000ns - clk rise@0.000ns)
  Data Path Delay:        0.290ns  (logic 0.186ns (64.037%)  route 0.104ns (35.963%))
  Logic Levels:           1  (LUT3=1)
  Clock Path Skew:        0.022ns (DCD - SCD - CPR)
    Destination Clock Delay (DCD):    0.432ns
    Source Clock Delay      (SCD):    0.410ns
    Clock Pessimism Removal (CPR):    -0.000ns

    Location             Delay type                Incr(ns)  Path(ns)    Netlist Resource(s)
  -------------------------------------------------------------------    -------------------
                         (clock clk rise edge)        0.000     0.000 r  
                                                      0.000     0.000 r  clk (IN)
                         net (fo=176, unset)          0.410     0.410    u_i/clk
    SLICE_X37Y68         FDPE                                         r  u_i/y_mash_signed_reg[0]/C
  -------------------------------------------------------------------    -------------------
    SLICE_X37Y68         FDPE (Prop_fdpe_C_Q)         0.141     0.551 r  u_i/y_mash_signed_reg[0]/Q
                         net (fo=2, routed)           0.104     0.656    u_duc/y_mash_signed[0]
    SLICE_X38Y67         LUT3 (Prop_lut3_I0_O)        0.045     0.701 r  u_duc/rf_signed[0]_i_1/O
                         net (fo=1, routed)           0.000     0.701    u_duc/rf_signed_c[0]
    SLICE_X38Y67         FDCE                                         r  u_duc/rf_signed_reg[0]/D
  -------------------------------------------------------------------    -------------------

                         (clock clk rise edge)        0.000     0.000 r  
                                                      0.000     0.000 r  clk (IN)
                         net (fo=176, unset)          0.432     0.432    u_duc/clk
    SLICE_X38Y67         FDCE                                         r  u_duc/rf_signed_reg[0]/C
                         clock pessimism              0.000     0.432    
    SLICE_X38Y67         FDCE (Hold_fdce_C_D)         0.121     0.553    u_duc/rf_signed_reg[0]
  -------------------------------------------------------------------
                         required time                         -0.553    
                         arrival time                           0.701    
  -------------------------------------------------------------------
                         slack                                  0.148    





Pulse Width Checks
--------------------------------------------------------------------------------------
Clock Name:         clk
Waveform(ns):       { 0.000 5.000 }
Period(ns):         10.000
Sources:            { clk }

Check Type        Corner  Lib Pin  Reference Pin  Required(ns)  Actual(ns)  Slack(ns)  Location      Pin
Min Period        n/a     FDCE/C   n/a            1.000         10.000      9.000      SLICE_X40Y68  u_duc/in_valid_d1_reg/C
Low Pulse Width   Slow    FDCE/C   n/a            0.500         5.000       4.500      SLICE_X40Y68  u_duc/in_valid_d1_reg/C
High Pulse Width  Slow    FDCE/C   n/a            0.500         5.000       4.500      SLICE_X40Y68  u_duc/in_valid_d1_reg/C



