Copyright 1986-2022 Xilinx, Inc. All Rights Reserved. Copyright 2022-2024 Advanced Micro Devices, Inc. All Rights Reserved.
---------------------------------------------------------------------------------------------------------------------------------------------------------------------------------------
| Tool Version      : Vivado v.2024.1 (win64) Build 5076996 Wed May 22 18:37:14 MDT 2024
| Date              : Wed Sep 16 10:30:18 2026
| Host              : LAPTOP-KNBVGAN8 running 64-bit major release  (build 9200)
| Command           : report_timing_summary -file E:/workspace/chip/dsm_ip/syn/out/tid32_thermo3_fs4_multipa_tx_ooc_xczu15eg_ffvb1156_2_i_218p75mhz_20260916_102338/timing_summary.rpt
| Design            : tid32_thermo3_fs4_multipa_tx_ooc
| Device            : xczu15eg-ffvb1156
| Speed File        : -2  PRODUCTION 1.30 05-15-2022
| Design State      : Routed
| Temperature Grade : I
---------------------------------------------------------------------------------------------------------------------------------------------------------------------------------------

Timing Summary Report

------------------------------------------------------------------------------------------------
| Timer Settings
| --------------
------------------------------------------------------------------------------------------------

  Enable Multi Corner Analysis               :  Yes
  Enable Pessimism Removal                   :  Yes
  Pessimism Removal Resolution               :  Nearest Common Node
  Enable Input Delay Default Clock           :  No
  Enable Preset / Clear Arcs                 :  No
  Disable Flight Delays                      :  No
  Ignore I/O Paths                           :  No
  Timing Early Launch at Borrowing Latches   :  No
  Borrow Time for Max Delay Exceptions       :  Yes
  Merge Timing Exceptions                    :  Yes
  Inter-SLR Compensation                     :  Conservative

  Corner  Analyze    Analyze    
  Name    Max Paths  Min Paths  
  ------  ---------  ---------  
  Slow    Yes        Yes        
  Fast    Yes        Yes        


------------------------------------------------------------------------------------------------
| Report Methodology
| ------------------
------------------------------------------------------------------------------------------------

No report available as report_methodology has not been run prior. Run report_methodology on the current design for the summary of methodology violations.



check_timing report

Table of Contents
-----------------
1. checking no_clock (0)
2. checking constant_clock (0)
3. checking pulse_width_clock (0)
4. checking unconstrained_internal_endpoints (0)
5. checking no_input_delay (1026)
6. checking no_output_delay (130)
7. checking multiple_clock (0)
8. checking generated_clocks (0)
9. checking loops (0)
10. checking partial_input_delay (0)
11. checking partial_output_delay (0)
12. checking latch_loops (0)

1. checking no_clock (0)
------------------------
 There are 0 register/latch pins with no clock.


2. checking constant_clock (0)
------------------------------
 There are 0 register/latch pins with constant_clock.


3. checking pulse_width_clock (0)
---------------------------------
 There are 0 register/latch pins which need pulse_width check


4. checking unconstrained_internal_endpoints (0)
------------------------------------------------
 There are 0 pins that are not constrained for maximum delay.

 There are 0 pins that are not constrained for maximum delay due to constant clock.


5. checking no_input_delay (1026)
---------------------------------
 There are 1025 input ports with no input delay specified. (HIGH)

 There is 1 input port with no input delay but user has a false path constraint. (MEDIUM)


6. checking no_output_delay (130)
---------------------------------
 There are 130 ports with no output delay specified. (HIGH)

 There are 0 ports with no output delay but user has a false path constraint

 There are 0 ports with no output delay but with a timing clock defined on it or propagating through it


7. checking multiple_clock (0)
------------------------------
 There are 0 register/latch pins with multiple clocks.


8. checking generated_clocks (0)
--------------------------------
 There are 0 generated clocks that are not connected to a clock source.


9. checking loops (0)
---------------------
 There are 0 combinational loops in the design.


10. checking partial_input_delay (0)
------------------------------------
 There are 0 input ports with partial input delay specified.


11. checking partial_output_delay (0)
-------------------------------------
 There are 0 ports with partial output delay specified.


12. checking latch_loops (0)
----------------------------
 There are 0 combinational latch loops in the design through latch input



------------------------------------------------------------------------------------------------
| Design Timing Summary
| ---------------------
------------------------------------------------------------------------------------------------

    WNS(ns)      TNS(ns)  TNS Failing Endpoints  TNS Total Endpoints      WHS(ns)      THS(ns)  THS Failing Endpoints  THS Total Endpoints     WPWS(ns)     TPWS(ns)  TPWS Failing Endpoints  TPWS Total Endpoints  
    -------      -------  ---------------------  -------------------      -------      -------  ---------------------  -------------------     --------     --------  ----------------------  --------------------  
      2.953        0.000                      0                12500        0.033        0.000                      0                12500        1.753        0.000                       0                 14424  


All user specified timing constraints are met.


------------------------------------------------------------------------------------------------
| Clock Summary
| -------------
------------------------------------------------------------------------------------------------

Clock  Waveform(ns)         Period(ns)      Frequency(MHz)
-----  ------------         ----------      --------------
clk    {0.000 2.286}        4.571           218.771         


------------------------------------------------------------------------------------------------
| Intra Clock Table
| -----------------
------------------------------------------------------------------------------------------------

Clock             WNS(ns)      TNS(ns)  TNS Failing Endpoints  TNS Total Endpoints      WHS(ns)      THS(ns)  THS Failing Endpoints  THS Total Endpoints     WPWS(ns)     TPWS(ns)  TPWS Failing Endpoints  TPWS Total Endpoints  
-----             -------      -------  ---------------------  -------------------      -------      -------  ---------------------  -------------------     --------     --------  ----------------------  --------------------  
clk                 2.953        0.000                      0                12500        0.033        0.000                      0                12500        1.753        0.000                       0                 14424  


------------------------------------------------------------------------------------------------
| Inter Clock Table
| -----------------
------------------------------------------------------------------------------------------------

From Clock    To Clock          WNS(ns)      TNS(ns)  TNS Failing Endpoints  TNS Total Endpoints      WHS(ns)      THS(ns)  THS Failing Endpoints  THS Total Endpoints  
----------    --------          -------      -------  ---------------------  -------------------      -------      -------  ---------------------  -------------------  


------------------------------------------------------------------------------------------------
| Other Path Groups Table
| -----------------------
------------------------------------------------------------------------------------------------

Path Group    From Clock    To Clock          WNS(ns)      TNS(ns)  TNS Failing Endpoints  TNS Total Endpoints      WHS(ns)      THS(ns)  THS Failing Endpoints  THS Total Endpoints  
----------    ----------    --------          -------      -------  ---------------------  -------------------      -------      -------  ---------------------  -------------------  


------------------------------------------------------------------------------------------------
| Timing Details
| --------------
------------------------------------------------------------------------------------------------


---------------------------------------------------------------------------------------------------
From Clock:  clk
  To Clock:  clk

Setup :            0  Failing Endpoints,  Worst Slack        2.953ns,  Total Violation        0.000ns
Hold  :            0  Failing Endpoints,  Worst Slack        0.033ns,  Total Violation        0.000ns
PW    :            0  Failing Endpoints,  Worst Slack        1.753ns,  Total Violation        0.000ns
---------------------------------------------------------------------------------------------------


Max Delay Paths
--------------------------------------------------------------------------------------
Slack (MET) :             2.953ns  (required time - arrival time)
  Source:                 u_dut/u_m/v_q_reg[31][4]/C
                            (rising edge-triggered cell FDCE clocked by clk  {rise@0.000ns fall@2.286ns period=4.571ns})
  Destination:            u_dut/u_m/v_q_reg[12][16]/D
                            (rising edge-triggered cell FDCE clocked by clk  {rise@0.000ns fall@2.286ns period=4.571ns})
  Path Group:             clk
  Path Type:              Setup (Max at Slow Process Corner)
  Requirement:            4.571ns  (clk rise@4.571ns - clk rise@0.000ns)
  Data Path Delay:        1.600ns  (logic 0.430ns (26.880%)  route 1.170ns (73.120%))
  Logic Levels:           4  (CARRY8=3 LUT2=1)
  Clock Path Skew:        -0.008ns (DCD - SCD + CPR)
    Destination Clock Delay (DCD):    0.021ns = ( 4.592 - 4.571 ) 
    Source Clock Delay      (SCD):    0.029ns
    Clock Pessimism Removal (CPR):    0.000ns
  Clock Uncertainty:      0.035ns  ((TSJ^2 + TIJ^2)^1/2 + DJ) / 2 + PE
    Total System Jitter     (TSJ):    0.071ns
    Total Input Jitter      (TIJ):    0.000ns
    Discrete Jitter          (DJ):    0.000ns
    Phase Error              (PE):    0.000ns

    Location             Delay type                Incr(ns)  Path(ns)    Netlist Resource(s)
  -------------------------------------------------------------------    -------------------
                         (clock clk rise edge)        0.000     0.000 r  
                                                      0.000     0.000 r  clk (IN)
                         net (fo=14423, unset)        0.029     0.029    u_dut/u_m/clk
    SLICE_X89Y40         FDCE                                         r  u_dut/u_m/v_q_reg[31][4]/C
  -------------------------------------------------------------------    -------------------
    SLICE_X89Y40         FDCE (Prop_EFF_SLICEL_C_Q)
                                                      0.079     0.108 r  u_dut/u_m/v_q_reg[31][4]/Q
                         net (fo=32, routed)          1.079     1.187    u_dut/u_m/v_q_reg_n_0_[31][4]
    SLICE_X68Y27         LUT2 (Prop_E6LUT_SLICEM_I1_O)
                                                      0.124     1.311 r  u_dut/u_m/v_q[12][16]_i_15/O
                         net (fo=1, routed)           0.014     1.325    u_dut/u_m/v_q[12][16]_i_15_n_0
    SLICE_X68Y27         CARRY8 (Prop_CARRY8_SLICEM_S[4]_CO[7])
                                                      0.156     1.481 r  u_dut/u_m/v_q_reg[12][16]_i_3/CO[7]
                         net (fo=1, routed)           0.026     1.507    u_dut/u_m/v_q_reg[12][16]_i_3_n_0
    SLICE_X68Y28         CARRY8 (Prop_CARRY8_SLICEM_CI_CO[7])
                                                      0.015     1.522 r  u_dut/u_m/v_q_reg[12][16]_i_2/CO[7]
                         net (fo=1, routed)           0.026     1.548    u_dut/u_m/v_q_reg[12][16]_i_2_n_0
    SLICE_X68Y29         CARRY8 (Prop_CARRY8_SLICEM_CI_O[0])
                                                      0.056     1.604 r  u_dut/u_m/v_q_reg[12][16]_i_1/O[0]
                         net (fo=1, routed)           0.025     1.629    u_dut/u_m/v_q_reg[12][16]_i_1_n_15
    SLICE_X68Y29         FDCE                                         r  u_dut/u_m/v_q_reg[12][16]/D
  -------------------------------------------------------------------    -------------------

                         (clock clk rise edge)        4.571     4.571 r  
                                                      0.000     4.571 r  clk (IN)
                         net (fo=14423, unset)        0.021     4.592    u_dut/u_m/clk
    SLICE_X68Y29         FDCE                                         r  u_dut/u_m/v_q_reg[12][16]/C
                         clock pessimism              0.000     4.592    
                         clock uncertainty           -0.035     4.557    
    SLICE_X68Y29         FDCE (Setup_AFF_SLICEM_C_D)
                                                      0.025     4.582    u_dut/u_m/v_q_reg[12][16]
  -------------------------------------------------------------------
                         required time                          4.582    
                         arrival time                          -1.629    
  -------------------------------------------------------------------
                         slack                                  2.953    





Min Delay Paths
--------------------------------------------------------------------------------------
Slack (MET) :             0.033ns  (arrival time - required time)
  Source:                 u_dut/u_m/a_q_reg[10][10][16]/C
                            (rising edge-triggered cell FDCE clocked by clk  {rise@0.000ns fall@2.286ns period=4.571ns})
  Destination:            u_dut/u_m/a_q_reg[10][29][16]_srl19_a_i_reg_c_47/D
                            (rising edge-triggered cell SRLC32E clocked by clk  {rise@0.000ns fall@2.286ns period=4.571ns})
  Path Group:             clk
  Path Type:              Hold (Min at Fast Process Corner)
  Requirement:            0.000ns  (clk rise@0.000ns - clk rise@0.000ns)
  Data Path Delay:        0.122ns  (logic 0.039ns (32.050%)  route 0.083ns (67.950%))
  Logic Levels:           0  
  Clock Path Skew:        0.027ns (DCD - SCD - CPR)
    Destination Clock Delay (DCD):    0.039ns
    Source Clock Delay      (SCD):    0.012ns
    Clock Pessimism Removal (CPR):    -0.000ns

    Location             Delay type                Incr(ns)  Path(ns)    Netlist Resource(s)
  -------------------------------------------------------------------    -------------------
                         (clock clk rise edge)        0.000     0.000 r  
                                                      0.000     0.000 r  clk (IN)
                         net (fo=14423, unset)        0.012     0.012    u_dut/u_m/clk
    SLICE_X75Y28         FDCE                                         r  u_dut/u_m/a_q_reg[10][10][16]/C
  -------------------------------------------------------------------    -------------------
    SLICE_X75Y28         FDCE (Prop_AFF_SLICEL_C_Q)
                                                      0.039     0.051 r  u_dut/u_m/a_q_reg[10][10][16]/Q
                         net (fo=2, routed)           0.083     0.134    u_dut/u_m/a_q_reg[10][10][16]
    SLICE_X76Y27         SRLC32E                                      r  u_dut/u_m/a_q_reg[10][29][16]_srl19_a_i_reg_c_47/D
  -------------------------------------------------------------------    -------------------

                         (clock clk rise edge)        0.000     0.000 r  
                                                      0.000     0.000 r  clk (IN)
                         net (fo=14423, unset)        0.039     0.039    u_dut/u_m/clk
    SLICE_X76Y27         SRLC32E                                      r  u_dut/u_m/a_q_reg[10][29][16]_srl19_a_i_reg_c_47/CLK
                         clock pessimism              0.000     0.039    
    SLICE_X76Y27         SRLC32E (Hold_H6LUT_SLICEM_CLK_D)
                                                      0.062     0.101    u_dut/u_m/a_q_reg[10][29][16]_srl19_a_i_reg_c_47
  -------------------------------------------------------------------
                         required time                         -0.101    
                         arrival time                           0.134    
  -------------------------------------------------------------------
                         slack                                  0.033    





Pulse Width Checks
--------------------------------------------------------------------------------------
Clock Name:         clk
Waveform(ns):       { 0.000 2.286 }
Period(ns):         4.571
Sources:            { clk }

Check Type        Corner  Lib Pin      Reference Pin  Required(ns)  Actual(ns)  Slack(ns)  Location      Pin
Min Period        n/a     SRLC32E/CLK  n/a            1.064         4.571       3.507      SLICE_X90Y49  u_dut/u_m/a_i_reg[0][29][0]_srl29_a_i_reg_c_57/CLK
Low Pulse Width   Slow    SRLC32E/CLK  n/a            0.532         2.285       1.753      SLICE_X90Y49  u_dut/u_m/a_i_reg[0][29][0]_srl29_a_i_reg_c_57/CLK
High Pulse Width  Slow    SRLC32E/CLK  n/a            0.532         2.286       1.754      SLICE_X90Y49  u_dut/u_m/a_i_reg[0][29][0]_srl29_a_i_reg_c_57/CLK



