Copyright 1986-2022 Xilinx, Inc. All Rights Reserved. Copyright 2022-2024 Advanced Micro Devices, Inc. All Rights Reserved.
--------------------------------------------------------------------------------------------------------------------------------------------------
| Tool Version      : Vivado v.2024.1 (win64) Build 5076996 Wed May 22 18:37:14 MDT 2024
| Date              : Tue Sep 15 21:49:15 2026
| Host              : LAPTOP-KNBVGAN8 running 64-bit major release  (build 9200)
| Command           : report_timing_summary -file E:/workspace/chip/dsm_ip/syn/out/crfb_temporal8_20260915_214224/timing_summary.rpt
| Design            : crfb_smash2_temporal8_ooc
| Device            : xczu15eg-ffvb1156
| Speed File        : -2  PRODUCTION 1.30 05-15-2022
| Design State      : Routed
| Temperature Grade : I
--------------------------------------------------------------------------------------------------------------------------------------------------

Timing Summary Report

------------------------------------------------------------------------------------------------
| Timer Settings
| --------------
------------------------------------------------------------------------------------------------

  Enable Multi Corner Analysis               :  Yes
  Enable Pessimism Removal                   :  Yes
  Pessimism Removal Resolution               :  Nearest Common Node
  Enable Input Delay Default Clock           :  No
  Enable Preset / Clear Arcs                 :  No
  Disable Flight Delays                      :  No
  Ignore I/O Paths                           :  No
  Timing Early Launch at Borrowing Latches   :  No
  Borrow Time for Max Delay Exceptions       :  Yes
  Merge Timing Exceptions                    :  Yes
  Inter-SLR Compensation                     :  Conservative

  Corner  Analyze    Analyze    
  Name    Max Paths  Min Paths  
  ------  ---------  ---------  
  Slow    Yes        Yes        
  Fast    Yes        Yes        


------------------------------------------------------------------------------------------------
| Report Methodology
| ------------------
------------------------------------------------------------------------------------------------

No report available as report_methodology has not been run prior. Run report_methodology on the current design for the summary of methodology violations.



check_timing report

Table of Contents
-----------------
1. checking no_clock (0)
2. checking constant_clock (0)
3. checking pulse_width_clock (0)
4. checking unconstrained_internal_endpoints (0)
5. checking no_input_delay (130)
6. checking no_output_delay (16)
7. checking multiple_clock (0)
8. checking generated_clocks (0)
9. checking loops (0)
10. checking partial_input_delay (0)
11. checking partial_output_delay (0)
12. checking latch_loops (0)

1. checking no_clock (0)
------------------------
 There are 0 register/latch pins with no clock.


2. checking constant_clock (0)
------------------------------
 There are 0 register/latch pins with constant_clock.


3. checking pulse_width_clock (0)
---------------------------------
 There are 0 register/latch pins which need pulse_width check


4. checking unconstrained_internal_endpoints (0)
------------------------------------------------
 There are 0 pins that are not constrained for maximum delay.

 There are 0 pins that are not constrained for maximum delay due to constant clock.


5. checking no_input_delay (130)
--------------------------------
 There are 130 input ports with no input delay specified. (HIGH)

 There are 0 input ports with no input delay but user has a false path constraint.


6. checking no_output_delay (16)
--------------------------------
 There are 16 ports with no output delay specified. (HIGH)

 There are 0 ports with no output delay but user has a false path constraint

 There are 0 ports with no output delay but with a timing clock defined on it or propagating through it


7. checking multiple_clock (0)
------------------------------
 There are 0 register/latch pins with multiple clocks.


8. checking generated_clocks (0)
--------------------------------
 There are 0 generated clocks that are not connected to a clock source.


9. checking loops (0)
---------------------
 There are 0 combinational loops in the design.


10. checking partial_input_delay (0)
------------------------------------
 There are 0 input ports with partial input delay specified.


11. checking partial_output_delay (0)
-------------------------------------
 There are 0 ports with partial output delay specified.


12. checking latch_loops (0)
----------------------------
 There are 0 combinational latch loops in the design through latch input



------------------------------------------------------------------------------------------------
| Design Timing Summary
| ---------------------
------------------------------------------------------------------------------------------------

    WNS(ns)      TNS(ns)  TNS Failing Endpoints  TNS Total Endpoints      WHS(ns)      THS(ns)  THS Failing Endpoints  THS Total Endpoints     WPWS(ns)     TPWS(ns)  TPWS Failing Endpoints  TPWS Total Endpoints  
    -------      -------  ---------------------  -------------------      -------      -------  ---------------------  -------------------     --------     --------  ----------------------  --------------------  
    -12.088    -1295.530                    128                  130        0.453        0.000                      0                  130        2.010        0.000                       0                   131  


Timing constraints are not met.


------------------------------------------------------------------------------------------------
| Clock Summary
| -------------
------------------------------------------------------------------------------------------------

Clock  Waveform(ns)         Period(ns)      Frequency(MHz)
-----  ------------         ----------      --------------
clk    {0.000 2.286}        4.571           218.771         


------------------------------------------------------------------------------------------------
| Intra Clock Table
| -----------------
------------------------------------------------------------------------------------------------

Clock             WNS(ns)      TNS(ns)  TNS Failing Endpoints  TNS Total Endpoints      WHS(ns)      THS(ns)  THS Failing Endpoints  THS Total Endpoints     WPWS(ns)     TPWS(ns)  TPWS Failing Endpoints  TPWS Total Endpoints  
-----             -------      -------  ---------------------  -------------------      -------      -------  ---------------------  -------------------     --------     --------  ----------------------  --------------------  
clk               -12.088    -1295.530                    128                  130        0.453        0.000                      0                  130        2.010        0.000                       0                   131  


------------------------------------------------------------------------------------------------
| Inter Clock Table
| -----------------
------------------------------------------------------------------------------------------------

From Clock    To Clock          WNS(ns)      TNS(ns)  TNS Failing Endpoints  TNS Total Endpoints      WHS(ns)      THS(ns)  THS Failing Endpoints  THS Total Endpoints  
----------    --------          -------      -------  ---------------------  -------------------      -------      -------  ---------------------  -------------------  


------------------------------------------------------------------------------------------------
| Other Path Groups Table
| -----------------------
------------------------------------------------------------------------------------------------

Path Group    From Clock    To Clock          WNS(ns)      TNS(ns)  TNS Failing Endpoints  TNS Total Endpoints      WHS(ns)      THS(ns)  THS Failing Endpoints  THS Total Endpoints  
----------    ----------    --------          -------      -------  ---------------------  -------------------      -------      -------  ---------------------  -------------------  


------------------------------------------------------------------------------------------------
| Timing Details
| --------------
------------------------------------------------------------------------------------------------


---------------------------------------------------------------------------------------------------
From Clock:  clk
  To Clock:  clk

Setup :          128  Failing Endpoints,  Worst Slack      -12.088ns,  Total Violation    -1295.530ns
Hold  :            0  Failing Endpoints,  Worst Slack        0.453ns,  Total Violation        0.000ns
PW    :            0  Failing Endpoints,  Worst Slack        2.010ns,  Total Violation        0.000ns
---------------------------------------------------------------------------------------------------


Max Delay Paths
--------------------------------------------------------------------------------------
Slack (VIOLATED) :        -12.088ns  (required time - arrival time)
  Source:                 u_dut/v2d1_r_reg[0]/C
                            (rising edge-triggered cell FDCE clocked by clk  {rise@0.000ns fall@2.286ns period=4.571ns})
  Destination:            u_dut/e2d2_r_reg[24]/D
                            (rising edge-triggered cell FDCE clocked by clk  {rise@0.000ns fall@2.286ns period=4.571ns})
  Path Group:             clk
  Path Type:              Setup (Max at Slow Process Corner)
  Requirement:            4.571ns  (clk rise@4.571ns - clk rise@0.000ns)
  Data Path Delay:        16.640ns  (logic 8.116ns (48.773%)  route 8.524ns (51.227%))
  Logic Levels:           83  (CARRY8=56 LUT1=4 LUT2=12 LUT3=5 LUT4=2 LUT5=3 LUT6=1)
  Clock Path Skew:        -0.008ns (DCD - SCD + CPR)
    Destination Clock Delay (DCD):    0.021ns = ( 4.592 - 4.571 ) 
    Source Clock Delay      (SCD):    0.029ns
    Clock Pessimism Removal (CPR):    0.000ns
  Clock Uncertainty:      0.035ns  ((TSJ^2 + TIJ^2)^1/2 + DJ) / 2 + PE
    Total System Jitter     (TSJ):    0.071ns
    Total Input Jitter      (TIJ):    0.000ns
    Discrete Jitter          (DJ):    0.000ns
    Phase Error              (PE):    0.000ns

    Location             Delay type                Incr(ns)  Path(ns)    Netlist Resource(s)
  -------------------------------------------------------------------    -------------------
                         (clock clk rise edge)        0.000     0.000 r  
                                                      0.000     0.000 r  clk (IN)
                         net (fo=130, unset)          0.029     0.029    u_dut/clk
    SLICE_X44Y41         FDCE                                         r  u_dut/v2d1_r_reg[0]/C
  -------------------------------------------------------------------    -------------------
    SLICE_X44Y41         FDCE (Prop_HFF_SLICEL_C_Q)
                                                      0.079     0.108 f  u_dut/v2d1_r_reg[0]/Q
                         net (fo=5, routed)           0.051     0.159    u_dut/v2d1_r_reg_n_0_[0]
    SLICE_X44Y41         LUT1 (Prop_H6LUT_SLICEL_I0_O)
                                                      0.036     0.195 r  u_dut/y1_word[1]_i_147/O
                         net (fo=2, routed)           0.305     0.500    u_dut/y1_word[1]_i_147_n_0
    SLICE_X44Y33         CARRY8 (Prop_CARRY8_SLICEL_CI_CO[7])
                                                      0.151     0.651 r  u_dut/y1_word_reg[0]_i_120/CO[7]
                         net (fo=1, routed)           0.026     0.677    u_dut/y1_word_reg[0]_i_120_n_0
    SLICE_X44Y34         CARRY8 (Prop_CARRY8_SLICEL_CI_CO[7])
                                                      0.015     0.692 r  u_dut/y1_word_reg[0]_i_69/CO[7]
                         net (fo=1, routed)           0.026     0.718    u_dut/y1_word_reg[0]_i_69_n_0
    SLICE_X44Y35         CARRY8 (Prop_CARRY8_SLICEL_CI_CO[7])
                                                      0.015     0.733 r  u_dut/y1_word_reg[0]_i_46/CO[7]
                         net (fo=1, routed)           0.026     0.759    u_dut/y1_word_reg[0]_i_46_n_0
    SLICE_X44Y36         CARRY8 (Prop_CARRY8_SLICEL_CI_O[2])
                                                      0.067     0.826 f  u_dut/y1_word_reg[0]_i_42/O[2]
                         net (fo=5, routed)           0.172     0.998    u_dut/y1_word_reg[0]_i_42_n_13
    SLICE_X44Y37         LUT2 (Prop_A6LUT_SLICEL_I1_O)
                                                      0.035     1.033 r  u_dut/y1_word[0]_i_87/O
                         net (fo=1, routed)           0.009     1.042    u_dut/y1_word[0]_i_87_n_0
    SLICE_X44Y37         CARRY8 (Prop_CARRY8_SLICEL_S[0]_CO[2])
                                                      0.113     1.155 r  u_dut/y1_word_reg[0]_i_44/CO[2]
                         net (fo=70, routed)          0.257     1.412    u_dut/sat_acc1
    SLICE_X44Y38         LUT4 (Prop_A5LUT_SLICEL_I1_O)
                                                      0.138     1.550 r  u_dut/y1_word[0]_i_110/O
                         net (fo=2, routed)           0.208     1.758    u_dut/y1_word[0]_i_110_n_0
    SLICE_X44Y38         LUT6 (Prop_B6LUT_SLICEL_I0_O)
                                                      0.051     1.809 r  u_dut/y1_word[0]_i_117/O
                         net (fo=1, routed)           0.009     1.818    u_dut/y1_word[0]_i_117_n_0
    SLICE_X44Y38         CARRY8 (Prop_CARRY8_SLICEL_S[1]_CO[7])
                                                      0.186     2.004 r  u_dut/y1_word_reg[0]_i_51/CO[7]
                         net (fo=1, routed)           0.026     2.030    u_dut/y1_word_reg[0]_i_51_n_0
    SLICE_X44Y39         CARRY8 (Prop_CARRY8_SLICEL_CI_CO[7])
                                                      0.015     2.045 r  u_dut/y1_word_reg[0]_i_24/CO[7]
                         net (fo=1, routed)           0.026     2.071    u_dut/y1_word_reg[0]_i_24_n_0
    SLICE_X44Y40         CARRY8 (Prop_CARRY8_SLICEL_CI_CO[7])
                                                      0.015     2.086 r  u_dut/y1_word_reg[0]_i_13/CO[7]
                         net (fo=1, routed)           0.026     2.112    u_dut/y1_word_reg[0]_i_13_n_0
    SLICE_X44Y41         CARRY8 (Prop_CARRY8_SLICEL_CI_O[2])
                                                      0.067     2.179 f  u_dut/y1_word_reg[0]_i_4/O[2]
                         net (fo=4, routed)           0.272     2.452    u_dut/y1_word_reg[0]_i_4_n_13
    SLICE_X43Y39         LUT2 (Prop_A6LUT_SLICEL_I1_O)
                                                      0.090     2.542 r  u_dut/y1_word[0]_i_12/O
                         net (fo=1, routed)           0.009     2.551    u_dut/y1_word[0]_i_12_n_0
    SLICE_X43Y39         CARRY8 (Prop_CARRY8_SLICEL_S[0]_CO[2])
                                                      0.113     2.664 f  u_dut/y1_word_reg[0]_i_3/CO[2]
                         net (fo=42, routed)          0.273     2.937    u_dut/y1_word_reg[0]_i_3_n_5
    SLICE_X43Y33         LUT4 (Prop_B6LUT_SLICEL_I2_O)
                                                      0.051     2.988 r  u_dut/y2_word[0]_i_112/O
                         net (fo=1, routed)           0.009     2.997    u_dut/y2_word[0]_i_112_n_0
    SLICE_X43Y33         CARRY8 (Prop_CARRY8_SLICEL_S[1]_CO[7])
                                                      0.186     3.183 r  u_dut/y2_word_reg[0]_i_78/CO[7]
                         net (fo=1, routed)           0.026     3.209    u_dut/y2_word_reg[0]_i_78_n_0
    SLICE_X43Y34         CARRY8 (Prop_CARRY8_SLICEL_CI_CO[7])
                                                      0.015     3.224 r  u_dut/y2_word_reg[0]_i_39/CO[7]
                         net (fo=1, routed)           0.026     3.250    u_dut/y2_word_reg[0]_i_39_n_0
    SLICE_X43Y35         CARRY8 (Prop_CARRY8_SLICEL_CI_O[5])
                                                      0.116     3.366 r  u_dut/y2_word_reg[0]_i_19/O[5]
                         net (fo=3, routed)           0.232     3.598    u_dut/y2_word_reg[0]_i_19_n_10
    SLICE_X42Y31         LUT3 (Prop_F6LUT_SLICEM_I0_O)
                                                      0.088     3.686 r  u_dut/y2_word[0]_i_22/O
                         net (fo=1, routed)           0.022     3.708    u_dut/y2_word[0]_i_22_n_0
    SLICE_X42Y31         CARRY8 (Prop_CARRY8_SLICEM_S[5]_CO[7])
                                                      0.159     3.867 r  u_dut/y2_word_reg[0]_i_11/CO[7]
                         net (fo=1, routed)           0.026     3.893    u_dut/y2_word_reg[0]_i_11_n_0
    SLICE_X42Y32         CARRY8 (Prop_CARRY8_SLICEM_CI_O[3])
                                                      0.082     3.975 r  u_dut/y2_word_reg[0]_i_4/O[3]
                         net (fo=39, routed)          0.284     4.259    u_dut/y2_word_reg[0]_i_4_n_12
    SLICE_X43Y29         LUT2 (Prop_A6LUT_SLICEL_I0_O)
                                                      0.090     4.349 r  u_dut/y2_word[0]_i_10/O
                         net (fo=1, routed)           0.009     4.358    u_dut/y2_word[0]_i_10_n_0
    SLICE_X43Y29         CARRY8 (Prop_CARRY8_SLICEL_S[0]_CO[2])
                                                      0.113     4.471 r  u_dut/y2_word_reg[0]_i_3/CO[2]
                         net (fo=64, routed)          0.428     4.899    u_dut/y2_word_reg[0]_i_3_n_5
    SLICE_X42Y19         LUT3 (Prop_A6LUT_SLICEM_I1_O)
                                                      0.053     4.952 r  u_dut/y2_word[2]_i_187/O
                         net (fo=1, routed)           0.013     4.965    u_dut/y2_word[2]_i_187_n_0
    SLICE_X42Y19         CARRY8 (Prop_CARRY8_SLICEM_S[0]_CO[7])
                                                      0.192     5.157 r  u_dut/y2_word_reg[2]_i_142/CO[7]
                         net (fo=1, routed)           0.026     5.183    u_dut/y2_word_reg[2]_i_142_n_0
    SLICE_X42Y20         CARRY8 (Prop_CARRY8_SLICEM_CI_O[5])
                                                      0.116     5.299 r  u_dut/y2_word_reg[2]_i_131/O[5]
                         net (fo=3, routed)           0.188     5.487    u_dut/y2_word_reg[2]_i_131_n_10
    SLICE_X43Y19         LUT2 (Prop_F6LUT_SLICEL_I1_O)
                                                      0.123     5.610 r  u_dut/y2_word[2]_i_145/O
                         net (fo=1, routed)           0.011     5.621    u_dut/y2_word[2]_i_145_n_0
    SLICE_X43Y19         CARRY8 (Prop_CARRY8_SLICEL_S[5]_CO[7])
                                                      0.155     5.776 r  u_dut/y2_word_reg[2]_i_125/CO[7]
                         net (fo=1, routed)           0.026     5.802    u_dut/y2_word_reg[2]_i_125_n_0
    SLICE_X43Y20         CARRY8 (Prop_CARRY8_SLICEL_CI_O[5])
                                                      0.116     5.918 f  u_dut/y2_word_reg[2]_i_106/O[5]
                         net (fo=1, routed)           0.231     6.149    u_dut/y2_word_reg[2]_i_106_n_10
    SLICE_X44Y21         LUT1 (Prop_F6LUT_SLICEL_I0_O)
                                                      0.089     6.238 r  u_dut/y2_word[2]_i_72/O
                         net (fo=1, routed)           0.011     6.249    u_dut/y2_word[2]_i_72_n_0
    SLICE_X44Y21         CARRY8 (Prop_CARRY8_SLICEL_S[5]_CO[7])
                                                      0.155     6.404 r  u_dut/y2_word_reg[2]_i_37/CO[7]
                         net (fo=1, routed)           0.026     6.430    u_dut/y2_word_reg[2]_i_37_n_0
    SLICE_X44Y22         CARRY8 (Prop_CARRY8_SLICEL_CI_O[2])
                                                      0.067     6.497 f  u_dut/y2_word_reg[2]_i_36/O[2]
                         net (fo=3, routed)           0.233     6.730    u_dut/y2_word_reg[2]_i_36_n_13
    SLICE_X45Y22         LUT2 (Prop_A6LUT_SLICEM_I1_O)
                                                      0.038     6.768 r  u_dut/y2_word[2]_i_66/O
                         net (fo=1, routed)           0.013     6.781    u_dut/y2_word[2]_i_66_n_0
    SLICE_X45Y22         CARRY8 (Prop_CARRY8_SLICEM_S[0]_CO[2])
                                                      0.115     6.896 r  u_dut/y2_word_reg[2]_i_35/CO[2]
                         net (fo=28, routed)          0.234     7.130    u_dut/y2_word_reg[2]_i_35_n_5
    SLICE_X46Y20         LUT5 (Prop_A6LUT_SLICEM_I4_O)
                                                      0.150     7.280 r  u_dut/y2_word[2]_i_86/O
                         net (fo=1, routed)           0.013     7.293    u_dut/y2_word[2]_i_86_n_0
    SLICE_X46Y20         CARRY8 (Prop_CARRY8_SLICEM_S[0]_CO[7])
                                                      0.192     7.485 r  u_dut/y2_word_reg[2]_i_38/CO[7]
                         net (fo=1, routed)           0.026     7.511    u_dut/y2_word_reg[2]_i_38_n_0
    SLICE_X46Y21         CARRY8 (Prop_CARRY8_SLICEM_CI_CO[7])
                                                      0.015     7.526 r  u_dut/y2_word_reg[2]_i_18/CO[7]
                         net (fo=1, routed)           0.026     7.552    u_dut/y2_word_reg[2]_i_18_n_0
    SLICE_X46Y22         CARRY8 (Prop_CARRY8_SLICEM_CI_CO[7])
                                                      0.015     7.567 r  u_dut/y2_word_reg[2]_i_11/CO[7]
                         net (fo=1, routed)           0.026     7.593    u_dut/y2_word_reg[2]_i_11_n_0
    SLICE_X46Y23         CARRY8 (Prop_CARRY8_SLICEM_CI_O[3])
                                                      0.082     7.675 r  u_dut/y2_word_reg[2]_i_4/O[3]
                         net (fo=39, routed)          0.305     7.980    u_dut/y2_word_reg[2]_i_4_n_12
    SLICE_X48Y20         LUT2 (Prop_A6LUT_SLICEM_I0_O)
                                                      0.053     8.033 r  u_dut/y2_word[2]_i_10/O
                         net (fo=1, routed)           0.013     8.046    u_dut/y2_word[2]_i_10_n_0
    SLICE_X48Y20         CARRY8 (Prop_CARRY8_SLICEM_S[0]_CO[2])
                                                      0.115     8.161 r  u_dut/y2_word_reg[2]_i_3/CO[2]
                         net (fo=64, routed)          0.317     8.478    u_dut/y2_word_reg[2]_i_3_n_5
    SLICE_X50Y22         LUT3 (Prop_F6LUT_SLICEL_I1_O)
                                                      0.035     8.513 r  u_dut/y2_word[4]_i_160/O
                         net (fo=1, routed)           0.136     8.649    u_dut/y2_word[4]_i_160_n_0
    SLICE_X50Y23         CARRY8 (Prop_CARRY8_SLICEL_CI_CO[7])
                                                      0.151     8.800 r  u_dut/y2_word_reg[4]_i_123/CO[7]
                         net (fo=1, routed)           0.026     8.826    u_dut/y2_word_reg[4]_i_123_n_0
    SLICE_X50Y24         CARRY8 (Prop_CARRY8_SLICEL_CI_O[4])
                                                      0.086     8.912 r  u_dut/y2_word_reg[4]_i_112/O[4]
                         net (fo=3, routed)           0.258     9.170    u_dut/y2_word_reg[4]_i_112_n_11
    SLICE_X51Y24         LUT2 (Prop_F6LUT_SLICEM_I0_O)
                                                      0.037     9.207 r  u_dut/y2_word[4]_i_126/O
                         net (fo=1, routed)           0.022     9.229    u_dut/y2_word[4]_i_126_n_0
    SLICE_X51Y24         CARRY8 (Prop_CARRY8_SLICEM_S[5]_CO[7])
                                                      0.159     9.388 r  u_dut/y2_word_reg[4]_i_106/CO[7]
                         net (fo=1, routed)           0.026     9.414    u_dut/y2_word_reg[4]_i_106_n_0
    SLICE_X51Y25         CARRY8 (Prop_CARRY8_SLICEM_CI_O[5])
                                                      0.116     9.530 f  u_dut/y2_word_reg[4]_i_96/O[5]
                         net (fo=1, routed)           0.189     9.719    u_dut/y2_word_reg[4]_i_96_n_10
    SLICE_X53Y25         LUT1 (Prop_F6LUT_SLICEL_I0_O)
                                                      0.123     9.842 r  u_dut/y2_word[4]_i_71/O
                         net (fo=1, routed)           0.011     9.853    u_dut/y2_word[4]_i_71_n_0
    SLICE_X53Y25         CARRY8 (Prop_CARRY8_SLICEL_S[5]_CO[7])
                                                      0.155    10.008 r  u_dut/y2_word_reg[4]_i_37/CO[7]
                         net (fo=1, routed)           0.026    10.034    u_dut/y2_word_reg[4]_i_37_n_0
    SLICE_X53Y26         CARRY8 (Prop_CARRY8_SLICEL_CI_O[2])
                                                      0.067    10.101 f  u_dut/y2_word_reg[4]_i_36/O[2]
                         net (fo=3, routed)           0.172    10.272    u_dut/y2_word_reg[4]_i_36_n_13
    SLICE_X53Y27         LUT2 (Prop_A6LUT_SLICEL_I1_O)
                                                      0.035    10.307 r  u_dut/y2_word[4]_i_65/O
                         net (fo=1, routed)           0.009    10.316    u_dut/y2_word[4]_i_65_n_0
    SLICE_X53Y27         CARRY8 (Prop_CARRY8_SLICEL_S[0]_CO[2])
                                                      0.113    10.429 r  u_dut/y2_word_reg[4]_i_35/CO[2]
                         net (fo=28, routed)          0.211    10.640    u_dut/y2_word_reg[4]_i_35_n_5
    SLICE_X52Y25         LUT5 (Prop_A6LUT_SLICEM_I4_O)
                                                      0.150    10.790 r  u_dut/e2d2_r[0]_i_30/O
                         net (fo=1, routed)           0.013    10.803    u_dut/e2d2_r[0]_i_30_n_0
    SLICE_X52Y25         CARRY8 (Prop_CARRY8_SLICEM_S[0]_CO[7])
                                                      0.192    10.995 r  u_dut/e2d2_r_reg[0]_i_12/CO[7]
                         net (fo=1, routed)           0.026    11.021    u_dut/e2d2_r_reg[0]_i_12_n_0
    SLICE_X52Y26         CARRY8 (Prop_CARRY8_SLICEM_CI_CO[7])
                                                      0.015    11.036 r  u_dut/y2_word_reg[4]_i_18/CO[7]
                         net (fo=1, routed)           0.026    11.062    u_dut/y2_word_reg[4]_i_18_n_0
    SLICE_X52Y27         CARRY8 (Prop_CARRY8_SLICEM_CI_CO[7])
                                                      0.015    11.077 r  u_dut/y2_word_reg[4]_i_11/CO[7]
                         net (fo=1, routed)           0.026    11.103    u_dut/y2_word_reg[4]_i_11_n_0
    SLICE_X52Y28         CARRY8 (Prop_CARRY8_SLICEM_CI_O[2])
                                                      0.067    11.170 f  u_dut/y2_word_reg[4]_i_4/O[2]
                         net (fo=3, routed)           0.191    11.361    u_dut/y2_word_reg[4]_i_4_n_13
    SLICE_X52Y29         LUT2 (Prop_A6LUT_SLICEM_I1_O)
                                                      0.125    11.486 r  u_dut/y2_word[4]_i_10/O
                         net (fo=1, routed)           0.013    11.499    u_dut/y2_word[4]_i_10_n_0
    SLICE_X52Y29         CARRY8 (Prop_CARRY8_SLICEM_S[0]_CO[2])
                                                      0.115    11.614 r  u_dut/y2_word_reg[4]_i_3/CO[2]
                         net (fo=64, routed)          0.242    11.857    u_dut/y2_word_reg[4]_i_3_n_5
    SLICE_X52Y31         LUT3 (Prop_F6LUT_SLICEM_I1_O)
                                                      0.037    11.894 r  u_dut/e2d2_r[0]_i_51/O
                         net (fo=1, routed)           0.216    12.110    u_dut/e2d2_r[0]_i_51_n_0
    SLICE_X52Y33         CARRY8 (Prop_CARRY8_SLICEM_CI_CO[7])
                                                      0.153    12.263 r  u_dut/e2d2_r_reg[0]_i_41/CO[7]
                         net (fo=1, routed)           0.026    12.289    u_dut/e2d2_r_reg[0]_i_41_n_0
    SLICE_X52Y34         CARRY8 (Prop_CARRY8_SLICEM_CI_O[5])
                                                      0.116    12.405 r  u_dut/y2_word_reg[6]_i_67/O[5]
                         net (fo=3, routed)           0.186    12.590    u_dut/y2_word_reg[6]_i_67_n_10
    SLICE_X53Y35         LUT2 (Prop_F6LUT_SLICEL_I1_O)
                                                      0.089    12.679 r  u_dut/y2_word[6]_i_79/O
                         net (fo=1, routed)           0.011    12.690    u_dut/y2_word[6]_i_79_n_0
    SLICE_X53Y35         CARRY8 (Prop_CARRY8_SLICEL_S[5]_CO[7])
                                                      0.155    12.845 r  u_dut/y2_word_reg[6]_i_61/CO[7]
                         net (fo=1, routed)           0.026    12.871    u_dut/y2_word_reg[6]_i_61_n_0
    SLICE_X53Y36         CARRY8 (Prop_CARRY8_SLICEL_CI_O[5])
                                                      0.116    12.987 f  u_dut/y2_word_reg[6]_i_60/O[5]
                         net (fo=1, routed)           0.189    13.176    u_dut/y2_word_reg[6]_i_60_n_10
    SLICE_X51Y36         LUT1 (Prop_F6LUT_SLICEM_I0_O)
                                                      0.123    13.299 r  u_dut/y2_word[6]_i_45/O
                         net (fo=1, routed)           0.022    13.321    u_dut/y2_word[6]_i_45_n_0
    SLICE_X51Y36         CARRY8 (Prop_CARRY8_SLICEM_S[5]_CO[7])
                                                      0.159    13.480 r  u_dut/y2_word_reg[6]_i_28/CO[7]
                         net (fo=1, routed)           0.026    13.506    u_dut/y2_word_reg[6]_i_28_n_0
    SLICE_X51Y37         CARRY8 (Prop_CARRY8_SLICEM_CI_O[2])
                                                      0.067    13.573 f  u_dut/y2_word_reg[6]_i_27/O[2]
                         net (fo=3, routed)           0.199    13.772    u_dut/y2_word_reg[6]_i_27_n_13
    SLICE_X49Y36         LUT2 (Prop_A6LUT_SLICEM_I1_O)
                                                      0.090    13.862 r  u_dut/y2_word[6]_i_39/O
                         net (fo=1, routed)           0.013    13.875    u_dut/y2_word[6]_i_39_n_0
    SLICE_X49Y36         CARRY8 (Prop_CARRY8_SLICEM_S[0]_CO[2])
                                                      0.115    13.990 r  u_dut/y2_word_reg[6]_i_26/CO[2]
                         net (fo=28, routed)          0.321    14.312    u_dut/y2_word_reg[6]_i_26_n_5
    SLICE_X48Y32         LUT5 (Prop_A6LUT_SLICEM_I4_O)
                                                      0.053    14.365 r  u_dut/e2d2_r[0]_i_10/O
                         net (fo=1, routed)           0.013    14.378    u_dut/e2d2_r[0]_i_10_n_0
    SLICE_X48Y32         CARRY8 (Prop_CARRY8_SLICEM_S[0]_CO[7])
                                                      0.192    14.570 r  u_dut/e2d2_r_reg[0]_i_2/CO[7]
                         net (fo=1, routed)           0.026    14.596    u_dut/e2d2_r_reg[0]_i_2_n_0
    SLICE_X48Y33         CARRY8 (Prop_CARRY8_SLICEM_CI_CO[7])
                                                      0.015    14.611 r  u_dut/y2_word_reg[6]_i_17/CO[7]
                         net (fo=1, routed)           0.026    14.637    u_dut/y2_word_reg[6]_i_17_n_0
    SLICE_X48Y34         CARRY8 (Prop_CARRY8_SLICEM_CI_CO[7])
                                                      0.015    14.652 r  u_dut/y2_word_reg[6]_i_11/CO[7]
                         net (fo=1, routed)           0.026    14.678    u_dut/y2_word_reg[6]_i_11_n_0
    SLICE_X48Y35         CARRY8 (Prop_CARRY8_SLICEM_CI_CO[4])
                                                      0.092    14.770 r  u_dut/y2_word_reg[6]_i_4/CO[4]
                         net (fo=6, routed)           0.274    15.044    u_dut/y2_word_reg[6]_i_4_n_3
    SLICE_X48Y37         CARRY8 (Prop_CARRY8_SLICEM_S[1]_CO[2])
                                                      0.098    15.142 f  u_dut/y2_word_reg[6]_i_2/CO[2]
                         net (fo=34, routed)          0.150    15.292    u_dut/sat_acc10_in
    SLICE_X48Y35         LUT3 (Prop_G6LUT_SLICEM_I2_O)
                                                      0.090    15.382 r  u_dut/e2d2_r[0]_i_1/O
                         net (fo=2, routed)           0.292    15.674    u_dut/p_0_in[0]
    SLICE_X50Y33         CARRY8 (Prop_CARRY8_SLICEL_CI_CO[7])
                                                      0.151    15.825 r  u_dut/e2d2_r_reg[16]_i_3/CO[7]
                         net (fo=1, routed)           0.026    15.851    u_dut/e2d2_r_reg[16]_i_3_n_0
    SLICE_X50Y34         CARRY8 (Prop_CARRY8_SLICEL_CI_O[1])
                                                      0.076    15.927 r  u_dut/e2d2_r_reg[24]_i_2/O[1]
                         net (fo=3, routed)           0.243    16.170    u_dut/A[10]
    SLICE_X51Y31         LUT2 (Prop_B6LUT_SLICEM_I1_O)
                                                      0.125    16.295 r  u_dut/e2d2_r[16]_i_10/O
                         net (fo=1, routed)           0.016    16.311    u_dut/e2d2_r[16]_i_10_n_0
    SLICE_X51Y31         CARRY8 (Prop_CARRY8_SLICEM_S[1]_CO[7])
                                                      0.190    16.501 r  u_dut/e2d2_r_reg[16]_i_1/CO[7]
                         net (fo=1, routed)           0.026    16.527    u_dut/e2d2_r_reg[16]_i_1_n_0
    SLICE_X51Y32         CARRY8 (Prop_CARRY8_SLICEM_CI_O[7])
                                                      0.116    16.643 r  u_dut/e2d2_r_reg[24]_i_1/O[7]
                         net (fo=1, routed)           0.026    16.669    u_dut/e2d2_r_reg[24]_i_1_n_8
    SLICE_X51Y32         FDCE                                         r  u_dut/e2d2_r_reg[24]/D
  -------------------------------------------------------------------    -------------------

                         (clock clk rise edge)        4.571     4.571 r  
                                                      0.000     4.571 r  clk (IN)
                         net (fo=130, unset)          0.021     4.592    u_dut/clk
    SLICE_X51Y32         FDCE                                         r  u_dut/e2d2_r_reg[24]/C
                         clock pessimism              0.000     4.592    
                         clock uncertainty           -0.035     4.557    
    SLICE_X51Y32         FDCE (Setup_HFF_SLICEM_C_D)
                                                      0.025     4.582    u_dut/e2d2_r_reg[24]
  -------------------------------------------------------------------
                         required time                          4.582    
                         arrival time                         -16.669    
  -------------------------------------------------------------------
                         slack                                -12.088    





Min Delay Paths
--------------------------------------------------------------------------------------
Slack (MET) :             0.453ns  (arrival time - required time)
  Source:                 u_dut/e1d1_r_reg[14]/C
                            (rising edge-triggered cell FDCE clocked by clk  {rise@0.000ns fall@2.286ns period=4.571ns})
  Destination:            u_dut/y1_word_reg[1]/D
                            (rising edge-triggered cell FDCE clocked by clk  {rise@0.000ns fall@2.286ns period=4.571ns})
  Path Group:             clk
  Path Type:              Hold (Min at Fast Process Corner)
  Requirement:            0.000ns  (clk rise@0.000ns - clk rise@0.000ns)
  Data Path Delay:        0.505ns  (logic 0.202ns (40.010%)  route 0.303ns (59.990%))
  Logic Levels:           7  (CARRY8=4 LUT1=1 LUT3=1 LUT6=1)
  Clock Path Skew:        0.006ns (DCD - SCD - CPR)
    Destination Clock Delay (DCD):    0.019ns
    Source Clock Delay      (SCD):    0.013ns
    Clock Pessimism Removal (CPR):    -0.000ns

    Location             Delay type                Incr(ns)  Path(ns)    Netlist Resource(s)
  -------------------------------------------------------------------    -------------------
                         (clock clk rise edge)        0.000     0.000 r  
                                                      0.000     0.000 r  clk (IN)
                         net (fo=130, unset)          0.013     0.013    u_dut/clk
    SLICE_X45Y57         FDCE                                         r  u_dut/e1d1_r_reg[14]/C
  -------------------------------------------------------------------    -------------------
    SLICE_X45Y57         FDCE (Prop_FFF_SLICEM_C_Q)
                                                      0.037     0.050 f  u_dut/e1d1_r_reg[14]/Q
                         net (fo=1, routed)           0.051     0.101    u_dut/e1d1_r_reg_n_0_[14]
    SLICE_X44Y57         LUT1 (Prop_F6LUT_SLICEL_I0_O)
                                                      0.014     0.115 r  u_dut/y1_word[1]_i_124/O
                         net (fo=1, routed)           0.009     0.124    u_dut/y1_word[1]_i_124_n_0
    SLICE_X44Y57         CARRY8 (Prop_CARRY8_SLICEL_S[5]_O[5])
                                                      0.017     0.141 r  u_dut/y1_word_reg[1]_i_68/O[5]
                         net (fo=2, routed)           0.127     0.268    u_dut/y1_word_reg[1]_i_68_n_10
    SLICE_X44Y49         LUT6 (Prop_H6LUT_SLICEL_I5_O)
                                                      0.015     0.283 r  u_dut/y1_word[1]_i_60/O
                         net (fo=1, routed)           0.008     0.291    u_dut/y1_word[1]_i_60_n_0
    SLICE_X44Y49         CARRY8 (Prop_CARRY8_SLICEL_S[7]_CO[7])
                                                      0.028     0.319 r  u_dut/y1_word_reg[1]_i_24/CO[7]
                         net (fo=1, routed)           0.003     0.322    u_dut/y1_word_reg[1]_i_24_n_0
    SLICE_X44Y50         CARRY8 (Prop_CARRY8_SLICEL_CI_CO[7])
                                                      0.017     0.339 r  u_dut/y1_word_reg[1]_i_13/CO[7]
                         net (fo=1, routed)           0.003     0.342    u_dut/y1_word_reg[1]_i_13_n_0
    SLICE_X44Y51         CARRY8 (Prop_CARRY8_SLICEL_CI_O[3])
                                                      0.033     0.375 f  u_dut/y1_word_reg[1]_i_4/O[3]
                         net (fo=10, routed)          0.076     0.451    u_dut/y1_word_reg[1]_i_4_n_12
    SLICE_X45Y51         LUT3 (Prop_D6LUT_SLICEM_I2_O)
                                                      0.041     0.492 r  u_dut/y1_word[1]_i_1/O
                         net (fo=1, routed)           0.026     0.518    u_dut/y1_word[1]_i_1_n_0
    SLICE_X45Y51         FDCE                                         r  u_dut/y1_word_reg[1]/D
  -------------------------------------------------------------------    -------------------

                         (clock clk rise edge)        0.000     0.000 r  
                                                      0.000     0.000 r  clk (IN)
                         net (fo=130, unset)          0.019     0.019    u_dut/clk
    SLICE_X45Y51         FDCE                                         r  u_dut/y1_word_reg[1]/C
                         clock pessimism              0.000     0.019    
    SLICE_X45Y51         FDCE (Hold_DFF_SLICEM_C_D)
                                                      0.046     0.065    u_dut/y1_word_reg[1]
  -------------------------------------------------------------------
                         required time                         -0.065    
                         arrival time                           0.518    
  -------------------------------------------------------------------
                         slack                                  0.453    





Pulse Width Checks
--------------------------------------------------------------------------------------
Clock Name:         clk
Waveform(ns):       { 0.000 2.286 }
Period(ns):         4.571
Sources:            { clk }

Check Type        Corner  Lib Pin  Reference Pin  Required(ns)  Actual(ns)  Slack(ns)  Location      Pin
Min Period        n/a     FDCE/C   n/a            0.550         4.571       4.021      SLICE_X41Y56  u_dut/e1d1_r_reg[0]/C
Low Pulse Width   Slow    FDCE/C   n/a            0.275         2.286       2.010      SLICE_X41Y56  u_dut/e1d1_r_reg[0]/C
High Pulse Width  Slow    FDCE/C   n/a            0.275         2.286       2.010      SLICE_X41Y56  u_dut/e1d1_r_reg[0]/C



