Copyright 1986-2022 Xilinx, Inc. All Rights Reserved. Copyright 2022-2024 Advanced Micro Devices, Inc. All Rights Reserved.
--------------------------------------------------------------------------------------------------------------------------------------------------
| Tool Version      : Vivado v.2024.1 (win64) Build 5076996 Wed May 22 18:37:14 MDT 2024
| Date              : Tue Sep 15 22:12:54 2026
| Host              : LAPTOP-KNBVGAN8 running 64-bit major release  (build 9200)
| Command           : report_timing_summary -file E:/workspace/chip/dsm_ip/syn/out/crfb_temporal1_20260915_220455/timing_summary.rpt
| Design            : crfb_smash2_temporal8_ooc
| Device            : xczu15eg-ffvb1156
| Speed File        : -2  PRODUCTION 1.30 05-15-2022
| Design State      : Routed
| Temperature Grade : I
--------------------------------------------------------------------------------------------------------------------------------------------------

Timing Summary Report

------------------------------------------------------------------------------------------------
| Timer Settings
| --------------
------------------------------------------------------------------------------------------------

  Enable Multi Corner Analysis               :  Yes
  Enable Pessimism Removal                   :  Yes
  Pessimism Removal Resolution               :  Nearest Common Node
  Enable Input Delay Default Clock           :  No
  Enable Preset / Clear Arcs                 :  No
  Disable Flight Delays                      :  No
  Ignore I/O Paths                           :  No
  Timing Early Launch at Borrowing Latches   :  No
  Borrow Time for Max Delay Exceptions       :  Yes
  Merge Timing Exceptions                    :  Yes
  Inter-SLR Compensation                     :  Conservative

  Corner  Analyze    Analyze    
  Name    Max Paths  Min Paths  
  ------  ---------  ---------  
  Slow    Yes        Yes        
  Fast    Yes        Yes        


------------------------------------------------------------------------------------------------
| Report Methodology
| ------------------
------------------------------------------------------------------------------------------------

No report available as report_methodology has not been run prior. Run report_methodology on the current design for the summary of methodology violations.



check_timing report

Table of Contents
-----------------
1. checking no_clock (0)
2. checking constant_clock (0)
3. checking pulse_width_clock (0)
4. checking unconstrained_internal_endpoints (0)
5. checking no_input_delay (18)
6. checking no_output_delay (2)
7. checking multiple_clock (0)
8. checking generated_clocks (0)
9. checking loops (0)
10. checking partial_input_delay (0)
11. checking partial_output_delay (0)
12. checking latch_loops (0)

1. checking no_clock (0)
------------------------
 There are 0 register/latch pins with no clock.


2. checking constant_clock (0)
------------------------------
 There are 0 register/latch pins with constant_clock.


3. checking pulse_width_clock (0)
---------------------------------
 There are 0 register/latch pins which need pulse_width check


4. checking unconstrained_internal_endpoints (0)
------------------------------------------------
 There are 0 pins that are not constrained for maximum delay.

 There are 0 pins that are not constrained for maximum delay due to constant clock.


5. checking no_input_delay (18)
-------------------------------
 There are 18 input ports with no input delay specified. (HIGH)

 There are 0 input ports with no input delay but user has a false path constraint.


6. checking no_output_delay (2)
-------------------------------
 There are 2 ports with no output delay specified. (HIGH)

 There are 0 ports with no output delay but user has a false path constraint

 There are 0 ports with no output delay but with a timing clock defined on it or propagating through it


7. checking multiple_clock (0)
------------------------------
 There are 0 register/latch pins with multiple clocks.


8. checking generated_clocks (0)
--------------------------------
 There are 0 generated clocks that are not connected to a clock source.


9. checking loops (0)
---------------------
 There are 0 combinational loops in the design.


10. checking partial_input_delay (0)
------------------------------------
 There are 0 input ports with partial input delay specified.


11. checking partial_output_delay (0)
-------------------------------------
 There are 0 ports with partial output delay specified.


12. checking latch_loops (0)
----------------------------
 There are 0 combinational latch loops in the design through latch input



------------------------------------------------------------------------------------------------
| Design Timing Summary
| ---------------------
------------------------------------------------------------------------------------------------

    WNS(ns)      TNS(ns)  TNS Failing Endpoints  TNS Total Endpoints      WHS(ns)      THS(ns)  THS Failing Endpoints  THS Total Endpoints     WPWS(ns)     TPWS(ns)  TPWS Failing Endpoints  TPWS Total Endpoints  
    -------      -------  ---------------------  -------------------      -------      -------  ---------------------  -------------------     --------     --------  ----------------------  --------------------  
     -0.909      -20.711                     29                  118        0.074        0.000                      0                  118        2.010        0.000                       0                   119  


Timing constraints are not met.


------------------------------------------------------------------------------------------------
| Clock Summary
| -------------
------------------------------------------------------------------------------------------------

Clock  Waveform(ns)         Period(ns)      Frequency(MHz)
-----  ------------         ----------      --------------
clk    {0.000 2.286}        4.571           218.771         


------------------------------------------------------------------------------------------------
| Intra Clock Table
| -----------------
------------------------------------------------------------------------------------------------

Clock             WNS(ns)      TNS(ns)  TNS Failing Endpoints  TNS Total Endpoints      WHS(ns)      THS(ns)  THS Failing Endpoints  THS Total Endpoints     WPWS(ns)     TPWS(ns)  TPWS Failing Endpoints  TPWS Total Endpoints  
-----             -------      -------  ---------------------  -------------------      -------      -------  ---------------------  -------------------     --------     --------  ----------------------  --------------------  
clk                -0.909      -20.711                     29                  118        0.074        0.000                      0                  118        2.010        0.000                       0                   119  


------------------------------------------------------------------------------------------------
| Inter Clock Table
| -----------------
------------------------------------------------------------------------------------------------

From Clock    To Clock          WNS(ns)      TNS(ns)  TNS Failing Endpoints  TNS Total Endpoints      WHS(ns)      THS(ns)  THS Failing Endpoints  THS Total Endpoints  
----------    --------          -------      -------  ---------------------  -------------------      -------      -------  ---------------------  -------------------  


------------------------------------------------------------------------------------------------
| Other Path Groups Table
| -----------------------
------------------------------------------------------------------------------------------------

Path Group    From Clock    To Clock          WNS(ns)      TNS(ns)  TNS Failing Endpoints  TNS Total Endpoints      WHS(ns)      THS(ns)  THS Failing Endpoints  THS Total Endpoints  
----------    ----------    --------          -------      -------  ---------------------  -------------------      -------      -------  ---------------------  -------------------  


------------------------------------------------------------------------------------------------
| Timing Details
| --------------
------------------------------------------------------------------------------------------------


---------------------------------------------------------------------------------------------------
From Clock:  clk
  To Clock:  clk

Setup :           29  Failing Endpoints,  Worst Slack       -0.909ns,  Total Violation      -20.711ns
Hold  :            0  Failing Endpoints,  Worst Slack        0.074ns,  Total Violation        0.000ns
PW    :            0  Failing Endpoints,  Worst Slack        2.010ns,  Total Violation        0.000ns
---------------------------------------------------------------------------------------------------


Max Delay Paths
--------------------------------------------------------------------------------------
Slack (VIOLATED) :        -0.909ns  (required time - arrival time)
  Source:                 u_dut/e1d2_r_reg[0]/C
                            (rising edge-triggered cell FDCE clocked by clk  {rise@0.000ns fall@2.286ns period=4.571ns})
  Destination:            u_dut/e2d1_r_reg[26]/D
                            (rising edge-triggered cell FDCE clocked by clk  {rise@0.000ns fall@2.286ns period=4.571ns})
  Path Group:             clk
  Path Type:              Setup (Max at Slow Process Corner)
  Requirement:            4.571ns  (clk rise@4.571ns - clk rise@0.000ns)
  Data Path Delay:        5.461ns  (logic 2.735ns (50.083%)  route 2.726ns (49.917%))
  Logic Levels:           31  (CARRY8=21 LUT1=1 LUT2=4 LUT3=2 LUT4=2 LUT6=1)
  Clock Path Skew:        -0.009ns (DCD - SCD + CPR)
    Destination Clock Delay (DCD):    0.021ns = ( 4.592 - 4.571 ) 
    Source Clock Delay      (SCD):    0.030ns
    Clock Pessimism Removal (CPR):    0.000ns
  Clock Uncertainty:      0.035ns  ((TSJ^2 + TIJ^2)^1/2 + DJ) / 2 + PE
    Total System Jitter     (TSJ):    0.071ns
    Total Input Jitter      (TIJ):    0.000ns
    Discrete Jitter          (DJ):    0.000ns
    Phase Error              (PE):    0.000ns

    Location             Delay type                Incr(ns)  Path(ns)    Netlist Resource(s)
  -------------------------------------------------------------------    -------------------
                         (clock clk rise edge)        0.000     0.000 r  
                                                      0.000     0.000 r  clk (IN)
                         net (fo=118, unset)          0.030     0.030    u_dut/clk
    SLICE_X61Y192        FDCE                                         r  u_dut/e1d2_r_reg[0]/C
  -------------------------------------------------------------------    -------------------
    SLICE_X61Y192        FDCE (Prop_BFF_SLICEM_C_Q)
                                                      0.078     0.108 f  u_dut/e1d2_r_reg[0]/Q
                         net (fo=3, routed)           0.094     0.202    u_dut/e1d2_r_reg_n_0_[0]
    SLICE_X62Y192        LUT1 (Prop_A6LUT_SLICEL_I0_O)
                                                      0.035     0.237 r  u_dut/e1d1_r[23]_i_38/O
                         net (fo=1, routed)           0.126     0.363    u_dut/e1d1_r[23]_i_38_n_0
    SLICE_X61Y192        CARRY8 (Prop_CARRY8_SLICEM_CI_CO[7])
                                                      0.153     0.516 r  u_dut/e1d1_r_reg[23]_i_35/CO[7]
                         net (fo=1, routed)           0.026     0.542    u_dut/e1d1_r_reg[23]_i_35_n_0
    SLICE_X61Y193        CARRY8 (Prop_CARRY8_SLICEM_CI_CO[7])
                                                      0.015     0.557 r  u_dut/y1_word_reg[0]_i_51/CO[7]
                         net (fo=1, routed)           0.026     0.583    u_dut/y1_word_reg[0]_i_51_n_0
    SLICE_X61Y194        CARRY8 (Prop_CARRY8_SLICEM_CI_CO[7])
                                                      0.015     0.598 r  u_dut/y1_word_reg[0]_i_45/CO[7]
                         net (fo=1, routed)           0.026     0.624    u_dut/y1_word_reg[0]_i_45_n_0
    SLICE_X61Y195        CARRY8 (Prop_CARRY8_SLICEM_CI_O[1])
                                                      0.076     0.700 r  u_dut/y1_word_reg[0]_i_41/O[1]
                         net (fo=6, routed)           0.246     0.946    u_dut/y1_word_reg[0]_i_41_n_14
    SLICE_X62Y194        LUT2 (Prop_A6LUT_SLICEL_I0_O)
                                                      0.050     0.996 r  u_dut/y1_word[0]_i_68/O
                         net (fo=1, routed)           0.009     1.005    u_dut/y1_word[0]_i_68_n_0
    SLICE_X62Y194        CARRY8 (Prop_CARRY8_SLICEL_S[0]_CO[2])
                                                      0.113     1.118 f  u_dut/y1_word_reg[0]_i_43/CO[2]
                         net (fo=70, routed)          0.269     1.388    u_dut/y1_word_reg[0]_i_43_n_5
    SLICE_X62Y195        LUT4 (Prop_A5LUT_SLICEL_I3_O)
                                                      0.112     1.500 r  u_dut/e1d1_r[7]_i_18/O
                         net (fo=2, routed)           0.208     1.708    u_dut/e1d1_r[7]_i_18_n_0
    SLICE_X62Y195        LUT6 (Prop_B6LUT_SLICEL_I0_O)
                                                      0.051     1.759 r  u_dut/e1d1_r[7]_i_25/O
                         net (fo=1, routed)           0.009     1.768    u_dut/e1d1_r[7]_i_25_n_0
    SLICE_X62Y195        CARRY8 (Prop_CARRY8_SLICEL_S[1]_CO[7])
                                                      0.186     1.954 r  u_dut/e1d1_r_reg[7]_i_11/CO[7]
                         net (fo=1, routed)           0.026     1.980    u_dut/e1d1_r_reg[7]_i_11_n_0
    SLICE_X62Y196        CARRY8 (Prop_CARRY8_SLICEL_CI_CO[7])
                                                      0.015     1.995 r  u_dut/e1d1_r_reg[23]_i_18/CO[7]
                         net (fo=1, routed)           0.026     2.021    u_dut/e1d1_r_reg[23]_i_18_n_0
    SLICE_X62Y197        CARRY8 (Prop_CARRY8_SLICEL_CI_CO[7])
                                                      0.015     2.036 r  u_dut/y1_word_reg[0]_i_14/CO[7]
                         net (fo=1, routed)           0.026     2.062    u_dut/y1_word_reg[0]_i_14_n_0
    SLICE_X62Y198        CARRY8 (Prop_CARRY8_SLICEL_CI_O[2])
                                                      0.067     2.129 f  u_dut/y1_word_reg[0]_i_5/O[2]
                         net (fo=4, routed)           0.226     2.355    u_dut/compose_eight_steps.(null)[0].value[26]
    SLICE_X62Y199        LUT2 (Prop_A6LUT_SLICEL_I1_O)
                                                      0.050     2.405 r  u_dut/y1_word[0]_i_13/O
                         net (fo=1, routed)           0.009     2.414    u_dut/y1_word[0]_i_13_n_0
    SLICE_X62Y199        CARRY8 (Prop_CARRY8_SLICEL_S[0]_CO[2])
                                                      0.113     2.527 f  u_dut/y1_word_reg[0]_i_4/CO[2]
                         net (fo=42, routed)          0.251     2.777    u_dut/y1_word_reg[0]_i_4_n_5
    SLICE_X63Y198        LUT4 (Prop_B6LUT_SLICEM_I2_O)
                                                      0.052     2.829 r  u_dut/e1d1_r[7]_i_9/O
                         net (fo=1, routed)           0.016     2.845    u_dut/e1d1_r[7]_i_9_n_0
    SLICE_X63Y198        CARRY8 (Prop_CARRY8_SLICEM_S[1]_CO[7])
                                                      0.190     3.035 r  u_dut/e1d1_r_reg[7]_i_1/CO[7]
                         net (fo=1, routed)           0.026     3.061    u_dut/e1d1_r_reg[7]_i_1_n_0
    SLICE_X63Y199        CARRY8 (Prop_CARRY8_SLICEM_CI_CO[7])
                                                      0.015     3.076 r  u_dut/e1d1_r_reg[15]_i_1/CO[7]
                         net (fo=1, routed)           0.026     3.102    u_dut/e1d1_r_reg[15]_i_1_n_0
    SLICE_X63Y200        CARRY8 (Prop_CARRY8_SLICEM_CI_O[5])
                                                      0.123     3.225 r  u_dut/e1d1_r_reg[23]_i_1/O[5]
                         net (fo=3, routed)           0.206     3.431    u_dut/e1d1_r0[21]
    SLICE_X63Y204        LUT3 (Prop_F6LUT_SLICEM_I0_O)
                                                      0.088     3.519 r  u_dut/y2_word[0]_i_20/O
                         net (fo=1, routed)           0.022     3.541    u_dut/y2_word[0]_i_20_n_0
    SLICE_X63Y204        CARRY8 (Prop_CARRY8_SLICEM_S[5]_CO[7])
                                                      0.159     3.700 r  u_dut/y2_word_reg[0]_i_11/CO[7]
                         net (fo=1, routed)           0.026     3.726    u_dut/y2_word_reg[0]_i_11_n_0
    SLICE_X63Y205        CARRY8 (Prop_CARRY8_SLICEM_CI_O[2])
                                                      0.067     3.793 f  u_dut/y2_word_reg[0]_i_4/O[2]
                         net (fo=3, routed)           0.202     3.995    u_dut/y2_word_reg[0]_i_4_n_13
    SLICE_X62Y204        LUT2 (Prop_A6LUT_SLICEL_I1_O)
                                                      0.090     4.085 r  u_dut/y2_word[0]_i_10/O
                         net (fo=1, routed)           0.009     4.094    u_dut/y2_word[0]_i_10_n_0
    SLICE_X62Y204        CARRY8 (Prop_CARRY8_SLICEL_S[0]_CO[2])
                                                      0.113     4.207 r  u_dut/y2_word_reg[0]_i_3/CO[2]
                         net (fo=34, routed)          0.268     4.475    u_dut/y2_word_reg[0]_i_3_n_5
    SLICE_X62Y205        LUT3 (Prop_A6LUT_SLICEL_I1_O)
                                                      0.050     4.525 r  u_dut/e2d1_r[16]_i_19/O
                         net (fo=1, routed)           0.009     4.534    u_dut/e2d1_r[16]_i_19_n_0
    SLICE_X62Y205        CARRY8 (Prop_CARRY8_SLICEL_S[0]_CO[7])
                                                      0.190     4.724 r  u_dut/e2d1_r_reg[16]_i_3/CO[7]
                         net (fo=1, routed)           0.026     4.750    u_dut/e2d1_r_reg[16]_i_3_n_0
    SLICE_X62Y206        CARRY8 (Prop_CARRY8_SLICEL_CI_CO[7])
                                                      0.015     4.765 r  u_dut/e2d1_r_reg[24]_i_2/CO[7]
                         net (fo=1, routed)           0.026     4.791    u_dut/e2d1_r_reg[24]_i_2_n_0
    SLICE_X62Y207        CARRY8 (Prop_CARRY8_SLICEL_CI_O[5])
                                                      0.116     4.907 r  u_dut/e2d1_r_reg[27]_i_3/O[5]
                         net (fo=3, routed)           0.188     5.095    u_dut/A[22]
    SLICE_X61Y207        LUT2 (Prop_F6LUT_SLICEM_I1_O)
                                                      0.088     5.183 r  u_dut/e2d1_r[24]_i_5/O
                         net (fo=1, routed)           0.022     5.205    u_dut/e2d1_r[24]_i_5_n_0
    SLICE_X61Y207        CARRY8 (Prop_CARRY8_SLICEM_S[5]_CO[7])
                                                      0.159     5.364 r  u_dut/e2d1_r_reg[24]_i_1/CO[7]
                         net (fo=1, routed)           0.026     5.390    u_dut/e2d1_r_reg[24]_i_1_n_0
    SLICE_X61Y208        CARRY8 (Prop_CARRY8_SLICEM_CI_O[1])
                                                      0.076     5.466 r  u_dut/e2d1_r_reg[27]_i_1/O[1]
                         net (fo=1, routed)           0.025     5.491    u_dut/e2d1_r_reg[27]_i_1_n_14
    SLICE_X61Y208        FDCE                                         r  u_dut/e2d1_r_reg[26]/D
  -------------------------------------------------------------------    -------------------

                         (clock clk rise edge)        4.571     4.571 r  
                                                      0.000     4.571 r  clk (IN)
                         net (fo=118, unset)          0.021     4.592    u_dut/clk
    SLICE_X61Y208        FDCE                                         r  u_dut/e2d1_r_reg[26]/C
                         clock pessimism              0.000     4.592    
                         clock uncertainty           -0.035     4.557    
    SLICE_X61Y208        FDCE (Setup_BFF_SLICEM_C_D)
                                                      0.025     4.582    u_dut/e2d1_r_reg[26]
  -------------------------------------------------------------------
                         required time                          4.582    
                         arrival time                          -5.491    
  -------------------------------------------------------------------
                         slack                                 -0.909    





Min Delay Paths
--------------------------------------------------------------------------------------
Slack (MET) :             0.074ns  (arrival time - required time)
  Source:                 u_dut/v2d1_r_reg[0]/C
                            (rising edge-triggered cell FDCE clocked by clk  {rise@0.000ns fall@2.286ns period=4.571ns})
  Destination:            u_dut/v2d2_r_reg[0]/D
                            (rising edge-triggered cell FDCE clocked by clk  {rise@0.000ns fall@2.286ns period=4.571ns})
  Path Group:             clk
  Path Type:              Hold (Min at Fast Process Corner)
  Requirement:            0.000ns  (clk rise@0.000ns - clk rise@0.000ns)
  Data Path Delay:        0.126ns  (logic 0.038ns (30.159%)  route 0.088ns (69.841%))
  Logic Levels:           0  
  Clock Path Skew:        0.006ns (DCD - SCD - CPR)
    Destination Clock Delay (DCD):    0.019ns
    Source Clock Delay      (SCD):    0.013ns
    Clock Pessimism Removal (CPR):    -0.000ns

    Location             Delay type                Incr(ns)  Path(ns)    Netlist Resource(s)
  -------------------------------------------------------------------    -------------------
                         (clock clk rise edge)        0.000     0.000 r  
                                                      0.000     0.000 r  clk (IN)
                         net (fo=118, unset)          0.013     0.013    u_dut/clk
    SLICE_X63Y192        FDCE                                         r  u_dut/v2d1_r_reg[0]/C
  -------------------------------------------------------------------    -------------------
    SLICE_X63Y192        FDCE (Prop_EFF_SLICEM_C_Q)
                                                      0.038     0.051 r  u_dut/v2d1_r_reg[0]/Q
                         net (fo=1, routed)           0.088     0.139    u_dut/v2d1_r_reg_n_0_[0]
    SLICE_X63Y192        FDCE                                         r  u_dut/v2d2_r_reg[0]/D
  -------------------------------------------------------------------    -------------------

                         (clock clk rise edge)        0.000     0.000 r  
                                                      0.000     0.000 r  clk (IN)
                         net (fo=118, unset)          0.019     0.019    u_dut/clk
    SLICE_X63Y192        FDCE                                         r  u_dut/v2d2_r_reg[0]/C
                         clock pessimism              0.000     0.019    
    SLICE_X63Y192        FDCE (Hold_HFF_SLICEM_C_D)
                                                      0.046     0.065    u_dut/v2d2_r_reg[0]
  -------------------------------------------------------------------
                         required time                         -0.065    
                         arrival time                           0.139    
  -------------------------------------------------------------------
                         slack                                  0.074    





Pulse Width Checks
--------------------------------------------------------------------------------------
Clock Name:         clk
Waveform(ns):       { 0.000 2.286 }
Period(ns):         4.571
Sources:            { clk }

Check Type        Corner  Lib Pin  Reference Pin  Required(ns)  Actual(ns)  Slack(ns)  Location       Pin
Min Period        n/a     FDCE/C   n/a            0.550         4.571       4.021      SLICE_X63Y198  u_dut/e1d1_r_reg[0]/C
Low Pulse Width   Slow    FDCE/C   n/a            0.275         2.286       2.010      SLICE_X63Y198  u_dut/e1d1_r_reg[0]/C
High Pulse Width  Slow    FDCE/C   n/a            0.275         2.286       2.010      SLICE_X63Y198  u_dut/e1d1_r_reg[0]/C



