Copyright 1986-2022 Xilinx, Inc. All Rights Reserved. Copyright 2022-2024 Advanced Micro Devices, Inc. All Rights Reserved.
---------------------------------------------------------------------------------------------------------------------------------------------
| Tool Version : Vivado v.2024.1 (win64) Build 5076996 Wed May 22 18:37:14 MDT 2024
| Date         : Wed Jul  1 23:11:25 2026
| Host         : LAPTOP-KNBVGAN8 running 64-bit major release  (build 9200)
| Command      : report_timing_summary -file E:/workspace/chip/dsm_ip/syn/reports/ooc_20260701_230058/p0_ooc_mash111/timing_summary.rpt
| Design       : p0_ooc_mash111
| Device       : 7z020-clg400
| Speed File   : -1  PRODUCTION 1.12 2019-11-22
| Design State : Routed
---------------------------------------------------------------------------------------------------------------------------------------------

Timing Summary Report

------------------------------------------------------------------------------------------------
| Timer Settings
| --------------
------------------------------------------------------------------------------------------------

  Enable Multi Corner Analysis               :  Yes
  Enable Pessimism Removal                   :  Yes
  Pessimism Removal Resolution               :  Nearest Common Node
  Enable Input Delay Default Clock           :  No
  Enable Preset / Clear Arcs                 :  No
  Disable Flight Delays                      :  No
  Ignore I/O Paths                           :  No
  Timing Early Launch at Borrowing Latches   :  No
  Borrow Time for Max Delay Exceptions       :  Yes
  Merge Timing Exceptions                    :  Yes
  Inter-SLR Compensation                     :  Conservative

  Corner  Analyze    Analyze    
  Name    Max Paths  Min Paths  
  ------  ---------  ---------  
  Slow    Yes        Yes        
  Fast    Yes        Yes        


------------------------------------------------------------------------------------------------
| Report Methodology
| ------------------
------------------------------------------------------------------------------------------------

No report available as report_methodology has not been run prior. Run report_methodology on the current design for the summary of methodology violations.



check_timing report

Table of Contents
-----------------
1. checking no_clock (0)
2. checking constant_clock (0)
3. checking pulse_width_clock (0)
4. checking unconstrained_internal_endpoints (0)
5. checking no_input_delay (34)
6. checking no_output_delay (17)
7. checking multiple_clock (0)
8. checking generated_clocks (0)
9. checking loops (0)
10. checking partial_input_delay (0)
11. checking partial_output_delay (0)
12. checking latch_loops (0)

1. checking no_clock (0)
------------------------
 There are 0 register/latch pins with no clock.


2. checking constant_clock (0)
------------------------------
 There are 0 register/latch pins with constant_clock.


3. checking pulse_width_clock (0)
---------------------------------
 There are 0 register/latch pins which need pulse_width check


4. checking unconstrained_internal_endpoints (0)
------------------------------------------------
 There are 0 pins that are not constrained for maximum delay.

 There are 0 pins that are not constrained for maximum delay due to constant clock.


5. checking no_input_delay (34)
-------------------------------
 There are 0 input ports with no input delay specified.

 There are 34 input ports with no input delay but user has a false path constraint. (MEDIUM)


6. checking no_output_delay (17)
--------------------------------
 There are 0 ports with no output delay specified.

 There are 17 ports with no output delay but user has a false path constraint (MEDIUM)

 There are 0 ports with no output delay but with a timing clock defined on it or propagating through it


7. checking multiple_clock (0)
------------------------------
 There are 0 register/latch pins with multiple clocks.


8. checking generated_clocks (0)
--------------------------------
 There are 0 generated clocks that are not connected to a clock source.


9. checking loops (0)
---------------------
 There are 0 combinational loops in the design.


10. checking partial_input_delay (0)
------------------------------------
 There are 0 input ports with partial input delay specified.


11. checking partial_output_delay (0)
-------------------------------------
 There are 0 ports with partial output delay specified.


12. checking latch_loops (0)
----------------------------
 There are 0 combinational latch loops in the design through latch input



------------------------------------------------------------------------------------------------
| Design Timing Summary
| ---------------------
------------------------------------------------------------------------------------------------

    WNS(ns)      TNS(ns)  TNS Failing Endpoints  TNS Total Endpoints      WHS(ns)      THS(ns)  THS Failing Endpoints  THS Total Endpoints     WPWS(ns)     TPWS(ns)  TPWS Failing Endpoints  TPWS Total Endpoints  
    -------      -------  ---------------------  -------------------      -------      -------  ---------------------  -------------------     --------     --------  ----------------------  --------------------  
     -7.438     -367.668                     82                  159        0.277        0.000                      0                  159        4.500        0.000                       0                   143  


Timing constraints are not met.


------------------------------------------------------------------------------------------------
| Clock Summary
| -------------
------------------------------------------------------------------------------------------------

Clock  Waveform(ns)       Period(ns)      Frequency(MHz)
-----  ------------       ----------      --------------
clk    {0.000 5.000}      10.000          100.000         


------------------------------------------------------------------------------------------------
| Intra Clock Table
| -----------------
------------------------------------------------------------------------------------------------

Clock             WNS(ns)      TNS(ns)  TNS Failing Endpoints  TNS Total Endpoints      WHS(ns)      THS(ns)  THS Failing Endpoints  THS Total Endpoints     WPWS(ns)     TPWS(ns)  TPWS Failing Endpoints  TPWS Total Endpoints  
-----             -------      -------  ---------------------  -------------------      -------      -------  ---------------------  -------------------     --------     --------  ----------------------  --------------------  
clk                -7.438     -367.668                     82                  159        0.277        0.000                      0                  159        4.500        0.000                       0                   143  


------------------------------------------------------------------------------------------------
| Inter Clock Table
| -----------------
------------------------------------------------------------------------------------------------

From Clock    To Clock          WNS(ns)      TNS(ns)  TNS Failing Endpoints  TNS Total Endpoints      WHS(ns)      THS(ns)  THS Failing Endpoints  THS Total Endpoints  
----------    --------          -------      -------  ---------------------  -------------------      -------      -------  ---------------------  -------------------  


------------------------------------------------------------------------------------------------
| Other Path Groups Table
| -----------------------
------------------------------------------------------------------------------------------------

Path Group    From Clock    To Clock          WNS(ns)      TNS(ns)  TNS Failing Endpoints  TNS Total Endpoints      WHS(ns)      THS(ns)  THS Failing Endpoints  THS Total Endpoints  
----------    ----------    --------          -------      -------  ---------------------  -------------------      -------      -------  ---------------------  -------------------  


------------------------------------------------------------------------------------------------
| Timing Details
| --------------
------------------------------------------------------------------------------------------------


---------------------------------------------------------------------------------------------------
From Clock:  clk
  To Clock:  clk

Setup :           82  Failing Endpoints,  Worst Slack       -7.438ns,  Total Violation     -367.668ns
Hold  :            0  Failing Endpoints,  Worst Slack        0.277ns,  Total Violation        0.000ns
PW    :            0  Failing Endpoints,  Worst Slack        4.500ns,  Total Violation        0.000ns
---------------------------------------------------------------------------------------------------


Max Delay Paths
--------------------------------------------------------------------------------------
Slack (VIOLATED) :        -7.438ns  (required time - arrival time)
  Source:                 u_i/e1_state_reg[1]/C
                            (rising edge-triggered cell FDCE clocked by clk  {rise@0.000ns fall@5.000ns period=10.000ns})
  Destination:            u_i/e3_state_reg[17]/D
                            (rising edge-triggered cell FDCE clocked by clk  {rise@0.000ns fall@5.000ns period=10.000ns})
  Path Group:             clk
  Path Type:              Setup (Max at Slow Process Corner)
  Requirement:            10.000ns  (clk rise@10.000ns - clk rise@0.000ns)
  Data Path Delay:        17.463ns  (logic 10.602ns (60.710%)  route 6.861ns (39.290%))
  Logic Levels:           34  (CARRY4=25 LUT2=6 LUT3=2 LUT4=1)
  Clock Path Skew:        -0.049ns (DCD - SCD + CPR)
    Destination Clock Delay (DCD):    0.924ns = ( 10.924 - 10.000 ) 
    Source Clock Delay      (SCD):    0.973ns
    Clock Pessimism Removal (CPR):    0.000ns
  Clock Uncertainty:      0.035ns  ((TSJ^2 + TIJ^2)^1/2 + DJ) / 2 + PE
    Total System Jitter     (TSJ):    0.071ns
    Total Input Jitter      (TIJ):    0.000ns
    Discrete Jitter          (DJ):    0.000ns
    Phase Error              (PE):    0.000ns

    Location             Delay type                Incr(ns)  Path(ns)    Netlist Resource(s)
  -------------------------------------------------------------------    -------------------
                         (clock clk rise edge)        0.000     0.000 r  
                                                      0.000     0.000 r  clk (IN)
                         net (fo=142, unset)          0.973     0.973    u_i/clk
    SLICE_X41Y93         FDCE                                         r  u_i/e1_state_reg[1]/C
  -------------------------------------------------------------------    -------------------
    SLICE_X41Y93         FDCE (Prop_fdce_C_Q)         0.456     1.429 r  u_i/e1_state_reg[1]/Q
                         net (fo=1, routed)           0.399     1.828    u_i/e1_state[1]
    SLICE_X43Y93         LUT2 (Prop_lut2_I1_O)        0.124     1.952 r  u_i/y1_int2_carry_i_3__0/O
                         net (fo=1, routed)           0.000     1.952    u_i/y1_int2_carry_i_3__0_n_0
    SLICE_X43Y93         CARRY4 (Prop_carry4_S[1]_CO[3])
                                                      0.550     2.502 r  u_i/y1_int2_carry/CO[3]
                         net (fo=1, routed)           0.000     2.502    u_i/y1_int2_carry_n_0
    SLICE_X43Y94         CARRY4 (Prop_carry4_CI_CO[3])
                                                      0.114     2.616 r  u_i/y1_int2_carry__0/CO[3]
                         net (fo=1, routed)           0.000     2.616    u_i/y1_int2_carry__0_n_0
    SLICE_X43Y95         CARRY4 (Prop_carry4_CI_CO[3])
                                                      0.114     2.730 r  u_i/y1_int2_carry__1/CO[3]
                         net (fo=1, routed)           0.000     2.730    u_i/y1_int2_carry__1_n_0
    SLICE_X43Y96         CARRY4 (Prop_carry4_CI_CO[3])
                                                      0.114     2.844 r  u_i/y1_int2_carry__2/CO[3]
                         net (fo=1, routed)           0.000     2.844    u_i/y1_int2_carry__2_n_0
    SLICE_X43Y97         CARRY4 (Prop_carry4_CI_O[1])
                                                      0.334     3.178 r  u_i/y1_int2_carry__3/O[1]
                         net (fo=15, routed)          0.719     3.897    u_i/y1_int2_carry__3_n_6
    SLICE_X42Y97         LUT2 (Prop_lut2_I0_O)        0.303     4.200 r  u_i/y1_int1_carry_i_3__0/O
                         net (fo=1, routed)           0.000     4.200    u_i/y1_int1_carry_i_3__0_n_0
    SLICE_X42Y97         CARRY4 (Prop_carry4_S[0]_CO[1])
                                                      0.458     4.658 f  u_i/y1_int1_carry/CO[1]
                         net (fo=40, routed)          0.371     5.029    u_i/y1_int1
    SLICE_X45Y97         LUT3 (Prop_lut3_I1_O)        0.332     5.361 r  u_i/e1_state0_carry_i_1__0/O
                         net (fo=1, routed)           0.522     5.882    u_i/y1_int[0]
    SLICE_X41Y94         CARRY4 (Prop_carry4_CYINIT_CO[3])
                                                      0.580     6.462 r  u_i/e1_state0_carry/CO[3]
                         net (fo=1, routed)           0.000     6.462    u_i/e1_state0_carry_n_0
    SLICE_X41Y95         CARRY4 (Prop_carry4_CI_CO[3])
                                                      0.114     6.576 r  u_i/e1_state0_carry__0/CO[3]
                         net (fo=1, routed)           0.000     6.576    u_i/e1_state0_carry__0_n_0
    SLICE_X41Y96         CARRY4 (Prop_carry4_CI_O[1])
                                                      0.334     6.910 r  u_i/e1_state0_carry__1/O[1]
                         net (fo=3, routed)           0.657     7.567    u_i/e1_state0_carry__1_n_6
    SLICE_X40Y93         LUT2 (Prop_lut2_I0_O)        0.303     7.870 r  u_i/y2_int2_carry__1_i_2__0/O
                         net (fo=1, routed)           0.000     7.870    u_i/y2_int2_carry__1_i_2__0_n_0
    SLICE_X40Y93         CARRY4 (Prop_carry4_S[2]_CO[3])
                                                      0.398     8.268 r  u_i/y2_int2_carry__1/CO[3]
                         net (fo=1, routed)           0.000     8.268    u_i/y2_int2_carry__1_n_0
    SLICE_X40Y94         CARRY4 (Prop_carry4_CI_CO[3])
                                                      0.114     8.382 r  u_i/y2_int2_carry__2/CO[3]
                         net (fo=1, routed)           0.000     8.382    u_i/y2_int2_carry__2_n_0
    SLICE_X40Y95         CARRY4 (Prop_carry4_CI_O[1])
                                                      0.334     8.716 r  u_i/y2_int2_carry__3/O[1]
                         net (fo=13, routed)          0.851     9.567    u_i/y2_int2_carry__3_n_6
    SLICE_X39Y93         LUT2 (Prop_lut2_I0_O)        0.303     9.870 r  u_i/y2_int1_carry_i_3__0/O
                         net (fo=1, routed)           0.000     9.870    u_i/y2_int1_carry_i_3__0_n_0
    SLICE_X39Y93         CARRY4 (Prop_carry4_S[0]_CO[1])
                                                      0.457    10.327 r  u_i/y2_int1_carry/CO[1]
                         net (fo=38, routed)          1.047    11.374    u_i/y2_int1
    SLICE_X39Y88         LUT4 (Prop_lut4_I2_O)        0.329    11.703 r  u_i/e2_state0_carry_i_8__0/O
                         net (fo=1, routed)           0.000    11.703    u_i/e2_state0_carry_i_8__0_n_0
    SLICE_X39Y88         CARRY4 (Prop_carry4_S[1]_CO[3])
                                                      0.550    12.253 r  u_i/e2_state0_carry/CO[3]
                         net (fo=1, routed)           0.000    12.253    u_i/e2_state0_carry_n_0
    SLICE_X39Y89         CARRY4 (Prop_carry4_CI_CO[3])
                                                      0.114    12.367 r  u_i/e2_state0_carry__0/CO[3]
                         net (fo=1, routed)           0.000    12.367    u_i/e2_state0_carry__0_n_0
    SLICE_X39Y90         CARRY4 (Prop_carry4_CI_O[0])
                                                      0.222    12.589 r  u_i/e2_state0_carry__1/O[0]
                         net (fo=3, routed)           0.510    13.099    u_i/p_1_in[9]
    SLICE_X37Y91         LUT2 (Prop_lut2_I0_O)        0.299    13.398 r  u_i/y3_int2_carry__1_i_3__0/O
                         net (fo=1, routed)           0.000    13.398    u_i/y3_int2_carry__1_i_3__0_n_0
    SLICE_X37Y91         CARRY4 (Prop_carry4_S[1]_CO[3])
                                                      0.550    13.948 r  u_i/y3_int2_carry__1/CO[3]
                         net (fo=1, routed)           0.000    13.948    u_i/y3_int2_carry__1_n_0
    SLICE_X37Y92         CARRY4 (Prop_carry4_CI_CO[3])
                                                      0.114    14.062 r  u_i/y3_int2_carry__2/CO[3]
                         net (fo=1, routed)           0.000    14.062    u_i/y3_int2_carry__2_n_0
    SLICE_X37Y93         CARRY4 (Prop_carry4_CI_O[1])
                                                      0.334    14.396 r  u_i/y3_int2_carry__3/O[1]
                         net (fo=13, routed)          0.641    15.038    u_i/p_0_in[17]
    SLICE_X37Y94         LUT2 (Prop_lut2_I0_O)        0.303    15.341 r  u_i/y3_int1_carry_i_3__0/O
                         net (fo=1, routed)           0.000    15.341    u_i/y3_int1_carry_i_3__0_n_0
    SLICE_X37Y94         CARRY4 (Prop_carry4_S[0]_CO[1])
                                                      0.457    15.798 f  u_i/y3_int1_carry/CO[1]
                         net (fo=37, routed)          0.625    16.423    u_i/y3_int1
    SLICE_X37Y88         LUT3 (Prop_lut3_I1_O)        0.329    16.752 r  u_i/e3_state0_carry_i_1__0/O
                         net (fo=1, routed)           0.519    17.271    u_i/y3_int__0[0]
    SLICE_X36Y88         CARRY4 (Prop_carry4_CYINIT_CO[3])
                                                      0.595    17.866 r  u_i/e3_state0_carry/CO[3]
                         net (fo=1, routed)           0.000    17.866    u_i/e3_state0_carry_n_0
    SLICE_X36Y89         CARRY4 (Prop_carry4_CI_CO[3])
                                                      0.117    17.983 r  u_i/e3_state0_carry__0/CO[3]
                         net (fo=1, routed)           0.000    17.983    u_i/e3_state0_carry__0_n_0
    SLICE_X36Y90         CARRY4 (Prop_carry4_CI_CO[3])
                                                      0.117    18.100 r  u_i/e3_state0_carry__1/CO[3]
                         net (fo=1, routed)           0.000    18.100    u_i/e3_state0_carry__1_n_0
    SLICE_X36Y91         CARRY4 (Prop_carry4_CI_CO[3])
                                                      0.117    18.217 r  u_i/e3_state0_carry__2/CO[3]
                         net (fo=1, routed)           0.000    18.217    u_i/e3_state0_carry__2_n_0
    SLICE_X36Y92         CARRY4 (Prop_carry4_CI_O[0])
                                                      0.219    18.436 r  u_i/e3_state0_carry__3/O[0]
                         net (fo=1, routed)           0.000    18.436    u_i/e3_state0[17]
    SLICE_X36Y92         FDCE                                         r  u_i/e3_state_reg[17]/D
  -------------------------------------------------------------------    -------------------

                         (clock clk rise edge)       10.000    10.000 r  
                                                      0.000    10.000 r  clk (IN)
                         net (fo=142, unset)          0.924    10.924    u_i/clk
    SLICE_X36Y92         FDCE                                         r  u_i/e3_state_reg[17]/C
                         clock pessimism              0.000    10.924    
                         clock uncertainty           -0.035    10.889    
    SLICE_X36Y92         FDCE (Setup_fdce_C_D)        0.109    10.998    u_i/e3_state_reg[17]
  -------------------------------------------------------------------
                         required time                         10.998    
                         arrival time                         -18.436    
  -------------------------------------------------------------------
                         slack                                 -7.438    





Min Delay Paths
--------------------------------------------------------------------------------------
Slack (MET) :             0.277ns  (arrival time - required time)
  Source:                 u_i/y2_pm_prev_reg[0]/C
                            (rising edge-triggered cell FDCE clocked by clk  {rise@0.000ns fall@5.000ns period=10.000ns})
  Destination:            u_q/y3_pm_prev2_reg[0]/D
                            (rising edge-triggered cell FDCE clocked by clk  {rise@0.000ns fall@5.000ns period=10.000ns})
  Path Group:             clk
  Path Type:              Hold (Min at Fast Process Corner)
  Requirement:            0.000ns  (clk rise@0.000ns - clk rise@0.000ns)
  Data Path Delay:        0.299ns  (logic 0.148ns (49.567%)  route 0.151ns (50.433%))
  Logic Levels:           0  
  Clock Path Skew:        0.022ns (DCD - SCD - CPR)
    Destination Clock Delay (DCD):    0.432ns
    Source Clock Delay      (SCD):    0.410ns
    Clock Pessimism Removal (CPR):    -0.000ns

    Location             Delay type                Incr(ns)  Path(ns)    Netlist Resource(s)
  -------------------------------------------------------------------    -------------------
                         (clock clk rise edge)        0.000     0.000 r  
                                                      0.000     0.000 r  clk (IN)
                         net (fo=142, unset)          0.410     0.410    u_i/clk
    SLICE_X46Y93         FDCE                                         r  u_i/y2_pm_prev_reg[0]/C
  -------------------------------------------------------------------    -------------------
    SLICE_X46Y93         FDCE (Prop_fdce_C_Q)         0.148     0.558 r  u_i/y2_pm_prev_reg[0]/Q
                         net (fo=10, routed)          0.151     0.709    u_q/y3_pm_prev2_reg[0]_1[0]
    SLICE_X46Y93         FDCE                                         r  u_q/y3_pm_prev2_reg[0]/D
  -------------------------------------------------------------------    -------------------

                         (clock clk rise edge)        0.000     0.000 r  
                                                      0.000     0.000 r  clk (IN)
                         net (fo=142, unset)          0.432     0.432    u_q/clk
    SLICE_X46Y93         FDCE                                         r  u_q/y3_pm_prev2_reg[0]/C
                         clock pessimism              0.000     0.432    
    SLICE_X46Y93         FDCE (Hold_fdce_C_D)         0.000     0.432    u_q/y3_pm_prev2_reg[0]
  -------------------------------------------------------------------
                         required time                         -0.432    
                         arrival time                           0.709    
  -------------------------------------------------------------------
                         slack                                  0.277    





Pulse Width Checks
--------------------------------------------------------------------------------------
Clock Name:         clk
Waveform(ns):       { 0.000 5.000 }
Period(ns):         10.000
Sources:            { clk }

Check Type        Corner  Lib Pin  Reference Pin  Required(ns)  Actual(ns)  Slack(ns)  Location      Pin
Min Period        n/a     FDCE/C   n/a            1.000         10.000      9.000      SLICE_X49Y93  u_duc/in_valid_d1_reg/C
Low Pulse Width   Slow    FDCE/C   n/a            0.500         5.000       4.500      SLICE_X49Y93  u_duc/in_valid_d1_reg/C
High Pulse Width  Slow    FDCE/C   n/a            0.500         5.000       4.500      SLICE_X49Y93  u_duc/in_valid_d1_reg/C



