Copyright 1986-2022 Xilinx, Inc. All Rights Reserved. Copyright 2022-2024 Advanced Micro Devices, Inc. All Rights Reserved.
----------------------------------------------------------------------------------------------------------------------------------------------------------------------------
| Tool Version      : Vivado v.2024.1 (win64) Build 5076996 Wed May 22 18:37:14 MDT 2024
| Date              : Sat Sep 19 19:15:24 2026
| Host              : LAPTOP-KNBVGAN8 running 64-bit major release  (build 9200)
| Command           : report_timing_summary -file E:/workspace/chip/dsm_ip/syn/out/xpm_async_fifo_width_probe_xczu15eg_ffvb1156_2_i_465b_20260919_191037/timing_summary.rpt
| Design            : xpm_async_fifo_width_probe_ooc
| Device            : xczu15eg-ffvb1156
| Speed File        : -2  PRODUCTION 1.30 05-15-2022
| Design State      : Routed
| Temperature Grade : I
----------------------------------------------------------------------------------------------------------------------------------------------------------------------------

Timing Summary Report

------------------------------------------------------------------------------------------------
| Timer Settings
| --------------
------------------------------------------------------------------------------------------------

  Enable Multi Corner Analysis               :  Yes
  Enable Pessimism Removal                   :  Yes
  Pessimism Removal Resolution               :  Nearest Common Node
  Enable Input Delay Default Clock           :  No
  Enable Preset / Clear Arcs                 :  No
  Disable Flight Delays                      :  No
  Ignore I/O Paths                           :  No
  Timing Early Launch at Borrowing Latches   :  No
  Borrow Time for Max Delay Exceptions       :  Yes
  Merge Timing Exceptions                    :  Yes
  Inter-SLR Compensation                     :  Conservative

  Corner  Analyze    Analyze    
  Name    Max Paths  Min Paths  
  ------  ---------  ---------  
  Slow    Yes        Yes        
  Fast    Yes        Yes        


------------------------------------------------------------------------------------------------
| Report Methodology
| ------------------
------------------------------------------------------------------------------------------------

No report available as report_methodology has not been run prior. Run report_methodology on the current design for the summary of methodology violations.



check_timing report

Table of Contents
-----------------
1. checking no_clock (0)
2. checking constant_clock (0)
3. checking pulse_width_clock (0)
4. checking unconstrained_internal_endpoints (0)
5. checking no_input_delay (468)
6. checking no_output_delay (467)
7. checking multiple_clock (0)
8. checking generated_clocks (0)
9. checking loops (0)
10. checking partial_input_delay (0)
11. checking partial_output_delay (0)
12. checking latch_loops (0)

1. checking no_clock (0)
------------------------
 There are 0 register/latch pins with no clock.


2. checking constant_clock (0)
------------------------------
 There are 0 register/latch pins with constant_clock.


3. checking pulse_width_clock (0)
---------------------------------
 There are 0 register/latch pins which need pulse_width check


4. checking unconstrained_internal_endpoints (0)
------------------------------------------------
 There are 0 pins that are not constrained for maximum delay.

 There are 0 pins that are not constrained for maximum delay due to constant clock.


5. checking no_input_delay (468)
--------------------------------
 There are 467 input ports with no input delay specified. (HIGH)

 There is 1 input port with no input delay but user has a false path constraint. (MEDIUM)


6. checking no_output_delay (467)
---------------------------------
 There are 467 ports with no output delay specified. (HIGH)

 There are 0 ports with no output delay but user has a false path constraint

 There are 0 ports with no output delay but with a timing clock defined on it or propagating through it


7. checking multiple_clock (0)
------------------------------
 There are 0 register/latch pins with multiple clocks.


8. checking generated_clocks (0)
--------------------------------
 There are 0 generated clocks that are not connected to a clock source.


9. checking loops (0)
---------------------
 There are 0 combinational loops in the design.


10. checking partial_input_delay (0)
------------------------------------
 There are 0 input ports with partial input delay specified.


11. checking partial_output_delay (0)
-------------------------------------
 There are 0 ports with partial output delay specified.


12. checking latch_loops (0)
----------------------------
 There are 0 combinational latch loops in the design through latch input



------------------------------------------------------------------------------------------------
| Design Timing Summary
| ---------------------
------------------------------------------------------------------------------------------------

    WNS(ns)      TNS(ns)  TNS Failing Endpoints  TNS Total Endpoints      WHS(ns)      THS(ns)  THS Failing Endpoints  THS Total Endpoints     WPWS(ns)     TPWS(ns)  TPWS Failing Endpoints  TPWS Total Endpoints  
    -------      -------  ---------------------  -------------------      -------      -------  ---------------------  -------------------     --------     --------  ----------------------  --------------------  
      2.907        0.000                      0                  253        0.039        0.000                      0                  253        1.743        0.000                       0                    89  


All user specified timing constraints are met.


------------------------------------------------------------------------------------------------
| Clock Summary
| -------------
------------------------------------------------------------------------------------------------

Clock   Waveform(ns)         Period(ns)      Frequency(MHz)
-----   ------------         ----------      --------------
clk125  {0.000 4.000}        8.000           125.000         
clk218  {0.000 2.286}        4.571           218.771         


------------------------------------------------------------------------------------------------
| Intra Clock Table
| -----------------
------------------------------------------------------------------------------------------------

Clock             WNS(ns)      TNS(ns)  TNS Failing Endpoints  TNS Total Endpoints      WHS(ns)      THS(ns)  THS Failing Endpoints  THS Total Endpoints     WPWS(ns)     TPWS(ns)  TPWS Failing Endpoints  TPWS Total Endpoints  
-----             -------      -------  ---------------------  -------------------      -------      -------  ---------------------  -------------------     --------     --------  ----------------------  --------------------  
clk125              5.928        0.000                      0                  152        0.046        0.000                      0                  152        3.458        0.000                       0                    49  
clk218              2.907        0.000                      0                  101        0.039        0.000                      0                  101        1.743        0.000                       0                    40  


------------------------------------------------------------------------------------------------
| Inter Clock Table
| -----------------
------------------------------------------------------------------------------------------------

From Clock    To Clock          WNS(ns)      TNS(ns)  TNS Failing Endpoints  TNS Total Endpoints      WHS(ns)      THS(ns)  THS Failing Endpoints  THS Total Endpoints  
----------    --------          -------      -------  ---------------------  -------------------      -------      -------  ---------------------  -------------------  


------------------------------------------------------------------------------------------------
| Other Path Groups Table
| -----------------------
------------------------------------------------------------------------------------------------

Path Group    From Clock    To Clock          WNS(ns)      TNS(ns)  TNS Failing Endpoints  TNS Total Endpoints      WHS(ns)      THS(ns)  THS Failing Endpoints  THS Total Endpoints  
----------    ----------    --------          -------      -------  ---------------------  -------------------      -------      -------  ---------------------  -------------------  


------------------------------------------------------------------------------------------------
| Timing Details
| --------------
------------------------------------------------------------------------------------------------


---------------------------------------------------------------------------------------------------
From Clock:  clk125
  To Clock:  clk125

Setup :            0  Failing Endpoints,  Worst Slack        5.928ns,  Total Violation        0.000ns
Hold  :            0  Failing Endpoints,  Worst Slack        0.046ns,  Total Violation        0.000ns
PW    :            0  Failing Endpoints,  Worst Slack        3.458ns,  Total Violation        0.000ns
---------------------------------------------------------------------------------------------------


Max Delay Paths
--------------------------------------------------------------------------------------
Slack (MET) :             5.928ns  (required time - arrival time)
  Source:                 u_fifo/gnuram_async_fifo.xpm_fifo_base_inst/xpm_fifo_rst_inst/gen_rst_ic.wr_rst_busy_ic_reg/C
                            (rising edge-triggered cell FDRE clocked by clk125  {rise@0.000ns fall@4.000ns period=8.000ns})
  Destination:            u_fifo/gnuram_async_fifo.xpm_fifo_base_inst/gen_sdpram.xpm_memory_base_inst/gen_wr_a.gen_word_narrow.mem_reg_2/WEBWE[6]
                            (rising edge-triggered cell RAMB36E2 clocked by clk125  {rise@0.000ns fall@4.000ns period=8.000ns})
  Path Group:             clk125
  Path Type:              Setup (Max at Slow Process Corner)
  Requirement:            8.000ns  (clk125 rise@8.000ns - clk125 rise@0.000ns)
  Data Path Delay:        1.653ns  (logic 0.240ns (14.517%)  route 1.413ns (85.483%))
  Logic Levels:           1  (LUT4=1)
  Clock Path Skew:        0.011ns (DCD - SCD + CPR)
    Destination Clock Delay (DCD):    0.040ns = ( 8.040 - 8.000 ) 
    Source Clock Delay      (SCD):    0.029ns
    Clock Pessimism Removal (CPR):    0.000ns
  Clock Uncertainty:      0.035ns  ((TSJ^2 + TIJ^2)^1/2 + DJ) / 2 + PE
    Total System Jitter     (TSJ):    0.071ns
    Total Input Jitter      (TIJ):    0.000ns
    Discrete Jitter          (DJ):    0.000ns
    Phase Error              (PE):    0.000ns

    Location             Delay type                Incr(ns)  Path(ns)    Netlist Resource(s)
  -------------------------------------------------------------------    -------------------
                         (clock clk125 rise edge)     0.000     0.000 r  
                                                      0.000     0.000 r  clk125 (IN)
                         net (fo=48, unset)           0.029     0.029    u_fifo/gnuram_async_fifo.xpm_fifo_base_inst/xpm_fifo_rst_inst/wr_clk
    SLICE_X44Y104        FDRE                                         r  u_fifo/gnuram_async_fifo.xpm_fifo_base_inst/xpm_fifo_rst_inst/gen_rst_ic.wr_rst_busy_ic_reg/C
  -------------------------------------------------------------------    -------------------
    SLICE_X44Y104        FDRE (Prop_GFF_SLICEL_C_Q)
                                                      0.079     0.108 f  u_fifo/gnuram_async_fifo.xpm_fifo_base_inst/xpm_fifo_rst_inst/gen_rst_ic.wr_rst_busy_ic_reg/Q
                         net (fo=21, routed)          0.398     0.506    u_fifo/gnuram_async_fifo.xpm_fifo_base_inst/wrst_busy
    SLICE_X43Y87         LUT4 (Prop_A5LUT_SLICEL_I2_O)
                                                      0.161     0.667 r  u_fifo/gnuram_async_fifo.xpm_fifo_base_inst/gen_sdpram.xpm_memory_base_inst_i_1/O
                         net (fo=72, routed)          1.015     1.682    u_fifo/gnuram_async_fifo.xpm_fifo_base_inst/gen_sdpram.xpm_memory_base_inst/ena
    RAMB36_X5Y12         RAMB36E2                                     r  u_fifo/gnuram_async_fifo.xpm_fifo_base_inst/gen_sdpram.xpm_memory_base_inst/gen_wr_a.gen_word_narrow.mem_reg_2/WEBWE[6]
  -------------------------------------------------------------------    -------------------

                         (clock clk125 rise edge)     8.000     8.000 r  
                                                      0.000     8.000 r  clk125 (IN)
                         net (fo=48, unset)           0.040     8.040    u_fifo/gnuram_async_fifo.xpm_fifo_base_inst/gen_sdpram.xpm_memory_base_inst/clka
    RAMB36_X5Y12         RAMB36E2                                     r  u_fifo/gnuram_async_fifo.xpm_fifo_base_inst/gen_sdpram.xpm_memory_base_inst/gen_wr_a.gen_word_narrow.mem_reg_2/CLKBWRCLK
                         clock pessimism              0.000     8.040    
                         clock uncertainty           -0.035     8.005    
    RAMB36_X5Y12         RAMB36E2 (Setup_RAMB36E2_RAMB36_CLKBWRCLK_WEBWE[6])
                                                     -0.394     7.611    u_fifo/gnuram_async_fifo.xpm_fifo_base_inst/gen_sdpram.xpm_memory_base_inst/gen_wr_a.gen_word_narrow.mem_reg_2
  -------------------------------------------------------------------
                         required time                          7.611    
                         arrival time                          -1.682    
  -------------------------------------------------------------------
                         slack                                  5.928    





Min Delay Paths
--------------------------------------------------------------------------------------
Slack (MET) :             0.046ns  (arrival time - required time)
  Source:                 u_fifo/gnuram_async_fifo.xpm_fifo_base_inst/wrpp1_inst/count_value_i_reg[0]/C
                            (rising edge-triggered cell FDSE clocked by clk125  {rise@0.000ns fall@4.000ns period=8.000ns})
  Destination:            u_fifo/gnuram_async_fifo.xpm_fifo_base_inst/wrpp1_inst/count_value_i_reg[1]/D
                            (rising edge-triggered cell FDRE clocked by clk125  {rise@0.000ns fall@4.000ns period=8.000ns})
  Path Group:             clk125
  Path Type:              Hold (Min at Fast Process Corner)
  Requirement:            0.000ns  (clk125 rise@0.000ns - clk125 rise@0.000ns)
  Data Path Delay:        0.099ns  (logic 0.060ns (60.895%)  route 0.039ns (39.105%))
  Logic Levels:           1  (LUT2=1)
  Clock Path Skew:        0.006ns (DCD - SCD - CPR)
    Destination Clock Delay (DCD):    0.019ns
    Source Clock Delay      (SCD):    0.013ns
    Clock Pessimism Removal (CPR):    -0.000ns

    Location             Delay type                Incr(ns)  Path(ns)    Netlist Resource(s)
  -------------------------------------------------------------------    -------------------
                         (clock clk125 rise edge)     0.000     0.000 r  
                                                      0.000     0.000 r  clk125 (IN)
                         net (fo=48, unset)           0.013     0.013    u_fifo/gnuram_async_fifo.xpm_fifo_base_inst/wrpp1_inst/clk
    SLICE_X42Y87         FDSE                                         r  u_fifo/gnuram_async_fifo.xpm_fifo_base_inst/wrpp1_inst/count_value_i_reg[0]/C
  -------------------------------------------------------------------    -------------------
    SLICE_X42Y87         FDSE (Prop_HFF_SLICEM_C_Q)
                                                      0.039     0.052 r  u_fifo/gnuram_async_fifo.xpm_fifo_base_inst/wrpp1_inst/count_value_i_reg[0]/Q
                         net (fo=5, routed)           0.033     0.085    u_fifo/gnuram_async_fifo.xpm_fifo_base_inst/wrpp1_inst/count_value[0]
    SLICE_X42Y87         LUT2 (Prop_H5LUT_SLICEM_I1_O)
                                                      0.021     0.106 r  u_fifo/gnuram_async_fifo.xpm_fifo_base_inst/wrpp1_inst/count_value_i[1]_i_1/O
                         net (fo=1, routed)           0.006     0.112    u_fifo/gnuram_async_fifo.xpm_fifo_base_inst/wrpp1_inst/count_value_i[1]_i_1_n_0
    SLICE_X42Y87         FDRE                                         r  u_fifo/gnuram_async_fifo.xpm_fifo_base_inst/wrpp1_inst/count_value_i_reg[1]/D
  -------------------------------------------------------------------    -------------------

                         (clock clk125 rise edge)     0.000     0.000 r  
                                                      0.000     0.000 r  clk125 (IN)
                         net (fo=48, unset)           0.019     0.019    u_fifo/gnuram_async_fifo.xpm_fifo_base_inst/wrpp1_inst/clk
    SLICE_X42Y87         FDRE                                         r  u_fifo/gnuram_async_fifo.xpm_fifo_base_inst/wrpp1_inst/count_value_i_reg[1]/C
                         clock pessimism              0.000     0.019    
    SLICE_X42Y87         FDRE (Hold_HFF2_SLICEM_C_D)
                                                      0.047     0.066    u_fifo/gnuram_async_fifo.xpm_fifo_base_inst/wrpp1_inst/count_value_i_reg[1]
  -------------------------------------------------------------------
                         required time                         -0.066    
                         arrival time                           0.112    
  -------------------------------------------------------------------
                         slack                                  0.046    





Pulse Width Checks
--------------------------------------------------------------------------------------
Clock Name:         clk125
Waveform(ns):       { 0.000 4.000 }
Period(ns):         8.000
Sources:            { clk125 }

Check Type        Corner  Lib Pin             Reference Pin  Required(ns)  Actual(ns)  Slack(ns)  Location      Pin
Min Period        n/a     RAMB36E2/CLKBWRCLK  n/a            1.355         8.000       6.645      RAMB36_X5Y14  u_fifo/gnuram_async_fifo.xpm_fifo_base_inst/gen_sdpram.xpm_memory_base_inst/gen_wr_a.gen_word_narrow.mem_reg_0/CLKBWRCLK
Low Pulse Width   Slow    RAMB36E2/CLKBWRCLK  n/a            0.542         4.000       3.458      RAMB36_X5Y14  u_fifo/gnuram_async_fifo.xpm_fifo_base_inst/gen_sdpram.xpm_memory_base_inst/gen_wr_a.gen_word_narrow.mem_reg_0/CLKBWRCLK
High Pulse Width  Slow    RAMB36E2/CLKBWRCLK  n/a            0.542         4.000       3.458      RAMB36_X5Y14  u_fifo/gnuram_async_fifo.xpm_fifo_base_inst/gen_sdpram.xpm_memory_base_inst/gen_wr_a.gen_word_narrow.mem_reg_0/CLKBWRCLK



---------------------------------------------------------------------------------------------------
From Clock:  clk218
  To Clock:  clk218

Setup :            0  Failing Endpoints,  Worst Slack        2.907ns,  Total Violation        0.000ns
Hold  :            0  Failing Endpoints,  Worst Slack        0.039ns,  Total Violation        0.000ns
PW    :            0  Failing Endpoints,  Worst Slack        1.743ns,  Total Violation        0.000ns
---------------------------------------------------------------------------------------------------


Max Delay Paths
--------------------------------------------------------------------------------------
Slack (MET) :             2.907ns  (required time - arrival time)
  Source:                 u_fifo/gnuram_async_fifo.xpm_fifo_base_inst/gen_fwft.empty_fwft_i_reg/C
                            (rising edge-triggered cell FDSE clocked by clk218  {rise@0.000ns fall@2.286ns period=4.571ns})
  Destination:            u_fifo/gnuram_async_fifo.xpm_fifo_base_inst/gen_sdpram.xpm_memory_base_inst/gen_wr_a.gen_word_narrow.mem_reg_2/REGCEAREGCE
                            (rising edge-triggered cell RAMB36E2 clocked by clk218  {rise@0.000ns fall@2.286ns period=4.571ns})
  Path Group:             clk218
  Path Type:              Setup (Max at Slow Process Corner)
  Requirement:            4.571ns  (clk218 rise@4.571ns - clk218 rise@0.000ns)
  Data Path Delay:        1.405ns  (logic 0.280ns (19.923%)  route 1.125ns (80.077%))
  Logic Levels:           2  (LUT2=1 LUT3=1)
  Clock Path Skew:        0.010ns (DCD - SCD + CPR)
    Destination Clock Delay (DCD):    0.039ns = ( 4.610 - 4.571 ) 
    Source Clock Delay      (SCD):    0.029ns
    Clock Pessimism Removal (CPR):    0.000ns
  Clock Uncertainty:      0.035ns  ((TSJ^2 + TIJ^2)^1/2 + DJ) / 2 + PE
    Total System Jitter     (TSJ):    0.071ns
    Total Input Jitter      (TIJ):    0.000ns
    Discrete Jitter          (DJ):    0.000ns
    Phase Error              (PE):    0.000ns

    Location             Delay type                Incr(ns)  Path(ns)    Netlist Resource(s)
  -------------------------------------------------------------------    -------------------
                         (clock clk218 rise edge)     0.000     0.000 r  
                                                      0.000     0.000 r  clk218 (IN)
                         net (fo=39, unset)           0.029     0.029    u_fifo/gnuram_async_fifo.xpm_fifo_base_inst/rd_clk
    SLICE_X44Y86         FDSE                                         r  u_fifo/gnuram_async_fifo.xpm_fifo_base_inst/gen_fwft.empty_fwft_i_reg/C
  -------------------------------------------------------------------    -------------------
    SLICE_X44Y86         FDSE (Prop_EFF2_SLICEL_C_Q)
                                                      0.081     0.110 f  u_fifo/gnuram_async_fifo.xpm_fifo_base_inst/gen_fwft.empty_fwft_i_reg/Q
                         net (fo=2, routed)           0.213     0.323    empty
    SLICE_X44Y86         LUT2 (Prop_H6LUT_SLICEL_I1_O)
                                                      0.051     0.374 r  u_fifo_i_2/O
                         net (fo=5, routed)           0.067     0.441    u_fifo/gnuram_async_fifo.xpm_fifo_base_inst/rd_en
    SLICE_X44Y86         LUT3 (Prop_B6LUT_SLICEL_I0_O)
                                                      0.148     0.589 r  u_fifo/gnuram_async_fifo.xpm_fifo_base_inst/gen_sdpram.xpm_memory_base_inst_i_3/O
                         net (fo=7, routed)           0.846     1.434    u_fifo/gnuram_async_fifo.xpm_fifo_base_inst/gen_sdpram.xpm_memory_base_inst/regceb
    RAMB36_X5Y12         RAMB36E2                                     r  u_fifo/gnuram_async_fifo.xpm_fifo_base_inst/gen_sdpram.xpm_memory_base_inst/gen_wr_a.gen_word_narrow.mem_reg_2/REGCEAREGCE
  -------------------------------------------------------------------    -------------------

                         (clock clk218 rise edge)     4.571     4.571 r  
                                                      0.000     4.571 r  clk218 (IN)
                         net (fo=39, unset)           0.039     4.610    u_fifo/gnuram_async_fifo.xpm_fifo_base_inst/gen_sdpram.xpm_memory_base_inst/clkb
    RAMB36_X5Y12         RAMB36E2                                     r  u_fifo/gnuram_async_fifo.xpm_fifo_base_inst/gen_sdpram.xpm_memory_base_inst/gen_wr_a.gen_word_narrow.mem_reg_2/CLKARDCLK
                         clock pessimism              0.000     4.610    
                         clock uncertainty           -0.035     4.575    
    RAMB36_X5Y12         RAMB36E2 (Setup_RAMB36E2_RAMB36_CLKARDCLK_REGCEAREGCE)
                                                     -0.233     4.342    u_fifo/gnuram_async_fifo.xpm_fifo_base_inst/gen_sdpram.xpm_memory_base_inst/gen_wr_a.gen_word_narrow.mem_reg_2
  -------------------------------------------------------------------
                         required time                          4.342    
                         arrival time                          -1.434    
  -------------------------------------------------------------------
                         slack                                  2.907    





Min Delay Paths
--------------------------------------------------------------------------------------
Slack (MET) :             0.039ns  (arrival time - required time)
  Source:                 u_fifo/gnuram_async_fifo.xpm_fifo_base_inst/rdpp1_inst/count_value_i_reg[0]/C
                            (rising edge-triggered cell FDSE clocked by clk218  {rise@0.000ns fall@2.286ns period=4.571ns})
  Destination:            u_fifo/gnuram_async_fifo.xpm_fifo_base_inst/rdpp1_inst/count_value_i_reg[1]/D
                            (rising edge-triggered cell FDRE clocked by clk218  {rise@0.000ns fall@2.286ns period=4.571ns})
  Path Group:             clk218
  Path Type:              Hold (Min at Fast Process Corner)
  Requirement:            0.000ns  (clk218 rise@0.000ns - clk218 rise@0.000ns)
  Data Path Delay:        0.092ns  (logic 0.059ns (64.343%)  route 0.033ns (35.657%))
  Logic Levels:           1  (LUT2=1)
  Clock Path Skew:        0.006ns (DCD - SCD - CPR)
    Destination Clock Delay (DCD):    0.019ns
    Source Clock Delay      (SCD):    0.013ns
    Clock Pessimism Removal (CPR):    -0.000ns

    Location             Delay type                Incr(ns)  Path(ns)    Netlist Resource(s)
  -------------------------------------------------------------------    -------------------
                         (clock clk218 rise edge)     0.000     0.000 r  
                                                      0.000     0.000 r  clk218 (IN)
                         net (fo=39, unset)           0.013     0.013    u_fifo/gnuram_async_fifo.xpm_fifo_base_inst/rdpp1_inst/clk
    SLICE_X44Y85         FDSE                                         r  u_fifo/gnuram_async_fifo.xpm_fifo_base_inst/rdpp1_inst/count_value_i_reg[0]/C
  -------------------------------------------------------------------    -------------------
    SLICE_X44Y85         FDSE (Prop_HFF_SLICEL_C_Q)
                                                      0.039     0.052 r  u_fifo/gnuram_async_fifo.xpm_fifo_base_inst/rdpp1_inst/count_value_i_reg[0]/Q
                         net (fo=5, routed)           0.027     0.079    u_fifo/gnuram_async_fifo.xpm_fifo_base_inst/rdpp1_inst/count_value[0]
    SLICE_X44Y85         LUT2 (Prop_H5LUT_SLICEL_I1_O)
                                                      0.020     0.099 r  u_fifo/gnuram_async_fifo.xpm_fifo_base_inst/rdpp1_inst/count_value_i[1]_i_1/O
                         net (fo=1, routed)           0.006     0.105    u_fifo/gnuram_async_fifo.xpm_fifo_base_inst/rdpp1_inst/count_value_i[1]_i_1_n_0
    SLICE_X44Y85         FDRE                                         r  u_fifo/gnuram_async_fifo.xpm_fifo_base_inst/rdpp1_inst/count_value_i_reg[1]/D
  -------------------------------------------------------------------    -------------------

                         (clock clk218 rise edge)     0.000     0.000 r  
                                                      0.000     0.000 r  clk218 (IN)
                         net (fo=39, unset)           0.019     0.019    u_fifo/gnuram_async_fifo.xpm_fifo_base_inst/rdpp1_inst/clk
    SLICE_X44Y85         FDRE                                         r  u_fifo/gnuram_async_fifo.xpm_fifo_base_inst/rdpp1_inst/count_value_i_reg[1]/C
                         clock pessimism              0.000     0.019    
    SLICE_X44Y85         FDRE (Hold_HFF2_SLICEL_C_D)
                                                      0.047     0.066    u_fifo/gnuram_async_fifo.xpm_fifo_base_inst/rdpp1_inst/count_value_i_reg[1]
  -------------------------------------------------------------------
                         required time                         -0.066    
                         arrival time                           0.105    
  -------------------------------------------------------------------
                         slack                                  0.039    





Pulse Width Checks
--------------------------------------------------------------------------------------
Clock Name:         clk218
Waveform(ns):       { 0.000 2.286 }
Period(ns):         4.571
Sources:            { clk218 }

Check Type        Corner  Lib Pin             Reference Pin  Required(ns)  Actual(ns)  Slack(ns)  Location      Pin
Min Period        n/a     RAMB36E2/CLKARDCLK  n/a            1.355         4.571       3.216      RAMB36_X5Y14  u_fifo/gnuram_async_fifo.xpm_fifo_base_inst/gen_sdpram.xpm_memory_base_inst/gen_wr_a.gen_word_narrow.mem_reg_0/CLKARDCLK
Low Pulse Width   Slow    RAMB36E2/CLKARDCLK  n/a            0.542         2.285       1.743      RAMB36_X5Y14  u_fifo/gnuram_async_fifo.xpm_fifo_base_inst/gen_sdpram.xpm_memory_base_inst/gen_wr_a.gen_word_narrow.mem_reg_0/CLKARDCLK
High Pulse Width  Slow    RAMB36E2/CLKARDCLK  n/a            0.542         2.286       1.744      RAMB36_X5Y14  u_fifo/gnuram_async_fifo.xpm_fifo_base_inst/gen_sdpram.xpm_memory_base_inst/gen_wr_a.gen_word_narrow.mem_reg_0/CLKARDCLK



