Copyright 1986-2022 Xilinx, Inc. All Rights Reserved. Copyright 2022-2024 Advanced Micro Devices, Inc. All Rights Reserved.
--------------------------------------------------------------------------------------------------------------------------------------------------
| Tool Version      : Vivado v.2024.1 (win64) Build 5076996 Wed May 22 18:37:14 MDT 2024
| Date              : Sun Sep 20 11:32:10 2026
| Host              : LAPTOP-KNBVGAN8 running 64-bit major release  (build 9200)
| Command           : report_timing_summary -file E:/workspace/chip/dsm_ip/syn/out/tid32_thermo5_axis_frontend_20260920_105659/timing_summary.rpt
| Design            : tid32_thermo5_axis_frontend_tx_ooc
| Device            : xczu15eg-ffvb1156
| Speed File        : -2  PRODUCTION 1.30 05-15-2022
| Design State      : Routed
| Temperature Grade : I
--------------------------------------------------------------------------------------------------------------------------------------------------

Timing Summary Report

------------------------------------------------------------------------------------------------
| Timer Settings
| --------------
------------------------------------------------------------------------------------------------

  Enable Multi Corner Analysis               :  Yes
  Enable Pessimism Removal                   :  Yes
  Pessimism Removal Resolution               :  Nearest Common Node
  Enable Input Delay Default Clock           :  No
  Enable Preset / Clear Arcs                 :  No
  Disable Flight Delays                      :  No
  Ignore I/O Paths                           :  No
  Timing Early Launch at Borrowing Latches   :  No
  Borrow Time for Max Delay Exceptions       :  Yes
  Merge Timing Exceptions                    :  Yes
  Inter-SLR Compensation                     :  Conservative

  Corner  Analyze    Analyze    
  Name    Max Paths  Min Paths  
  ------  ---------  ---------  
  Slow    Yes        Yes        
  Fast    Yes        Yes        


------------------------------------------------------------------------------------------------
| Report Methodology
| ------------------
------------------------------------------------------------------------------------------------

No report available as report_methodology has not been run prior. Run report_methodology on the current design for the summary of methodology violations.



check_timing report

Table of Contents
-----------------
1. checking no_clock (0)
2. checking constant_clock (0)
3. checking pulse_width_clock (0)
4. checking unconstrained_internal_endpoints (0)
5. checking no_input_delay (855)
6. checking no_output_delay (264)
7. checking multiple_clock (0)
8. checking generated_clocks (0)
9. checking loops (0)
10. checking partial_input_delay (0)
11. checking partial_output_delay (0)
12. checking latch_loops (0)

1. checking no_clock (0)
------------------------
 There are 0 register/latch pins with no clock.


2. checking constant_clock (0)
------------------------------
 There are 0 register/latch pins with constant_clock.


3. checking pulse_width_clock (0)
---------------------------------
 There are 0 register/latch pins which need pulse_width check


4. checking unconstrained_internal_endpoints (0)
------------------------------------------------
 There are 0 pins that are not constrained for maximum delay.

 There are 0 pins that are not constrained for maximum delay due to constant clock.


5. checking no_input_delay (855)
--------------------------------
 There are 853 input ports with no input delay specified. (HIGH)

 There are 2 input ports with no input delay but user has a false path constraint. (MEDIUM)


6. checking no_output_delay (264)
---------------------------------
 There are 264 ports with no output delay specified. (HIGH)

 There are 0 ports with no output delay but user has a false path constraint

 There are 0 ports with no output delay but with a timing clock defined on it or propagating through it


7. checking multiple_clock (0)
------------------------------
 There are 0 register/latch pins with multiple clocks.


8. checking generated_clocks (0)
--------------------------------
 There are 0 generated clocks that are not connected to a clock source.


9. checking loops (0)
---------------------
 There are 0 combinational loops in the design.


10. checking partial_input_delay (0)
------------------------------------
 There are 0 input ports with partial input delay specified.


11. checking partial_output_delay (0)
-------------------------------------
 There are 0 ports with partial output delay specified.


12. checking latch_loops (0)
----------------------------
 There are 0 combinational latch loops in the design through latch input



------------------------------------------------------------------------------------------------
| Design Timing Summary
| ---------------------
------------------------------------------------------------------------------------------------

    WNS(ns)      TNS(ns)  TNS Failing Endpoints  TNS Total Endpoints      WHS(ns)      THS(ns)  THS Failing Endpoints  THS Total Endpoints     WPWS(ns)     TPWS(ns)  TPWS Failing Endpoints  TPWS Total Endpoints  
    -------      -------  ---------------------  -------------------      -------      -------  ---------------------  -------------------     --------     --------  ----------------------  --------------------  
     -3.968    -4075.884                   4721               237398       -0.019       -0.038                      2               237398        1.743        0.000                       0                103121  


Timing constraints are not met.


------------------------------------------------------------------------------------------------
| Clock Summary
| -------------
------------------------------------------------------------------------------------------------

Clock        Waveform(ns)         Period(ns)      Frequency(MHz)
-----        ------------         ----------      --------------
core_clk     {0.000 2.286}        4.571           218.771         
s_axis_aclk  {0.000 4.000}        8.000           125.000         


------------------------------------------------------------------------------------------------
| Intra Clock Table
| -----------------
------------------------------------------------------------------------------------------------

Clock             WNS(ns)      TNS(ns)  TNS Failing Endpoints  TNS Total Endpoints      WHS(ns)      THS(ns)  THS Failing Endpoints  THS Total Endpoints     WPWS(ns)     TPWS(ns)  TPWS Failing Endpoints  TPWS Total Endpoints  
-----             -------      -------  ---------------------  -------------------      -------      -------  ---------------------  -------------------     --------     --------  ----------------------  --------------------  
core_clk           -3.968    -4075.884                   4721               236622       -0.019       -0.038                      2               236622        1.743        0.000                       0                103056  
s_axis_aclk         5.696        0.000                      0                  158        0.041        0.000                      0                  158        3.458        0.000                       0                    65  


------------------------------------------------------------------------------------------------
| Inter Clock Table
| -----------------
------------------------------------------------------------------------------------------------

From Clock    To Clock          WNS(ns)      TNS(ns)  TNS Failing Endpoints  TNS Total Endpoints      WHS(ns)      THS(ns)  THS Failing Endpoints  THS Total Endpoints  
----------    --------          -------      -------  ---------------------  -------------------      -------      -------  ---------------------  -------------------  


------------------------------------------------------------------------------------------------
| Other Path Groups Table
| -----------------------
------------------------------------------------------------------------------------------------

Path Group         From Clock         To Clock               WNS(ns)      TNS(ns)  TNS Failing Endpoints  TNS Total Endpoints      WHS(ns)      THS(ns)  THS Failing Endpoints  THS Total Endpoints  
----------         ----------         --------               -------      -------  ---------------------  -------------------      -------      -------  ---------------------  -------------------  
**async_default**  core_clk           core_clk                 2.690        0.000                      0                  618        0.285        0.000                      0                  618  


------------------------------------------------------------------------------------------------
| Timing Details
| --------------
------------------------------------------------------------------------------------------------


---------------------------------------------------------------------------------------------------
From Clock:  core_clk
  To Clock:  core_clk

Setup :         4721  Failing Endpoints,  Worst Slack       -3.968ns,  Total Violation    -4075.884ns
Hold  :            2  Failing Endpoints,  Worst Slack       -0.019ns,  Total Violation       -0.038ns
PW    :            0  Failing Endpoints,  Worst Slack        1.743ns,  Total Violation        0.000ns
---------------------------------------------------------------------------------------------------


Max Delay Paths
--------------------------------------------------------------------------------------
Slack (VIOLATED) :        -3.968ns  (required time - arrival time)
  Source:                 u_dut/u_frontend/g_memory_dpd.u_memory_dpd/g_lane[12].u_dpd/valid_pipe_reg[10]/C
                            (rising edge-triggered cell FDCE clocked by core_clk  {rise@0.000ns fall@2.286ns period=4.571ns})
  Destination:            u_dut/u_frontend/u_interp_2/s0_q_vec_reg[224]/CE
                            (rising edge-triggered cell FDRE clocked by core_clk  {rise@0.000ns fall@2.286ns period=4.571ns})
  Path Group:             core_clk
  Path Type:              Setup (Max at Slow Process Corner)
  Requirement:            4.571ns  (core_clk rise@4.571ns - core_clk rise@0.000ns)
  Data Path Delay:        8.433ns  (logic 0.371ns (4.399%)  route 8.062ns (95.601%))
  Logic Levels:           3  (LUT2=1 LUT6=2)
  Clock Path Skew:        -0.009ns (DCD - SCD + CPR)
    Destination Clock Delay (DCD):    0.021ns = ( 4.592 - 4.571 ) 
    Source Clock Delay      (SCD):    0.030ns
    Clock Pessimism Removal (CPR):    0.000ns
  Clock Uncertainty:      0.035ns  ((TSJ^2 + TIJ^2)^1/2 + DJ) / 2 + PE
    Total System Jitter     (TSJ):    0.071ns
    Total Input Jitter      (TIJ):    0.000ns
    Discrete Jitter          (DJ):    0.000ns
    Phase Error              (PE):    0.000ns

    Location             Delay type                Incr(ns)  Path(ns)    Netlist Resource(s)
  -------------------------------------------------------------------    -------------------
                         (clock core_clk rise edge)
                                                      0.000     0.000 r  
                                                      0.000     0.000 r  clk218 (IN)
                         net (fo=113471, unset)       0.030     0.030    u_dut/u_frontend/g_memory_dpd.u_memory_dpd/g_lane[12].u_dpd/clk
    SLICE_X79Y79         FDCE                                         r  u_dut/u_frontend/g_memory_dpd.u_memory_dpd/g_lane[12].u_dpd/valid_pipe_reg[10]/C
  -------------------------------------------------------------------    -------------------
    SLICE_X79Y79         FDCE (Prop_DFF2_SLICEM_C_Q)
                                                      0.080     0.110 r  u_dut/u_frontend/g_memory_dpd.u_memory_dpd/g_lane[12].u_dpd/valid_pipe_reg[10]/Q
                         net (fo=1, routed)           0.725     0.835    u_dut/u_frontend/g_memory_dpd.u_memory_dpd/lane_out_valid[12]
    SLICE_X73Y127        LUT6 (Prop_F6LUT_SLICEM_I0_O)
                                                      0.148     0.983 r  u_dut/u_frontend/g_memory_dpd.u_memory_dpd/out_valid_INST_0_i_1/O
                         net (fo=1, routed)           1.465     2.448    u_dut/u_frontend/g_memory_dpd.u_memory_dpd/out_valid_INST_0_i_1_n_0
    SLICE_X72Y311        LUT6 (Prop_H6LUT_SLICEL_I0_O)
                                                      0.090     2.538 r  u_dut/u_frontend/g_memory_dpd.u_memory_dpd/out_valid_INST_0/O
                         net (fo=98, routed)          1.544     4.082    u_dut/u_frontend/u_interp_2/in_valid
    SLICE_X93Y237        LUT2 (Prop_H6LUT_SLICEM_I0_O)
                                                      0.053     4.135 r  u_dut/u_frontend/u_interp_2/p_interp.(null)[0].value_i_1/O
                         net (fo=672, routed)         4.329     8.463    u_dut/u_frontend/u_interp_2/s0_history_i
    SLICE_X79Y115        FDRE                                         r  u_dut/u_frontend/u_interp_2/s0_q_vec_reg[224]/CE
  -------------------------------------------------------------------    -------------------

                         (clock core_clk rise edge)
                                                      4.571     4.571 r  
                                                      0.000     4.571 r  clk218 (IN)
                         net (fo=113471, unset)       0.021     4.592    u_dut/u_frontend/u_interp_2/clk
    SLICE_X79Y115        FDRE                                         r  u_dut/u_frontend/u_interp_2/s0_q_vec_reg[224]/C
                         clock pessimism              0.000     4.592    
                         clock uncertainty           -0.035     4.557    
    SLICE_X79Y115        FDRE (Setup_AFF_SLICEM_C_CE)
                                                     -0.061     4.496    u_dut/u_frontend/u_interp_2/s0_q_vec_reg[224]
  -------------------------------------------------------------------
                         required time                          4.496    
                         arrival time                          -8.463    
  -------------------------------------------------------------------
                         slack                                 -3.968    





Min Delay Paths
--------------------------------------------------------------------------------------
Slack (VIOLATED) :        -0.019ns  (arrival time - required time)
  Source:                 u_dut/u_frontend/g_memory_dpd.u_memory_dpd/g_lane[13].u_dpd/c1_im_s0_reg[1][15]/C
                            (rising edge-triggered cell FDRE clocked by core_clk  {rise@0.000ns fall@2.286ns period=4.571ns})
  Destination:            u_dut/u_frontend/g_memory_dpd.u_memory_dpd/g_lane[13].u_dpd/c1_im_s3_reg[1][15]_srl3/D
                            (rising edge-triggered cell SRL16E clocked by core_clk  {rise@0.000ns fall@2.286ns period=4.571ns})
  Path Group:             core_clk
  Path Type:              Hold (Min at Fast Process Corner)
  Requirement:            0.000ns  (core_clk rise@0.000ns - core_clk rise@0.000ns)
  Data Path Delay:        0.069ns  (logic 0.038ns (55.072%)  route 0.031ns (44.928%))
  Logic Levels:           0  
  Clock Path Skew:        0.026ns (DCD - SCD - CPR)
    Destination Clock Delay (DCD):    0.039ns
    Source Clock Delay      (SCD):    0.013ns
    Clock Pessimism Removal (CPR):    -0.000ns

    Location             Delay type                Incr(ns)  Path(ns)    Netlist Resource(s)
  -------------------------------------------------------------------    -------------------
                         (clock core_clk rise edge)
                                                      0.000     0.000 r  
                                                      0.000     0.000 r  clk218 (IN)
                         net (fo=113471, unset)       0.013     0.013    u_dut/u_frontend/g_memory_dpd.u_memory_dpd/g_lane[13].u_dpd/clk
    SLICE_X79Y93         FDRE                                         r  u_dut/u_frontend/g_memory_dpd.u_memory_dpd/g_lane[13].u_dpd/c1_im_s0_reg[1][15]/C
  -------------------------------------------------------------------    -------------------
    SLICE_X79Y93         FDRE (Prop_CFF_SLICEM_C_Q)
                                                      0.038     0.051 r  u_dut/u_frontend/g_memory_dpd.u_memory_dpd/g_lane[13].u_dpd/c1_im_s0_reg[1][15]/Q
                         net (fo=1, routed)           0.031     0.082    u_dut/u_frontend/g_memory_dpd.u_memory_dpd/g_lane[13].u_dpd/c1_im_s0_reg_n_0_[1][15]
    SLICE_X79Y92         SRL16E                                       r  u_dut/u_frontend/g_memory_dpd.u_memory_dpd/g_lane[13].u_dpd/c1_im_s3_reg[1][15]_srl3/D
  -------------------------------------------------------------------    -------------------

                         (clock core_clk rise edge)
                                                      0.000     0.000 r  
                                                      0.000     0.000 r  clk218 (IN)
                         net (fo=113471, unset)       0.039     0.039    u_dut/u_frontend/g_memory_dpd.u_memory_dpd/g_lane[13].u_dpd/clk
    SLICE_X79Y92         SRL16E                                       r  u_dut/u_frontend/g_memory_dpd.u_memory_dpd/g_lane[13].u_dpd/c1_im_s3_reg[1][15]_srl3/CLK
                         clock pessimism              0.000     0.039    
    SLICE_X79Y92         SRL16E (Hold_H5LUT_SLICEM_CLK_D)
                                                      0.062     0.101    u_dut/u_frontend/g_memory_dpd.u_memory_dpd/g_lane[13].u_dpd/c1_im_s3_reg[1][15]_srl3
  -------------------------------------------------------------------
                         required time                         -0.101    
                         arrival time                           0.082    
  -------------------------------------------------------------------
                         slack                                 -0.019    





Pulse Width Checks
--------------------------------------------------------------------------------------
Clock Name:         core_clk
Waveform(ns):       { 0.000 2.286 }
Period(ns):         4.571
Sources:            { clk218 }

Check Type        Corner  Lib Pin             Reference Pin  Required(ns)  Actual(ns)  Slack(ns)  Location      Pin
Min Period        n/a     RAMB36E2/CLKARDCLK  n/a            1.355         4.571       3.216      RAMB36_X5Y33  u_dut/u_cdc/g_xpm_fifo.u_async_fifo/u_xpm_fifo_async/gnuram_async_fifo.xpm_fifo_base_inst/gen_sdpram.xpm_memory_base_inst/gen_wr_a.gen_word_narrow.mem_reg_0/CLKARDCLK
Low Pulse Width   Slow    RAMB36E2/CLKARDCLK  n/a            0.542         2.285       1.743      RAMB36_X5Y33  u_dut/u_cdc/g_xpm_fifo.u_async_fifo/u_xpm_fifo_async/gnuram_async_fifo.xpm_fifo_base_inst/gen_sdpram.xpm_memory_base_inst/gen_wr_a.gen_word_narrow.mem_reg_0/CLKARDCLK
High Pulse Width  Slow    RAMB36E2/CLKARDCLK  n/a            0.542         2.286       1.744      RAMB36_X5Y33  u_dut/u_cdc/g_xpm_fifo.u_async_fifo/u_xpm_fifo_async/gnuram_async_fifo.xpm_fifo_base_inst/gen_sdpram.xpm_memory_base_inst/gen_wr_a.gen_word_narrow.mem_reg_0/CLKARDCLK



---------------------------------------------------------------------------------------------------
From Clock:  s_axis_aclk
  To Clock:  s_axis_aclk

Setup :            0  Failing Endpoints,  Worst Slack        5.696ns,  Total Violation        0.000ns
Hold  :            0  Failing Endpoints,  Worst Slack        0.041ns,  Total Violation        0.000ns
PW    :            0  Failing Endpoints,  Worst Slack        3.458ns,  Total Violation        0.000ns
---------------------------------------------------------------------------------------------------


Max Delay Paths
--------------------------------------------------------------------------------------
Slack (MET) :             5.696ns  (required time - arrival time)
  Source:                 u_dut/u_cdc/g_xpm_fifo.u_async_fifo/u_xpm_fifo_async/gnuram_async_fifo.xpm_fifo_base_inst/xpm_fifo_rst_inst/gen_rst_ic.wr_rst_busy_ic_reg/C
                            (rising edge-triggered cell FDRE clocked by s_axis_aclk  {rise@0.000ns fall@4.000ns period=8.000ns})
  Destination:            u_dut/u_cdc/g_xpm_fifo.u_async_fifo/u_xpm_fifo_async/gnuram_async_fifo.xpm_fifo_base_inst/gen_sdpram.xpm_memory_base_inst/gen_wr_a.gen_word_narrow.mem_reg_1/WEBWE[5]
                            (rising edge-triggered cell RAMB36E2 clocked by s_axis_aclk  {rise@0.000ns fall@4.000ns period=8.000ns})
  Path Group:             s_axis_aclk
  Path Type:              Setup (Max at Slow Process Corner)
  Requirement:            8.000ns  (s_axis_aclk rise@8.000ns - s_axis_aclk rise@0.000ns)
  Data Path Delay:        1.885ns  (logic 0.306ns (16.237%)  route 1.579ns (83.763%))
  Logic Levels:           3  (LUT2=1 LUT4=2)
  Clock Path Skew:        0.010ns (DCD - SCD + CPR)
    Destination Clock Delay (DCD):    0.040ns = ( 8.040 - 8.000 ) 
    Source Clock Delay      (SCD):    0.030ns
    Clock Pessimism Removal (CPR):    0.000ns
  Clock Uncertainty:      0.035ns  ((TSJ^2 + TIJ^2)^1/2 + DJ) / 2 + PE
    Total System Jitter     (TSJ):    0.071ns
    Total Input Jitter      (TIJ):    0.000ns
    Discrete Jitter          (DJ):    0.000ns
    Phase Error              (PE):    0.000ns

    Location             Delay type                Incr(ns)  Path(ns)    Netlist Resource(s)
  -------------------------------------------------------------------    -------------------
                         (clock s_axis_aclk rise edge)
                                                      0.000     0.000 r  
                                                      0.000     0.000 r  clk125 (IN)
                         net (fo=64, unset)           0.030     0.030    u_dut/u_cdc/g_xpm_fifo.u_async_fifo/u_xpm_fifo_async/gnuram_async_fifo.xpm_fifo_base_inst/xpm_fifo_rst_inst/wr_clk
    SLICE_X64Y163        FDRE                                         r  u_dut/u_cdc/g_xpm_fifo.u_async_fifo/u_xpm_fifo_async/gnuram_async_fifo.xpm_fifo_base_inst/xpm_fifo_rst_inst/gen_rst_ic.wr_rst_busy_ic_reg/C
  -------------------------------------------------------------------    -------------------
    SLICE_X64Y163        FDRE (Prop_AFF_SLICEM_C_Q)
                                                      0.077     0.107 f  u_dut/u_cdc/g_xpm_fifo.u_async_fifo/u_xpm_fifo_async/gnuram_async_fifo.xpm_fifo_base_inst/xpm_fifo_rst_inst/gen_rst_ic.wr_rst_busy_ic_reg/Q
                         net (fo=22, routed)          0.384     0.491    u_dut/u_cdc/g_xpm_fifo.u_async_fifo/u_xpm_fifo_async/gnuram_async_fifo.xpm_fifo_base_inst/wrst_busy
    SLICE_X56Y159        LUT2 (Prop_C5LUT_SLICEL_I0_O)
                                                      0.068     0.559 f  u_dut/u_cdc/g_xpm_fifo.u_async_fifo/u_xpm_fifo_async/gnuram_async_fifo.xpm_fifo_base_inst/wr_rst_busy_INST_0/O
                         net (fo=2, routed)           0.162     0.721    u_dut/u_cdc/g_xpm_fifo.u_async_fifo/wr_rst_busy
    SLICE_X56Y159        LUT4 (Prop_B5LUT_SLICEL_I3_O)
                                                      0.073     0.794 r  u_dut/u_cdc/g_xpm_fifo.u_async_fifo/u_xpm_fifo_async_i_2/O
                         net (fo=1, routed)           0.162     0.956    u_dut/u_cdc/g_xpm_fifo.u_async_fifo/u_xpm_fifo_async/gnuram_async_fifo.xpm_fifo_base_inst/wr_en
    SLICE_X56Y159        LUT4 (Prop_C6LUT_SLICEL_I0_O)
                                                      0.088     1.044 r  u_dut/u_cdc/g_xpm_fifo.u_async_fifo/u_xpm_fifo_async/gnuram_async_fifo.xpm_fifo_base_inst/gen_sdpram.xpm_memory_base_inst_i_1/O
                         net (fo=66, routed)          0.871     1.915    u_dut/u_cdc/g_xpm_fifo.u_async_fifo/u_xpm_fifo_async/gnuram_async_fifo.xpm_fifo_base_inst/gen_sdpram.xpm_memory_base_inst/wea[0]
    RAMB36_X5Y35         RAMB36E2                                     r  u_dut/u_cdc/g_xpm_fifo.u_async_fifo/u_xpm_fifo_async/gnuram_async_fifo.xpm_fifo_base_inst/gen_sdpram.xpm_memory_base_inst/gen_wr_a.gen_word_narrow.mem_reg_1/WEBWE[5]
  -------------------------------------------------------------------    -------------------

                         (clock s_axis_aclk rise edge)
                                                      8.000     8.000 r  
                                                      0.000     8.000 r  clk125 (IN)
                         net (fo=64, unset)           0.040     8.040    u_dut/u_cdc/g_xpm_fifo.u_async_fifo/u_xpm_fifo_async/gnuram_async_fifo.xpm_fifo_base_inst/gen_sdpram.xpm_memory_base_inst/clka
    RAMB36_X5Y35         RAMB36E2                                     r  u_dut/u_cdc/g_xpm_fifo.u_async_fifo/u_xpm_fifo_async/gnuram_async_fifo.xpm_fifo_base_inst/gen_sdpram.xpm_memory_base_inst/gen_wr_a.gen_word_narrow.mem_reg_1/CLKBWRCLK
                         clock pessimism              0.000     8.040    
                         clock uncertainty           -0.035     8.005    
    RAMB36_X5Y35         RAMB36E2 (Setup_RAMB36E2_RAMB36_CLKBWRCLK_WEBWE[5])
                                                     -0.394     7.611    u_dut/u_cdc/g_xpm_fifo.u_async_fifo/u_xpm_fifo_async/gnuram_async_fifo.xpm_fifo_base_inst/gen_sdpram.xpm_memory_base_inst/gen_wr_a.gen_word_narrow.mem_reg_1
  -------------------------------------------------------------------
                         required time                          7.611    
                         arrival time                          -1.915    
  -------------------------------------------------------------------
                         slack                                  5.696    





Min Delay Paths
--------------------------------------------------------------------------------------
Slack (MET) :             0.041ns  (arrival time - required time)
  Source:                 u_dut/u_cdc/g_xpm_fifo.u_async_fifo/u_xpm_fifo_async/gnuram_async_fifo.xpm_fifo_base_inst/wrpp2_inst/count_value_i_reg[2]/C
                            (rising edge-triggered cell FDRE clocked by s_axis_aclk  {rise@0.000ns fall@4.000ns period=8.000ns})
  Destination:            u_dut/u_cdc/g_xpm_fifo.u_async_fifo/u_xpm_fifo_async/gnuram_async_fifo.xpm_fifo_base_inst/wrpp2_inst/count_value_i_reg[3]/D
                            (rising edge-triggered cell FDRE clocked by s_axis_aclk  {rise@0.000ns fall@4.000ns period=8.000ns})
  Path Group:             s_axis_aclk
  Path Type:              Hold (Min at Fast Process Corner)
  Requirement:            0.000ns  (s_axis_aclk rise@0.000ns - s_axis_aclk rise@0.000ns)
  Data Path Delay:        0.094ns  (logic 0.059ns (62.978%)  route 0.035ns (37.022%))
  Logic Levels:           1  (LUT4=1)
  Clock Path Skew:        0.006ns (DCD - SCD - CPR)
    Destination Clock Delay (DCD):    0.018ns
    Source Clock Delay      (SCD):    0.012ns
    Clock Pessimism Removal (CPR):    -0.000ns

    Location             Delay type                Incr(ns)  Path(ns)    Netlist Resource(s)
  -------------------------------------------------------------------    -------------------
                         (clock s_axis_aclk rise edge)
                                                      0.000     0.000 r  
                                                      0.000     0.000 r  clk125 (IN)
                         net (fo=64, unset)           0.012     0.012    u_dut/u_cdc/g_xpm_fifo.u_async_fifo/u_xpm_fifo_async/gnuram_async_fifo.xpm_fifo_base_inst/wrpp2_inst/clk
    SLICE_X56Y155        FDRE                                         r  u_dut/u_cdc/g_xpm_fifo.u_async_fifo/u_xpm_fifo_async/gnuram_async_fifo.xpm_fifo_base_inst/wrpp2_inst/count_value_i_reg[2]/C
  -------------------------------------------------------------------    -------------------
    SLICE_X56Y155        FDRE (Prop_AFF_SLICEL_C_Q)
                                                      0.039     0.051 r  u_dut/u_cdc/g_xpm_fifo.u_async_fifo/u_xpm_fifo_async/gnuram_async_fifo.xpm_fifo_base_inst/wrpp2_inst/count_value_i_reg[2]/Q
                         net (fo=3, routed)           0.028     0.079    u_dut/u_cdc/g_xpm_fifo.u_async_fifo/u_xpm_fifo_async/gnuram_async_fifo.xpm_fifo_base_inst/wrpp2_inst/count_value[2]
    SLICE_X56Y155        LUT4 (Prop_A5LUT_SLICEL_I3_O)
                                                      0.020     0.099 r  u_dut/u_cdc/g_xpm_fifo.u_async_fifo/u_xpm_fifo_async/gnuram_async_fifo.xpm_fifo_base_inst/wrpp2_inst/count_value_i[3]_i_1/O
                         net (fo=1, routed)           0.007     0.106    u_dut/u_cdc/g_xpm_fifo.u_async_fifo/u_xpm_fifo_async/gnuram_async_fifo.xpm_fifo_base_inst/wrpp2_inst/count_value_i[3]_i_1_n_0
    SLICE_X56Y155        FDRE                                         r  u_dut/u_cdc/g_xpm_fifo.u_async_fifo/u_xpm_fifo_async/gnuram_async_fifo.xpm_fifo_base_inst/wrpp2_inst/count_value_i_reg[3]/D
  -------------------------------------------------------------------    -------------------

                         (clock s_axis_aclk rise edge)
                                                      0.000     0.000 r  
                                                      0.000     0.000 r  clk125 (IN)
                         net (fo=64, unset)           0.018     0.018    u_dut/u_cdc/g_xpm_fifo.u_async_fifo/u_xpm_fifo_async/gnuram_async_fifo.xpm_fifo_base_inst/wrpp2_inst/clk
    SLICE_X56Y155        FDRE                                         r  u_dut/u_cdc/g_xpm_fifo.u_async_fifo/u_xpm_fifo_async/gnuram_async_fifo.xpm_fifo_base_inst/wrpp2_inst/count_value_i_reg[3]/C
                         clock pessimism              0.000     0.018    
    SLICE_X56Y155        FDRE (Hold_AFF2_SLICEL_C_D)
                                                      0.047     0.065    u_dut/u_cdc/g_xpm_fifo.u_async_fifo/u_xpm_fifo_async/gnuram_async_fifo.xpm_fifo_base_inst/wrpp2_inst/count_value_i_reg[3]
  -------------------------------------------------------------------
                         required time                         -0.065    
                         arrival time                           0.106    
  -------------------------------------------------------------------
                         slack                                  0.041    





Pulse Width Checks
--------------------------------------------------------------------------------------
Clock Name:         s_axis_aclk
Waveform(ns):       { 0.000 4.000 }
Period(ns):         8.000
Sources:            { clk125 }

Check Type        Corner  Lib Pin             Reference Pin  Required(ns)  Actual(ns)  Slack(ns)  Location      Pin
Min Period        n/a     RAMB36E2/CLKBWRCLK  n/a            1.355         8.000       6.645      RAMB36_X5Y33  u_dut/u_cdc/g_xpm_fifo.u_async_fifo/u_xpm_fifo_async/gnuram_async_fifo.xpm_fifo_base_inst/gen_sdpram.xpm_memory_base_inst/gen_wr_a.gen_word_narrow.mem_reg_0/CLKBWRCLK
Low Pulse Width   Slow    RAMB36E2/CLKBWRCLK  n/a            0.542         4.000       3.458      RAMB36_X5Y33  u_dut/u_cdc/g_xpm_fifo.u_async_fifo/u_xpm_fifo_async/gnuram_async_fifo.xpm_fifo_base_inst/gen_sdpram.xpm_memory_base_inst/gen_wr_a.gen_word_narrow.mem_reg_0/CLKBWRCLK
High Pulse Width  Slow    RAMB36E2/CLKBWRCLK  n/a            0.542         4.000       3.458      RAMB36_X5Y33  u_dut/u_cdc/g_xpm_fifo.u_async_fifo/u_xpm_fifo_async/gnuram_async_fifo.xpm_fifo_base_inst/gen_sdpram.xpm_memory_base_inst/gen_wr_a.gen_word_narrow.mem_reg_0/CLKBWRCLK



---------------------------------------------------------------------------------------------------
Path Group:  **async_default**
From Clock:  core_clk
  To Clock:  core_clk

Setup :            0  Failing Endpoints,  Worst Slack        2.690ns,  Total Violation        0.000ns
Hold  :            0  Failing Endpoints,  Worst Slack        0.285ns,  Total Violation        0.000ns
---------------------------------------------------------------------------------------------------


Max Delay Paths
--------------------------------------------------------------------------------------
Slack (MET) :             2.690ns  (required time - arrival time)
  Source:                 u_dut/u_cdc/u_c_reset/sync_q_reg[1]/C
                            (rising edge-triggered cell FDCE clocked by core_clk  {rise@0.000ns fall@2.286ns period=4.571ns})
  Destination:            u_dut/u_cdc/out_q_q_reg[1]/CLR
                            (recovery check against rising-edge clock core_clk  {rise@0.000ns fall@2.286ns period=4.571ns})
  Path Group:             **async_default**
  Path Type:              Recovery (Max at Slow Process Corner)
  Requirement:            4.571ns  (core_clk rise@4.571ns - core_clk rise@0.000ns)
  Data Path Delay:        1.772ns  (logic 0.203ns (11.454%)  route 1.569ns (88.546%))
  Logic Levels:           1  (LUT1=1)
  Clock Path Skew:        -0.007ns (DCD - SCD + CPR)
    Destination Clock Delay (DCD):    0.021ns = ( 4.592 - 4.571 ) 
    Source Clock Delay      (SCD):    0.028ns
    Clock Pessimism Removal (CPR):    0.000ns
  Clock Uncertainty:      0.035ns  ((TSJ^2 + TIJ^2)^1/2 + DJ) / 2 + PE
    Total System Jitter     (TSJ):    0.071ns
    Total Input Jitter      (TIJ):    0.000ns
    Discrete Jitter          (DJ):    0.000ns
    Phase Error              (PE):    0.000ns

    Location             Delay type                Incr(ns)  Path(ns)    Netlist Resource(s)
  -------------------------------------------------------------------    -------------------
                         (clock core_clk rise edge)
                                                      0.000     0.000 r  
                                                      0.000     0.000 r  clk218 (IN)
                         net (fo=113471, unset)       0.028     0.028    u_dut/u_cdc/u_c_reset/clk
    SLICE_X50Y159        FDCE                                         r  u_dut/u_cdc/u_c_reset/sync_q_reg[1]/C
  -------------------------------------------------------------------    -------------------
    SLICE_X50Y159        FDCE (Prop_AFF2_SLICEL_C_Q)
                                                      0.081     0.109 r  u_dut/u_cdc/u_c_reset/sync_q_reg[1]/Q
                         net (fo=1, routed)           0.185     0.294    u_dut/u_cdc/c_rst_n
    SLICE_X50Y159        LUT1 (Prop_D6LUT_SLICEL_I0_O)
                                                      0.122     0.416 f  u_dut/u_cdc/out_valid_q_i_2/O
                         net (fo=618, routed)         1.384     1.800    u_dut/u_cdc/out_valid_q_i_2_n_0
    SLICE_X40Y146        FDCE                                         f  u_dut/u_cdc/out_q_q_reg[1]/CLR
  -------------------------------------------------------------------    -------------------

                         (clock core_clk rise edge)
                                                      4.571     4.571 r  
                                                      0.000     4.571 r  clk218 (IN)
                         net (fo=113471, unset)       0.021     4.592    u_dut/u_cdc/core_clk
    SLICE_X40Y146        FDCE                                         r  u_dut/u_cdc/out_q_q_reg[1]/C
                         clock pessimism              0.000     4.592    
                         clock uncertainty           -0.035     4.557    
    SLICE_X40Y146        FDCE (Recov_DFF_SLICEM_C_CLR)
                                                     -0.066     4.491    u_dut/u_cdc/out_q_q_reg[1]
  -------------------------------------------------------------------
                         required time                          4.491    
                         arrival time                          -1.800    
  -------------------------------------------------------------------
                         slack                                  2.690    





Min Delay Paths
--------------------------------------------------------------------------------------
Slack (MET) :             0.285ns  (arrival time - required time)
  Source:                 u_dut/u_cdc/u_c_reset/sync_q_reg[1]/C
                            (rising edge-triggered cell FDCE clocked by core_clk  {rise@0.000ns fall@2.286ns period=4.571ns})
  Destination:            u_dut/u_cdc/out_frame_gain_q_reg[10]/CLR
                            (removal check against rising-edge clock core_clk  {rise@0.000ns fall@2.286ns period=4.571ns})
  Path Group:             **async_default**
  Path Type:              Removal (Min at Fast Process Corner)
  Requirement:            0.000ns  (core_clk rise@0.000ns - core_clk rise@0.000ns)
  Data Path Delay:        0.272ns  (logic 0.090ns (33.145%)  route 0.182ns (66.855%))
  Logic Levels:           1  (LUT1=1)
  Clock Path Skew:        0.007ns (DCD - SCD - CPR)
    Destination Clock Delay (DCD):    0.019ns
    Source Clock Delay      (SCD):    0.012ns
    Clock Pessimism Removal (CPR):    -0.000ns

    Location             Delay type                Incr(ns)  Path(ns)    Netlist Resource(s)
  -------------------------------------------------------------------    -------------------
                         (clock core_clk rise edge)
                                                      0.000     0.000 r  
                                                      0.000     0.000 r  clk218 (IN)
                         net (fo=113471, unset)       0.012     0.012    u_dut/u_cdc/u_c_reset/clk
    SLICE_X50Y159        FDCE                                         r  u_dut/u_cdc/u_c_reset/sync_q_reg[1]/C
  -------------------------------------------------------------------    -------------------
    SLICE_X50Y159        FDCE (Prop_AFF2_SLICEL_C_Q)
                                                      0.040     0.052 r  u_dut/u_cdc/u_c_reset/sync_q_reg[1]/Q
                         net (fo=1, routed)           0.075     0.127    u_dut/u_cdc/c_rst_n
    SLICE_X50Y159        LUT1 (Prop_D6LUT_SLICEL_I0_O)
                                                      0.050     0.177 f  u_dut/u_cdc/out_valid_q_i_2/O
                         net (fo=618, routed)         0.107     0.284    u_dut/u_cdc/out_valid_q_i_2_n_0
    SLICE_X49Y160        FDCE                                         f  u_dut/u_cdc/out_frame_gain_q_reg[10]/CLR
  -------------------------------------------------------------------    -------------------

                         (clock core_clk rise edge)
                                                      0.000     0.000 r  
                                                      0.000     0.000 r  clk218 (IN)
                         net (fo=113471, unset)       0.019     0.019    u_dut/u_cdc/core_clk
    SLICE_X49Y160        FDCE                                         r  u_dut/u_cdc/out_frame_gain_q_reg[10]/C
                         clock pessimism              0.000     0.019    
    SLICE_X49Y160        FDCE (Remov_HFF_SLICEM_C_CLR)
                                                     -0.020    -0.001    u_dut/u_cdc/out_frame_gain_q_reg[10]
  -------------------------------------------------------------------
                         required time                          0.001    
                         arrival time                           0.284    
  -------------------------------------------------------------------
                         slack                                  0.285    





