Copyright 1986-2022 Xilinx, Inc. All Rights Reserved. Copyright 2022-2024 Advanced Micro Devices, Inc. All Rights Reserved.
------------------------------------------------------------------------------------------------------------------------------------------------------------------
| Tool Version      : Vivado v.2024.1 (win64) Build 5076996 Wed May 22 18:37:14 MDT 2024
| Date              : Thu Jul  2 22:17:48 2026
| Host              : LAPTOP-KNBVGAN8 running 64-bit major release  (build 9200)
| Command           : report_timing_summary -file E:/workspace/chip/dsm_ip/syn/reports/ooc_xczu48dr_ffvg1517_2_e_20260702_215711/p0_ooc_mash11/timing_summary.rpt
| Design            : p0_ooc_mash11
| Device            : xczu48dr-ffvg1517
| Speed File        : -2  PRODUCTION 1.32 01-31-2021
| Design State      : Routed
| Temperature Grade : E
------------------------------------------------------------------------------------------------------------------------------------------------------------------

Timing Summary Report

------------------------------------------------------------------------------------------------
| Timer Settings
| --------------
------------------------------------------------------------------------------------------------

  Enable Multi Corner Analysis               :  Yes
  Enable Pessimism Removal                   :  Yes
  Pessimism Removal Resolution               :  Nearest Common Node
  Enable Input Delay Default Clock           :  No
  Enable Preset / Clear Arcs                 :  No
  Disable Flight Delays                      :  No
  Ignore I/O Paths                           :  No
  Timing Early Launch at Borrowing Latches   :  No
  Borrow Time for Max Delay Exceptions       :  Yes
  Merge Timing Exceptions                    :  Yes
  Inter-SLR Compensation                     :  Conservative

  Corner  Analyze    Analyze    
  Name    Max Paths  Min Paths  
  ------  ---------  ---------  
  Slow    Yes        Yes        
  Fast    Yes        Yes        


------------------------------------------------------------------------------------------------
| Report Methodology
| ------------------
------------------------------------------------------------------------------------------------

No report available as report_methodology has not been run prior. Run report_methodology on the current design for the summary of methodology violations.



check_timing report

Table of Contents
-----------------
1. checking no_clock (0)
2. checking constant_clock (0)
3. checking pulse_width_clock (0)
4. checking unconstrained_internal_endpoints (0)
5. checking no_input_delay (34)
6. checking no_output_delay (17)
7. checking multiple_clock (0)
8. checking generated_clocks (0)
9. checking loops (0)
10. checking partial_input_delay (0)
11. checking partial_output_delay (0)
12. checking latch_loops (0)

1. checking no_clock (0)
------------------------
 There are 0 register/latch pins with no clock.


2. checking constant_clock (0)
------------------------------
 There are 0 register/latch pins with constant_clock.


3. checking pulse_width_clock (0)
---------------------------------
 There are 0 register/latch pins which need pulse_width check


4. checking unconstrained_internal_endpoints (0)
------------------------------------------------
 There are 0 pins that are not constrained for maximum delay.

 There are 0 pins that are not constrained for maximum delay due to constant clock.


5. checking no_input_delay (34)
-------------------------------
 There are 0 input ports with no input delay specified.

 There are 34 input ports with no input delay but user has a false path constraint. (MEDIUM)


6. checking no_output_delay (17)
--------------------------------
 There are 0 ports with no output delay specified.

 There are 17 ports with no output delay but user has a false path constraint (MEDIUM)

 There are 0 ports with no output delay but with a timing clock defined on it or propagating through it


7. checking multiple_clock (0)
------------------------------
 There are 0 register/latch pins with multiple clocks.


8. checking generated_clocks (0)
--------------------------------
 There are 0 generated clocks that are not connected to a clock source.


9. checking loops (0)
---------------------
 There are 0 combinational loops in the design.


10. checking partial_input_delay (0)
------------------------------------
 There are 0 input ports with partial input delay specified.


11. checking partial_output_delay (0)
-------------------------------------
 There are 0 ports with partial output delay specified.


12. checking latch_loops (0)
----------------------------
 There are 0 combinational latch loops in the design through latch input



------------------------------------------------------------------------------------------------
| Design Timing Summary
| ---------------------
------------------------------------------------------------------------------------------------

    WNS(ns)      TNS(ns)  TNS Failing Endpoints  TNS Total Endpoints      WHS(ns)      THS(ns)  THS Failing Endpoints  THS Total Endpoints     WPWS(ns)     TPWS(ns)  TPWS Failing Endpoints  TPWS Total Endpoints  
    -------      -------  ---------------------  -------------------      -------      -------  ---------------------  -------------------     --------     --------  ----------------------  --------------------  
      5.764        0.000                      0                   92        0.054        0.000                      0                   92        4.725        0.000                       0                    88  


All user specified timing constraints are met.


------------------------------------------------------------------------------------------------
| Clock Summary
| -------------
------------------------------------------------------------------------------------------------

Clock  Waveform(ns)       Period(ns)      Frequency(MHz)
-----  ------------       ----------      --------------
clk    {0.000 5.000}      10.000          100.000         


------------------------------------------------------------------------------------------------
| Intra Clock Table
| -----------------
------------------------------------------------------------------------------------------------

Clock             WNS(ns)      TNS(ns)  TNS Failing Endpoints  TNS Total Endpoints      WHS(ns)      THS(ns)  THS Failing Endpoints  THS Total Endpoints     WPWS(ns)     TPWS(ns)  TPWS Failing Endpoints  TPWS Total Endpoints  
-----             -------      -------  ---------------------  -------------------      -------      -------  ---------------------  -------------------     --------     --------  ----------------------  --------------------  
clk                 5.764        0.000                      0                   92        0.054        0.000                      0                   92        4.725        0.000                       0                    88  


------------------------------------------------------------------------------------------------
| Inter Clock Table
| -----------------
------------------------------------------------------------------------------------------------

From Clock    To Clock          WNS(ns)      TNS(ns)  TNS Failing Endpoints  TNS Total Endpoints      WHS(ns)      THS(ns)  THS Failing Endpoints  THS Total Endpoints  
----------    --------          -------      -------  ---------------------  -------------------      -------      -------  ---------------------  -------------------  


------------------------------------------------------------------------------------------------
| Other Path Groups Table
| -----------------------
------------------------------------------------------------------------------------------------

Path Group    From Clock    To Clock          WNS(ns)      TNS(ns)  TNS Failing Endpoints  TNS Total Endpoints      WHS(ns)      THS(ns)  THS Failing Endpoints  THS Total Endpoints  
----------    ----------    --------          -------      -------  ---------------------  -------------------      -------      -------  ---------------------  -------------------  


------------------------------------------------------------------------------------------------
| Timing Details
| --------------
------------------------------------------------------------------------------------------------


---------------------------------------------------------------------------------------------------
From Clock:  clk
  To Clock:  clk

Setup :            0  Failing Endpoints,  Worst Slack        5.764ns,  Total Violation        0.000ns
Hold  :            0  Failing Endpoints,  Worst Slack        0.054ns,  Total Violation        0.000ns
PW    :            0  Failing Endpoints,  Worst Slack        4.725ns,  Total Violation        0.000ns
---------------------------------------------------------------------------------------------------


Max Delay Paths
--------------------------------------------------------------------------------------
Slack (MET) :             5.764ns  (required time - arrival time)
  Source:                 u_q/e1_state_reg[0]/C
                            (rising edge-triggered cell FDCE clocked by clk  {rise@0.000ns fall@5.000ns period=10.000ns})
  Destination:            u_q/e2_state_reg[16]/D
                            (rising edge-triggered cell FDCE clocked by clk  {rise@0.000ns fall@5.000ns period=10.000ns})
  Path Group:             clk
  Path Type:              Setup (Max at Slow Process Corner)
  Requirement:            10.000ns  (clk rise@10.000ns - clk rise@0.000ns)
  Data Path Delay:        4.217ns  (logic 2.008ns (47.617%)  route 2.209ns (52.383%))
  Logic Levels:           17  (CARRY8=11 LUT2=4 LUT3=1 LUT4=1)
  Clock Path Skew:        -0.009ns (DCD - SCD + CPR)
    Destination Clock Delay (DCD):    0.021ns = ( 10.021 - 10.000 ) 
    Source Clock Delay      (SCD):    0.030ns
    Clock Pessimism Removal (CPR):    0.000ns
  Clock Uncertainty:      0.035ns  ((TSJ^2 + TIJ^2)^1/2 + DJ) / 2 + PE
    Total System Jitter     (TSJ):    0.071ns
    Total Input Jitter      (TIJ):    0.000ns
    Discrete Jitter          (DJ):    0.000ns
    Phase Error              (PE):    0.000ns

    Location             Delay type                Incr(ns)  Path(ns)    Netlist Resource(s)
  -------------------------------------------------------------------    -------------------
                         (clock clk rise edge)        0.000     0.000 r  
                                                      0.000     0.000 r  clk (IN)
                         net (fo=87, unset)           0.030     0.030    u_q/clk
    SLICE_X76Y393        FDCE                                         r  u_q/e1_state_reg[0]/C
  -------------------------------------------------------------------    -------------------
    SLICE_X76Y393        FDCE (Prop_EFF_SLICEM_C_Q)
                                                      0.076     0.106 r  u_q/e1_state_reg[0]/Q
                         net (fo=1, routed)           0.237     0.343    u_q/e1_state_reg_n_0_[0]
    SLICE_X75Y391        LUT2 (Prop_A6LUT_SLICEM_I1_O)
                                                      0.150     0.493 r  u_q/y1_int2_carry_i_8/O
                         net (fo=1, routed)           0.013     0.506    u_q/y1_int2_carry_i_8_n_0
    SLICE_X75Y391        CARRY8 (Prop_CARRY8_SLICEM_S[0]_CO[7])
                                                      0.192     0.698 r  u_q/y1_int2_carry/CO[7]
                         net (fo=1, routed)           0.026     0.724    u_q/y1_int2_carry_n_0
    SLICE_X75Y392        CARRY8 (Prop_CARRY8_SLICEM_CI_CO[7])
                                                      0.015     0.739 r  u_q/y1_int2_carry__0/CO[7]
                         net (fo=1, routed)           0.026     0.765    u_q/y1_int2_carry__0_n_0
    SLICE_X75Y393        CARRY8 (Prop_CARRY8_SLICEM_CI_O[1])
                                                      0.076     0.841 r  u_q/y1_int2_carry__1/O[1]
                         net (fo=13, routed)          0.234     1.075    u_q/y1_int2_carry__1_n_14
    SLICE_X76Y395        LUT2 (Prop_A6LUT_SLICEM_I0_O)
                                                      0.150     1.225 r  u_q/y1_int1_carry_i_3/O
                         net (fo=1, routed)           0.013     1.238    u_q/y1_int1_carry_i_3_n_0
    SLICE_X76Y395        CARRY8 (Prop_CARRY8_SLICEM_S[0]_CO[1])
                                                      0.109     1.347 f  u_q/y1_int1_carry/CO[1]
                         net (fo=38, routed)          0.561     1.907    u_q/y1_int1_carry_n_6
    SLICE_X76Y390        LUT3 (Prop_H6LUT_SLICEM_I1_O)
                                                      0.039     1.946 r  u_q/e1_state0_carry_i_1/O
                         net (fo=1, routed)           0.127     2.073    u_q/e1_state0_carry_i_1_n_0
    SLICE_X76Y391        CARRY8 (Prop_CARRY8_SLICEM_CI_CO[7])
                                                      0.153     2.226 r  u_q/e1_state0_carry/CO[7]
                         net (fo=1, routed)           0.026     2.252    u_q/e1_state0_carry_n_0
    SLICE_X76Y392        CARRY8 (Prop_CARRY8_SLICEM_CI_O[5])
                                                      0.123     2.375 r  u_q/e1_state0_carry__0/O[5]
                         net (fo=3, routed)           0.237     2.612    u_q/e1_state0_carry__0_n_10
    SLICE_X77Y392        LUT2 (Prop_G6LUT_SLICEL_I0_O)
                                                      0.089     2.701 r  u_q/y2_int2_carry__0_i_2/O
                         net (fo=1, routed)           0.008     2.709    u_q/y2_int2_carry__0_i_2_n_0
    SLICE_X77Y392        CARRY8 (Prop_CARRY8_SLICEL_S[6]_CO[7])
                                                      0.115     2.824 r  u_q/y2_int2_carry__0/CO[7]
                         net (fo=1, routed)           0.026     2.850    u_q/y2_int2_carry__0_n_0
    SLICE_X77Y393        CARRY8 (Prop_CARRY8_SLICEL_CI_O[0])
                                                      0.056     2.906 f  u_q/y2_int2_carry__1/O[0]
                         net (fo=4, routed)           0.183     3.089    u_q/y2_int2_carry__1_n_15
    SLICE_X78Y394        LUT2 (Prop_A6LUT_SLICEM_I1_O)
                                                      0.125     3.214 r  u_q/y2_int1_carry_i_3/O
                         net (fo=1, routed)           0.013     3.227    u_q/y2_int1_carry_i_3_n_0
    SLICE_X78Y394        CARRY8 (Prop_CARRY8_SLICEM_S[0]_CO[1])
                                                      0.109     3.336 r  u_q/y2_int1_carry/CO[1]
                         net (fo=37, routed)          0.412     3.748    u_q/y2_int1_carry_n_6
    SLICE_X78Y391        LUT4 (Prop_B6LUT_SLICEM_I2_O)
                                                      0.125     3.873 r  u_q/e2_state0_carry_i_16/O
                         net (fo=1, routed)           0.016     3.889    u_q/e2_state0_carry_i_16_n_0
    SLICE_X78Y391        CARRY8 (Prop_CARRY8_SLICEM_S[1]_CO[7])
                                                      0.190     4.079 r  u_q/e2_state0_carry/CO[7]
                         net (fo=1, routed)           0.026     4.105    u_q/e2_state0_carry_n_0
    SLICE_X78Y392        CARRY8 (Prop_CARRY8_SLICEM_CI_O[7])
                                                      0.116     4.221 r  u_q/e2_state0_carry__0/O[7]
                         net (fo=1, routed)           0.026     4.247    u_q/e2_state0_carry__0_n_8
    SLICE_X78Y392        FDCE                                         r  u_q/e2_state_reg[16]/D
  -------------------------------------------------------------------    -------------------

                         (clock clk rise edge)       10.000    10.000 r  
                                                      0.000    10.000 r  clk (IN)
                         net (fo=87, unset)           0.021    10.021    u_q/clk
    SLICE_X78Y392        FDCE                                         r  u_q/e2_state_reg[16]/C
                         clock pessimism              0.000    10.021    
                         clock uncertainty           -0.035     9.986    
    SLICE_X78Y392        FDCE (Setup_HFF_SLICEM_C_D)
                                                      0.025    10.011    u_q/e2_state_reg[16]
  -------------------------------------------------------------------
                         required time                         10.011    
                         arrival time                          -4.247    
  -------------------------------------------------------------------
                         slack                                  5.764    





Min Delay Paths
--------------------------------------------------------------------------------------
Slack (MET) :             0.054ns  (arrival time - required time)
  Source:                 u_duc/in_valid_d1_reg/C
                            (rising edge-triggered cell FDCE clocked by clk  {rise@0.000ns fall@5.000ns period=10.000ns})
  Destination:            u_duc/rf_valid_reg/D
                            (rising edge-triggered cell FDCE clocked by clk  {rise@0.000ns fall@5.000ns period=10.000ns})
  Path Group:             clk
  Path Type:              Hold (Min at Fast Process Corner)
  Requirement:            0.000ns  (clk rise@0.000ns - clk rise@0.000ns)
  Data Path Delay:        0.107ns  (logic 0.038ns (35.620%)  route 0.069ns (64.380%))
  Logic Levels:           0  
  Clock Path Skew:        0.006ns (DCD - SCD - CPR)
    Destination Clock Delay (DCD):    0.019ns
    Source Clock Delay      (SCD):    0.013ns
    Clock Pessimism Removal (CPR):    -0.000ns

    Location             Delay type                Incr(ns)  Path(ns)    Netlist Resource(s)
  -------------------------------------------------------------------    -------------------
                         (clock clk rise edge)        0.000     0.000 r  
                                                      0.000     0.000 r  clk (IN)
                         net (fo=87, unset)           0.013     0.013    u_duc/clk
    SLICE_X75Y400        FDCE                                         r  u_duc/in_valid_d1_reg/C
  -------------------------------------------------------------------    -------------------
    SLICE_X75Y400        FDCE (Prop_EFF_SLICEM_C_Q)
                                                      0.038     0.051 r  u_duc/in_valid_d1_reg/Q
                         net (fo=7, routed)           0.069     0.120    u_duc/in_valid_d1
    SLICE_X75Y400        FDCE                                         r  u_duc/rf_valid_reg/D
  -------------------------------------------------------------------    -------------------

                         (clock clk rise edge)        0.000     0.000 r  
                                                      0.000     0.000 r  clk (IN)
                         net (fo=87, unset)           0.019     0.019    u_duc/clk
    SLICE_X75Y400        FDCE                                         r  u_duc/rf_valid_reg/C
                         clock pessimism              0.000     0.019    
    SLICE_X75Y400        FDCE (Hold_EFF2_SLICEM_C_D)
                                                      0.047     0.066    u_duc/rf_valid_reg
  -------------------------------------------------------------------
                         required time                         -0.066    
                         arrival time                           0.120    
  -------------------------------------------------------------------
                         slack                                  0.054    





Pulse Width Checks
--------------------------------------------------------------------------------------
Clock Name:         clk
Waveform(ns):       { 0.000 5.000 }
Period(ns):         10.000
Sources:            { clk }

Check Type        Corner  Lib Pin  Reference Pin  Required(ns)  Actual(ns)  Slack(ns)  Location       Pin
Min Period        n/a     FDCE/C   n/a            0.550         10.000      9.450      SLICE_X75Y400  u_duc/in_valid_d1_reg/C
Low Pulse Width   Slow    FDCE/C   n/a            0.275         5.000       4.725      SLICE_X75Y400  u_duc/in_valid_d1_reg/C
High Pulse Width  Slow    FDCE/C   n/a            0.275         5.000       4.725      SLICE_X75Y400  u_duc/in_valid_d1_reg/C



