Copyright 1986-2022 Xilinx, Inc. All Rights Reserved. Copyright 2022-2024 Advanced Micro Devices, Inc. All Rights Reserved.
---------------------------------------------------------------------------------------------------------------------------------------------------------------------------------------
| Tool Version      : Vivado v.2024.1 (win64) Build 5076996 Wed May 22 18:37:14 MDT 2024
| Date              : Sat Sep 19 17:55:50 2026
| Host              : LAPTOP-KNBVGAN8 running 64-bit major release  (build 9200)
| Command           : report_timing_summary -file E:/workspace/chip/dsm_ip/syn/out/tid32_thermo5_fs4_multipa_tx_ooc_xczu15eg_ffvb1156_2_i_218p75mhz_20260919_174508/timing_summary.rpt
| Design            : tid32_thermo5_fs4_multipa_tx_ooc
| Device            : xczu15eg-ffvb1156
| Speed File        : -2  PRODUCTION 1.30 05-15-2022
| Design State      : Routed
| Temperature Grade : I
---------------------------------------------------------------------------------------------------------------------------------------------------------------------------------------

Timing Summary Report

------------------------------------------------------------------------------------------------
| Timer Settings
| --------------
------------------------------------------------------------------------------------------------

  Enable Multi Corner Analysis               :  Yes
  Enable Pessimism Removal                   :  Yes
  Pessimism Removal Resolution               :  Nearest Common Node
  Enable Input Delay Default Clock           :  No
  Enable Preset / Clear Arcs                 :  No
  Disable Flight Delays                      :  No
  Ignore I/O Paths                           :  No
  Timing Early Launch at Borrowing Latches   :  No
  Borrow Time for Max Delay Exceptions       :  Yes
  Merge Timing Exceptions                    :  Yes
  Inter-SLR Compensation                     :  Conservative

  Corner  Analyze    Analyze    
  Name    Max Paths  Min Paths  
  ------  ---------  ---------  
  Slow    Yes        Yes        
  Fast    Yes        Yes        


------------------------------------------------------------------------------------------------
| Report Methodology
| ------------------
------------------------------------------------------------------------------------------------

No report available as report_methodology has not been run prior. Run report_methodology on the current design for the summary of methodology violations.



check_timing report

Table of Contents
-----------------
1. checking no_clock (0)
2. checking constant_clock (0)
3. checking pulse_width_clock (0)
4. checking unconstrained_internal_endpoints (0)
5. checking no_input_delay (1026)
6. checking no_output_delay (260)
7. checking multiple_clock (0)
8. checking generated_clocks (0)
9. checking loops (0)
10. checking partial_input_delay (0)
11. checking partial_output_delay (0)
12. checking latch_loops (0)

1. checking no_clock (0)
------------------------
 There are 0 register/latch pins with no clock.


2. checking constant_clock (0)
------------------------------
 There are 0 register/latch pins with constant_clock.


3. checking pulse_width_clock (0)
---------------------------------
 There are 0 register/latch pins which need pulse_width check


4. checking unconstrained_internal_endpoints (0)
------------------------------------------------
 There are 0 pins that are not constrained for maximum delay.

 There are 0 pins that are not constrained for maximum delay due to constant clock.


5. checking no_input_delay (1026)
---------------------------------
 There are 1025 input ports with no input delay specified. (HIGH)

 There is 1 input port with no input delay but user has a false path constraint. (MEDIUM)


6. checking no_output_delay (260)
---------------------------------
 There are 260 ports with no output delay specified. (HIGH)

 There are 0 ports with no output delay but user has a false path constraint

 There are 0 ports with no output delay but with a timing clock defined on it or propagating through it


7. checking multiple_clock (0)
------------------------------
 There are 0 register/latch pins with multiple clocks.


8. checking generated_clocks (0)
--------------------------------
 There are 0 generated clocks that are not connected to a clock source.


9. checking loops (0)
---------------------
 There are 0 combinational loops in the design.


10. checking partial_input_delay (0)
------------------------------------
 There are 0 input ports with partial input delay specified.


11. checking partial_output_delay (0)
-------------------------------------
 There are 0 ports with partial output delay specified.


12. checking latch_loops (0)
----------------------------
 There are 0 combinational latch loops in the design through latch input



------------------------------------------------------------------------------------------------
| Design Timing Summary
| ---------------------
------------------------------------------------------------------------------------------------

    WNS(ns)      TNS(ns)  TNS Failing Endpoints  TNS Total Endpoints      WHS(ns)      THS(ns)  THS Failing Endpoints  THS Total Endpoints     WPWS(ns)     TPWS(ns)  TPWS Failing Endpoints  TPWS Total Endpoints  
    -------      -------  ---------------------  -------------------      -------      -------  ---------------------  -------------------     --------     --------  ----------------------  --------------------  
      2.894        0.000                      0                25000        0.030        0.000                      0                25000        1.753        0.000                       0                 28848  


All user specified timing constraints are met.


------------------------------------------------------------------------------------------------
| Clock Summary
| -------------
------------------------------------------------------------------------------------------------

Clock  Waveform(ns)         Period(ns)      Frequency(MHz)
-----  ------------         ----------      --------------
clk    {0.000 2.286}        4.571           218.771         


------------------------------------------------------------------------------------------------
| Intra Clock Table
| -----------------
------------------------------------------------------------------------------------------------

Clock             WNS(ns)      TNS(ns)  TNS Failing Endpoints  TNS Total Endpoints      WHS(ns)      THS(ns)  THS Failing Endpoints  THS Total Endpoints     WPWS(ns)     TPWS(ns)  TPWS Failing Endpoints  TPWS Total Endpoints  
-----             -------      -------  ---------------------  -------------------      -------      -------  ---------------------  -------------------     --------     --------  ----------------------  --------------------  
clk                 2.894        0.000                      0                25000        0.030        0.000                      0                25000        1.753        0.000                       0                 28848  


------------------------------------------------------------------------------------------------
| Inter Clock Table
| -----------------
------------------------------------------------------------------------------------------------

From Clock    To Clock          WNS(ns)      TNS(ns)  TNS Failing Endpoints  TNS Total Endpoints      WHS(ns)      THS(ns)  THS Failing Endpoints  THS Total Endpoints  
----------    --------          -------      -------  ---------------------  -------------------      -------      -------  ---------------------  -------------------  


------------------------------------------------------------------------------------------------
| Other Path Groups Table
| -----------------------
------------------------------------------------------------------------------------------------

Path Group    From Clock    To Clock          WNS(ns)      TNS(ns)  TNS Failing Endpoints  TNS Total Endpoints      WHS(ns)      THS(ns)  THS Failing Endpoints  THS Total Endpoints  
----------    ----------    --------          -------      -------  ---------------------  -------------------      -------      -------  ---------------------  -------------------  


------------------------------------------------------------------------------------------------
| Timing Details
| --------------
------------------------------------------------------------------------------------------------


---------------------------------------------------------------------------------------------------
From Clock:  clk
  To Clock:  clk

Setup :            0  Failing Endpoints,  Worst Slack        2.894ns,  Total Violation        0.000ns
Hold  :            0  Failing Endpoints,  Worst Slack        0.030ns,  Total Violation        0.000ns
PW    :            0  Failing Endpoints,  Worst Slack        1.753ns,  Total Violation        0.000ns
---------------------------------------------------------------------------------------------------


Max Delay Paths
--------------------------------------------------------------------------------------
Slack (MET) :             2.894ns  (required time - arrival time)
  Source:                 u_dut/g_branch[3].u_tid/v_q_reg[31][0]/C
                            (rising edge-triggered cell FDCE clocked by clk  {rise@0.000ns fall@2.286ns period=4.571ns})
  Destination:            u_dut/g_branch[3].u_tid/v_q_reg[10][16]/D
                            (rising edge-triggered cell FDCE clocked by clk  {rise@0.000ns fall@2.286ns period=4.571ns})
  Path Group:             clk
  Path Type:              Setup (Max at Slow Process Corner)
  Requirement:            4.571ns  (clk rise@4.571ns - clk rise@0.000ns)
  Data Path Delay:        1.659ns  (logic 0.489ns (29.478%)  route 1.170ns (70.522%))
  Logic Levels:           4  (CARRY8=3 LUT2=1)
  Clock Path Skew:        -0.008ns (DCD - SCD + CPR)
    Destination Clock Delay (DCD):    0.020ns = ( 4.591 - 4.571 ) 
    Source Clock Delay      (SCD):    0.028ns
    Clock Pessimism Removal (CPR):    0.000ns
  Clock Uncertainty:      0.035ns  ((TSJ^2 + TIJ^2)^1/2 + DJ) / 2 + PE
    Total System Jitter     (TSJ):    0.071ns
    Total Input Jitter      (TIJ):    0.000ns
    Discrete Jitter          (DJ):    0.000ns
    Phase Error              (PE):    0.000ns

    Location             Delay type                Incr(ns)  Path(ns)    Netlist Resource(s)
  -------------------------------------------------------------------    -------------------
                         (clock clk rise edge)        0.000     0.000 r  
                                                      0.000     0.000 r  clk (IN)
                         net (fo=28847, unset)        0.028     0.028    u_dut/g_branch[3].u_tid/clk
    SLICE_X83Y151        FDCE                                         r  u_dut/g_branch[3].u_tid/v_q_reg[31][0]/C
  -------------------------------------------------------------------    -------------------
    SLICE_X83Y151        FDCE (Prop_AFF_SLICEL_C_Q)
                                                      0.079     0.107 r  u_dut/g_branch[3].u_tid/v_q_reg[31][0]/Q
                         net (fo=32, routed)          1.084     1.191    u_dut/g_branch[3].u_tid/v_q_reg_n_0_[31][0]
    SLICE_X75Y133        LUT2 (Prop_A6LUT_SLICEL_I1_O)
                                                      0.149     1.340 r  u_dut/g_branch[3].u_tid/v_q[10][16]_i_19/O
                         net (fo=1, routed)           0.009     1.349    u_dut/g_branch[3].u_tid/v_q[10][16]_i_19_n_0
    SLICE_X75Y133        CARRY8 (Prop_CARRY8_SLICEL_S[0]_CO[7])
                                                      0.190     1.539 r  u_dut/g_branch[3].u_tid/v_q_reg[10][16]_i_3/CO[7]
                         net (fo=1, routed)           0.026     1.565    u_dut/g_branch[3].u_tid/v_q_reg[10][16]_i_3_n_0
    SLICE_X75Y134        CARRY8 (Prop_CARRY8_SLICEL_CI_CO[7])
                                                      0.015     1.580 r  u_dut/g_branch[3].u_tid/v_q_reg[10][16]_i_2/CO[7]
                         net (fo=1, routed)           0.026     1.606    u_dut/g_branch[3].u_tid/v_q_reg[10][16]_i_2_n_0
    SLICE_X75Y135        CARRY8 (Prop_CARRY8_SLICEL_CI_O[0])
                                                      0.056     1.662 r  u_dut/g_branch[3].u_tid/v_q_reg[10][16]_i_1/O[0]
                         net (fo=1, routed)           0.025     1.687    u_dut/g_branch[3].u_tid/v_q_reg[10][16]_i_1_n_15
    SLICE_X75Y135        FDCE                                         r  u_dut/g_branch[3].u_tid/v_q_reg[10][16]/D
  -------------------------------------------------------------------    -------------------

                         (clock clk rise edge)        4.571     4.571 r  
                                                      0.000     4.571 r  clk (IN)
                         net (fo=28847, unset)        0.020     4.591    u_dut/g_branch[3].u_tid/clk
    SLICE_X75Y135        FDCE                                         r  u_dut/g_branch[3].u_tid/v_q_reg[10][16]/C
                         clock pessimism              0.000     4.591    
                         clock uncertainty           -0.035     4.556    
    SLICE_X75Y135        FDCE (Setup_AFF_SLICEL_C_D)
                                                      0.025     4.581    u_dut/g_branch[3].u_tid/v_q_reg[10][16]
  -------------------------------------------------------------------
                         required time                          4.581    
                         arrival time                          -1.687    
  -------------------------------------------------------------------
                         slack                                  2.894    





Min Delay Paths
--------------------------------------------------------------------------------------
Slack (MET) :             0.030ns  (arrival time - required time)
  Source:                 u_dut/g_branch[1].u_tid/a_q_reg[4][4][2]/C
                            (rising edge-triggered cell FDCE clocked by clk  {rise@0.000ns fall@2.286ns period=4.571ns})
  Destination:            u_dut/g_branch[1].u_tid/a_q_reg[4][29][2]_srl25_a_i_reg_c_53/D
                            (rising edge-triggered cell SRLC32E clocked by clk  {rise@0.000ns fall@2.286ns period=4.571ns})
  Path Group:             clk
  Path Type:              Hold (Min at Fast Process Corner)
  Requirement:            0.000ns  (clk rise@0.000ns - clk rise@0.000ns)
  Data Path Delay:        0.095ns  (logic 0.038ns (39.814%)  route 0.057ns (60.186%))
  Logic Levels:           0  
  Clock Path Skew:        0.026ns (DCD - SCD - CPR)
    Destination Clock Delay (DCD):    0.039ns
    Source Clock Delay      (SCD):    0.013ns
    Clock Pessimism Removal (CPR):    -0.000ns

    Location             Delay type                Incr(ns)  Path(ns)    Netlist Resource(s)
  -------------------------------------------------------------------    -------------------
                         (clock clk rise edge)        0.000     0.000 r  
                                                      0.000     0.000 r  clk (IN)
                         net (fo=28847, unset)        0.013     0.013    u_dut/g_branch[1].u_tid/clk
    SLICE_X91Y69         FDCE                                         r  u_dut/g_branch[1].u_tid/a_q_reg[4][4][2]/C
  -------------------------------------------------------------------    -------------------
    SLICE_X91Y69         FDCE (Prop_CFF_SLICEM_C_Q)
                                                      0.038     0.051 r  u_dut/g_branch[1].u_tid/a_q_reg[4][4][2]/Q
                         net (fo=3, routed)           0.057     0.108    u_dut/g_branch[1].u_tid/a_q_reg_n_0_[4][4][2]
    SLICE_X91Y67         SRLC32E                                      r  u_dut/g_branch[1].u_tid/a_q_reg[4][29][2]_srl25_a_i_reg_c_53/D
  -------------------------------------------------------------------    -------------------

                         (clock clk rise edge)        0.000     0.000 r  
                                                      0.000     0.000 r  clk (IN)
                         net (fo=28847, unset)        0.039     0.039    u_dut/g_branch[1].u_tid/clk
    SLICE_X91Y67         SRLC32E                                      r  u_dut/g_branch[1].u_tid/a_q_reg[4][29][2]_srl25_a_i_reg_c_53/CLK
                         clock pessimism              0.000     0.039    
    SLICE_X91Y67         SRLC32E (Hold_G6LUT_SLICEM_CLK_D)
                                                      0.039     0.078    u_dut/g_branch[1].u_tid/a_q_reg[4][29][2]_srl25_a_i_reg_c_53
  -------------------------------------------------------------------
                         required time                         -0.078    
                         arrival time                           0.108    
  -------------------------------------------------------------------
                         slack                                  0.030    





Pulse Width Checks
--------------------------------------------------------------------------------------
Clock Name:         clk
Waveform(ns):       { 0.000 2.286 }
Period(ns):         4.571
Sources:            { clk }

Check Type        Corner  Lib Pin      Reference Pin  Required(ns)  Actual(ns)  Slack(ns)  Location       Pin
Min Period        n/a     SRLC32E/CLK  n/a            1.064         4.571       3.507      SLICE_X87Y166  u_dut/g_branch[0].u_tid/a_i_reg[0][29][0]_srl29_a_i_reg_c_27/CLK
Low Pulse Width   Slow    SRLC32E/CLK  n/a            0.532         2.285       1.753      SLICE_X87Y166  u_dut/g_branch[0].u_tid/a_i_reg[0][29][0]_srl29_a_i_reg_c_27/CLK
High Pulse Width  Slow    SRLC32E/CLK  n/a            0.532         2.286       1.754      SLICE_X87Y166  u_dut/g_branch[0].u_tid/a_i_reg[0][29][0]_srl29_a_i_reg_c_27/CLK



