Copyright 1986-2022 Xilinx, Inc. All Rights Reserved. Copyright 2022-2024 Advanced Micro Devices, Inc. All Rights Reserved.
---------------------------------------------------------------------------------------------------------------------------------------------------------------------------
| Tool Version      : Vivado v.2024.1 (win64) Build 5076996 Wed May 22 18:37:14 MDT 2024
| Date              : Sat Sep 19 18:32:19 2026
| Host              : LAPTOP-KNBVGAN8 running 64-bit major release  (build 9200)
| Command           : report_timing_summary -file E:/workspace/chip/dsm_ip/syn/out/xpm_async_fifo_width_probe_xczu15eg_ffvb1156_2_i_32b_20260919_182620/timing_summary.rpt
| Design            : xpm_async_fifo_width_probe_ooc
| Device            : xczu15eg-ffvb1156
| Speed File        : -2  PRODUCTION 1.30 05-15-2022
| Design State      : Routed
| Temperature Grade : I
---------------------------------------------------------------------------------------------------------------------------------------------------------------------------

Timing Summary Report

------------------------------------------------------------------------------------------------
| Timer Settings
| --------------
------------------------------------------------------------------------------------------------

  Enable Multi Corner Analysis               :  Yes
  Enable Pessimism Removal                   :  Yes
  Pessimism Removal Resolution               :  Nearest Common Node
  Enable Input Delay Default Clock           :  No
  Enable Preset / Clear Arcs                 :  No
  Disable Flight Delays                      :  No
  Ignore I/O Paths                           :  No
  Timing Early Launch at Borrowing Latches   :  No
  Borrow Time for Max Delay Exceptions       :  Yes
  Merge Timing Exceptions                    :  Yes
  Inter-SLR Compensation                     :  Conservative

  Corner  Analyze    Analyze    
  Name    Max Paths  Min Paths  
  ------  ---------  ---------  
  Slow    Yes        Yes        
  Fast    Yes        Yes        


------------------------------------------------------------------------------------------------
| Report Methodology
| ------------------
------------------------------------------------------------------------------------------------

No report available as report_methodology has not been run prior. Run report_methodology on the current design for the summary of methodology violations.



check_timing report

Table of Contents
-----------------
1. checking no_clock (0)
2. checking constant_clock (0)
3. checking pulse_width_clock (0)
4. checking unconstrained_internal_endpoints (0)
5. checking no_input_delay (35)
6. checking no_output_delay (32)
7. checking multiple_clock (0)
8. checking generated_clocks (0)
9. checking loops (0)
10. checking partial_input_delay (0)
11. checking partial_output_delay (0)
12. checking latch_loops (0)

1. checking no_clock (0)
------------------------
 There are 0 register/latch pins with no clock.


2. checking constant_clock (0)
------------------------------
 There are 0 register/latch pins with constant_clock.


3. checking pulse_width_clock (0)
---------------------------------
 There are 0 register/latch pins which need pulse_width check


4. checking unconstrained_internal_endpoints (0)
------------------------------------------------
 There are 0 pins that are not constrained for maximum delay.

 There are 0 pins that are not constrained for maximum delay due to constant clock.


5. checking no_input_delay (35)
-------------------------------
 There are 34 input ports with no input delay specified. (HIGH)

 There is 1 input port with no input delay but user has a false path constraint. (MEDIUM)


6. checking no_output_delay (32)
--------------------------------
 There are 32 ports with no output delay specified. (HIGH)

 There are 0 ports with no output delay but user has a false path constraint

 There are 0 ports with no output delay but with a timing clock defined on it or propagating through it


7. checking multiple_clock (0)
------------------------------
 There are 0 register/latch pins with multiple clocks.


8. checking generated_clocks (0)
--------------------------------
 There are 0 generated clocks that are not connected to a clock source.


9. checking loops (0)
---------------------
 There are 0 combinational loops in the design.


10. checking partial_input_delay (0)
------------------------------------
 There are 0 input ports with partial input delay specified.


11. checking partial_output_delay (0)
-------------------------------------
 There are 0 ports with partial output delay specified.


12. checking latch_loops (0)
----------------------------
 There are 0 combinational latch loops in the design through latch input



------------------------------------------------------------------------------------------------
| Design Timing Summary
| ---------------------
------------------------------------------------------------------------------------------------

    WNS(ns)      TNS(ns)  TNS Failing Endpoints  TNS Total Endpoints      WHS(ns)      THS(ns)  THS Failing Endpoints  THS Total Endpoints     WPWS(ns)     TPWS(ns)  TPWS Failing Endpoints  TPWS Total Endpoints  
    -------      -------  ---------------------  -------------------      -------      -------  ---------------------  -------------------     --------     --------  ----------------------  --------------------  
      3.250        0.000                      0                  133        0.041        0.000                      0                  133        1.743        0.000                       0                    77  


All user specified timing constraints are met.


------------------------------------------------------------------------------------------------
| Clock Summary
| -------------
------------------------------------------------------------------------------------------------

Clock   Waveform(ns)         Period(ns)      Frequency(MHz)
-----   ------------         ----------      --------------
clk125  {0.000 4.000}        8.000           125.000         
clk218  {0.000 2.286}        4.571           218.771         


------------------------------------------------------------------------------------------------
| Intra Clock Table
| -----------------
------------------------------------------------------------------------------------------------

Clock             WNS(ns)      TNS(ns)  TNS Failing Endpoints  TNS Total Endpoints      WHS(ns)      THS(ns)  THS Failing Endpoints  THS Total Endpoints     WPWS(ns)     TPWS(ns)  TPWS Failing Endpoints  TPWS Total Endpoints  
-----             -------      -------  ---------------------  -------------------      -------      -------  ---------------------  -------------------     --------     --------  ----------------------  --------------------  
clk125              6.389        0.000                      0                   74        0.054        0.000                      0                   74        3.458        0.000                       0                    43  
clk218              3.250        0.000                      0                   59        0.041        0.000                      0                   59        1.743        0.000                       0                    34  


------------------------------------------------------------------------------------------------
| Inter Clock Table
| -----------------
------------------------------------------------------------------------------------------------

From Clock    To Clock          WNS(ns)      TNS(ns)  TNS Failing Endpoints  TNS Total Endpoints      WHS(ns)      THS(ns)  THS Failing Endpoints  THS Total Endpoints  
----------    --------          -------      -------  ---------------------  -------------------      -------      -------  ---------------------  -------------------  


------------------------------------------------------------------------------------------------
| Other Path Groups Table
| -----------------------
------------------------------------------------------------------------------------------------

Path Group    From Clock    To Clock          WNS(ns)      TNS(ns)  TNS Failing Endpoints  TNS Total Endpoints      WHS(ns)      THS(ns)  THS Failing Endpoints  THS Total Endpoints  
----------    ----------    --------          -------      -------  ---------------------  -------------------      -------      -------  ---------------------  -------------------  


------------------------------------------------------------------------------------------------
| Timing Details
| --------------
------------------------------------------------------------------------------------------------


---------------------------------------------------------------------------------------------------
From Clock:  clk125
  To Clock:  clk125

Setup :            0  Failing Endpoints,  Worst Slack        6.389ns,  Total Violation        0.000ns
Hold  :            0  Failing Endpoints,  Worst Slack        0.054ns,  Total Violation        0.000ns
PW    :            0  Failing Endpoints,  Worst Slack        3.458ns,  Total Violation        0.000ns
---------------------------------------------------------------------------------------------------


Max Delay Paths
--------------------------------------------------------------------------------------
Slack (MET) :             6.389ns  (required time - arrival time)
  Source:                 u_fifo/gnuram_async_fifo.xpm_fifo_base_inst/xpm_fifo_rst_inst/gen_rst_ic.wr_rst_busy_ic_reg/C
                            (rising edge-triggered cell FDRE clocked by clk125  {rise@0.000ns fall@4.000ns period=8.000ns})
  Destination:            u_fifo/gnuram_async_fifo.xpm_fifo_base_inst/gen_sdpram.xpm_memory_base_inst/gen_wr_a.gen_word_narrow.mem_reg/WEBWE[1]
                            (rising edge-triggered cell RAMB18E2 clocked by clk125  {rise@0.000ns fall@4.000ns period=8.000ns})
  Path Group:             clk125
  Path Type:              Setup (Max at Slow Process Corner)
  Requirement:            8.000ns  (clk125 rise@8.000ns - clk125 rise@0.000ns)
  Data Path Delay:        1.195ns  (logic 0.217ns (18.157%)  route 0.978ns (81.843%))
  Logic Levels:           1  (LUT4=1)
  Clock Path Skew:        0.013ns (DCD - SCD + CPR)
    Destination Clock Delay (DCD):    0.041ns = ( 8.041 - 8.000 ) 
    Source Clock Delay      (SCD):    0.028ns
    Clock Pessimism Removal (CPR):    0.000ns
  Clock Uncertainty:      0.035ns  ((TSJ^2 + TIJ^2)^1/2 + DJ) / 2 + PE
    Total System Jitter     (TSJ):    0.071ns
    Total Input Jitter      (TIJ):    0.000ns
    Discrete Jitter          (DJ):    0.000ns
    Phase Error              (PE):    0.000ns

    Location             Delay type                Incr(ns)  Path(ns)    Netlist Resource(s)
  -------------------------------------------------------------------    -------------------
                         (clock clk125 rise edge)     0.000     0.000 r  
                                                      0.000     0.000 r  clk125 (IN)
                         net (fo=42, unset)           0.028     0.028    u_fifo/gnuram_async_fifo.xpm_fifo_base_inst/xpm_fifo_rst_inst/wr_clk
    SLICE_X32Y191        FDRE                                         r  u_fifo/gnuram_async_fifo.xpm_fifo_base_inst/xpm_fifo_rst_inst/gen_rst_ic.wr_rst_busy_ic_reg/C
  -------------------------------------------------------------------    -------------------
    SLICE_X32Y191        FDRE (Prop_BFF_SLICEL_C_Q)
                                                      0.079     0.107 f  u_fifo/gnuram_async_fifo.xpm_fifo_base_inst/xpm_fifo_rst_inst/gen_rst_ic.wr_rst_busy_ic_reg/Q
                         net (fo=21, routed)          0.521     0.628    u_fifo/gnuram_async_fifo.xpm_fifo_base_inst/wrst_busy
    SLICE_X32Y185        LUT4 (Prop_A5LUT_SLICEL_I2_O)
                                                      0.138     0.766 r  u_fifo/gnuram_async_fifo.xpm_fifo_base_inst/gen_sdpram.xpm_memory_base_inst_i_1/O
                         net (fo=18, routed)          0.457     1.223    u_fifo/gnuram_async_fifo.xpm_fifo_base_inst/gen_sdpram.xpm_memory_base_inst/ena
    RAMB18_X4Y74         RAMB18E2                                     r  u_fifo/gnuram_async_fifo.xpm_fifo_base_inst/gen_sdpram.xpm_memory_base_inst/gen_wr_a.gen_word_narrow.mem_reg/WEBWE[1]
  -------------------------------------------------------------------    -------------------

                         (clock clk125 rise edge)     8.000     8.000 r  
                                                      0.000     8.000 r  clk125 (IN)
                         net (fo=42, unset)           0.041     8.041    u_fifo/gnuram_async_fifo.xpm_fifo_base_inst/gen_sdpram.xpm_memory_base_inst/clka
    RAMB18_X4Y74         RAMB18E2                                     r  u_fifo/gnuram_async_fifo.xpm_fifo_base_inst/gen_sdpram.xpm_memory_base_inst/gen_wr_a.gen_word_narrow.mem_reg/CLKBWRCLK
                         clock pessimism              0.000     8.041    
                         clock uncertainty           -0.035     8.006    
    RAMB18_X4Y74         RAMB18E2 (Setup_RAMB18E2_L_RAMB180_CLKBWRCLK_WEBWE[1])
                                                     -0.394     7.612    u_fifo/gnuram_async_fifo.xpm_fifo_base_inst/gen_sdpram.xpm_memory_base_inst/gen_wr_a.gen_word_narrow.mem_reg
  -------------------------------------------------------------------
                         required time                          7.612    
                         arrival time                          -1.223    
  -------------------------------------------------------------------
                         slack                                  6.389    





Min Delay Paths
--------------------------------------------------------------------------------------
Slack (MET) :             0.054ns  (arrival time - required time)
  Source:                 u_fifo/gnuram_async_fifo.xpm_fifo_base_inst/wrp_inst/count_value_i_reg[0]/C
                            (rising edge-triggered cell FDRE clocked by clk125  {rise@0.000ns fall@4.000ns period=8.000ns})
  Destination:            u_fifo/gnuram_async_fifo.xpm_fifo_base_inst/gen_sdpram.xpm_memory_base_inst/gen_wr_a.gen_word_narrow.mem_reg/ADDRBWRADDR[5]
                            (rising edge-triggered cell RAMB18E2 clocked by clk125  {rise@0.000ns fall@4.000ns period=8.000ns})
  Path Group:             clk125
  Path Type:              Hold (Min at Fast Process Corner)
  Requirement:            0.000ns  (clk125 rise@0.000ns - clk125 rise@0.000ns)
  Data Path Delay:        0.102ns  (logic 0.040ns (39.338%)  route 0.062ns (60.662%))
  Logic Levels:           0  
  Clock Path Skew:        0.042ns (DCD - SCD - CPR)
    Destination Clock Delay (DCD):    0.054ns
    Source Clock Delay      (SCD):    0.012ns
    Clock Pessimism Removal (CPR):    -0.000ns

    Location             Delay type                Incr(ns)  Path(ns)    Netlist Resource(s)
  -------------------------------------------------------------------    -------------------
                         (clock clk125 rise edge)     0.000     0.000 r  
                                                      0.000     0.000 r  clk125 (IN)
                         net (fo=42, unset)           0.012     0.012    u_fifo/gnuram_async_fifo.xpm_fifo_base_inst/wrp_inst/clk
    SLICE_X33Y186        FDRE                                         r  u_fifo/gnuram_async_fifo.xpm_fifo_base_inst/wrp_inst/count_value_i_reg[0]/C
  -------------------------------------------------------------------    -------------------
    SLICE_X33Y186        FDRE (Prop_CFF2_SLICEL_C_Q)
                                                      0.040     0.052 r  u_fifo/gnuram_async_fifo.xpm_fifo_base_inst/wrp_inst/count_value_i_reg[0]/Q
                         net (fo=6, routed)           0.062     0.114    u_fifo/gnuram_async_fifo.xpm_fifo_base_inst/gen_sdpram.xpm_memory_base_inst/addra[0]
    RAMB18_X4Y74         RAMB18E2                                     r  u_fifo/gnuram_async_fifo.xpm_fifo_base_inst/gen_sdpram.xpm_memory_base_inst/gen_wr_a.gen_word_narrow.mem_reg/ADDRBWRADDR[5]
  -------------------------------------------------------------------    -------------------

                         (clock clk125 rise edge)     0.000     0.000 r  
                                                      0.000     0.000 r  clk125 (IN)
                         net (fo=42, unset)           0.054     0.054    u_fifo/gnuram_async_fifo.xpm_fifo_base_inst/gen_sdpram.xpm_memory_base_inst/clka
    RAMB18_X4Y74         RAMB18E2                                     r  u_fifo/gnuram_async_fifo.xpm_fifo_base_inst/gen_sdpram.xpm_memory_base_inst/gen_wr_a.gen_word_narrow.mem_reg/CLKBWRCLK
                         clock pessimism              0.000     0.054    
    RAMB18_X4Y74         RAMB18E2 (Hold_RAMB18E2_L_RAMB180_CLKBWRCLK_ADDRBWRADDR[5])
                                                      0.006     0.060    u_fifo/gnuram_async_fifo.xpm_fifo_base_inst/gen_sdpram.xpm_memory_base_inst/gen_wr_a.gen_word_narrow.mem_reg
  -------------------------------------------------------------------
                         required time                         -0.060    
                         arrival time                           0.114    
  -------------------------------------------------------------------
                         slack                                  0.054    





Pulse Width Checks
--------------------------------------------------------------------------------------
Clock Name:         clk125
Waveform(ns):       { 0.000 4.000 }
Period(ns):         8.000
Sources:            { clk125 }

Check Type        Corner  Lib Pin             Reference Pin  Required(ns)  Actual(ns)  Slack(ns)  Location      Pin
Min Period        n/a     RAMB18E2/CLKBWRCLK  n/a            1.355         8.000       6.645      RAMB18_X4Y74  u_fifo/gnuram_async_fifo.xpm_fifo_base_inst/gen_sdpram.xpm_memory_base_inst/gen_wr_a.gen_word_narrow.mem_reg/CLKBWRCLK
Low Pulse Width   Slow    RAMB18E2/CLKBWRCLK  n/a            0.542         4.000       3.458      RAMB18_X4Y74  u_fifo/gnuram_async_fifo.xpm_fifo_base_inst/gen_sdpram.xpm_memory_base_inst/gen_wr_a.gen_word_narrow.mem_reg/CLKBWRCLK
High Pulse Width  Slow    RAMB18E2/CLKBWRCLK  n/a            0.542         4.000       3.458      RAMB18_X4Y74  u_fifo/gnuram_async_fifo.xpm_fifo_base_inst/gen_sdpram.xpm_memory_base_inst/gen_wr_a.gen_word_narrow.mem_reg/CLKBWRCLK



---------------------------------------------------------------------------------------------------
From Clock:  clk218
  To Clock:  clk218

Setup :            0  Failing Endpoints,  Worst Slack        3.250ns,  Total Violation        0.000ns
Hold  :            0  Failing Endpoints,  Worst Slack        0.041ns,  Total Violation        0.000ns
PW    :            0  Failing Endpoints,  Worst Slack        1.743ns,  Total Violation        0.000ns
---------------------------------------------------------------------------------------------------


Max Delay Paths
--------------------------------------------------------------------------------------
Slack (MET) :             3.250ns  (required time - arrival time)
  Source:                 u_fifo/gnuram_async_fifo.xpm_fifo_base_inst/gen_fwft.empty_fwft_i_reg/C
                            (rising edge-triggered cell FDSE clocked by clk218  {rise@0.000ns fall@2.286ns period=4.571ns})
  Destination:            u_fifo/gnuram_async_fifo.xpm_fifo_base_inst/gen_sdpram.xpm_memory_base_inst/gen_wr_a.gen_word_narrow.mem_reg/ENARDEN
                            (rising edge-triggered cell RAMB18E2 clocked by clk218  {rise@0.000ns fall@2.286ns period=4.571ns})
  Path Group:             clk218
  Path Type:              Setup (Max at Slow Process Corner)
  Requirement:            4.571ns  (clk218 rise@4.571ns - clk218 rise@0.000ns)
  Data Path Delay:        0.953ns  (logic 0.292ns (30.648%)  route 0.661ns (69.352%))
  Logic Levels:           2  (LUT2=1 LUT4=1)
  Clock Path Skew:        0.009ns (DCD - SCD + CPR)
    Destination Clock Delay (DCD):    0.039ns = ( 4.610 - 4.571 ) 
    Source Clock Delay      (SCD):    0.030ns
    Clock Pessimism Removal (CPR):    0.000ns
  Clock Uncertainty:      0.035ns  ((TSJ^2 + TIJ^2)^1/2 + DJ) / 2 + PE
    Total System Jitter     (TSJ):    0.071ns
    Total Input Jitter      (TIJ):    0.000ns
    Discrete Jitter          (DJ):    0.000ns
    Phase Error              (PE):    0.000ns

    Location             Delay type                Incr(ns)  Path(ns)    Netlist Resource(s)
  -------------------------------------------------------------------    -------------------
                         (clock clk218 rise edge)     0.000     0.000 r  
                                                      0.000     0.000 r  clk218 (IN)
                         net (fo=33, unset)           0.030     0.030    u_fifo/gnuram_async_fifo.xpm_fifo_base_inst/rd_clk
    SLICE_X34Y186        FDSE                                         r  u_fifo/gnuram_async_fifo.xpm_fifo_base_inst/gen_fwft.empty_fwft_i_reg/C
  -------------------------------------------------------------------    -------------------
    SLICE_X34Y186        FDSE (Prop_EFF2_SLICEM_C_Q)
                                                      0.079     0.109 f  u_fifo/gnuram_async_fifo.xpm_fifo_base_inst/gen_fwft.empty_fwft_i_reg/Q
                         net (fo=2, routed)           0.216     0.325    empty
    SLICE_X34Y186        LUT2 (Prop_G6LUT_SLICEM_I1_O)
                                                      0.090     0.415 r  u_fifo_i_2/O
                         net (fo=5, routed)           0.107     0.521    u_fifo/gnuram_async_fifo.xpm_fifo_base_inst/rd_en
    SLICE_X34Y186        LUT4 (Prop_C6LUT_SLICEM_I2_O)
                                                      0.123     0.644 r  u_fifo/gnuram_async_fifo.xpm_fifo_base_inst/gen_sdpram.xpm_memory_base_inst_i_2/O
                         net (fo=10, routed)          0.338     0.983    u_fifo/gnuram_async_fifo.xpm_fifo_base_inst/gen_sdpram.xpm_memory_base_inst/enb
    RAMB18_X4Y74         RAMB18E2                                     r  u_fifo/gnuram_async_fifo.xpm_fifo_base_inst/gen_sdpram.xpm_memory_base_inst/gen_wr_a.gen_word_narrow.mem_reg/ENARDEN
  -------------------------------------------------------------------    -------------------

                         (clock clk218 rise edge)     4.571     4.571 r  
                                                      0.000     4.571 r  clk218 (IN)
                         net (fo=33, unset)           0.039     4.610    u_fifo/gnuram_async_fifo.xpm_fifo_base_inst/gen_sdpram.xpm_memory_base_inst/clkb
    RAMB18_X4Y74         RAMB18E2                                     r  u_fifo/gnuram_async_fifo.xpm_fifo_base_inst/gen_sdpram.xpm_memory_base_inst/gen_wr_a.gen_word_narrow.mem_reg/CLKARDCLK
                         clock pessimism              0.000     4.610    
                         clock uncertainty           -0.035     4.575    
    RAMB18_X4Y74         RAMB18E2 (Setup_RAMB18E2_L_RAMB180_CLKARDCLK_ENARDEN)
                                                     -0.342     4.233    u_fifo/gnuram_async_fifo.xpm_fifo_base_inst/gen_sdpram.xpm_memory_base_inst/gen_wr_a.gen_word_narrow.mem_reg
  -------------------------------------------------------------------
                         required time                          4.233    
                         arrival time                          -0.983    
  -------------------------------------------------------------------
                         slack                                  3.250    





Min Delay Paths
--------------------------------------------------------------------------------------
Slack (MET) :             0.041ns  (arrival time - required time)
  Source:                 u_fifo/gnuram_async_fifo.xpm_fifo_base_inst/rdp_inst/count_value_i_reg[1]/C
                            (rising edge-triggered cell FDRE clocked by clk218  {rise@0.000ns fall@2.286ns period=4.571ns})
  Destination:            u_fifo/gnuram_async_fifo.xpm_fifo_base_inst/rdp_inst/count_value_i_reg[2]/D
                            (rising edge-triggered cell FDRE clocked by clk218  {rise@0.000ns fall@2.286ns period=4.571ns})
  Path Group:             clk218
  Path Type:              Hold (Min at Fast Process Corner)
  Requirement:            0.000ns  (clk218 rise@0.000ns - clk218 rise@0.000ns)
  Data Path Delay:        0.094ns  (logic 0.059ns (62.916%)  route 0.035ns (37.084%))
  Logic Levels:           1  (LUT3=1)
  Clock Path Skew:        0.006ns (DCD - SCD - CPR)
    Destination Clock Delay (DCD):    0.019ns
    Source Clock Delay      (SCD):    0.013ns
    Clock Pessimism Removal (CPR):    -0.000ns

    Location             Delay type                Incr(ns)  Path(ns)    Netlist Resource(s)
  -------------------------------------------------------------------    -------------------
                         (clock clk218 rise edge)     0.000     0.000 r  
                                                      0.000     0.000 r  clk218 (IN)
                         net (fo=33, unset)           0.013     0.013    u_fifo/gnuram_async_fifo.xpm_fifo_base_inst/rdp_inst/clk
    SLICE_X33Y186        FDRE                                         r  u_fifo/gnuram_async_fifo.xpm_fifo_base_inst/rdp_inst/count_value_i_reg[1]/C
  -------------------------------------------------------------------    -------------------
    SLICE_X33Y186        FDRE (Prop_HFF_SLICEL_C_Q)
                                                      0.039     0.052 r  u_fifo/gnuram_async_fifo.xpm_fifo_base_inst/rdp_inst/count_value_i_reg[1]/Q
                         net (fo=7, routed)           0.029     0.081    u_fifo/gnuram_async_fifo.xpm_fifo_base_inst/rdp_inst/count_value[1]
    SLICE_X33Y186        LUT3 (Prop_H5LUT_SLICEL_I2_O)
                                                      0.020     0.101 r  u_fifo/gnuram_async_fifo.xpm_fifo_base_inst/rdp_inst/count_value_i[2]_i_1/O
                         net (fo=1, routed)           0.006     0.107    u_fifo/gnuram_async_fifo.xpm_fifo_base_inst/rdp_inst/count_value_i[2]_i_1_n_0
    SLICE_X33Y186        FDRE                                         r  u_fifo/gnuram_async_fifo.xpm_fifo_base_inst/rdp_inst/count_value_i_reg[2]/D
  -------------------------------------------------------------------    -------------------

                         (clock clk218 rise edge)     0.000     0.000 r  
                                                      0.000     0.000 r  clk218 (IN)
                         net (fo=33, unset)           0.019     0.019    u_fifo/gnuram_async_fifo.xpm_fifo_base_inst/rdp_inst/clk
    SLICE_X33Y186        FDRE                                         r  u_fifo/gnuram_async_fifo.xpm_fifo_base_inst/rdp_inst/count_value_i_reg[2]/C
                         clock pessimism              0.000     0.019    
    SLICE_X33Y186        FDRE (Hold_HFF2_SLICEL_C_D)
                                                      0.047     0.066    u_fifo/gnuram_async_fifo.xpm_fifo_base_inst/rdp_inst/count_value_i_reg[2]
  -------------------------------------------------------------------
                         required time                         -0.066    
                         arrival time                           0.107    
  -------------------------------------------------------------------
                         slack                                  0.041    





Pulse Width Checks
--------------------------------------------------------------------------------------
Clock Name:         clk218
Waveform(ns):       { 0.000 2.286 }
Period(ns):         4.571
Sources:            { clk218 }

Check Type        Corner  Lib Pin             Reference Pin  Required(ns)  Actual(ns)  Slack(ns)  Location      Pin
Min Period        n/a     RAMB18E2/CLKARDCLK  n/a            1.355         4.571       3.216      RAMB18_X4Y74  u_fifo/gnuram_async_fifo.xpm_fifo_base_inst/gen_sdpram.xpm_memory_base_inst/gen_wr_a.gen_word_narrow.mem_reg/CLKARDCLK
Low Pulse Width   Slow    RAMB18E2/CLKARDCLK  n/a            0.542         2.285       1.743      RAMB18_X4Y74  u_fifo/gnuram_async_fifo.xpm_fifo_base_inst/gen_sdpram.xpm_memory_base_inst/gen_wr_a.gen_word_narrow.mem_reg/CLKARDCLK
High Pulse Width  Slow    RAMB18E2/CLKARDCLK  n/a            0.542         2.286       1.744      RAMB18_X4Y74  u_fifo/gnuram_async_fifo.xpm_fifo_base_inst/gen_sdpram.xpm_memory_base_inst/gen_wr_a.gen_word_narrow.mem_reg/CLKARDCLK



