Copyright 1986-2022 Xilinx, Inc. All Rights Reserved. Copyright 2022-2024 Advanced Micro Devices, Inc. All Rights Reserved.
--------------------------------------------------------------------------------------------------------------------------------------------------
| Tool Version      : Vivado v.2024.1 (win64) Build 5076996 Wed May 22 18:37:14 MDT 2024
| Date              : Tue Sep 15 22:23:57 2026
| Host              : LAPTOP-KNBVGAN8 running 64-bit major release  (build 9200)
| Command           : report_timing_summary -file E:/workspace/chip/dsm_ip/syn/out/crfb_temporal1_20260915_221345/timing_summary.rpt
| Design            : crfb_smash2_temporal8_ooc
| Device            : xczu15eg-ffvb1156
| Speed File        : -2  PRODUCTION 1.30 05-15-2022
| Design State      : Physopt postRoute
| Temperature Grade : I
--------------------------------------------------------------------------------------------------------------------------------------------------

Timing Summary Report

------------------------------------------------------------------------------------------------
| Timer Settings
| --------------
------------------------------------------------------------------------------------------------

  Enable Multi Corner Analysis               :  Yes
  Enable Pessimism Removal                   :  Yes
  Pessimism Removal Resolution               :  Nearest Common Node
  Enable Input Delay Default Clock           :  No
  Enable Preset / Clear Arcs                 :  No
  Disable Flight Delays                      :  No
  Ignore I/O Paths                           :  No
  Timing Early Launch at Borrowing Latches   :  No
  Borrow Time for Max Delay Exceptions       :  Yes
  Merge Timing Exceptions                    :  Yes
  Inter-SLR Compensation                     :  Conservative

  Corner  Analyze    Analyze    
  Name    Max Paths  Min Paths  
  ------  ---------  ---------  
  Slow    Yes        Yes        
  Fast    Yes        Yes        


------------------------------------------------------------------------------------------------
| Report Methodology
| ------------------
------------------------------------------------------------------------------------------------

No report available as report_methodology has not been run prior. Run report_methodology on the current design for the summary of methodology violations.



check_timing report

Table of Contents
-----------------
1. checking no_clock (0)
2. checking constant_clock (0)
3. checking pulse_width_clock (0)
4. checking unconstrained_internal_endpoints (0)
5. checking no_input_delay (18)
6. checking no_output_delay (2)
7. checking multiple_clock (0)
8. checking generated_clocks (0)
9. checking loops (0)
10. checking partial_input_delay (0)
11. checking partial_output_delay (0)
12. checking latch_loops (0)

1. checking no_clock (0)
------------------------
 There are 0 register/latch pins with no clock.


2. checking constant_clock (0)
------------------------------
 There are 0 register/latch pins with constant_clock.


3. checking pulse_width_clock (0)
---------------------------------
 There are 0 register/latch pins which need pulse_width check


4. checking unconstrained_internal_endpoints (0)
------------------------------------------------
 There are 0 pins that are not constrained for maximum delay.

 There are 0 pins that are not constrained for maximum delay due to constant clock.


5. checking no_input_delay (18)
-------------------------------
 There are 18 input ports with no input delay specified. (HIGH)

 There are 0 input ports with no input delay but user has a false path constraint.


6. checking no_output_delay (2)
-------------------------------
 There are 2 ports with no output delay specified. (HIGH)

 There are 0 ports with no output delay but user has a false path constraint

 There are 0 ports with no output delay but with a timing clock defined on it or propagating through it


7. checking multiple_clock (0)
------------------------------
 There are 0 register/latch pins with multiple clocks.


8. checking generated_clocks (0)
--------------------------------
 There are 0 generated clocks that are not connected to a clock source.


9. checking loops (0)
---------------------
 There are 0 combinational loops in the design.


10. checking partial_input_delay (0)
------------------------------------
 There are 0 input ports with partial input delay specified.


11. checking partial_output_delay (0)
-------------------------------------
 There are 0 ports with partial output delay specified.


12. checking latch_loops (0)
----------------------------
 There are 0 combinational latch loops in the design through latch input



------------------------------------------------------------------------------------------------
| Design Timing Summary
| ---------------------
------------------------------------------------------------------------------------------------

    WNS(ns)      TNS(ns)  TNS Failing Endpoints  TNS Total Endpoints      WHS(ns)      THS(ns)  THS Failing Endpoints  THS Total Endpoints     WPWS(ns)     TPWS(ns)  TPWS Failing Endpoints  TPWS Total Endpoints  
    -------      -------  ---------------------  -------------------      -------      -------  ---------------------  -------------------     --------     --------  ----------------------  --------------------  
     -0.827      -18.839                     27                  123        0.084        0.000                      0                  123        2.010        0.000                       0                   124  


Timing constraints are not met.


------------------------------------------------------------------------------------------------
| Clock Summary
| -------------
------------------------------------------------------------------------------------------------

Clock  Waveform(ns)         Period(ns)      Frequency(MHz)
-----  ------------         ----------      --------------
clk    {0.000 2.286}        4.571           218.771         


------------------------------------------------------------------------------------------------
| Intra Clock Table
| -----------------
------------------------------------------------------------------------------------------------

Clock             WNS(ns)      TNS(ns)  TNS Failing Endpoints  TNS Total Endpoints      WHS(ns)      THS(ns)  THS Failing Endpoints  THS Total Endpoints     WPWS(ns)     TPWS(ns)  TPWS Failing Endpoints  TPWS Total Endpoints  
-----             -------      -------  ---------------------  -------------------      -------      -------  ---------------------  -------------------     --------     --------  ----------------------  --------------------  
clk                -0.827      -18.839                     27                  123        0.084        0.000                      0                  123        2.010        0.000                       0                   124  


------------------------------------------------------------------------------------------------
| Inter Clock Table
| -----------------
------------------------------------------------------------------------------------------------

From Clock    To Clock          WNS(ns)      TNS(ns)  TNS Failing Endpoints  TNS Total Endpoints      WHS(ns)      THS(ns)  THS Failing Endpoints  THS Total Endpoints  
----------    --------          -------      -------  ---------------------  -------------------      -------      -------  ---------------------  -------------------  


------------------------------------------------------------------------------------------------
| Other Path Groups Table
| -----------------------
------------------------------------------------------------------------------------------------

Path Group    From Clock    To Clock          WNS(ns)      TNS(ns)  TNS Failing Endpoints  TNS Total Endpoints      WHS(ns)      THS(ns)  THS Failing Endpoints  THS Total Endpoints  
----------    ----------    --------          -------      -------  ---------------------  -------------------      -------      -------  ---------------------  -------------------  


------------------------------------------------------------------------------------------------
| Timing Details
| --------------
------------------------------------------------------------------------------------------------


---------------------------------------------------------------------------------------------------
From Clock:  clk
  To Clock:  clk

Setup :           27  Failing Endpoints,  Worst Slack       -0.827ns,  Total Violation      -18.839ns
Hold  :            0  Failing Endpoints,  Worst Slack        0.084ns,  Total Violation        0.000ns
PW    :            0  Failing Endpoints,  Worst Slack        2.010ns,  Total Violation        0.000ns
---------------------------------------------------------------------------------------------------


Max Delay Paths
--------------------------------------------------------------------------------------
Slack (VIOLATED) :        -0.827ns  (required time - arrival time)
  Source:                 u_dut/v2d2_r_reg[1]/C
                            (rising edge-triggered cell FDCE clocked by clk  {rise@0.000ns fall@2.286ns period=4.571ns})
  Destination:            u_dut/e2d1_r_reg[24]/D
                            (rising edge-triggered cell FDCE clocked by clk  {rise@0.000ns fall@2.286ns period=4.571ns})
  Path Group:             clk
  Path Type:              Setup (Max at Slow Process Corner)
  Requirement:            4.571ns  (clk rise@4.571ns - clk rise@0.000ns)
  Data Path Delay:        5.379ns  (logic 2.748ns (51.091%)  route 2.631ns (48.909%))
  Logic Levels:           30  (CARRY8=20 LUT1=1 LUT2=4 LUT3=3 LUT4=1 LUT6=1)
  Clock Path Skew:        -0.009ns (DCD - SCD + CPR)
    Destination Clock Delay (DCD):    0.021ns = ( 4.592 - 4.571 ) 
    Source Clock Delay      (SCD):    0.030ns
    Clock Pessimism Removal (CPR):    0.000ns
  Clock Uncertainty:      0.035ns  ((TSJ^2 + TIJ^2)^1/2 + DJ) / 2 + PE
    Total System Jitter     (TSJ):    0.071ns
    Total Input Jitter      (TIJ):    0.000ns
    Discrete Jitter          (DJ):    0.000ns
    Phase Error              (PE):    0.000ns

    Location             Delay type                Incr(ns)  Path(ns)    Netlist Resource(s)
  -------------------------------------------------------------------    -------------------
                         (clock clk rise edge)        0.000     0.000 r  
                                                      0.000     0.000 r  clk (IN)
                         net (fo=123, unset)          0.030     0.030    u_dut/clk
    SLICE_X63Y193        FDCE                                         r  u_dut/v2d2_r_reg[1]/C
  -------------------------------------------------------------------    -------------------
    SLICE_X63Y193        FDCE (Prop_BFF_SLICEM_C_Q)
                                                      0.078     0.108 f  u_dut/v2d2_r_reg[1]/Q
                         net (fo=8, routed)           0.149     0.257    u_dut/v2d2_r_reg_n_0_[1]
    SLICE_X63Y193        LUT1 (Prop_F6LUT_SLICEM_I0_O)
                                                      0.051     0.308 r  u_dut/e1d1_r[23]_i_50/O
                         net (fo=1, routed)           0.022     0.330    u_dut/e1d1_r[23]_i_50_n_0
    SLICE_X63Y193        CARRY8 (Prop_CARRY8_SLICEM_S[5]_CO[7])
                                                      0.159     0.489 r  u_dut/e1d1_r_reg[23]_i_36/CO[7]
                         net (fo=1, routed)           0.026     0.515    u_dut/e1d1_r_reg[23]_i_36_n_0
    SLICE_X63Y194        CARRY8 (Prop_CARRY8_SLICEM_CI_CO[7])
                                                      0.015     0.530 r  u_dut/y1_word_reg[0]_i_52/CO[7]
                         net (fo=1, routed)           0.026     0.556    u_dut/y1_word_reg[0]_i_52_n_0
    SLICE_X63Y195        CARRY8 (Prop_CARRY8_SLICEM_CI_CO[7])
                                                      0.015     0.571 r  u_dut/y1_word_reg[0]_i_46/CO[7]
                         net (fo=1, routed)           0.026     0.597    u_dut/y1_word_reg[0]_i_46_n_0
    SLICE_X63Y196        CARRY8 (Prop_CARRY8_SLICEM_CI_O[2])
                                                      0.067     0.664 f  u_dut/y1_word_reg[0]_i_42/O[2]
                         net (fo=5, routed)           0.275     0.938    u_dut/y1_word_reg[0]_i_42_n_13
    SLICE_X63Y197        LUT2 (Prop_A6LUT_SLICEM_I1_O)
                                                      0.038     0.976 r  u_dut/y1_word[0]_i_70/O
                         net (fo=1, routed)           0.013     0.989    u_dut/y1_word[0]_i_70_n_0
    SLICE_X63Y197        CARRY8 (Prop_CARRY8_SLICEM_S[0]_CO[2])
                                                      0.115     1.104 r  u_dut/y1_word_reg[0]_i_44/CO[2]
                         net (fo=70, routed)          0.310     1.415    u_dut/sat_acc1
    SLICE_X62Y195        LUT4 (Prop_A5LUT_SLICEL_I1_O)
                                                      0.069     1.484 r  u_dut/e1d1_r[7]_i_18/O
                         net (fo=2, routed)           0.163     1.647    u_dut/e1d1_r[7]_i_18_n_0
    SLICE_X62Y195        LUT6 (Prop_B6LUT_SLICEL_I0_O)
                                                      0.036     1.683 r  u_dut/e1d1_r[7]_i_25/O
                         net (fo=1, routed)           0.009     1.692    u_dut/e1d1_r[7]_i_25_n_0
    SLICE_X62Y195        CARRY8 (Prop_CARRY8_SLICEL_S[1]_CO[7])
                                                      0.186     1.878 r  u_dut/e1d1_r_reg[7]_i_11/CO[7]
                         net (fo=1, routed)           0.026     1.904    u_dut/e1d1_r_reg[7]_i_11_n_0
    SLICE_X62Y196        CARRY8 (Prop_CARRY8_SLICEL_CI_CO[7])
                                                      0.015     1.919 r  u_dut/e1d1_r_reg[23]_i_18/CO[7]
                         net (fo=1, routed)           0.026     1.945    u_dut/e1d1_r_reg[23]_i_18_n_0
    SLICE_X62Y197        CARRY8 (Prop_CARRY8_SLICEL_CI_CO[7])
                                                      0.015     1.960 r  u_dut/y1_word_reg[0]_i_14/CO[7]
                         net (fo=1, routed)           0.026     1.986    u_dut/y1_word_reg[0]_i_14_n_0
    SLICE_X62Y198        CARRY8 (Prop_CARRY8_SLICEL_CI_O[2])
                                                      0.067     2.053 f  u_dut/y1_word_reg[0]_i_5/O[2]
                         net (fo=4, routed)           0.226     2.279    u_dut/compose_eight_steps.(null)[0].value[26]
    SLICE_X62Y199        LUT2 (Prop_A6LUT_SLICEL_I1_O)
                                                      0.050     2.329 r  u_dut/y1_word[0]_i_13/O
                         net (fo=1, routed)           0.009     2.338    u_dut/y1_word[0]_i_13_n_0
    SLICE_X62Y199        CARRY8 (Prop_CARRY8_SLICEL_S[0]_CO[2])
                                                      0.113     2.451 r  u_dut/y1_word_reg[0]_i_4/CO[2]
                         net (fo=42, routed)          0.246     2.697    u_dut/y1_word_reg[0]_i_4_n_5
    SLICE_X63Y198        LUT3 (Prop_A6LUT_SLICEM_I1_O)
                                                      0.053     2.750 r  u_dut/e1d1_r[7]_i_10/O
                         net (fo=1, routed)           0.013     2.763    u_dut/e1d1_r[7]_i_10_n_0
    SLICE_X63Y198        CARRY8 (Prop_CARRY8_SLICEM_S[0]_CO[7])
                                                      0.192     2.955 r  u_dut/e1d1_r_reg[7]_i_1/CO[7]
                         net (fo=1, routed)           0.026     2.981    u_dut/e1d1_r_reg[7]_i_1_n_0
    SLICE_X63Y199        CARRY8 (Prop_CARRY8_SLICEM_CI_CO[7])
                                                      0.015     2.996 r  u_dut/e1d1_r_reg[15]_i_1/CO[7]
                         net (fo=1, routed)           0.026     3.022    u_dut/e1d1_r_reg[15]_i_1_n_0
    SLICE_X63Y200        CARRY8 (Prop_CARRY8_SLICEM_CI_O[5])
                                                      0.123     3.145 r  u_dut/e1d1_r_reg[23]_i_1/O[5]
                         net (fo=3, routed)           0.201     3.346    u_dut/e1d1_r0[21]
    SLICE_X63Y204        LUT3 (Prop_F6LUT_SLICEM_I0_O)
                                                      0.088     3.434 r  u_dut/y2_word[0]_i_20/O
                         net (fo=1, routed)           0.022     3.456    u_dut/y2_word[0]_i_20_n_0
    SLICE_X63Y204        CARRY8 (Prop_CARRY8_SLICEM_S[5]_CO[7])
                                                      0.159     3.615 r  u_dut/y2_word_reg[0]_i_11/CO[7]
                         net (fo=1, routed)           0.026     3.641    u_dut/y2_word_reg[0]_i_11_n_0
    SLICE_X63Y205        CARRY8 (Prop_CARRY8_SLICEM_CI_O[2])
                                                      0.067     3.708 f  u_dut/y2_word_reg[0]_i_4/O[2]
                         net (fo=3, routed)           0.197     3.905    u_dut/y2_word_reg[0]_i_4_n_13
    SLICE_X62Y204        LUT2 (Prop_A6LUT_SLICEL_I1_O)
                                                      0.090     3.995 r  u_dut/y2_word[0]_i_10/O
                         net (fo=1, routed)           0.009     4.004    u_dut/y2_word[0]_i_10_n_0
    SLICE_X62Y204        CARRY8 (Prop_CARRY8_SLICEL_S[0]_CO[2])
                                                      0.113     4.117 r  u_dut/y2_word_reg[0]_i_3/CO[2]
                         net (fo=34, routed)          0.242     4.359    u_dut/y2_word_reg[0]_i_3_n_5
    SLICE_X62Y205        LUT3 (Prop_A6LUT_SLICEL_I1_O)
                                                      0.090     4.449 r  u_dut/e2d1_r[16]_i_19/O
                         net (fo=1, routed)           0.009     4.458    u_dut/e2d1_r[16]_i_19_n_0
    SLICE_X62Y205        CARRY8 (Prop_CARRY8_SLICEL_S[0]_CO[7])
                                                      0.190     4.648 r  u_dut/e2d1_r_reg[16]_i_3/CO[7]
                         net (fo=1, routed)           0.026     4.674    u_dut/e2d1_r_reg[16]_i_3_n_0
    SLICE_X62Y206        CARRY8 (Prop_CARRY8_SLICEL_CI_O[5])
                                                      0.116     4.790 r  u_dut/e2d1_r_reg[24]_i_2/O[5]
                         net (fo=3, routed)           0.182     4.972    u_dut/A[14]
    SLICE_X61Y206        LUT2 (Prop_F6LUT_SLICEM_I1_O)
                                                      0.088     5.060 r  u_dut/e2d1_r[16]_i_6/O
                         net (fo=1, routed)           0.022     5.082    u_dut/e2d1_r[16]_i_6_n_0
    SLICE_X61Y206        CARRY8 (Prop_CARRY8_SLICEM_S[5]_CO[7])
                                                      0.159     5.241 r  u_dut/e2d1_r_reg[16]_i_1/CO[7]
                         net (fo=1, routed)           0.026     5.267    u_dut/e2d1_r_reg[16]_i_1_n_0
    SLICE_X61Y207        CARRY8 (Prop_CARRY8_SLICEM_CI_O[7])
                                                      0.116     5.383 r  u_dut/e2d1_r_reg[24]_i_1/O[7]
                         net (fo=1, routed)           0.026     5.409    u_dut/e2d1_r_reg[24]_i_1_n_8
    SLICE_X61Y207        FDCE                                         r  u_dut/e2d1_r_reg[24]/D
  -------------------------------------------------------------------    -------------------

                         (clock clk rise edge)        4.571     4.571 r  
                                                      0.000     4.571 r  clk (IN)
                         net (fo=123, unset)          0.021     4.592    u_dut/clk
    SLICE_X61Y207        FDCE                                         r  u_dut/e2d1_r_reg[24]/C
                         clock pessimism              0.000     4.592    
                         clock uncertainty           -0.035     4.557    
    SLICE_X61Y207        FDCE (Setup_HFF_SLICEM_C_D)
                                                      0.025     4.582    u_dut/e2d1_r_reg[24]
  -------------------------------------------------------------------
                         required time                          4.582    
                         arrival time                          -5.409    
  -------------------------------------------------------------------
                         slack                                 -0.827    





Min Delay Paths
--------------------------------------------------------------------------------------
Slack (MET) :             0.084ns  (arrival time - required time)
  Source:                 u_dut/e2d1_r_reg[19]/C
                            (rising edge-triggered cell FDCE clocked by clk  {rise@0.000ns fall@2.286ns period=4.571ns})
  Destination:            u_dut/e2d2_r_reg[19]/D
                            (rising edge-triggered cell FDCE clocked by clk  {rise@0.000ns fall@2.286ns period=4.571ns})
  Path Group:             clk
  Path Type:              Hold (Min at Fast Process Corner)
  Requirement:            0.000ns  (clk rise@0.000ns - clk rise@0.000ns)
  Data Path Delay:        0.137ns  (logic 0.038ns (27.737%)  route 0.099ns (72.263%))
  Logic Levels:           0  
  Clock Path Skew:        0.006ns (DCD - SCD - CPR)
    Destination Clock Delay (DCD):    0.019ns
    Source Clock Delay      (SCD):    0.013ns
    Clock Pessimism Removal (CPR):    -0.000ns

    Location             Delay type                Incr(ns)  Path(ns)    Netlist Resource(s)
  -------------------------------------------------------------------    -------------------
                         (clock clk rise edge)        0.000     0.000 r  
                                                      0.000     0.000 r  clk (IN)
                         net (fo=123, unset)          0.013     0.013    u_dut/clk
    SLICE_X61Y207        FDCE                                         r  u_dut/e2d1_r_reg[19]/C
  -------------------------------------------------------------------    -------------------
    SLICE_X61Y207        FDCE (Prop_CFF_SLICEM_C_Q)
                                                      0.038     0.051 r  u_dut/e2d1_r_reg[19]/Q
                         net (fo=1, routed)           0.099     0.150    u_dut/e2d1_r_reg_n_0_[19]
    SLICE_X60Y204        FDCE                                         r  u_dut/e2d2_r_reg[19]/D
  -------------------------------------------------------------------    -------------------

                         (clock clk rise edge)        0.000     0.000 r  
                                                      0.000     0.000 r  clk (IN)
                         net (fo=123, unset)          0.019     0.019    u_dut/clk
    SLICE_X60Y204        FDCE                                         r  u_dut/e2d2_r_reg[19]/C
                         clock pessimism              0.000     0.019    
    SLICE_X60Y204        FDCE (Hold_GFF2_SLICEM_C_D)
                                                      0.047     0.066    u_dut/e2d2_r_reg[19]
  -------------------------------------------------------------------
                         required time                         -0.066    
                         arrival time                           0.150    
  -------------------------------------------------------------------
                         slack                                  0.084    





Pulse Width Checks
--------------------------------------------------------------------------------------
Clock Name:         clk
Waveform(ns):       { 0.000 2.286 }
Period(ns):         4.571
Sources:            { clk }

Check Type        Corner  Lib Pin  Reference Pin  Required(ns)  Actual(ns)  Slack(ns)  Location       Pin
Min Period        n/a     FDCE/C   n/a            0.550         4.571       4.021      SLICE_X63Y198  u_dut/e1d1_r_reg[0]/C
Low Pulse Width   Slow    FDCE/C   n/a            0.275         2.286       2.010      SLICE_X63Y198  u_dut/e1d1_r_reg[0]/C
High Pulse Width  Slow    FDCE/C   n/a            0.275         2.286       2.010      SLICE_X63Y198  u_dut/e1d1_r_reg[0]/C



