Copyright 1986-2022 Xilinx, Inc. All Rights Reserved. Copyright 2022-2024 Advanced Micro Devices, Inc. All Rights Reserved.
---------------------------------------------------------------------------------------------------------------------------------------------
| Tool Version : Vivado v.2024.1 (win64) Build 5076996 Wed May 22 18:37:14 MDT 2024
| Date         : Wed Jul  1 23:07:53 2026
| Host         : LAPTOP-KNBVGAN8 running 64-bit major release  (build 9200)
| Command      : report_timing_summary -file E:/workspace/chip/dsm_ip/syn/reports/ooc_20260701_230058/p0_ooc_ef2/timing_summary.rpt
| Design       : p0_ooc_ef2
| Device       : 7z020-clg400
| Speed File   : -1  PRODUCTION 1.12 2019-11-22
| Design State : Routed
---------------------------------------------------------------------------------------------------------------------------------------------

Timing Summary Report

------------------------------------------------------------------------------------------------
| Timer Settings
| --------------
------------------------------------------------------------------------------------------------

  Enable Multi Corner Analysis               :  Yes
  Enable Pessimism Removal                   :  Yes
  Pessimism Removal Resolution               :  Nearest Common Node
  Enable Input Delay Default Clock           :  No
  Enable Preset / Clear Arcs                 :  No
  Disable Flight Delays                      :  No
  Ignore I/O Paths                           :  No
  Timing Early Launch at Borrowing Latches   :  No
  Borrow Time for Max Delay Exceptions       :  Yes
  Merge Timing Exceptions                    :  Yes
  Inter-SLR Compensation                     :  Conservative

  Corner  Analyze    Analyze    
  Name    Max Paths  Min Paths  
  ------  ---------  ---------  
  Slow    Yes        Yes        
  Fast    Yes        Yes        


------------------------------------------------------------------------------------------------
| Report Methodology
| ------------------
------------------------------------------------------------------------------------------------

No report available as report_methodology has not been run prior. Run report_methodology on the current design for the summary of methodology violations.



check_timing report

Table of Contents
-----------------
1. checking no_clock (0)
2. checking constant_clock (0)
3. checking pulse_width_clock (0)
4. checking unconstrained_internal_endpoints (0)
5. checking no_input_delay (34)
6. checking no_output_delay (2)
7. checking multiple_clock (0)
8. checking generated_clocks (0)
9. checking loops (0)
10. checking partial_input_delay (0)
11. checking partial_output_delay (0)
12. checking latch_loops (0)

1. checking no_clock (0)
------------------------
 There are 0 register/latch pins with no clock.


2. checking constant_clock (0)
------------------------------
 There are 0 register/latch pins with constant_clock.


3. checking pulse_width_clock (0)
---------------------------------
 There are 0 register/latch pins which need pulse_width check


4. checking unconstrained_internal_endpoints (0)
------------------------------------------------
 There are 0 pins that are not constrained for maximum delay.

 There are 0 pins that are not constrained for maximum delay due to constant clock.


5. checking no_input_delay (34)
-------------------------------
 There are 0 input ports with no input delay specified.

 There are 34 input ports with no input delay but user has a false path constraint. (MEDIUM)


6. checking no_output_delay (2)
-------------------------------
 There are 0 ports with no output delay specified.

 There are 2 ports with no output delay but user has a false path constraint (MEDIUM)

 There are 0 ports with no output delay but with a timing clock defined on it or propagating through it


7. checking multiple_clock (0)
------------------------------
 There are 0 register/latch pins with multiple clocks.


8. checking generated_clocks (0)
--------------------------------
 There are 0 generated clocks that are not connected to a clock source.


9. checking loops (0)
---------------------
 There are 0 combinational loops in the design.


10. checking partial_input_delay (0)
------------------------------------
 There are 0 input ports with partial input delay specified.


11. checking partial_output_delay (0)
-------------------------------------
 There are 0 ports with partial output delay specified.


12. checking latch_loops (0)
----------------------------
 There are 0 combinational latch loops in the design through latch input



------------------------------------------------------------------------------------------------
| Design Timing Summary
| ---------------------
------------------------------------------------------------------------------------------------

    WNS(ns)      TNS(ns)  TNS Failing Endpoints  TNS Total Endpoints      WHS(ns)      THS(ns)  THS Failing Endpoints  THS Total Endpoints     WPWS(ns)     TPWS(ns)  TPWS Failing Endpoints  TPWS Total Endpoints  
    -------      -------  ---------------------  -------------------      -------      -------  ---------------------  -------------------     --------     --------  ----------------------  --------------------  
      0.080        0.000                      0                  118        0.135        0.000                      0                  118        4.500        0.000                       0                   119  


All user specified timing constraints are met.


------------------------------------------------------------------------------------------------
| Clock Summary
| -------------
------------------------------------------------------------------------------------------------

Clock  Waveform(ns)       Period(ns)      Frequency(MHz)
-----  ------------       ----------      --------------
clk    {0.000 5.000}      10.000          100.000         


------------------------------------------------------------------------------------------------
| Intra Clock Table
| -----------------
------------------------------------------------------------------------------------------------

Clock             WNS(ns)      TNS(ns)  TNS Failing Endpoints  TNS Total Endpoints      WHS(ns)      THS(ns)  THS Failing Endpoints  THS Total Endpoints     WPWS(ns)     TPWS(ns)  TPWS Failing Endpoints  TPWS Total Endpoints  
-----             -------      -------  ---------------------  -------------------      -------      -------  ---------------------  -------------------     --------     --------  ----------------------  --------------------  
clk                 0.080        0.000                      0                  118        0.135        0.000                      0                  118        4.500        0.000                       0                   119  


------------------------------------------------------------------------------------------------
| Inter Clock Table
| -----------------
------------------------------------------------------------------------------------------------

From Clock    To Clock          WNS(ns)      TNS(ns)  TNS Failing Endpoints  TNS Total Endpoints      WHS(ns)      THS(ns)  THS Failing Endpoints  THS Total Endpoints  
----------    --------          -------      -------  ---------------------  -------------------      -------      -------  ---------------------  -------------------  


------------------------------------------------------------------------------------------------
| Other Path Groups Table
| -----------------------
------------------------------------------------------------------------------------------------

Path Group    From Clock    To Clock          WNS(ns)      TNS(ns)  TNS Failing Endpoints  TNS Total Endpoints      WHS(ns)      THS(ns)  THS Failing Endpoints  THS Total Endpoints  
----------    ----------    --------          -------      -------  ---------------------  -------------------      -------      -------  ---------------------  -------------------  


------------------------------------------------------------------------------------------------
| Timing Details
| --------------
------------------------------------------------------------------------------------------------


---------------------------------------------------------------------------------------------------
From Clock:  clk
  To Clock:  clk

Setup :            0  Failing Endpoints,  Worst Slack        0.080ns,  Total Violation        0.000ns
Hold  :            0  Failing Endpoints,  Worst Slack        0.135ns,  Total Violation        0.000ns
PW    :            0  Failing Endpoints,  Worst Slack        4.500ns,  Total Violation        0.000ns
---------------------------------------------------------------------------------------------------


Max Delay Paths
--------------------------------------------------------------------------------------
Slack (MET) :             0.080ns  (required time - arrival time)
  Source:                 u_q/e2_reg[2]/C
                            (rising edge-triggered cell FDCE clocked by clk  {rise@0.000ns fall@5.000ns period=10.000ns})
  Destination:            u_q/e1_reg[26]/D
                            (rising edge-triggered cell FDCE clocked by clk  {rise@0.000ns fall@5.000ns period=10.000ns})
  Path Group:             clk
  Path Type:              Setup (Max at Slow Process Corner)
  Requirement:            10.000ns  (clk rise@10.000ns - clk rise@0.000ns)
  Data Path Delay:        9.898ns  (logic 6.252ns (63.163%)  route 3.646ns (36.837%))
  Logic Levels:           22  (CARRY4=17 LUT1=1 LUT2=1 LUT3=2 LUT4=1)
  Clock Path Skew:        -0.049ns (DCD - SCD + CPR)
    Destination Clock Delay (DCD):    0.924ns = ( 10.924 - 10.000 ) 
    Source Clock Delay      (SCD):    0.973ns
    Clock Pessimism Removal (CPR):    0.000ns
  Clock Uncertainty:      0.035ns  ((TSJ^2 + TIJ^2)^1/2 + DJ) / 2 + PE
    Total System Jitter     (TSJ):    0.071ns
    Total Input Jitter      (TIJ):    0.000ns
    Discrete Jitter          (DJ):    0.000ns
    Phase Error              (PE):    0.000ns

    Location             Delay type                Incr(ns)  Path(ns)    Netlist Resource(s)
  -------------------------------------------------------------------    -------------------
                         (clock clk rise edge)        0.000     0.000 r  
                                                      0.000     0.000 r  clk (IN)
                         net (fo=118, unset)          0.973     0.973    u_q/clk
    SLICE_X31Y33         FDCE                                         r  u_q/e2_reg[2]/C
  -------------------------------------------------------------------    -------------------
    SLICE_X31Y33         FDCE (Prop_fdce_C_Q)         0.456     1.429 f  u_q/e2_reg[2]/Q
                         net (fo=1, routed)           0.566     1.995    u_q/e2_reg_n_0_[2]
    SLICE_X28Y33         LUT1 (Prop_lut1_I0_O)        0.124     2.119 r  u_q/i__carry_i_4__0/O
                         net (fo=1, routed)           0.000     2.119    u_q/i__carry_i_4__0_n_0
    SLICE_X28Y33         CARRY4 (Prop_carry4_S[1]_CO[3])
                                                      0.550     2.669 r  u_q/_inferred__1/i__carry/CO[3]
                         net (fo=1, routed)           0.000     2.669    u_q/_inferred__1/i__carry_n_0
    SLICE_X28Y34         CARRY4 (Prop_carry4_CI_CO[3])
                                                      0.114     2.783 r  u_q/_inferred__1/i__carry__0/CO[3]
                         net (fo=1, routed)           0.000     2.783    u_q/_inferred__1/i__carry__0_n_0
    SLICE_X28Y35         CARRY4 (Prop_carry4_CI_O[3])
                                                      0.313     3.096 r  u_q/_inferred__1/i__carry__1/O[3]
                         net (fo=2, routed)           0.804     3.900    u_q/_inferred__1/i__carry__1_n_4
    SLICE_X29Y36         LUT3 (Prop_lut3_I1_O)        0.334     4.234 r  u_q/y_int2__1_carry__2_i_3/O
                         net (fo=2, routed)           0.469     4.703    u_q/y_int2__1_carry__2_i_3_n_0
    SLICE_X29Y36         LUT4 (Prop_lut4_I3_O)        0.326     5.029 r  u_q/y_int2__1_carry__2_i_7/O
                         net (fo=1, routed)           0.000     5.029    u_q/y_int2__1_carry__2_i_7_n_0
    SLICE_X29Y36         CARRY4 (Prop_carry4_S[1]_CO[3])
                                                      0.550     5.579 r  u_q/y_int2__1_carry__2/CO[3]
                         net (fo=1, routed)           0.000     5.579    u_q/y_int2__1_carry__2_n_0
    SLICE_X29Y37         CARRY4 (Prop_carry4_CI_CO[3])
                                                      0.114     5.693 r  u_q/y_int2__1_carry__3/CO[3]
                         net (fo=1, routed)           0.000     5.693    u_q/y_int2__1_carry__3_n_0
    SLICE_X29Y38         CARRY4 (Prop_carry4_CI_CO[3])
                                                      0.114     5.807 r  u_q/y_int2__1_carry__4/CO[3]
                         net (fo=1, routed)           0.000     5.807    u_q/y_int2__1_carry__4_n_0
    SLICE_X29Y39         CARRY4 (Prop_carry4_CI_CO[3])
                                                      0.114     5.921 r  u_q/y_int2__1_carry__5/CO[3]
                         net (fo=1, routed)           0.000     5.921    u_q/y_int2__1_carry__5_n_0
    SLICE_X29Y40         CARRY4 (Prop_carry4_CI_O[1])
                                                      0.334     6.255 f  u_q/y_int2__1_carry__6/O[1]
                         net (fo=4, routed)           0.725     6.980    u_q/y_int2__1_carry__6_n_6
    SLICE_X30Y38         LUT2 (Prop_lut2_I1_O)        0.303     7.283 r  u_q/i__carry_i_4/O
                         net (fo=1, routed)           0.000     7.283    u_q/i__carry_i_4_n_0
    SLICE_X30Y38         CARRY4 (Prop_carry4_S[1]_CO[3])
                                                      0.533     7.816 r  u_q/y_int1_inferred__0/i__carry/CO[3]
                         net (fo=1, routed)           0.000     7.816    u_q/y_int1_inferred__0/i__carry_n_0
    SLICE_X30Y39         CARRY4 (Prop_carry4_CI_CO[1])
                                                      0.157     7.973 r  u_q/y_int1_inferred__0/i__carry__0/CO[1]
                         net (fo=56, routed)          0.703     8.676    u_q/y_int1_inferred__0/i__carry__0_n_2
    SLICE_X31Y38         LUT3 (Prop_lut3_I0_O)        0.332     9.008 r  u_q/e10_carry_i_1/O
                         net (fo=1, routed)           0.379     9.387    u_q/e10_carry_i_1_n_0
    SLICE_X31Y39         CARRY4 (Prop_carry4_CYINIT_CO[3])
                                                      0.580     9.967 r  u_q/e10_carry/CO[3]
                         net (fo=1, routed)           0.000     9.967    u_q/e10_carry_n_0
    SLICE_X31Y40         CARRY4 (Prop_carry4_CI_CO[3])
                                                      0.114    10.081 r  u_q/e10_carry__0/CO[3]
                         net (fo=1, routed)           0.000    10.081    u_q/e10_carry__0_n_0
    SLICE_X31Y41         CARRY4 (Prop_carry4_CI_CO[3])
                                                      0.114    10.195 r  u_q/e10_carry__1/CO[3]
                         net (fo=1, routed)           0.000    10.195    u_q/e10_carry__1_n_0
    SLICE_X31Y42         CARRY4 (Prop_carry4_CI_CO[3])
                                                      0.114    10.309 r  u_q/e10_carry__2/CO[3]
                         net (fo=1, routed)           0.000    10.309    u_q/e10_carry__2_n_0
    SLICE_X31Y43         CARRY4 (Prop_carry4_CI_CO[3])
                                                      0.114    10.423 r  u_q/e10_carry__3/CO[3]
                         net (fo=1, routed)           0.000    10.423    u_q/e10_carry__3_n_0
    SLICE_X31Y44         CARRY4 (Prop_carry4_CI_CO[3])
                                                      0.114    10.537 r  u_q/e10_carry__4/CO[3]
                         net (fo=1, routed)           0.000    10.537    u_q/e10_carry__4_n_0
    SLICE_X31Y45         CARRY4 (Prop_carry4_CI_O[1])
                                                      0.334    10.871 r  u_q/e10_carry__5/O[1]
                         net (fo=1, routed)           0.000    10.871    u_q/e10_carry__5_n_6
    SLICE_X31Y45         FDCE                                         r  u_q/e1_reg[26]/D
  -------------------------------------------------------------------    -------------------

                         (clock clk rise edge)       10.000    10.000 r  
                                                      0.000    10.000 r  clk (IN)
                         net (fo=118, unset)          0.924    10.924    u_q/clk
    SLICE_X31Y45         FDCE                                         r  u_q/e1_reg[26]/C
                         clock pessimism              0.000    10.924    
                         clock uncertainty           -0.035    10.889    
    SLICE_X31Y45         FDCE (Setup_fdce_C_D)        0.062    10.951    u_q/e1_reg[26]
  -------------------------------------------------------------------
                         required time                         10.951    
                         arrival time                         -10.871    
  -------------------------------------------------------------------
                         slack                                  0.080    





Min Delay Paths
--------------------------------------------------------------------------------------
Slack (MET) :             0.135ns  (arrival time - required time)
  Source:                 u_i/y_bit_reg/C
                            (rising edge-triggered cell FDPE clocked by clk  {rise@0.000ns fall@5.000ns period=10.000ns})
  Destination:            u_duc/rf_bit_reg/D
                            (rising edge-triggered cell FDPE clocked by clk  {rise@0.000ns fall@5.000ns period=10.000ns})
  Path Group:             clk
  Path Type:              Hold (Min at Fast Process Corner)
  Requirement:            0.000ns  (clk rise@0.000ns - clk rise@0.000ns)
  Data Path Delay:        0.277ns  (logic 0.186ns (67.123%)  route 0.091ns (32.877%))
  Logic Levels:           1  (LUT6=1)
  Clock Path Skew:        0.022ns (DCD - SCD - CPR)
    Destination Clock Delay (DCD):    0.432ns
    Source Clock Delay      (SCD):    0.410ns
    Clock Pessimism Removal (CPR):    -0.000ns

    Location             Delay type                Incr(ns)  Path(ns)    Netlist Resource(s)
  -------------------------------------------------------------------    -------------------
                         (clock clk rise edge)        0.000     0.000 r  
                                                      0.000     0.000 r  clk (IN)
                         net (fo=118, unset)          0.410     0.410    u_i/clk
    SLICE_X27Y42         FDPE                                         r  u_i/y_bit_reg/C
  -------------------------------------------------------------------    -------------------
    SLICE_X27Y42         FDPE (Prop_fdpe_C_Q)         0.141     0.551 r  u_i/y_bit_reg/Q
                         net (fo=1, routed)           0.091     0.642    u_duc/y_bit
    SLICE_X26Y42         LUT6 (Prop_lut6_I3_O)        0.045     0.687 r  u_duc/rf_bit_i_1/O
                         net (fo=1, routed)           0.000     0.687    u_duc/rf_bit_i_1_n_0
    SLICE_X26Y42         FDPE                                         r  u_duc/rf_bit_reg/D
  -------------------------------------------------------------------    -------------------

                         (clock clk rise edge)        0.000     0.000 r  
                                                      0.000     0.000 r  clk (IN)
                         net (fo=118, unset)          0.432     0.432    u_duc/clk
    SLICE_X26Y42         FDPE                                         r  u_duc/rf_bit_reg/C
                         clock pessimism              0.000     0.432    
    SLICE_X26Y42         FDPE (Hold_fdpe_C_D)         0.121     0.553    u_duc/rf_bit_reg
  -------------------------------------------------------------------
                         required time                         -0.553    
                         arrival time                           0.687    
  -------------------------------------------------------------------
                         slack                                  0.135    





Pulse Width Checks
--------------------------------------------------------------------------------------
Clock Name:         clk
Waveform(ns):       { 0.000 5.000 }
Period(ns):         10.000
Sources:            { clk }

Check Type        Corner  Lib Pin  Reference Pin  Required(ns)  Actual(ns)  Slack(ns)  Location      Pin
Min Period        n/a     FDCE/C   n/a            1.000         10.000      9.000      SLICE_X26Y42  u_duc/in_valid_d1_reg/C
Low Pulse Width   Slow    FDCE/C   n/a            0.500         5.000       4.500      SLICE_X26Y42  u_duc/in_valid_d1_reg/C
High Pulse Width  Slow    FDCE/C   n/a            0.500         5.000       4.500      SLICE_X26Y42  u_duc/in_valid_d1_reg/C



