Copyright 1986-2022 Xilinx, Inc. All Rights Reserved. Copyright 2022-2024 Advanced Micro Devices, Inc. All Rights Reserved.
----------------------------------------------------------------------------------------------------------------------------------------------------------
| Tool Version      : Vivado v.2024.1 (win64) Build 5076996 Wed May 22 18:37:14 MDT 2024
| Date              : Mon Sep 21 01:07:33 2026
| Host              : LAPTOP-KNBVGAN8 running 64-bit major release  (build 9200)
| Command           : report_timing -max_paths 20 -file E:/workspace/chip/dsm_ip/syn/out/tid32_thermo3_axis_frontend_20260921_002017/timing_max_paths.rpt
| Design            : tid32_thermo3_axis_frontend_tx_ooc
| Device            : xczu15eg-ffvb1156
| Speed File        : -2  PRODUCTION 1.30 05-15-2022
| Design State      : Routed
| Temperature Grade : I
----------------------------------------------------------------------------------------------------------------------------------------------------------

Timing Report

Slack (VIOLATED) :        -1.392ns  (required time - arrival time)
  Source:                 u_dut/u_frontend/u_interp_to_dpd_elastic/data_i_reg[239]/C
                            (rising edge-triggered cell FDCE clocked by core_clk  {rise@0.000ns fall@2.286ns period=4.571ns})
  Destination:            u_dut/u_frontend/u_memory_dpd/g_lane[12].u_dpd/p_0_out__30/DSP_A_B_DATA_INST/A[26]
                            (rising edge-triggered cell DSP_A_B_DATA clocked by core_clk  {rise@0.000ns fall@2.286ns period=4.571ns})
  Path Group:             core_clk
  Path Type:              Setup (Max at Slow Process Corner)
  Requirement:            4.571ns  (core_clk rise@4.571ns - core_clk rise@0.000ns)
  Data Path Delay:        5.656ns  (logic 0.078ns (1.379%)  route 5.578ns (98.621%))
  Logic Levels:           0  
  Clock Path Skew:        0.013ns (DCD - SCD + CPR)
    Destination Clock Delay (DCD):    0.043ns = ( 4.614 - 4.571 ) 
    Source Clock Delay      (SCD):    0.030ns
    Clock Pessimism Removal (CPR):    0.000ns
  Clock Uncertainty:      0.035ns  ((TSJ^2 + TIJ^2)^1/2 + DJ) / 2 + PE
    Total System Jitter     (TSJ):    0.071ns
    Total Input Jitter      (TIJ):    0.000ns
    Discrete Jitter          (DJ):    0.000ns
    Phase Error              (PE):    0.000ns

    Location             Delay type                Incr(ns)  Path(ns)    Netlist Resource(s)
  -------------------------------------------------------------------    -------------------
                         (clock core_clk rise edge)
                                                      0.000     0.000 r  
                                                      0.000     0.000 r  clk218 (IN)
                         net (fo=103838, unset)       0.030     0.030    u_dut/u_frontend/u_interp_to_dpd_elastic/clk
    SLICE_X73Y198        FDCE                                         r  u_dut/u_frontend/u_interp_to_dpd_elastic/data_i_reg[239]/C
  -------------------------------------------------------------------    -------------------
    SLICE_X73Y198        FDCE (Prop_BFF_SLICEM_C_Q)
                                                      0.078     0.108 r  u_dut/u_frontend/u_interp_to_dpd_elastic/data_i_reg[239]/Q
                         net (fo=173, routed)         5.578     5.686    u_dut/u_frontend/u_memory_dpd/g_lane[12].u_dpd/p_0_out__30/A[26]
    DSP48E2_X12Y161      DSP_A_B_DATA                                 r  u_dut/u_frontend/u_memory_dpd/g_lane[12].u_dpd/p_0_out__30/DSP_A_B_DATA_INST/A[26]
  -------------------------------------------------------------------    -------------------

                         (clock core_clk rise edge)
                                                      4.571     4.571 r  
                                                      0.000     4.571 r  clk218 (IN)
                         net (fo=103838, unset)       0.043     4.614    u_dut/u_frontend/u_memory_dpd/g_lane[12].u_dpd/p_0_out__30/CLK
    DSP48E2_X12Y161      DSP_A_B_DATA                                 r  u_dut/u_frontend/u_memory_dpd/g_lane[12].u_dpd/p_0_out__30/DSP_A_B_DATA_INST/CLK
                         clock pessimism              0.000     4.614    
                         clock uncertainty           -0.035     4.579    
    DSP48E2_X12Y161      DSP_A_B_DATA (Setup_DSP_A_B_DATA_DSP48E2_CLK_A[26])
                                                     -0.285     4.294    u_dut/u_frontend/u_memory_dpd/g_lane[12].u_dpd/p_0_out__30/DSP_A_B_DATA_INST
  -------------------------------------------------------------------
                         required time                          4.294    
                         arrival time                          -5.686    
  -------------------------------------------------------------------
                         slack                                 -1.392    

Slack (VIOLATED) :        -1.389ns  (required time - arrival time)
  Source:                 u_dut/u_frontend/u_interp_to_dpd_elastic/data_i_reg[239]/C
                            (rising edge-triggered cell FDCE clocked by core_clk  {rise@0.000ns fall@2.286ns period=4.571ns})
  Destination:            u_dut/u_frontend/u_memory_dpd/g_lane[12].u_dpd/p_0_out__30/DSP_A_B_DATA_INST/A[27]
                            (rising edge-triggered cell DSP_A_B_DATA clocked by core_clk  {rise@0.000ns fall@2.286ns period=4.571ns})
  Path Group:             core_clk
  Path Type:              Setup (Max at Slow Process Corner)
  Requirement:            4.571ns  (core_clk rise@4.571ns - core_clk rise@0.000ns)
  Data Path Delay:        5.656ns  (logic 0.078ns (1.379%)  route 5.578ns (98.621%))
  Logic Levels:           0  
  Clock Path Skew:        0.013ns (DCD - SCD + CPR)
    Destination Clock Delay (DCD):    0.043ns = ( 4.614 - 4.571 ) 
    Source Clock Delay      (SCD):    0.030ns
    Clock Pessimism Removal (CPR):    0.000ns
  Clock Uncertainty:      0.035ns  ((TSJ^2 + TIJ^2)^1/2 + DJ) / 2 + PE
    Total System Jitter     (TSJ):    0.071ns
    Total Input Jitter      (TIJ):    0.000ns
    Discrete Jitter          (DJ):    0.000ns
    Phase Error              (PE):    0.000ns

    Location             Delay type                Incr(ns)  Path(ns)    Netlist Resource(s)
  -------------------------------------------------------------------    -------------------
                         (clock core_clk rise edge)
                                                      0.000     0.000 r  
                                                      0.000     0.000 r  clk218 (IN)
                         net (fo=103838, unset)       0.030     0.030    u_dut/u_frontend/u_interp_to_dpd_elastic/clk
    SLICE_X73Y198        FDCE                                         r  u_dut/u_frontend/u_interp_to_dpd_elastic/data_i_reg[239]/C
  -------------------------------------------------------------------    -------------------
    SLICE_X73Y198        FDCE (Prop_BFF_SLICEM_C_Q)
                                                      0.078     0.108 r  u_dut/u_frontend/u_interp_to_dpd_elastic/data_i_reg[239]/Q
                         net (fo=173, routed)         5.578     5.686    u_dut/u_frontend/u_memory_dpd/g_lane[12].u_dpd/p_0_out__30/A[27]
    DSP48E2_X12Y161      DSP_A_B_DATA                                 r  u_dut/u_frontend/u_memory_dpd/g_lane[12].u_dpd/p_0_out__30/DSP_A_B_DATA_INST/A[27]
  -------------------------------------------------------------------    -------------------

                         (clock core_clk rise edge)
                                                      4.571     4.571 r  
                                                      0.000     4.571 r  clk218 (IN)
                         net (fo=103838, unset)       0.043     4.614    u_dut/u_frontend/u_memory_dpd/g_lane[12].u_dpd/p_0_out__30/CLK
    DSP48E2_X12Y161      DSP_A_B_DATA                                 r  u_dut/u_frontend/u_memory_dpd/g_lane[12].u_dpd/p_0_out__30/DSP_A_B_DATA_INST/CLK
                         clock pessimism              0.000     4.614    
                         clock uncertainty           -0.035     4.579    
    DSP48E2_X12Y161      DSP_A_B_DATA (Setup_DSP_A_B_DATA_DSP48E2_CLK_A[27])
                                                     -0.282     4.297    u_dut/u_frontend/u_memory_dpd/g_lane[12].u_dpd/p_0_out__30/DSP_A_B_DATA_INST
  -------------------------------------------------------------------
                         required time                          4.297    
                         arrival time                          -5.686    
  -------------------------------------------------------------------
                         slack                                 -1.389    

Slack (VIOLATED) :        -1.387ns  (required time - arrival time)
  Source:                 u_dut/u_frontend/u_interp_to_dpd_elastic/data_i_reg[239]/C
                            (rising edge-triggered cell FDCE clocked by core_clk  {rise@0.000ns fall@2.286ns period=4.571ns})
  Destination:            u_dut/u_frontend/u_memory_dpd/g_lane[12].u_dpd/p_0_out__30/DSP_A_B_DATA_INST/A[23]
                            (rising edge-triggered cell DSP_A_B_DATA clocked by core_clk  {rise@0.000ns fall@2.286ns period=4.571ns})
  Path Group:             core_clk
  Path Type:              Setup (Max at Slow Process Corner)
  Requirement:            4.571ns  (core_clk rise@4.571ns - core_clk rise@0.000ns)
  Data Path Delay:        5.650ns  (logic 0.078ns (1.381%)  route 5.572ns (98.619%))
  Logic Levels:           0  
  Clock Path Skew:        0.013ns (DCD - SCD + CPR)
    Destination Clock Delay (DCD):    0.043ns = ( 4.614 - 4.571 ) 
    Source Clock Delay      (SCD):    0.030ns
    Clock Pessimism Removal (CPR):    0.000ns
  Clock Uncertainty:      0.035ns  ((TSJ^2 + TIJ^2)^1/2 + DJ) / 2 + PE
    Total System Jitter     (TSJ):    0.071ns
    Total Input Jitter      (TIJ):    0.000ns
    Discrete Jitter          (DJ):    0.000ns
    Phase Error              (PE):    0.000ns

    Location             Delay type                Incr(ns)  Path(ns)    Netlist Resource(s)
  -------------------------------------------------------------------    -------------------
                         (clock core_clk rise edge)
                                                      0.000     0.000 r  
                                                      0.000     0.000 r  clk218 (IN)
                         net (fo=103838, unset)       0.030     0.030    u_dut/u_frontend/u_interp_to_dpd_elastic/clk
    SLICE_X73Y198        FDCE                                         r  u_dut/u_frontend/u_interp_to_dpd_elastic/data_i_reg[239]/C
  -------------------------------------------------------------------    -------------------
    SLICE_X73Y198        FDCE (Prop_BFF_SLICEM_C_Q)
                                                      0.078     0.108 r  u_dut/u_frontend/u_interp_to_dpd_elastic/data_i_reg[239]/Q
                         net (fo=173, routed)         5.572     5.680    u_dut/u_frontend/u_memory_dpd/g_lane[12].u_dpd/p_0_out__30/A[23]
    DSP48E2_X12Y161      DSP_A_B_DATA                                 r  u_dut/u_frontend/u_memory_dpd/g_lane[12].u_dpd/p_0_out__30/DSP_A_B_DATA_INST/A[23]
  -------------------------------------------------------------------    -------------------

                         (clock core_clk rise edge)
                                                      4.571     4.571 r  
                                                      0.000     4.571 r  clk218 (IN)
                         net (fo=103838, unset)       0.043     4.614    u_dut/u_frontend/u_memory_dpd/g_lane[12].u_dpd/p_0_out__30/CLK
    DSP48E2_X12Y161      DSP_A_B_DATA                                 r  u_dut/u_frontend/u_memory_dpd/g_lane[12].u_dpd/p_0_out__30/DSP_A_B_DATA_INST/CLK
                         clock pessimism              0.000     4.614    
                         clock uncertainty           -0.035     4.579    
    DSP48E2_X12Y161      DSP_A_B_DATA (Setup_DSP_A_B_DATA_DSP48E2_CLK_A[23])
                                                     -0.286     4.293    u_dut/u_frontend/u_memory_dpd/g_lane[12].u_dpd/p_0_out__30/DSP_A_B_DATA_INST
  -------------------------------------------------------------------
                         required time                          4.293    
                         arrival time                          -5.680    
  -------------------------------------------------------------------
                         slack                                 -1.387    

Slack (VIOLATED) :        -1.374ns  (required time - arrival time)
  Source:                 u_dut/u_frontend/u_interp_to_dpd_elastic/data_i_reg[239]/C
                            (rising edge-triggered cell FDCE clocked by core_clk  {rise@0.000ns fall@2.286ns period=4.571ns})
  Destination:            u_dut/u_frontend/u_memory_dpd/g_lane[12].u_dpd/p_0_out__30/DSP_A_B_DATA_INST/A[24]
                            (rising edge-triggered cell DSP_A_B_DATA clocked by core_clk  {rise@0.000ns fall@2.286ns period=4.571ns})
  Path Group:             core_clk
  Path Type:              Setup (Max at Slow Process Corner)
  Requirement:            4.571ns  (core_clk rise@4.571ns - core_clk rise@0.000ns)
  Data Path Delay:        5.641ns  (logic 0.078ns (1.383%)  route 5.563ns (98.617%))
  Logic Levels:           0  
  Clock Path Skew:        0.013ns (DCD - SCD + CPR)
    Destination Clock Delay (DCD):    0.043ns = ( 4.614 - 4.571 ) 
    Source Clock Delay      (SCD):    0.030ns
    Clock Pessimism Removal (CPR):    0.000ns
  Clock Uncertainty:      0.035ns  ((TSJ^2 + TIJ^2)^1/2 + DJ) / 2 + PE
    Total System Jitter     (TSJ):    0.071ns
    Total Input Jitter      (TIJ):    0.000ns
    Discrete Jitter          (DJ):    0.000ns
    Phase Error              (PE):    0.000ns

    Location             Delay type                Incr(ns)  Path(ns)    Netlist Resource(s)
  -------------------------------------------------------------------    -------------------
                         (clock core_clk rise edge)
                                                      0.000     0.000 r  
                                                      0.000     0.000 r  clk218 (IN)
                         net (fo=103838, unset)       0.030     0.030    u_dut/u_frontend/u_interp_to_dpd_elastic/clk
    SLICE_X73Y198        FDCE                                         r  u_dut/u_frontend/u_interp_to_dpd_elastic/data_i_reg[239]/C
  -------------------------------------------------------------------    -------------------
    SLICE_X73Y198        FDCE (Prop_BFF_SLICEM_C_Q)
                                                      0.078     0.108 r  u_dut/u_frontend/u_interp_to_dpd_elastic/data_i_reg[239]/Q
                         net (fo=173, routed)         5.563     5.671    u_dut/u_frontend/u_memory_dpd/g_lane[12].u_dpd/p_0_out__30/A[24]
    DSP48E2_X12Y161      DSP_A_B_DATA                                 r  u_dut/u_frontend/u_memory_dpd/g_lane[12].u_dpd/p_0_out__30/DSP_A_B_DATA_INST/A[24]
  -------------------------------------------------------------------    -------------------

                         (clock core_clk rise edge)
                                                      4.571     4.571 r  
                                                      0.000     4.571 r  clk218 (IN)
                         net (fo=103838, unset)       0.043     4.614    u_dut/u_frontend/u_memory_dpd/g_lane[12].u_dpd/p_0_out__30/CLK
    DSP48E2_X12Y161      DSP_A_B_DATA                                 r  u_dut/u_frontend/u_memory_dpd/g_lane[12].u_dpd/p_0_out__30/DSP_A_B_DATA_INST/CLK
                         clock pessimism              0.000     4.614    
                         clock uncertainty           -0.035     4.579    
    DSP48E2_X12Y161      DSP_A_B_DATA (Setup_DSP_A_B_DATA_DSP48E2_CLK_A[24])
                                                     -0.282     4.297    u_dut/u_frontend/u_memory_dpd/g_lane[12].u_dpd/p_0_out__30/DSP_A_B_DATA_INST
  -------------------------------------------------------------------
                         required time                          4.297    
                         arrival time                          -5.671    
  -------------------------------------------------------------------
                         slack                                 -1.374    

Slack (VIOLATED) :        -1.357ns  (required time - arrival time)
  Source:                 u_dut/u_frontend/u_interp_to_dpd_elastic/data_i_reg[239]/C
                            (rising edge-triggered cell FDCE clocked by core_clk  {rise@0.000ns fall@2.286ns period=4.571ns})
  Destination:            u_dut/u_frontend/u_memory_dpd/g_lane[12].u_dpd/p_0_out__30/DSP_A_B_DATA_INST/B[15]
                            (rising edge-triggered cell DSP_A_B_DATA clocked by core_clk  {rise@0.000ns fall@2.286ns period=4.571ns})
  Path Group:             core_clk
  Path Type:              Setup (Max at Slow Process Corner)
  Requirement:            4.571ns  (core_clk rise@4.571ns - core_clk rise@0.000ns)
  Data Path Delay:        5.657ns  (logic 0.078ns (1.379%)  route 5.579ns (98.621%))
  Logic Levels:           0  
  Clock Path Skew:        0.013ns (DCD - SCD + CPR)
    Destination Clock Delay (DCD):    0.043ns = ( 4.614 - 4.571 ) 
    Source Clock Delay      (SCD):    0.030ns
    Clock Pessimism Removal (CPR):    0.000ns
  Clock Uncertainty:      0.035ns  ((TSJ^2 + TIJ^2)^1/2 + DJ) / 2 + PE
    Total System Jitter     (TSJ):    0.071ns
    Total Input Jitter      (TIJ):    0.000ns
    Discrete Jitter          (DJ):    0.000ns
    Phase Error              (PE):    0.000ns

    Location             Delay type                Incr(ns)  Path(ns)    Netlist Resource(s)
  -------------------------------------------------------------------    -------------------
                         (clock core_clk rise edge)
                                                      0.000     0.000 r  
                                                      0.000     0.000 r  clk218 (IN)
                         net (fo=103838, unset)       0.030     0.030    u_dut/u_frontend/u_interp_to_dpd_elastic/clk
    SLICE_X73Y198        FDCE                                         r  u_dut/u_frontend/u_interp_to_dpd_elastic/data_i_reg[239]/C
  -------------------------------------------------------------------    -------------------
    SLICE_X73Y198        FDCE (Prop_BFF_SLICEM_C_Q)
                                                      0.078     0.108 r  u_dut/u_frontend/u_interp_to_dpd_elastic/data_i_reg[239]/Q
                         net (fo=173, routed)         5.579     5.687    u_dut/u_frontend/u_memory_dpd/g_lane[12].u_dpd/p_0_out__30/B[15]
    DSP48E2_X12Y161      DSP_A_B_DATA                                 r  u_dut/u_frontend/u_memory_dpd/g_lane[12].u_dpd/p_0_out__30/DSP_A_B_DATA_INST/B[15]
  -------------------------------------------------------------------    -------------------

                         (clock core_clk rise edge)
                                                      4.571     4.571 r  
                                                      0.000     4.571 r  clk218 (IN)
                         net (fo=103838, unset)       0.043     4.614    u_dut/u_frontend/u_memory_dpd/g_lane[12].u_dpd/p_0_out__30/CLK
    DSP48E2_X12Y161      DSP_A_B_DATA                                 r  u_dut/u_frontend/u_memory_dpd/g_lane[12].u_dpd/p_0_out__30/DSP_A_B_DATA_INST/CLK
                         clock pessimism              0.000     4.614    
                         clock uncertainty           -0.035     4.579    
    DSP48E2_X12Y161      DSP_A_B_DATA (Setup_DSP_A_B_DATA_DSP48E2_CLK_B[15])
                                                     -0.249     4.330    u_dut/u_frontend/u_memory_dpd/g_lane[12].u_dpd/p_0_out__30/DSP_A_B_DATA_INST
  -------------------------------------------------------------------
                         required time                          4.330    
                         arrival time                          -5.687    
  -------------------------------------------------------------------
                         slack                                 -1.357    

Slack (VIOLATED) :        -1.354ns  (required time - arrival time)
  Source:                 u_dut/u_frontend/u_interp_to_dpd_elastic/data_i_reg[239]/C
                            (rising edge-triggered cell FDCE clocked by core_clk  {rise@0.000ns fall@2.286ns period=4.571ns})
  Destination:            u_dut/u_frontend/u_memory_dpd/g_lane[12].u_dpd/p_0_out__30/DSP_A_B_DATA_INST/A[21]
                            (rising edge-triggered cell DSP_A_B_DATA clocked by core_clk  {rise@0.000ns fall@2.286ns period=4.571ns})
  Path Group:             core_clk
  Path Type:              Setup (Max at Slow Process Corner)
  Requirement:            4.571ns  (core_clk rise@4.571ns - core_clk rise@0.000ns)
  Data Path Delay:        5.640ns  (logic 0.078ns (1.383%)  route 5.562ns (98.617%))
  Logic Levels:           0  
  Clock Path Skew:        0.013ns (DCD - SCD + CPR)
    Destination Clock Delay (DCD):    0.043ns = ( 4.614 - 4.571 ) 
    Source Clock Delay      (SCD):    0.030ns
    Clock Pessimism Removal (CPR):    0.000ns
  Clock Uncertainty:      0.035ns  ((TSJ^2 + TIJ^2)^1/2 + DJ) / 2 + PE
    Total System Jitter     (TSJ):    0.071ns
    Total Input Jitter      (TIJ):    0.000ns
    Discrete Jitter          (DJ):    0.000ns
    Phase Error              (PE):    0.000ns

    Location             Delay type                Incr(ns)  Path(ns)    Netlist Resource(s)
  -------------------------------------------------------------------    -------------------
                         (clock core_clk rise edge)
                                                      0.000     0.000 r  
                                                      0.000     0.000 r  clk218 (IN)
                         net (fo=103838, unset)       0.030     0.030    u_dut/u_frontend/u_interp_to_dpd_elastic/clk
    SLICE_X73Y198        FDCE                                         r  u_dut/u_frontend/u_interp_to_dpd_elastic/data_i_reg[239]/C
  -------------------------------------------------------------------    -------------------
    SLICE_X73Y198        FDCE (Prop_BFF_SLICEM_C_Q)
                                                      0.078     0.108 r  u_dut/u_frontend/u_interp_to_dpd_elastic/data_i_reg[239]/Q
                         net (fo=173, routed)         5.562     5.670    u_dut/u_frontend/u_memory_dpd/g_lane[12].u_dpd/p_0_out__30/A[21]
    DSP48E2_X12Y161      DSP_A_B_DATA                                 r  u_dut/u_frontend/u_memory_dpd/g_lane[12].u_dpd/p_0_out__30/DSP_A_B_DATA_INST/A[21]
  -------------------------------------------------------------------    -------------------

                         (clock core_clk rise edge)
                                                      4.571     4.571 r  
                                                      0.000     4.571 r  clk218 (IN)
                         net (fo=103838, unset)       0.043     4.614    u_dut/u_frontend/u_memory_dpd/g_lane[12].u_dpd/p_0_out__30/CLK
    DSP48E2_X12Y161      DSP_A_B_DATA                                 r  u_dut/u_frontend/u_memory_dpd/g_lane[12].u_dpd/p_0_out__30/DSP_A_B_DATA_INST/CLK
                         clock pessimism              0.000     4.614    
                         clock uncertainty           -0.035     4.579    
    DSP48E2_X12Y161      DSP_A_B_DATA (Setup_DSP_A_B_DATA_DSP48E2_CLK_A[21])
                                                     -0.263     4.316    u_dut/u_frontend/u_memory_dpd/g_lane[12].u_dpd/p_0_out__30/DSP_A_B_DATA_INST
  -------------------------------------------------------------------
                         required time                          4.316    
                         arrival time                          -5.670    
  -------------------------------------------------------------------
                         slack                                 -1.354    

Slack (VIOLATED) :        -1.353ns  (required time - arrival time)
  Source:                 u_dut/u_frontend/u_interp_to_dpd_elastic/data_i_reg[239]/C
                            (rising edge-triggered cell FDCE clocked by core_clk  {rise@0.000ns fall@2.286ns period=4.571ns})
  Destination:            u_dut/u_frontend/u_memory_dpd/g_lane[12].u_dpd/p_0_out__30/DSP_A_B_DATA_INST/B[17]
                            (rising edge-triggered cell DSP_A_B_DATA clocked by core_clk  {rise@0.000ns fall@2.286ns period=4.571ns})
  Path Group:             core_clk
  Path Type:              Setup (Max at Slow Process Corner)
  Requirement:            4.571ns  (core_clk rise@4.571ns - core_clk rise@0.000ns)
  Data Path Delay:        5.639ns  (logic 0.078ns (1.383%)  route 5.561ns (98.617%))
  Logic Levels:           0  
  Clock Path Skew:        0.013ns (DCD - SCD + CPR)
    Destination Clock Delay (DCD):    0.043ns = ( 4.614 - 4.571 ) 
    Source Clock Delay      (SCD):    0.030ns
    Clock Pessimism Removal (CPR):    0.000ns
  Clock Uncertainty:      0.035ns  ((TSJ^2 + TIJ^2)^1/2 + DJ) / 2 + PE
    Total System Jitter     (TSJ):    0.071ns
    Total Input Jitter      (TIJ):    0.000ns
    Discrete Jitter          (DJ):    0.000ns
    Phase Error              (PE):    0.000ns

    Location             Delay type                Incr(ns)  Path(ns)    Netlist Resource(s)
  -------------------------------------------------------------------    -------------------
                         (clock core_clk rise edge)
                                                      0.000     0.000 r  
                                                      0.000     0.000 r  clk218 (IN)
                         net (fo=103838, unset)       0.030     0.030    u_dut/u_frontend/u_interp_to_dpd_elastic/clk
    SLICE_X73Y198        FDCE                                         r  u_dut/u_frontend/u_interp_to_dpd_elastic/data_i_reg[239]/C
  -------------------------------------------------------------------    -------------------
    SLICE_X73Y198        FDCE (Prop_BFF_SLICEM_C_Q)
                                                      0.078     0.108 r  u_dut/u_frontend/u_interp_to_dpd_elastic/data_i_reg[239]/Q
                         net (fo=173, routed)         5.561     5.669    u_dut/u_frontend/u_memory_dpd/g_lane[12].u_dpd/p_0_out__30/B[17]
    DSP48E2_X12Y161      DSP_A_B_DATA                                 r  u_dut/u_frontend/u_memory_dpd/g_lane[12].u_dpd/p_0_out__30/DSP_A_B_DATA_INST/B[17]
  -------------------------------------------------------------------    -------------------

                         (clock core_clk rise edge)
                                                      4.571     4.571 r  
                                                      0.000     4.571 r  clk218 (IN)
                         net (fo=103838, unset)       0.043     4.614    u_dut/u_frontend/u_memory_dpd/g_lane[12].u_dpd/p_0_out__30/CLK
    DSP48E2_X12Y161      DSP_A_B_DATA                                 r  u_dut/u_frontend/u_memory_dpd/g_lane[12].u_dpd/p_0_out__30/DSP_A_B_DATA_INST/CLK
                         clock pessimism              0.000     4.614    
                         clock uncertainty           -0.035     4.579    
    DSP48E2_X12Y161      DSP_A_B_DATA (Setup_DSP_A_B_DATA_DSP48E2_CLK_B[17])
                                                     -0.263     4.316    u_dut/u_frontend/u_memory_dpd/g_lane[12].u_dpd/p_0_out__30/DSP_A_B_DATA_INST
  -------------------------------------------------------------------
                         required time                          4.316    
                         arrival time                          -5.669    
  -------------------------------------------------------------------
                         slack                                 -1.353    

Slack (VIOLATED) :        -1.349ns  (required time - arrival time)
  Source:                 u_dut/u_frontend/u_interp_to_dpd_elastic/data_i_reg[239]/C
                            (rising edge-triggered cell FDCE clocked by core_clk  {rise@0.000ns fall@2.286ns period=4.571ns})
  Destination:            u_dut/u_frontend/u_memory_dpd/g_lane[12].u_dpd/p_0_out__30/DSP_A_B_DATA_INST/A[22]
                            (rising edge-triggered cell DSP_A_B_DATA clocked by core_clk  {rise@0.000ns fall@2.286ns period=4.571ns})
  Path Group:             core_clk
  Path Type:              Setup (Max at Slow Process Corner)
  Requirement:            4.571ns  (core_clk rise@4.571ns - core_clk rise@0.000ns)
  Data Path Delay:        5.647ns  (logic 0.078ns (1.381%)  route 5.569ns (98.619%))
  Logic Levels:           0  
  Clock Path Skew:        0.013ns (DCD - SCD + CPR)
    Destination Clock Delay (DCD):    0.043ns = ( 4.614 - 4.571 ) 
    Source Clock Delay      (SCD):    0.030ns
    Clock Pessimism Removal (CPR):    0.000ns
  Clock Uncertainty:      0.035ns  ((TSJ^2 + TIJ^2)^1/2 + DJ) / 2 + PE
    Total System Jitter     (TSJ):    0.071ns
    Total Input Jitter      (TIJ):    0.000ns
    Discrete Jitter          (DJ):    0.000ns
    Phase Error              (PE):    0.000ns

    Location             Delay type                Incr(ns)  Path(ns)    Netlist Resource(s)
  -------------------------------------------------------------------    -------------------
                         (clock core_clk rise edge)
                                                      0.000     0.000 r  
                                                      0.000     0.000 r  clk218 (IN)
                         net (fo=103838, unset)       0.030     0.030    u_dut/u_frontend/u_interp_to_dpd_elastic/clk
    SLICE_X73Y198        FDCE                                         r  u_dut/u_frontend/u_interp_to_dpd_elastic/data_i_reg[239]/C
  -------------------------------------------------------------------    -------------------
    SLICE_X73Y198        FDCE (Prop_BFF_SLICEM_C_Q)
                                                      0.078     0.108 r  u_dut/u_frontend/u_interp_to_dpd_elastic/data_i_reg[239]/Q
                         net (fo=173, routed)         5.569     5.677    u_dut/u_frontend/u_memory_dpd/g_lane[12].u_dpd/p_0_out__30/A[22]
    DSP48E2_X12Y161      DSP_A_B_DATA                                 r  u_dut/u_frontend/u_memory_dpd/g_lane[12].u_dpd/p_0_out__30/DSP_A_B_DATA_INST/A[22]
  -------------------------------------------------------------------    -------------------

                         (clock core_clk rise edge)
                                                      4.571     4.571 r  
                                                      0.000     4.571 r  clk218 (IN)
                         net (fo=103838, unset)       0.043     4.614    u_dut/u_frontend/u_memory_dpd/g_lane[12].u_dpd/p_0_out__30/CLK
    DSP48E2_X12Y161      DSP_A_B_DATA                                 r  u_dut/u_frontend/u_memory_dpd/g_lane[12].u_dpd/p_0_out__30/DSP_A_B_DATA_INST/CLK
                         clock pessimism              0.000     4.614    
                         clock uncertainty           -0.035     4.579    
    DSP48E2_X12Y161      DSP_A_B_DATA (Setup_DSP_A_B_DATA_DSP48E2_CLK_A[22])
                                                     -0.251     4.328    u_dut/u_frontend/u_memory_dpd/g_lane[12].u_dpd/p_0_out__30/DSP_A_B_DATA_INST
  -------------------------------------------------------------------
                         required time                          4.328    
                         arrival time                          -5.677    
  -------------------------------------------------------------------
                         slack                                 -1.349    

Slack (VIOLATED) :        -1.345ns  (required time - arrival time)
  Source:                 u_dut/u_frontend/u_interp_to_dpd_elastic/data_i_reg[239]/C
                            (rising edge-triggered cell FDCE clocked by core_clk  {rise@0.000ns fall@2.286ns period=4.571ns})
  Destination:            u_dut/u_frontend/u_memory_dpd/g_lane[12].u_dpd/p_0_out__30/DSP_A_B_DATA_INST/A[25]
                            (rising edge-triggered cell DSP_A_B_DATA clocked by core_clk  {rise@0.000ns fall@2.286ns period=4.571ns})
  Path Group:             core_clk
  Path Type:              Setup (Max at Slow Process Corner)
  Requirement:            4.571ns  (core_clk rise@4.571ns - core_clk rise@0.000ns)
  Data Path Delay:        5.595ns  (logic 0.078ns (1.394%)  route 5.517ns (98.606%))
  Logic Levels:           0  
  Clock Path Skew:        0.013ns (DCD - SCD + CPR)
    Destination Clock Delay (DCD):    0.043ns = ( 4.614 - 4.571 ) 
    Source Clock Delay      (SCD):    0.030ns
    Clock Pessimism Removal (CPR):    0.000ns
  Clock Uncertainty:      0.035ns  ((TSJ^2 + TIJ^2)^1/2 + DJ) / 2 + PE
    Total System Jitter     (TSJ):    0.071ns
    Total Input Jitter      (TIJ):    0.000ns
    Discrete Jitter          (DJ):    0.000ns
    Phase Error              (PE):    0.000ns

    Location             Delay type                Incr(ns)  Path(ns)    Netlist Resource(s)
  -------------------------------------------------------------------    -------------------
                         (clock core_clk rise edge)
                                                      0.000     0.000 r  
                                                      0.000     0.000 r  clk218 (IN)
                         net (fo=103838, unset)       0.030     0.030    u_dut/u_frontend/u_interp_to_dpd_elastic/clk
    SLICE_X73Y198        FDCE                                         r  u_dut/u_frontend/u_interp_to_dpd_elastic/data_i_reg[239]/C
  -------------------------------------------------------------------    -------------------
    SLICE_X73Y198        FDCE (Prop_BFF_SLICEM_C_Q)
                                                      0.078     0.108 r  u_dut/u_frontend/u_interp_to_dpd_elastic/data_i_reg[239]/Q
                         net (fo=173, routed)         5.517     5.625    u_dut/u_frontend/u_memory_dpd/g_lane[12].u_dpd/p_0_out__30/A[25]
    DSP48E2_X12Y161      DSP_A_B_DATA                                 r  u_dut/u_frontend/u_memory_dpd/g_lane[12].u_dpd/p_0_out__30/DSP_A_B_DATA_INST/A[25]
  -------------------------------------------------------------------    -------------------

                         (clock core_clk rise edge)
                                                      4.571     4.571 r  
                                                      0.000     4.571 r  clk218 (IN)
                         net (fo=103838, unset)       0.043     4.614    u_dut/u_frontend/u_memory_dpd/g_lane[12].u_dpd/p_0_out__30/CLK
    DSP48E2_X12Y161      DSP_A_B_DATA                                 r  u_dut/u_frontend/u_memory_dpd/g_lane[12].u_dpd/p_0_out__30/DSP_A_B_DATA_INST/CLK
                         clock pessimism              0.000     4.614    
                         clock uncertainty           -0.035     4.579    
    DSP48E2_X12Y161      DSP_A_B_DATA (Setup_DSP_A_B_DATA_DSP48E2_CLK_A[25])
                                                     -0.299     4.280    u_dut/u_frontend/u_memory_dpd/g_lane[12].u_dpd/p_0_out__30/DSP_A_B_DATA_INST
  -------------------------------------------------------------------
                         required time                          4.280    
                         arrival time                          -5.625    
  -------------------------------------------------------------------
                         slack                                 -1.345    

Slack (VIOLATED) :        -1.344ns  (required time - arrival time)
  Source:                 u_dut/u_frontend/u_interp_to_dpd_elastic/data_i_reg[239]/C
                            (rising edge-triggered cell FDCE clocked by core_clk  {rise@0.000ns fall@2.286ns period=4.571ns})
  Destination:            u_dut/u_frontend/u_memory_dpd/g_lane[12].u_dpd/p_0_out__30/DSP_A_B_DATA_INST/A[29]
                            (rising edge-triggered cell DSP_A_B_DATA clocked by core_clk  {rise@0.000ns fall@2.286ns period=4.571ns})
  Path Group:             core_clk
  Path Type:              Setup (Max at Slow Process Corner)
  Requirement:            4.571ns  (core_clk rise@4.571ns - core_clk rise@0.000ns)
  Data Path Delay:        5.618ns  (logic 0.078ns (1.388%)  route 5.540ns (98.612%))
  Logic Levels:           0  
  Clock Path Skew:        0.013ns (DCD - SCD + CPR)
    Destination Clock Delay (DCD):    0.043ns = ( 4.614 - 4.571 ) 
    Source Clock Delay      (SCD):    0.030ns
    Clock Pessimism Removal (CPR):    0.000ns
  Clock Uncertainty:      0.035ns  ((TSJ^2 + TIJ^2)^1/2 + DJ) / 2 + PE
    Total System Jitter     (TSJ):    0.071ns
    Total Input Jitter      (TIJ):    0.000ns
    Discrete Jitter          (DJ):    0.000ns
    Phase Error              (PE):    0.000ns

    Location             Delay type                Incr(ns)  Path(ns)    Netlist Resource(s)
  -------------------------------------------------------------------    -------------------
                         (clock core_clk rise edge)
                                                      0.000     0.000 r  
                                                      0.000     0.000 r  clk218 (IN)
                         net (fo=103838, unset)       0.030     0.030    u_dut/u_frontend/u_interp_to_dpd_elastic/clk
    SLICE_X73Y198        FDCE                                         r  u_dut/u_frontend/u_interp_to_dpd_elastic/data_i_reg[239]/C
  -------------------------------------------------------------------    -------------------
    SLICE_X73Y198        FDCE (Prop_BFF_SLICEM_C_Q)
                                                      0.078     0.108 r  u_dut/u_frontend/u_interp_to_dpd_elastic/data_i_reg[239]/Q
                         net (fo=173, routed)         5.540     5.648    u_dut/u_frontend/u_memory_dpd/g_lane[12].u_dpd/p_0_out__30/A[29]
    DSP48E2_X12Y161      DSP_A_B_DATA                                 r  u_dut/u_frontend/u_memory_dpd/g_lane[12].u_dpd/p_0_out__30/DSP_A_B_DATA_INST/A[29]
  -------------------------------------------------------------------    -------------------

                         (clock core_clk rise edge)
                                                      4.571     4.571 r  
                                                      0.000     4.571 r  clk218 (IN)
                         net (fo=103838, unset)       0.043     4.614    u_dut/u_frontend/u_memory_dpd/g_lane[12].u_dpd/p_0_out__30/CLK
    DSP48E2_X12Y161      DSP_A_B_DATA                                 r  u_dut/u_frontend/u_memory_dpd/g_lane[12].u_dpd/p_0_out__30/DSP_A_B_DATA_INST/CLK
                         clock pessimism              0.000     4.614    
                         clock uncertainty           -0.035     4.579    
    DSP48E2_X12Y161      DSP_A_B_DATA (Setup_DSP_A_B_DATA_DSP48E2_CLK_A[29])
                                                     -0.275     4.304    u_dut/u_frontend/u_memory_dpd/g_lane[12].u_dpd/p_0_out__30/DSP_A_B_DATA_INST
  -------------------------------------------------------------------
                         required time                          4.304    
                         arrival time                          -5.648    
  -------------------------------------------------------------------
                         slack                                 -1.344    

Slack (VIOLATED) :        -1.266ns  (required time - arrival time)
  Source:                 u_dut/u_frontend/u_interp_to_dpd_elastic/data_i_reg[239]/C
                            (rising edge-triggered cell FDCE clocked by core_clk  {rise@0.000ns fall@2.286ns period=4.571ns})
  Destination:            u_dut/u_frontend/u_memory_dpd/g_lane[12].u_dpd/p_0_out__30/DSP_A_B_DATA_INST/A[28]
                            (rising edge-triggered cell DSP_A_B_DATA clocked by core_clk  {rise@0.000ns fall@2.286ns period=4.571ns})
  Path Group:             core_clk
  Path Type:              Setup (Max at Slow Process Corner)
  Requirement:            4.571ns  (core_clk rise@4.571ns - core_clk rise@0.000ns)
  Data Path Delay:        5.523ns  (logic 0.078ns (1.412%)  route 5.445ns (98.588%))
  Logic Levels:           0  
  Clock Path Skew:        0.013ns (DCD - SCD + CPR)
    Destination Clock Delay (DCD):    0.043ns = ( 4.614 - 4.571 ) 
    Source Clock Delay      (SCD):    0.030ns
    Clock Pessimism Removal (CPR):    0.000ns
  Clock Uncertainty:      0.035ns  ((TSJ^2 + TIJ^2)^1/2 + DJ) / 2 + PE
    Total System Jitter     (TSJ):    0.071ns
    Total Input Jitter      (TIJ):    0.000ns
    Discrete Jitter          (DJ):    0.000ns
    Phase Error              (PE):    0.000ns

    Location             Delay type                Incr(ns)  Path(ns)    Netlist Resource(s)
  -------------------------------------------------------------------    -------------------
                         (clock core_clk rise edge)
                                                      0.000     0.000 r  
                                                      0.000     0.000 r  clk218 (IN)
                         net (fo=103838, unset)       0.030     0.030    u_dut/u_frontend/u_interp_to_dpd_elastic/clk
    SLICE_X73Y198        FDCE                                         r  u_dut/u_frontend/u_interp_to_dpd_elastic/data_i_reg[239]/C
  -------------------------------------------------------------------    -------------------
    SLICE_X73Y198        FDCE (Prop_BFF_SLICEM_C_Q)
                                                      0.078     0.108 r  u_dut/u_frontend/u_interp_to_dpd_elastic/data_i_reg[239]/Q
                         net (fo=173, routed)         5.445     5.553    u_dut/u_frontend/u_memory_dpd/g_lane[12].u_dpd/p_0_out__30/A[28]
    DSP48E2_X12Y161      DSP_A_B_DATA                                 r  u_dut/u_frontend/u_memory_dpd/g_lane[12].u_dpd/p_0_out__30/DSP_A_B_DATA_INST/A[28]
  -------------------------------------------------------------------    -------------------

                         (clock core_clk rise edge)
                                                      4.571     4.571 r  
                                                      0.000     4.571 r  clk218 (IN)
                         net (fo=103838, unset)       0.043     4.614    u_dut/u_frontend/u_memory_dpd/g_lane[12].u_dpd/p_0_out__30/CLK
    DSP48E2_X12Y161      DSP_A_B_DATA                                 r  u_dut/u_frontend/u_memory_dpd/g_lane[12].u_dpd/p_0_out__30/DSP_A_B_DATA_INST/CLK
                         clock pessimism              0.000     4.614    
                         clock uncertainty           -0.035     4.579    
    DSP48E2_X12Y161      DSP_A_B_DATA (Setup_DSP_A_B_DATA_DSP48E2_CLK_A[28])
                                                     -0.292     4.287    u_dut/u_frontend/u_memory_dpd/g_lane[12].u_dpd/p_0_out__30/DSP_A_B_DATA_INST
  -------------------------------------------------------------------
                         required time                          4.287    
                         arrival time                          -5.553    
  -------------------------------------------------------------------
                         slack                                 -1.266    

Slack (VIOLATED) :        -1.244ns  (required time - arrival time)
  Source:                 u_dut/u_frontend/u_interp_to_dpd_elastic/data_i_reg[239]/C
                            (rising edge-triggered cell FDCE clocked by core_clk  {rise@0.000ns fall@2.286ns period=4.571ns})
  Destination:            u_dut/u_frontend/u_memory_dpd/g_lane[12].u_dpd/p_0_out__30/DSP_A_B_DATA_INST/B[16]
                            (rising edge-triggered cell DSP_A_B_DATA clocked by core_clk  {rise@0.000ns fall@2.286ns period=4.571ns})
  Path Group:             core_clk
  Path Type:              Setup (Max at Slow Process Corner)
  Requirement:            4.571ns  (core_clk rise@4.571ns - core_clk rise@0.000ns)
  Data Path Delay:        5.539ns  (logic 0.078ns (1.408%)  route 5.461ns (98.592%))
  Logic Levels:           0  
  Clock Path Skew:        0.013ns (DCD - SCD + CPR)
    Destination Clock Delay (DCD):    0.043ns = ( 4.614 - 4.571 ) 
    Source Clock Delay      (SCD):    0.030ns
    Clock Pessimism Removal (CPR):    0.000ns
  Clock Uncertainty:      0.035ns  ((TSJ^2 + TIJ^2)^1/2 + DJ) / 2 + PE
    Total System Jitter     (TSJ):    0.071ns
    Total Input Jitter      (TIJ):    0.000ns
    Discrete Jitter          (DJ):    0.000ns
    Phase Error              (PE):    0.000ns

    Location             Delay type                Incr(ns)  Path(ns)    Netlist Resource(s)
  -------------------------------------------------------------------    -------------------
                         (clock core_clk rise edge)
                                                      0.000     0.000 r  
                                                      0.000     0.000 r  clk218 (IN)
                         net (fo=103838, unset)       0.030     0.030    u_dut/u_frontend/u_interp_to_dpd_elastic/clk
    SLICE_X73Y198        FDCE                                         r  u_dut/u_frontend/u_interp_to_dpd_elastic/data_i_reg[239]/C
  -------------------------------------------------------------------    -------------------
    SLICE_X73Y198        FDCE (Prop_BFF_SLICEM_C_Q)
                                                      0.078     0.108 r  u_dut/u_frontend/u_interp_to_dpd_elastic/data_i_reg[239]/Q
                         net (fo=173, routed)         5.461     5.569    u_dut/u_frontend/u_memory_dpd/g_lane[12].u_dpd/p_0_out__30/B[16]
    DSP48E2_X12Y161      DSP_A_B_DATA                                 r  u_dut/u_frontend/u_memory_dpd/g_lane[12].u_dpd/p_0_out__30/DSP_A_B_DATA_INST/B[16]
  -------------------------------------------------------------------    -------------------

                         (clock core_clk rise edge)
                                                      4.571     4.571 r  
                                                      0.000     4.571 r  clk218 (IN)
                         net (fo=103838, unset)       0.043     4.614    u_dut/u_frontend/u_memory_dpd/g_lane[12].u_dpd/p_0_out__30/CLK
    DSP48E2_X12Y161      DSP_A_B_DATA                                 r  u_dut/u_frontend/u_memory_dpd/g_lane[12].u_dpd/p_0_out__30/DSP_A_B_DATA_INST/CLK
                         clock pessimism              0.000     4.614    
                         clock uncertainty           -0.035     4.579    
    DSP48E2_X12Y161      DSP_A_B_DATA (Setup_DSP_A_B_DATA_DSP48E2_CLK_B[16])
                                                     -0.254     4.325    u_dut/u_frontend/u_memory_dpd/g_lane[12].u_dpd/p_0_out__30/DSP_A_B_DATA_INST
  -------------------------------------------------------------------
                         required time                          4.325    
                         arrival time                          -5.569    
  -------------------------------------------------------------------
                         slack                                 -1.244    

Slack (VIOLATED) :        -1.238ns  (required time - arrival time)
  Source:                 u_dut/u_frontend/u_interp_to_dpd_elastic/data_i_reg[239]/C
                            (rising edge-triggered cell FDCE clocked by core_clk  {rise@0.000ns fall@2.286ns period=4.571ns})
  Destination:            u_dut/u_frontend/u_memory_dpd/g_lane[12].u_dpd/p_0_out__30/DSP_A_B_DATA_INST/A[17]
                            (rising edge-triggered cell DSP_A_B_DATA clocked by core_clk  {rise@0.000ns fall@2.286ns period=4.571ns})
  Path Group:             core_clk
  Path Type:              Setup (Max at Slow Process Corner)
  Requirement:            4.571ns  (core_clk rise@4.571ns - core_clk rise@0.000ns)
  Data Path Delay:        5.518ns  (logic 0.078ns (1.414%)  route 5.440ns (98.586%))
  Logic Levels:           0  
  Clock Path Skew:        0.013ns (DCD - SCD + CPR)
    Destination Clock Delay (DCD):    0.043ns = ( 4.614 - 4.571 ) 
    Source Clock Delay      (SCD):    0.030ns
    Clock Pessimism Removal (CPR):    0.000ns
  Clock Uncertainty:      0.035ns  ((TSJ^2 + TIJ^2)^1/2 + DJ) / 2 + PE
    Total System Jitter     (TSJ):    0.071ns
    Total Input Jitter      (TIJ):    0.000ns
    Discrete Jitter          (DJ):    0.000ns
    Phase Error              (PE):    0.000ns

    Location             Delay type                Incr(ns)  Path(ns)    Netlist Resource(s)
  -------------------------------------------------------------------    -------------------
                         (clock core_clk rise edge)
                                                      0.000     0.000 r  
                                                      0.000     0.000 r  clk218 (IN)
                         net (fo=103838, unset)       0.030     0.030    u_dut/u_frontend/u_interp_to_dpd_elastic/clk
    SLICE_X73Y198        FDCE                                         r  u_dut/u_frontend/u_interp_to_dpd_elastic/data_i_reg[239]/C
  -------------------------------------------------------------------    -------------------
    SLICE_X73Y198        FDCE (Prop_BFF_SLICEM_C_Q)
                                                      0.078     0.108 r  u_dut/u_frontend/u_interp_to_dpd_elastic/data_i_reg[239]/Q
                         net (fo=173, routed)         5.440     5.548    u_dut/u_frontend/u_memory_dpd/g_lane[12].u_dpd/p_0_out__30/A[17]
    DSP48E2_X12Y161      DSP_A_B_DATA                                 r  u_dut/u_frontend/u_memory_dpd/g_lane[12].u_dpd/p_0_out__30/DSP_A_B_DATA_INST/A[17]
  -------------------------------------------------------------------    -------------------

                         (clock core_clk rise edge)
                                                      4.571     4.571 r  
                                                      0.000     4.571 r  clk218 (IN)
                         net (fo=103838, unset)       0.043     4.614    u_dut/u_frontend/u_memory_dpd/g_lane[12].u_dpd/p_0_out__30/CLK
    DSP48E2_X12Y161      DSP_A_B_DATA                                 r  u_dut/u_frontend/u_memory_dpd/g_lane[12].u_dpd/p_0_out__30/DSP_A_B_DATA_INST/CLK
                         clock pessimism              0.000     4.614    
                         clock uncertainty           -0.035     4.579    
    DSP48E2_X12Y161      DSP_A_B_DATA (Setup_DSP_A_B_DATA_DSP48E2_CLK_A[17])
                                                     -0.269     4.310    u_dut/u_frontend/u_memory_dpd/g_lane[12].u_dpd/p_0_out__30/DSP_A_B_DATA_INST
  -------------------------------------------------------------------
                         required time                          4.310    
                         arrival time                          -5.548    
  -------------------------------------------------------------------
                         slack                                 -1.238    

Slack (VIOLATED) :        -1.237ns  (required time - arrival time)
  Source:                 u_dut/u_frontend/u_interp_to_dpd_elastic/data_i_reg[239]/C
                            (rising edge-triggered cell FDCE clocked by core_clk  {rise@0.000ns fall@2.286ns period=4.571ns})
  Destination:            u_dut/u_frontend/u_memory_dpd/g_lane[12].u_dpd/p_0_out__30/DSP_A_B_DATA_INST/A[15]
                            (rising edge-triggered cell DSP_A_B_DATA clocked by core_clk  {rise@0.000ns fall@2.286ns period=4.571ns})
  Path Group:             core_clk
  Path Type:              Setup (Max at Slow Process Corner)
  Requirement:            4.571ns  (core_clk rise@4.571ns - core_clk rise@0.000ns)
  Data Path Delay:        5.514ns  (logic 0.078ns (1.415%)  route 5.436ns (98.586%))
  Logic Levels:           0  
  Clock Path Skew:        0.013ns (DCD - SCD + CPR)
    Destination Clock Delay (DCD):    0.043ns = ( 4.614 - 4.571 ) 
    Source Clock Delay      (SCD):    0.030ns
    Clock Pessimism Removal (CPR):    0.000ns
  Clock Uncertainty:      0.035ns  ((TSJ^2 + TIJ^2)^1/2 + DJ) / 2 + PE
    Total System Jitter     (TSJ):    0.071ns
    Total Input Jitter      (TIJ):    0.000ns
    Discrete Jitter          (DJ):    0.000ns
    Phase Error              (PE):    0.000ns

    Location             Delay type                Incr(ns)  Path(ns)    Netlist Resource(s)
  -------------------------------------------------------------------    -------------------
                         (clock core_clk rise edge)
                                                      0.000     0.000 r  
                                                      0.000     0.000 r  clk218 (IN)
                         net (fo=103838, unset)       0.030     0.030    u_dut/u_frontend/u_interp_to_dpd_elastic/clk
    SLICE_X73Y198        FDCE                                         r  u_dut/u_frontend/u_interp_to_dpd_elastic/data_i_reg[239]/C
  -------------------------------------------------------------------    -------------------
    SLICE_X73Y198        FDCE (Prop_BFF_SLICEM_C_Q)
                                                      0.078     0.108 r  u_dut/u_frontend/u_interp_to_dpd_elastic/data_i_reg[239]/Q
                         net (fo=173, routed)         5.436     5.544    u_dut/u_frontend/u_memory_dpd/g_lane[12].u_dpd/p_0_out__30/A[15]
    DSP48E2_X12Y161      DSP_A_B_DATA                                 r  u_dut/u_frontend/u_memory_dpd/g_lane[12].u_dpd/p_0_out__30/DSP_A_B_DATA_INST/A[15]
  -------------------------------------------------------------------    -------------------

                         (clock core_clk rise edge)
                                                      4.571     4.571 r  
                                                      0.000     4.571 r  clk218 (IN)
                         net (fo=103838, unset)       0.043     4.614    u_dut/u_frontend/u_memory_dpd/g_lane[12].u_dpd/p_0_out__30/CLK
    DSP48E2_X12Y161      DSP_A_B_DATA                                 r  u_dut/u_frontend/u_memory_dpd/g_lane[12].u_dpd/p_0_out__30/DSP_A_B_DATA_INST/CLK
                         clock pessimism              0.000     4.614    
                         clock uncertainty           -0.035     4.579    
    DSP48E2_X12Y161      DSP_A_B_DATA (Setup_DSP_A_B_DATA_DSP48E2_CLK_A[15])
                                                     -0.271     4.308    u_dut/u_frontend/u_memory_dpd/g_lane[12].u_dpd/p_0_out__30/DSP_A_B_DATA_INST
  -------------------------------------------------------------------
                         required time                          4.308    
                         arrival time                          -5.544    
  -------------------------------------------------------------------
                         slack                                 -1.237    

Slack (VIOLATED) :        -1.220ns  (required time - arrival time)
  Source:                 u_dut/u_frontend/u_interp_to_dpd_elastic/data_i_reg[239]/C
                            (rising edge-triggered cell FDCE clocked by core_clk  {rise@0.000ns fall@2.286ns period=4.571ns})
  Destination:            u_dut/u_frontend/u_memory_dpd/g_lane[12].u_dpd/p_0_out__30/DSP_A_B_DATA_INST/A[16]
                            (rising edge-triggered cell DSP_A_B_DATA clocked by core_clk  {rise@0.000ns fall@2.286ns period=4.571ns})
  Path Group:             core_clk
  Path Type:              Setup (Max at Slow Process Corner)
  Requirement:            4.571ns  (core_clk rise@4.571ns - core_clk rise@0.000ns)
  Data Path Delay:        5.513ns  (logic 0.078ns (1.415%)  route 5.435ns (98.585%))
  Logic Levels:           0  
  Clock Path Skew:        0.013ns (DCD - SCD + CPR)
    Destination Clock Delay (DCD):    0.043ns = ( 4.614 - 4.571 ) 
    Source Clock Delay      (SCD):    0.030ns
    Clock Pessimism Removal (CPR):    0.000ns
  Clock Uncertainty:      0.035ns  ((TSJ^2 + TIJ^2)^1/2 + DJ) / 2 + PE
    Total System Jitter     (TSJ):    0.071ns
    Total Input Jitter      (TIJ):    0.000ns
    Discrete Jitter          (DJ):    0.000ns
    Phase Error              (PE):    0.000ns

    Location             Delay type                Incr(ns)  Path(ns)    Netlist Resource(s)
  -------------------------------------------------------------------    -------------------
                         (clock core_clk rise edge)
                                                      0.000     0.000 r  
                                                      0.000     0.000 r  clk218 (IN)
                         net (fo=103838, unset)       0.030     0.030    u_dut/u_frontend/u_interp_to_dpd_elastic/clk
    SLICE_X73Y198        FDCE                                         r  u_dut/u_frontend/u_interp_to_dpd_elastic/data_i_reg[239]/C
  -------------------------------------------------------------------    -------------------
    SLICE_X73Y198        FDCE (Prop_BFF_SLICEM_C_Q)
                                                      0.078     0.108 r  u_dut/u_frontend/u_interp_to_dpd_elastic/data_i_reg[239]/Q
                         net (fo=173, routed)         5.435     5.543    u_dut/u_frontend/u_memory_dpd/g_lane[12].u_dpd/p_0_out__30/A[16]
    DSP48E2_X12Y161      DSP_A_B_DATA                                 r  u_dut/u_frontend/u_memory_dpd/g_lane[12].u_dpd/p_0_out__30/DSP_A_B_DATA_INST/A[16]
  -------------------------------------------------------------------    -------------------

                         (clock core_clk rise edge)
                                                      4.571     4.571 r  
                                                      0.000     4.571 r  clk218 (IN)
                         net (fo=103838, unset)       0.043     4.614    u_dut/u_frontend/u_memory_dpd/g_lane[12].u_dpd/p_0_out__30/CLK
    DSP48E2_X12Y161      DSP_A_B_DATA                                 r  u_dut/u_frontend/u_memory_dpd/g_lane[12].u_dpd/p_0_out__30/DSP_A_B_DATA_INST/CLK
                         clock pessimism              0.000     4.614    
                         clock uncertainty           -0.035     4.579    
    DSP48E2_X12Y161      DSP_A_B_DATA (Setup_DSP_A_B_DATA_DSP48E2_CLK_A[16])
                                                     -0.255     4.324    u_dut/u_frontend/u_memory_dpd/g_lane[12].u_dpd/p_0_out__30/DSP_A_B_DATA_INST
  -------------------------------------------------------------------
                         required time                          4.324    
                         arrival time                          -5.543    
  -------------------------------------------------------------------
                         slack                                 -1.220    

Slack (VIOLATED) :        -1.216ns  (required time - arrival time)
  Source:                 u_dut/u_frontend/u_interp_to_dpd_elastic/data_i_reg[239]/C
                            (rising edge-triggered cell FDCE clocked by core_clk  {rise@0.000ns fall@2.286ns period=4.571ns})
  Destination:            u_dut/u_frontend/u_memory_dpd/g_lane[12].u_dpd/p_0_out__30/DSP_A_B_DATA_INST/A[18]
                            (rising edge-triggered cell DSP_A_B_DATA clocked by core_clk  {rise@0.000ns fall@2.286ns period=4.571ns})
  Path Group:             core_clk
  Path Type:              Setup (Max at Slow Process Corner)
  Requirement:            4.571ns  (core_clk rise@4.571ns - core_clk rise@0.000ns)
  Data Path Delay:        5.504ns  (logic 0.078ns (1.417%)  route 5.426ns (98.583%))
  Logic Levels:           0  
  Clock Path Skew:        0.013ns (DCD - SCD + CPR)
    Destination Clock Delay (DCD):    0.043ns = ( 4.614 - 4.571 ) 
    Source Clock Delay      (SCD):    0.030ns
    Clock Pessimism Removal (CPR):    0.000ns
  Clock Uncertainty:      0.035ns  ((TSJ^2 + TIJ^2)^1/2 + DJ) / 2 + PE
    Total System Jitter     (TSJ):    0.071ns
    Total Input Jitter      (TIJ):    0.000ns
    Discrete Jitter          (DJ):    0.000ns
    Phase Error              (PE):    0.000ns

    Location             Delay type                Incr(ns)  Path(ns)    Netlist Resource(s)
  -------------------------------------------------------------------    -------------------
                         (clock core_clk rise edge)
                                                      0.000     0.000 r  
                                                      0.000     0.000 r  clk218 (IN)
                         net (fo=103838, unset)       0.030     0.030    u_dut/u_frontend/u_interp_to_dpd_elastic/clk
    SLICE_X73Y198        FDCE                                         r  u_dut/u_frontend/u_interp_to_dpd_elastic/data_i_reg[239]/C
  -------------------------------------------------------------------    -------------------
    SLICE_X73Y198        FDCE (Prop_BFF_SLICEM_C_Q)
                                                      0.078     0.108 r  u_dut/u_frontend/u_interp_to_dpd_elastic/data_i_reg[239]/Q
                         net (fo=173, routed)         5.426     5.534    u_dut/u_frontend/u_memory_dpd/g_lane[12].u_dpd/p_0_out__30/A[18]
    DSP48E2_X12Y161      DSP_A_B_DATA                                 r  u_dut/u_frontend/u_memory_dpd/g_lane[12].u_dpd/p_0_out__30/DSP_A_B_DATA_INST/A[18]
  -------------------------------------------------------------------    -------------------

                         (clock core_clk rise edge)
                                                      4.571     4.571 r  
                                                      0.000     4.571 r  clk218 (IN)
                         net (fo=103838, unset)       0.043     4.614    u_dut/u_frontend/u_memory_dpd/g_lane[12].u_dpd/p_0_out__30/CLK
    DSP48E2_X12Y161      DSP_A_B_DATA                                 r  u_dut/u_frontend/u_memory_dpd/g_lane[12].u_dpd/p_0_out__30/DSP_A_B_DATA_INST/CLK
                         clock pessimism              0.000     4.614    
                         clock uncertainty           -0.035     4.579    
    DSP48E2_X12Y161      DSP_A_B_DATA (Setup_DSP_A_B_DATA_DSP48E2_CLK_A[18])
                                                     -0.261     4.318    u_dut/u_frontend/u_memory_dpd/g_lane[12].u_dpd/p_0_out__30/DSP_A_B_DATA_INST
  -------------------------------------------------------------------
                         required time                          4.318    
                         arrival time                          -5.534    
  -------------------------------------------------------------------
                         slack                                 -1.216    

Slack (VIOLATED) :        -1.177ns  (required time - arrival time)
  Source:                 u_dut/u_frontend/u_interp_to_dpd_elastic/data_i_reg[239]/C
                            (rising edge-triggered cell FDCE clocked by core_clk  {rise@0.000ns fall@2.286ns period=4.571ns})
  Destination:            u_dut/u_frontend/u_memory_dpd/g_lane[12].u_dpd/p_0_out__30/DSP_A_B_DATA_INST/A[19]
                            (rising edge-triggered cell DSP_A_B_DATA clocked by core_clk  {rise@0.000ns fall@2.286ns period=4.571ns})
  Path Group:             core_clk
  Path Type:              Setup (Max at Slow Process Corner)
  Requirement:            4.571ns  (core_clk rise@4.571ns - core_clk rise@0.000ns)
  Data Path Delay:        5.460ns  (logic 0.078ns (1.429%)  route 5.382ns (98.571%))
  Logic Levels:           0  
  Clock Path Skew:        0.013ns (DCD - SCD + CPR)
    Destination Clock Delay (DCD):    0.043ns = ( 4.614 - 4.571 ) 
    Source Clock Delay      (SCD):    0.030ns
    Clock Pessimism Removal (CPR):    0.000ns
  Clock Uncertainty:      0.035ns  ((TSJ^2 + TIJ^2)^1/2 + DJ) / 2 + PE
    Total System Jitter     (TSJ):    0.071ns
    Total Input Jitter      (TIJ):    0.000ns
    Discrete Jitter          (DJ):    0.000ns
    Phase Error              (PE):    0.000ns

    Location             Delay type                Incr(ns)  Path(ns)    Netlist Resource(s)
  -------------------------------------------------------------------    -------------------
                         (clock core_clk rise edge)
                                                      0.000     0.000 r  
                                                      0.000     0.000 r  clk218 (IN)
                         net (fo=103838, unset)       0.030     0.030    u_dut/u_frontend/u_interp_to_dpd_elastic/clk
    SLICE_X73Y198        FDCE                                         r  u_dut/u_frontend/u_interp_to_dpd_elastic/data_i_reg[239]/C
  -------------------------------------------------------------------    -------------------
    SLICE_X73Y198        FDCE (Prop_BFF_SLICEM_C_Q)
                                                      0.078     0.108 r  u_dut/u_frontend/u_interp_to_dpd_elastic/data_i_reg[239]/Q
                         net (fo=173, routed)         5.382     5.490    u_dut/u_frontend/u_memory_dpd/g_lane[12].u_dpd/p_0_out__30/A[19]
    DSP48E2_X12Y161      DSP_A_B_DATA                                 r  u_dut/u_frontend/u_memory_dpd/g_lane[12].u_dpd/p_0_out__30/DSP_A_B_DATA_INST/A[19]
  -------------------------------------------------------------------    -------------------

                         (clock core_clk rise edge)
                                                      4.571     4.571 r  
                                                      0.000     4.571 r  clk218 (IN)
                         net (fo=103838, unset)       0.043     4.614    u_dut/u_frontend/u_memory_dpd/g_lane[12].u_dpd/p_0_out__30/CLK
    DSP48E2_X12Y161      DSP_A_B_DATA                                 r  u_dut/u_frontend/u_memory_dpd/g_lane[12].u_dpd/p_0_out__30/DSP_A_B_DATA_INST/CLK
                         clock pessimism              0.000     4.614    
                         clock uncertainty           -0.035     4.579    
    DSP48E2_X12Y161      DSP_A_B_DATA (Setup_DSP_A_B_DATA_DSP48E2_CLK_A[19])
                                                     -0.266     4.313    u_dut/u_frontend/u_memory_dpd/g_lane[12].u_dpd/p_0_out__30/DSP_A_B_DATA_INST
  -------------------------------------------------------------------
                         required time                          4.313    
                         arrival time                          -5.490    
  -------------------------------------------------------------------
                         slack                                 -1.177    

Slack (VIOLATED) :        -1.146ns  (required time - arrival time)
  Source:                 u_dut/u_frontend/u_interp_to_dpd_elastic/data_i_reg[239]/C
                            (rising edge-triggered cell FDCE clocked by core_clk  {rise@0.000ns fall@2.286ns period=4.571ns})
  Destination:            u_dut/u_frontend/u_memory_dpd/g_lane[13].u_dpd/p_0_out__20/DSP_A_B_DATA_INST/A[18]
                            (rising edge-triggered cell DSP_A_B_DATA clocked by core_clk  {rise@0.000ns fall@2.286ns period=4.571ns})
  Path Group:             core_clk
  Path Type:              Setup (Max at Slow Process Corner)
  Requirement:            4.571ns  (core_clk rise@4.571ns - core_clk rise@0.000ns)
  Data Path Delay:        5.433ns  (logic 0.078ns (1.436%)  route 5.355ns (98.564%))
  Logic Levels:           0  
  Clock Path Skew:        0.013ns (DCD - SCD + CPR)
    Destination Clock Delay (DCD):    0.043ns = ( 4.614 - 4.571 ) 
    Source Clock Delay      (SCD):    0.030ns
    Clock Pessimism Removal (CPR):    0.000ns
  Clock Uncertainty:      0.035ns  ((TSJ^2 + TIJ^2)^1/2 + DJ) / 2 + PE
    Total System Jitter     (TSJ):    0.071ns
    Total Input Jitter      (TIJ):    0.000ns
    Discrete Jitter          (DJ):    0.000ns
    Phase Error              (PE):    0.000ns

    Location             Delay type                Incr(ns)  Path(ns)    Netlist Resource(s)
  -------------------------------------------------------------------    -------------------
                         (clock core_clk rise edge)
                                                      0.000     0.000 r  
                                                      0.000     0.000 r  clk218 (IN)
                         net (fo=103838, unset)       0.030     0.030    u_dut/u_frontend/u_interp_to_dpd_elastic/clk
    SLICE_X73Y198        FDCE                                         r  u_dut/u_frontend/u_interp_to_dpd_elastic/data_i_reg[239]/C
  -------------------------------------------------------------------    -------------------
    SLICE_X73Y198        FDCE (Prop_BFF_SLICEM_C_Q)
                                                      0.078     0.108 r  u_dut/u_frontend/u_interp_to_dpd_elastic/data_i_reg[239]/Q
                         net (fo=173, routed)         5.355     5.463    u_dut/u_frontend/u_memory_dpd/g_lane[13].u_dpd/p_0_out__20/A[18]
    DSP48E2_X12Y154      DSP_A_B_DATA                                 r  u_dut/u_frontend/u_memory_dpd/g_lane[13].u_dpd/p_0_out__20/DSP_A_B_DATA_INST/A[18]
  -------------------------------------------------------------------    -------------------

                         (clock core_clk rise edge)
                                                      4.571     4.571 r  
                                                      0.000     4.571 r  clk218 (IN)
                         net (fo=103838, unset)       0.043     4.614    u_dut/u_frontend/u_memory_dpd/g_lane[13].u_dpd/p_0_out__20/CLK
    DSP48E2_X12Y154      DSP_A_B_DATA                                 r  u_dut/u_frontend/u_memory_dpd/g_lane[13].u_dpd/p_0_out__20/DSP_A_B_DATA_INST/CLK
                         clock pessimism              0.000     4.614    
                         clock uncertainty           -0.035     4.579    
    DSP48E2_X12Y154      DSP_A_B_DATA (Setup_DSP_A_B_DATA_DSP48E2_CLK_A[18])
                                                     -0.261     4.318    u_dut/u_frontend/u_memory_dpd/g_lane[13].u_dpd/p_0_out__20/DSP_A_B_DATA_INST
  -------------------------------------------------------------------
                         required time                          4.318    
                         arrival time                          -5.463    
  -------------------------------------------------------------------
                         slack                                 -1.146    

Slack (VIOLATED) :        -1.115ns  (required time - arrival time)
  Source:                 u_dut/u_frontend/u_interp_to_dpd_elastic/data_i_reg[239]/C
                            (rising edge-triggered cell FDCE clocked by core_clk  {rise@0.000ns fall@2.286ns period=4.571ns})
  Destination:            u_dut/u_frontend/u_memory_dpd/g_lane[12].u_dpd/p_0_out__30/DSP_A_B_DATA_INST/A[20]
                            (rising edge-triggered cell DSP_A_B_DATA clocked by core_clk  {rise@0.000ns fall@2.286ns period=4.571ns})
  Path Group:             core_clk
  Path Type:              Setup (Max at Slow Process Corner)
  Requirement:            4.571ns  (core_clk rise@4.571ns - core_clk rise@0.000ns)
  Data Path Delay:        5.396ns  (logic 0.078ns (1.445%)  route 5.318ns (98.555%))
  Logic Levels:           0  
  Clock Path Skew:        0.013ns (DCD - SCD + CPR)
    Destination Clock Delay (DCD):    0.043ns = ( 4.614 - 4.571 ) 
    Source Clock Delay      (SCD):    0.030ns
    Clock Pessimism Removal (CPR):    0.000ns
  Clock Uncertainty:      0.035ns  ((TSJ^2 + TIJ^2)^1/2 + DJ) / 2 + PE
    Total System Jitter     (TSJ):    0.071ns
    Total Input Jitter      (TIJ):    0.000ns
    Discrete Jitter          (DJ):    0.000ns
    Phase Error              (PE):    0.000ns

    Location             Delay type                Incr(ns)  Path(ns)    Netlist Resource(s)
  -------------------------------------------------------------------    -------------------
                         (clock core_clk rise edge)
                                                      0.000     0.000 r  
                                                      0.000     0.000 r  clk218 (IN)
                         net (fo=103838, unset)       0.030     0.030    u_dut/u_frontend/u_interp_to_dpd_elastic/clk
    SLICE_X73Y198        FDCE                                         r  u_dut/u_frontend/u_interp_to_dpd_elastic/data_i_reg[239]/C
  -------------------------------------------------------------------    -------------------
    SLICE_X73Y198        FDCE (Prop_BFF_SLICEM_C_Q)
                                                      0.078     0.108 r  u_dut/u_frontend/u_interp_to_dpd_elastic/data_i_reg[239]/Q
                         net (fo=173, routed)         5.318     5.426    u_dut/u_frontend/u_memory_dpd/g_lane[12].u_dpd/p_0_out__30/A[20]
    DSP48E2_X12Y161      DSP_A_B_DATA                                 r  u_dut/u_frontend/u_memory_dpd/g_lane[12].u_dpd/p_0_out__30/DSP_A_B_DATA_INST/A[20]
  -------------------------------------------------------------------    -------------------

                         (clock core_clk rise edge)
                                                      4.571     4.571 r  
                                                      0.000     4.571 r  clk218 (IN)
                         net (fo=103838, unset)       0.043     4.614    u_dut/u_frontend/u_memory_dpd/g_lane[12].u_dpd/p_0_out__30/CLK
    DSP48E2_X12Y161      DSP_A_B_DATA                                 r  u_dut/u_frontend/u_memory_dpd/g_lane[12].u_dpd/p_0_out__30/DSP_A_B_DATA_INST/CLK
                         clock pessimism              0.000     4.614    
                         clock uncertainty           -0.035     4.579    
    DSP48E2_X12Y161      DSP_A_B_DATA (Setup_DSP_A_B_DATA_DSP48E2_CLK_A[20])
                                                     -0.268     4.311    u_dut/u_frontend/u_memory_dpd/g_lane[12].u_dpd/p_0_out__30/DSP_A_B_DATA_INST
  -------------------------------------------------------------------
                         required time                          4.311    
                         arrival time                          -5.426    
  -------------------------------------------------------------------
                         slack                                 -1.115    

Slack (VIOLATED) :        -1.095ns  (required time - arrival time)
  Source:                 u_dut/u_frontend/u_interp_to_dpd_elastic/data_i_reg[239]/C
                            (rising edge-triggered cell FDCE clocked by core_clk  {rise@0.000ns fall@2.286ns period=4.571ns})
  Destination:            u_dut/u_frontend/u_memory_dpd/g_lane[13].u_dpd/p_0_out__20/DSP_A_B_DATA_INST/A[19]
                            (rising edge-triggered cell DSP_A_B_DATA clocked by core_clk  {rise@0.000ns fall@2.286ns period=4.571ns})
  Path Group:             core_clk
  Path Type:              Setup (Max at Slow Process Corner)
  Requirement:            4.571ns  (core_clk rise@4.571ns - core_clk rise@0.000ns)
  Data Path Delay:        5.378ns  (logic 0.078ns (1.450%)  route 5.300ns (98.550%))
  Logic Levels:           0  
  Clock Path Skew:        0.013ns (DCD - SCD + CPR)
    Destination Clock Delay (DCD):    0.043ns = ( 4.614 - 4.571 ) 
    Source Clock Delay      (SCD):    0.030ns
    Clock Pessimism Removal (CPR):    0.000ns
  Clock Uncertainty:      0.035ns  ((TSJ^2 + TIJ^2)^1/2 + DJ) / 2 + PE
    Total System Jitter     (TSJ):    0.071ns
    Total Input Jitter      (TIJ):    0.000ns
    Discrete Jitter          (DJ):    0.000ns
    Phase Error              (PE):    0.000ns

    Location             Delay type                Incr(ns)  Path(ns)    Netlist Resource(s)
  -------------------------------------------------------------------    -------------------
                         (clock core_clk rise edge)
                                                      0.000     0.000 r  
                                                      0.000     0.000 r  clk218 (IN)
                         net (fo=103838, unset)       0.030     0.030    u_dut/u_frontend/u_interp_to_dpd_elastic/clk
    SLICE_X73Y198        FDCE                                         r  u_dut/u_frontend/u_interp_to_dpd_elastic/data_i_reg[239]/C
  -------------------------------------------------------------------    -------------------
    SLICE_X73Y198        FDCE (Prop_BFF_SLICEM_C_Q)
                                                      0.078     0.108 r  u_dut/u_frontend/u_interp_to_dpd_elastic/data_i_reg[239]/Q
                         net (fo=173, routed)         5.300     5.408    u_dut/u_frontend/u_memory_dpd/g_lane[13].u_dpd/p_0_out__20/A[19]
    DSP48E2_X12Y154      DSP_A_B_DATA                                 r  u_dut/u_frontend/u_memory_dpd/g_lane[13].u_dpd/p_0_out__20/DSP_A_B_DATA_INST/A[19]
  -------------------------------------------------------------------    -------------------

                         (clock core_clk rise edge)
                                                      4.571     4.571 r  
                                                      0.000     4.571 r  clk218 (IN)
                         net (fo=103838, unset)       0.043     4.614    u_dut/u_frontend/u_memory_dpd/g_lane[13].u_dpd/p_0_out__20/CLK
    DSP48E2_X12Y154      DSP_A_B_DATA                                 r  u_dut/u_frontend/u_memory_dpd/g_lane[13].u_dpd/p_0_out__20/DSP_A_B_DATA_INST/CLK
                         clock pessimism              0.000     4.614    
                         clock uncertainty           -0.035     4.579    
    DSP48E2_X12Y154      DSP_A_B_DATA (Setup_DSP_A_B_DATA_DSP48E2_CLK_A[19])
                                                     -0.266     4.313    u_dut/u_frontend/u_memory_dpd/g_lane[13].u_dpd/p_0_out__20/DSP_A_B_DATA_INST
  -------------------------------------------------------------------
                         required time                          4.313    
                         arrival time                          -5.408    
  -------------------------------------------------------------------
                         slack                                 -1.095    




