Copyright 1986-2022 Xilinx, Inc. All Rights Reserved. Copyright 2022-2024 Advanced Micro Devices, Inc. All Rights Reserved.
--------------------------------------------------------------------------------------------------------------------------------------------------
| Tool Version      : Vivado v.2024.1 (win64) Build 5076996 Wed May 22 18:37:14 MDT 2024
| Date              : Fri Sep 18 22:05:10 2026
| Host              : LAPTOP-KNBVGAN8 running 64-bit major release  (build 9200)
| Command           : report_timing_summary -file E:/workspace/chip/dsm_ip/syn/out/tid32_thermo5_frontend_tx_20260918_185726/timing_summary.rpt
| Design            : tid32_thermo5_frontend_tx_ooc
| Device            : xczu15eg-ffvb1156
| Speed File        : -2  PRODUCTION 1.30 05-15-2022
| Design State      : Routed
| Temperature Grade : I
--------------------------------------------------------------------------------------------------------------------------------------------------

Timing Summary Report

------------------------------------------------------------------------------------------------
| Timer Settings
| --------------
------------------------------------------------------------------------------------------------

  Enable Multi Corner Analysis               :  Yes
  Enable Pessimism Removal                   :  Yes
  Pessimism Removal Resolution               :  Nearest Common Node
  Enable Input Delay Default Clock           :  No
  Enable Preset / Clear Arcs                 :  No
  Disable Flight Delays                      :  No
  Ignore I/O Paths                           :  No
  Timing Early Launch at Borrowing Latches   :  No
  Borrow Time for Max Delay Exceptions       :  Yes
  Merge Timing Exceptions                    :  Yes
  Inter-SLR Compensation                     :  Conservative

  Corner  Analyze    Analyze    
  Name    Max Paths  Min Paths  
  ------  ---------  ---------  
  Slow    Yes        Yes        
  Fast    Yes        Yes        


------------------------------------------------------------------------------------------------
| Report Methodology
| ------------------
------------------------------------------------------------------------------------------------

No report available as report_methodology has not been run prior. Run report_methodology on the current design for the summary of methodology violations.



check_timing report

Table of Contents
-----------------
1. checking no_clock (0)
2. checking constant_clock (0)
3. checking pulse_width_clock (0)
4. checking unconstrained_internal_endpoints (0)
5. checking no_input_delay (662)
6. checking no_output_delay (260)
7. checking multiple_clock (0)
8. checking generated_clocks (0)
9. checking loops (0)
10. checking partial_input_delay (0)
11. checking partial_output_delay (0)
12. checking latch_loops (0)

1. checking no_clock (0)
------------------------
 There are 0 register/latch pins with no clock.


2. checking constant_clock (0)
------------------------------
 There are 0 register/latch pins with constant_clock.


3. checking pulse_width_clock (0)
---------------------------------
 There are 0 register/latch pins which need pulse_width check


4. checking unconstrained_internal_endpoints (0)
------------------------------------------------
 There are 0 pins that are not constrained for maximum delay.

 There are 0 pins that are not constrained for maximum delay due to constant clock.


5. checking no_input_delay (662)
--------------------------------
 There are 661 input ports with no input delay specified. (HIGH)

 There is 1 input port with no input delay but user has a false path constraint. (MEDIUM)


6. checking no_output_delay (260)
---------------------------------
 There are 260 ports with no output delay specified. (HIGH)

 There are 0 ports with no output delay but user has a false path constraint

 There are 0 ports with no output delay but with a timing clock defined on it or propagating through it


7. checking multiple_clock (0)
------------------------------
 There are 0 register/latch pins with multiple clocks.


8. checking generated_clocks (0)
--------------------------------
 There are 0 generated clocks that are not connected to a clock source.


9. checking loops (0)
---------------------
 There are 0 combinational loops in the design.


10. checking partial_input_delay (0)
------------------------------------
 There are 0 input ports with partial input delay specified.


11. checking partial_output_delay (0)
-------------------------------------
 There are 0 ports with partial output delay specified.


12. checking latch_loops (0)
----------------------------
 There are 0 combinational latch loops in the design through latch input



------------------------------------------------------------------------------------------------
| Design Timing Summary
| ---------------------
------------------------------------------------------------------------------------------------

    WNS(ns)      TNS(ns)  TNS Failing Endpoints  TNS Total Endpoints      WHS(ns)      THS(ns)  THS Failing Endpoints  THS Total Endpoints     WPWS(ns)     TPWS(ns)  TPWS Failing Endpoints  TPWS Total Endpoints  
    -------      -------  ---------------------  -------------------      -------      -------  ---------------------  -------------------     --------     --------  ----------------------  --------------------  
      0.178        0.000                      0               233721        0.027        0.000                      0               233721        1.753        0.000                       0                102367  


All user specified timing constraints are met.


------------------------------------------------------------------------------------------------
| Clock Summary
| -------------
------------------------------------------------------------------------------------------------

Clock  Waveform(ns)         Period(ns)      Frequency(MHz)
-----  ------------         ----------      --------------
clk    {0.000 2.286}        4.571           218.771         


------------------------------------------------------------------------------------------------
| Intra Clock Table
| -----------------
------------------------------------------------------------------------------------------------

Clock             WNS(ns)      TNS(ns)  TNS Failing Endpoints  TNS Total Endpoints      WHS(ns)      THS(ns)  THS Failing Endpoints  THS Total Endpoints     WPWS(ns)     TPWS(ns)  TPWS Failing Endpoints  TPWS Total Endpoints  
-----             -------      -------  ---------------------  -------------------      -------      -------  ---------------------  -------------------     --------     --------  ----------------------  --------------------  
clk                 0.178        0.000                      0               233721        0.027        0.000                      0               233721        1.753        0.000                       0                102367  


------------------------------------------------------------------------------------------------
| Inter Clock Table
| -----------------
------------------------------------------------------------------------------------------------

From Clock    To Clock          WNS(ns)      TNS(ns)  TNS Failing Endpoints  TNS Total Endpoints      WHS(ns)      THS(ns)  THS Failing Endpoints  THS Total Endpoints  
----------    --------          -------      -------  ---------------------  -------------------      -------      -------  ---------------------  -------------------  


------------------------------------------------------------------------------------------------
| Other Path Groups Table
| -----------------------
------------------------------------------------------------------------------------------------

Path Group    From Clock    To Clock          WNS(ns)      TNS(ns)  TNS Failing Endpoints  TNS Total Endpoints      WHS(ns)      THS(ns)  THS Failing Endpoints  THS Total Endpoints  
----------    ----------    --------          -------      -------  ---------------------  -------------------      -------      -------  ---------------------  -------------------  


------------------------------------------------------------------------------------------------
| Timing Details
| --------------
------------------------------------------------------------------------------------------------


---------------------------------------------------------------------------------------------------
From Clock:  clk
  To Clock:  clk

Setup :            0  Failing Endpoints,  Worst Slack        0.178ns,  Total Violation        0.000ns
Hold  :            0  Failing Endpoints,  Worst Slack        0.027ns,  Total Violation        0.000ns
PW    :            0  Failing Endpoints,  Worst Slack        1.753ns,  Total Violation        0.000ns
---------------------------------------------------------------------------------------------------


Max Delay Paths
--------------------------------------------------------------------------------------
Slack (MET) :             0.178ns  (required time - arrival time)
  Source:                 u_dut/u_interp_1/out_i_vec_reg[31]/C
                            (rising edge-triggered cell FDRE clocked by clk  {rise@0.000ns fall@2.286ns period=4.571ns})
  Destination:            u_dut/u_memory_dpd/g_lane[1].u_dpd/p_0_out__30/DSP_A_B_DATA_INST/A[27]
                            (rising edge-triggered cell DSP_A_B_DATA clocked by clk  {rise@0.000ns fall@2.286ns period=4.571ns})
  Path Group:             clk
  Path Type:              Setup (Max at Slow Process Corner)
  Requirement:            4.571ns  (clk rise@4.571ns - clk rise@0.000ns)
  Data Path Delay:        4.089ns  (logic 0.079ns (1.932%)  route 4.010ns (98.068%))
  Logic Levels:           0  
  Clock Path Skew:        0.014ns (DCD - SCD + CPR)
    Destination Clock Delay (DCD):    0.043ns = ( 4.614 - 4.571 ) 
    Source Clock Delay      (SCD):    0.029ns
    Clock Pessimism Removal (CPR):    0.000ns
  Clock Uncertainty:      0.035ns  ((TSJ^2 + TIJ^2)^1/2 + DJ) / 2 + PE
    Total System Jitter     (TSJ):    0.071ns
    Total Input Jitter      (TIJ):    0.000ns
    Discrete Jitter          (DJ):    0.000ns
    Phase Error              (PE):    0.000ns

    Location             Delay type                Incr(ns)  Path(ns)    Netlist Resource(s)
  -------------------------------------------------------------------    -------------------
                         (clock clk rise edge)        0.000     0.000 r  
                                                      0.000     0.000 r  clk (IN)
                         net (fo=112782, unset)       0.029     0.029    u_dut/u_interp_1/clk
    SLICE_X55Y204        FDRE                                         r  u_dut/u_interp_1/out_i_vec_reg[31]/C
  -------------------------------------------------------------------    -------------------
    SLICE_X55Y204        FDRE (Prop_EFF_SLICEL_C_Q)
                                                      0.079     0.108 r  u_dut/u_interp_1/out_i_vec_reg[31]/Q
                         net (fo=76, routed)          4.010     4.118    u_dut/u_memory_dpd/g_lane[1].u_dpd/p_0_out__30/A[27]
    DSP48E2_X15Y132      DSP_A_B_DATA                                 r  u_dut/u_memory_dpd/g_lane[1].u_dpd/p_0_out__30/DSP_A_B_DATA_INST/A[27]
  -------------------------------------------------------------------    -------------------

                         (clock clk rise edge)        4.571     4.571 r  
                                                      0.000     4.571 r  clk (IN)
                         net (fo=112782, unset)       0.043     4.614    u_dut/u_memory_dpd/g_lane[1].u_dpd/p_0_out__30/CLK
    DSP48E2_X15Y132      DSP_A_B_DATA                                 r  u_dut/u_memory_dpd/g_lane[1].u_dpd/p_0_out__30/DSP_A_B_DATA_INST/CLK
                         clock pessimism              0.000     4.614    
                         clock uncertainty           -0.035     4.579    
    DSP48E2_X15Y132      DSP_A_B_DATA (Setup_DSP_A_B_DATA_DSP48E2_CLK_A[27])
                                                     -0.282     4.297    u_dut/u_memory_dpd/g_lane[1].u_dpd/p_0_out__30/DSP_A_B_DATA_INST
  -------------------------------------------------------------------
                         required time                          4.297    
                         arrival time                          -4.118    
  -------------------------------------------------------------------
                         slack                                  0.178    





Min Delay Paths
--------------------------------------------------------------------------------------
Slack (MET) :             0.027ns  (arrival time - required time)
  Source:                 u_dut/u_memory_dpd/g_lane[10].u_dpd/c1_im_s0_reg[2][14]/C
                            (rising edge-triggered cell FDRE clocked by clk  {rise@0.000ns fall@2.286ns period=4.571ns})
  Destination:            u_dut/u_memory_dpd/g_lane[10].u_dpd/c1_im_s3_reg[2][14]_srl3/D
                            (rising edge-triggered cell SRL16E clocked by clk  {rise@0.000ns fall@2.286ns period=4.571ns})
  Path Group:             clk
  Path Type:              Hold (Min at Fast Process Corner)
  Requirement:            0.000ns  (clk rise@0.000ns - clk rise@0.000ns)
  Data Path Delay:        0.092ns  (logic 0.037ns (40.217%)  route 0.055ns (59.783%))
  Logic Levels:           0  
  Clock Path Skew:        0.026ns (DCD - SCD - CPR)
    Destination Clock Delay (DCD):    0.039ns
    Source Clock Delay      (SCD):    0.013ns
    Clock Pessimism Removal (CPR):    -0.000ns

    Location             Delay type                Incr(ns)  Path(ns)    Netlist Resource(s)
  -------------------------------------------------------------------    -------------------
                         (clock clk rise edge)        0.000     0.000 r  
                                                      0.000     0.000 r  clk (IN)
                         net (fo=112782, unset)       0.013     0.013    u_dut/u_memory_dpd/g_lane[10].u_dpd/clk
    SLICE_X73Y158        FDRE                                         r  u_dut/u_memory_dpd/g_lane[10].u_dpd/c1_im_s0_reg[2][14]/C
  -------------------------------------------------------------------    -------------------
    SLICE_X73Y158        FDRE (Prop_FFF_SLICEM_C_Q)
                                                      0.037     0.050 r  u_dut/u_memory_dpd/g_lane[10].u_dpd/c1_im_s0_reg[2][14]/Q
                         net (fo=1, routed)           0.055     0.105    u_dut/u_memory_dpd/g_lane[10].u_dpd/c1_im_s0_reg_n_0_[2][14]
    SLICE_X73Y159        SRL16E                                       r  u_dut/u_memory_dpd/g_lane[10].u_dpd/c1_im_s3_reg[2][14]_srl3/D
  -------------------------------------------------------------------    -------------------

                         (clock clk rise edge)        0.000     0.000 r  
                                                      0.000     0.000 r  clk (IN)
                         net (fo=112782, unset)       0.039     0.039    u_dut/u_memory_dpd/g_lane[10].u_dpd/clk
    SLICE_X73Y159        SRL16E                                       r  u_dut/u_memory_dpd/g_lane[10].u_dpd/c1_im_s3_reg[2][14]_srl3/CLK
                         clock pessimism              0.000     0.039    
    SLICE_X73Y159        SRL16E (Hold_G5LUT_SLICEM_CLK_D)
                                                      0.039     0.078    u_dut/u_memory_dpd/g_lane[10].u_dpd/c1_im_s3_reg[2][14]_srl3
  -------------------------------------------------------------------
                         required time                         -0.078    
                         arrival time                           0.105    
  -------------------------------------------------------------------
                         slack                                  0.027    





Pulse Width Checks
--------------------------------------------------------------------------------------
Clock Name:         clk
Waveform(ns):       { 0.000 2.286 }
Period(ns):         4.571
Sources:            { clk }

Check Type        Corner  Lib Pin     Reference Pin  Required(ns)  Actual(ns)  Slack(ns)  Location       Pin
Min Period        n/a     SRL16E/CLK  n/a            1.064         4.571       3.507      SLICE_X63Y362  u_dut/u_memory_dpd/g_lane[0].u_dpd/c1_im_s3_reg[0][0]_srl3/CLK
Low Pulse Width   Slow    SRL16E/CLK  n/a            0.532         2.285       1.753      SLICE_X63Y362  u_dut/u_memory_dpd/g_lane[0].u_dpd/c1_im_s3_reg[0][0]_srl3/CLK
High Pulse Width  Slow    SRL16E/CLK  n/a            0.532         2.286       1.754      SLICE_X63Y362  u_dut/u_memory_dpd/g_lane[0].u_dpd/c1_im_s3_reg[0][0]_srl3/CLK



