Copyright 1986-2022 Xilinx, Inc. All Rights Reserved. Copyright 2022-2024 Advanced Micro Devices, Inc. All Rights Reserved.
----------------------------------------------------------------------------------------------------------------------------------------------------
| Tool Version : Vivado v.2024.1 (win64) Build 5076996 Wed May 22 18:37:14 MDT 2024
| Date         : Thu Jul  2 21:50:58 2026
| Host         : LAPTOP-KNBVGAN8 running 64-bit major release  (build 9200)
| Command      : report_timing_summary -file E:/workspace/chip/dsm_ip/syn/reports/ooc_xc7z020clg400_1_20260702_214700/p0_ooc_ef1/timing_summary.rpt
| Design       : p0_ooc_ef1
| Device       : 7z020-clg400
| Speed File   : -1  PRODUCTION 1.12 2019-11-22
| Design State : Routed
----------------------------------------------------------------------------------------------------------------------------------------------------

Timing Summary Report

------------------------------------------------------------------------------------------------
| Timer Settings
| --------------
------------------------------------------------------------------------------------------------

  Enable Multi Corner Analysis               :  Yes
  Enable Pessimism Removal                   :  Yes
  Pessimism Removal Resolution               :  Nearest Common Node
  Enable Input Delay Default Clock           :  No
  Enable Preset / Clear Arcs                 :  No
  Disable Flight Delays                      :  No
  Ignore I/O Paths                           :  No
  Timing Early Launch at Borrowing Latches   :  No
  Borrow Time for Max Delay Exceptions       :  Yes
  Merge Timing Exceptions                    :  Yes
  Inter-SLR Compensation                     :  Conservative

  Corner  Analyze    Analyze    
  Name    Max Paths  Min Paths  
  ------  ---------  ---------  
  Slow    Yes        Yes        
  Fast    Yes        Yes        


------------------------------------------------------------------------------------------------
| Report Methodology
| ------------------
------------------------------------------------------------------------------------------------

No report available as report_methodology has not been run prior. Run report_methodology on the current design for the summary of methodology violations.



check_timing report

Table of Contents
-----------------
1. checking no_clock (0)
2. checking constant_clock (0)
3. checking pulse_width_clock (0)
4. checking unconstrained_internal_endpoints (0)
5. checking no_input_delay (34)
6. checking no_output_delay (2)
7. checking multiple_clock (0)
8. checking generated_clocks (0)
9. checking loops (0)
10. checking partial_input_delay (0)
11. checking partial_output_delay (0)
12. checking latch_loops (0)

1. checking no_clock (0)
------------------------
 There are 0 register/latch pins with no clock.


2. checking constant_clock (0)
------------------------------
 There are 0 register/latch pins with constant_clock.


3. checking pulse_width_clock (0)
---------------------------------
 There are 0 register/latch pins which need pulse_width check


4. checking unconstrained_internal_endpoints (0)
------------------------------------------------
 There are 0 pins that are not constrained for maximum delay.

 There are 0 pins that are not constrained for maximum delay due to constant clock.


5. checking no_input_delay (34)
-------------------------------
 There are 0 input ports with no input delay specified.

 There are 34 input ports with no input delay but user has a false path constraint. (MEDIUM)


6. checking no_output_delay (2)
-------------------------------
 There are 0 ports with no output delay specified.

 There are 2 ports with no output delay but user has a false path constraint (MEDIUM)

 There are 0 ports with no output delay but with a timing clock defined on it or propagating through it


7. checking multiple_clock (0)
------------------------------
 There are 0 register/latch pins with multiple clocks.


8. checking generated_clocks (0)
--------------------------------
 There are 0 generated clocks that are not connected to a clock source.


9. checking loops (0)
---------------------
 There are 0 combinational loops in the design.


10. checking partial_input_delay (0)
------------------------------------
 There are 0 input ports with partial input delay specified.


11. checking partial_output_delay (0)
-------------------------------------
 There are 0 ports with partial output delay specified.


12. checking latch_loops (0)
----------------------------
 There are 0 combinational latch loops in the design through latch input



------------------------------------------------------------------------------------------------
| Design Timing Summary
| ---------------------
------------------------------------------------------------------------------------------------

    WNS(ns)      TNS(ns)  TNS Failing Endpoints  TNS Total Endpoints      WHS(ns)      THS(ns)  THS Failing Endpoints  THS Total Endpoints     WPWS(ns)     TPWS(ns)  TPWS Failing Endpoints  TPWS Total Endpoints  
    -------      -------  ---------------------  -------------------      -------      -------  ---------------------  -------------------     --------     --------  ----------------------  --------------------  
      2.221        0.000                      0                   62        0.181        0.000                      0                   62        4.500        0.000                       0                    63  


All user specified timing constraints are met.


------------------------------------------------------------------------------------------------
| Clock Summary
| -------------
------------------------------------------------------------------------------------------------

Clock  Waveform(ns)       Period(ns)      Frequency(MHz)
-----  ------------       ----------      --------------
clk    {0.000 5.000}      10.000          100.000         


------------------------------------------------------------------------------------------------
| Intra Clock Table
| -----------------
------------------------------------------------------------------------------------------------

Clock             WNS(ns)      TNS(ns)  TNS Failing Endpoints  TNS Total Endpoints      WHS(ns)      THS(ns)  THS Failing Endpoints  THS Total Endpoints     WPWS(ns)     TPWS(ns)  TPWS Failing Endpoints  TPWS Total Endpoints  
-----             -------      -------  ---------------------  -------------------      -------      -------  ---------------------  -------------------     --------     --------  ----------------------  --------------------  
clk                 2.221        0.000                      0                   62        0.181        0.000                      0                   62        4.500        0.000                       0                    63  


------------------------------------------------------------------------------------------------
| Inter Clock Table
| -----------------
------------------------------------------------------------------------------------------------

From Clock    To Clock          WNS(ns)      TNS(ns)  TNS Failing Endpoints  TNS Total Endpoints      WHS(ns)      THS(ns)  THS Failing Endpoints  THS Total Endpoints  
----------    --------          -------      -------  ---------------------  -------------------      -------      -------  ---------------------  -------------------  


------------------------------------------------------------------------------------------------
| Other Path Groups Table
| -----------------------
------------------------------------------------------------------------------------------------

Path Group    From Clock    To Clock          WNS(ns)      TNS(ns)  TNS Failing Endpoints  TNS Total Endpoints      WHS(ns)      THS(ns)  THS Failing Endpoints  THS Total Endpoints  
----------    ----------    --------          -------      -------  ---------------------  -------------------      -------      -------  ---------------------  -------------------  


------------------------------------------------------------------------------------------------
| Timing Details
| --------------
------------------------------------------------------------------------------------------------


---------------------------------------------------------------------------------------------------
From Clock:  clk
  To Clock:  clk

Setup :            0  Failing Endpoints,  Worst Slack        2.221ns,  Total Violation        0.000ns
Hold  :            0  Failing Endpoints,  Worst Slack        0.181ns,  Total Violation        0.000ns
PW    :            0  Failing Endpoints,  Worst Slack        4.500ns,  Total Violation        0.000ns
---------------------------------------------------------------------------------------------------


Max Delay Paths
--------------------------------------------------------------------------------------
Slack (MET) :             2.221ns  (required time - arrival time)
  Source:                 u_i/e1_reg[0]/C
                            (rising edge-triggered cell FDCE clocked by clk  {rise@0.000ns fall@5.000ns period=10.000ns})
  Destination:            u_i/e1_reg[26]/D
                            (rising edge-triggered cell FDCE clocked by clk  {rise@0.000ns fall@5.000ns period=10.000ns})
  Path Group:             clk
  Path Type:              Setup (Max at Slow Process Corner)
  Requirement:            10.000ns  (clk rise@10.000ns - clk rise@0.000ns)
  Data Path Delay:        7.757ns  (logic 4.606ns (59.380%)  route 3.151ns (40.620%))
  Logic Levels:           18  (CARRY4=15 LUT2=2 LUT4=1)
  Clock Path Skew:        -0.049ns (DCD - SCD + CPR)
    Destination Clock Delay (DCD):    0.924ns = ( 10.924 - 10.000 ) 
    Source Clock Delay      (SCD):    0.973ns
    Clock Pessimism Removal (CPR):    0.000ns
  Clock Uncertainty:      0.035ns  ((TSJ^2 + TIJ^2)^1/2 + DJ) / 2 + PE
    Total System Jitter     (TSJ):    0.071ns
    Total Input Jitter      (TIJ):    0.000ns
    Discrete Jitter          (DJ):    0.000ns
    Phase Error              (PE):    0.000ns

    Location             Delay type                Incr(ns)  Path(ns)    Netlist Resource(s)
  -------------------------------------------------------------------    -------------------
                         (clock clk rise edge)        0.000     0.000 r  
                                                      0.000     0.000 r  clk (IN)
                         net (fo=62, unset)           0.973     0.973    u_i/clk
    SLICE_X16Y27         FDCE                                         r  u_i/e1_reg[0]/C
  -------------------------------------------------------------------    -------------------
    SLICE_X16Y27         FDCE (Prop_fdce_C_Q)         0.518     1.491 r  u_i/e1_reg[0]/Q
                         net (fo=1, routed)           0.602     2.093    u_i/e1[0]
    SLICE_X14Y27         LUT2 (Prop_lut2_I1_O)        0.124     2.217 r  u_i/y_int2_carry_i_4__0/O
                         net (fo=1, routed)           0.000     2.217    u_i/y_int2_carry_i_4__0_n_0
    SLICE_X14Y27         CARRY4 (Prop_carry4_S[0]_CO[3])
                                                      0.513     2.730 r  u_i/y_int2_carry/CO[3]
                         net (fo=1, routed)           0.000     2.730    u_i/y_int2_carry_n_0
    SLICE_X14Y28         CARRY4 (Prop_carry4_CI_CO[3])
                                                      0.117     2.847 r  u_i/y_int2_carry__0/CO[3]
                         net (fo=1, routed)           0.000     2.847    u_i/y_int2_carry__0_n_0
    SLICE_X14Y29         CARRY4 (Prop_carry4_CI_CO[3])
                                                      0.117     2.964 r  u_i/y_int2_carry__1/CO[3]
                         net (fo=1, routed)           0.000     2.964    u_i/y_int2_carry__1_n_0
    SLICE_X14Y30         CARRY4 (Prop_carry4_CI_CO[3])
                                                      0.117     3.081 r  u_i/y_int2_carry__2/CO[3]
                         net (fo=1, routed)           0.000     3.081    u_i/y_int2_carry__2_n_0
    SLICE_X14Y31         CARRY4 (Prop_carry4_CI_CO[3])
                                                      0.117     3.198 r  u_i/y_int2_carry__3/CO[3]
                         net (fo=1, routed)           0.000     3.198    u_i/y_int2_carry__3_n_0
    SLICE_X14Y32         CARRY4 (Prop_carry4_CI_CO[3])
                                                      0.117     3.315 r  u_i/y_int2_carry__4/CO[3]
                         net (fo=1, routed)           0.000     3.315    u_i/y_int2_carry__4_n_0
    SLICE_X14Y33         CARRY4 (Prop_carry4_CI_O[3])
                                                      0.315     3.630 f  u_i/y_int2_carry__5/O[3]
                         net (fo=12, routed)          0.730     4.360    u_i/p_0_in[27]
    SLICE_X16Y33         LUT2 (Prop_lut2_I1_O)        0.307     4.667 r  u_i/i__carry_i_2__0/O
                         net (fo=1, routed)           0.000     4.667    u_i/i__carry_i_2__0_n_0
    SLICE_X16Y33         CARRY4 (Prop_carry4_S[0]_CO[1])
                                                      0.458     5.125 r  u_i/y_int1_inferred__0/i__carry/CO[1]
                         net (fo=56, routed)          1.819     6.944    u_i/y_int10_in
    SLICE_X15Y27         LUT4 (Prop_lut4_I3_O)        0.332     7.276 r  u_i/e10_carry_i_8__0/O
                         net (fo=1, routed)           0.000     7.276    u_i/e10_carry_i_8__0_n_0
    SLICE_X15Y27         CARRY4 (Prop_carry4_S[1]_CO[3])
                                                      0.550     7.826 r  u_i/e10_carry/CO[3]
                         net (fo=1, routed)           0.000     7.826    u_i/e10_carry_n_0
    SLICE_X15Y28         CARRY4 (Prop_carry4_CI_CO[3])
                                                      0.114     7.940 r  u_i/e10_carry__0/CO[3]
                         net (fo=1, routed)           0.000     7.940    u_i/e10_carry__0_n_0
    SLICE_X15Y29         CARRY4 (Prop_carry4_CI_CO[3])
                                                      0.114     8.054 r  u_i/e10_carry__1/CO[3]
                         net (fo=1, routed)           0.000     8.054    u_i/e10_carry__1_n_0
    SLICE_X15Y30         CARRY4 (Prop_carry4_CI_CO[3])
                                                      0.114     8.168 r  u_i/e10_carry__2/CO[3]
                         net (fo=1, routed)           0.000     8.168    u_i/e10_carry__2_n_0
    SLICE_X15Y31         CARRY4 (Prop_carry4_CI_CO[3])
                                                      0.114     8.282 r  u_i/e10_carry__3/CO[3]
                         net (fo=1, routed)           0.000     8.282    u_i/e10_carry__3_n_0
    SLICE_X15Y32         CARRY4 (Prop_carry4_CI_CO[3])
                                                      0.114     8.396 r  u_i/e10_carry__4/CO[3]
                         net (fo=1, routed)           0.000     8.396    u_i/e10_carry__4_n_0
    SLICE_X15Y33         CARRY4 (Prop_carry4_CI_O[1])
                                                      0.334     8.730 r  u_i/e10_carry__5/O[1]
                         net (fo=1, routed)           0.000     8.730    u_i/e10[26]
    SLICE_X15Y33         FDCE                                         r  u_i/e1_reg[26]/D
  -------------------------------------------------------------------    -------------------

                         (clock clk rise edge)       10.000    10.000 r  
                                                      0.000    10.000 r  clk (IN)
                         net (fo=62, unset)           0.924    10.924    u_i/clk
    SLICE_X15Y33         FDCE                                         r  u_i/e1_reg[26]/C
                         clock pessimism              0.000    10.924    
                         clock uncertainty           -0.035    10.889    
    SLICE_X15Y33         FDCE (Setup_fdce_C_D)        0.062    10.951    u_i/e1_reg[26]
  -------------------------------------------------------------------
                         required time                         10.951    
                         arrival time                          -8.730    
  -------------------------------------------------------------------
                         slack                                  2.221    





Min Delay Paths
--------------------------------------------------------------------------------------
Slack (MET) :             0.181ns  (arrival time - required time)
  Source:                 u_duc/ph_reg[1]/C
                            (rising edge-triggered cell FDCE clocked by clk  {rise@0.000ns fall@5.000ns period=10.000ns})
  Destination:            u_duc/rf_bit_reg/D
                            (rising edge-triggered cell FDPE clocked by clk  {rise@0.000ns fall@5.000ns period=10.000ns})
  Path Group:             clk
  Path Type:              Hold (Min at Fast Process Corner)
  Requirement:            0.000ns  (clk rise@0.000ns - clk rise@0.000ns)
  Data Path Delay:        0.295ns  (logic 0.227ns (77.066%)  route 0.068ns (22.934%))
  Logic Levels:           1  (LUT6=1)
  Clock Path Skew:        0.022ns (DCD - SCD - CPR)
    Destination Clock Delay (DCD):    0.432ns
    Source Clock Delay      (SCD):    0.410ns
    Clock Pessimism Removal (CPR):    -0.000ns

    Location             Delay type                Incr(ns)  Path(ns)    Netlist Resource(s)
  -------------------------------------------------------------------    -------------------
                         (clock clk rise edge)        0.000     0.000 r  
                                                      0.000     0.000 r  clk (IN)
                         net (fo=62, unset)           0.410     0.410    u_duc/clk
    SLICE_X15Y34         FDCE                                         r  u_duc/ph_reg[1]/C
  -------------------------------------------------------------------    -------------------
    SLICE_X15Y34         FDCE (Prop_fdce_C_Q)         0.128     0.538 r  u_duc/ph_reg[1]/Q
                         net (fo=2, routed)           0.068     0.606    u_duc/ph[1]
    SLICE_X15Y34         LUT6 (Prop_lut6_I0_O)        0.099     0.705 r  u_duc/rf_bit_i_1/O
                         net (fo=1, routed)           0.000     0.705    u_duc/rf_bit_i_1_n_0
    SLICE_X15Y34         FDPE                                         r  u_duc/rf_bit_reg/D
  -------------------------------------------------------------------    -------------------

                         (clock clk rise edge)        0.000     0.000 r  
                                                      0.000     0.000 r  clk (IN)
                         net (fo=62, unset)           0.432     0.432    u_duc/clk
    SLICE_X15Y34         FDPE                                         r  u_duc/rf_bit_reg/C
                         clock pessimism              0.000     0.432    
    SLICE_X15Y34         FDPE (Hold_fdpe_C_D)         0.092     0.524    u_duc/rf_bit_reg
  -------------------------------------------------------------------
                         required time                         -0.524    
                         arrival time                           0.705    
  -------------------------------------------------------------------
                         slack                                  0.181    





Pulse Width Checks
--------------------------------------------------------------------------------------
Clock Name:         clk
Waveform(ns):       { 0.000 5.000 }
Period(ns):         10.000
Sources:            { clk }

Check Type        Corner  Lib Pin  Reference Pin  Required(ns)  Actual(ns)  Slack(ns)  Location      Pin
Min Period        n/a     FDCE/C   n/a            1.000         10.000      9.000      SLICE_X13Y33  u_duc/in_valid_d1_reg/C
Low Pulse Width   Slow    FDCE/C   n/a            0.500         5.000       4.500      SLICE_X13Y33  u_duc/in_valid_d1_reg/C
High Pulse Width  Slow    FDCE/C   n/a            0.500         5.000       4.500      SLICE_X13Y33  u_duc/in_valid_d1_reg/C



