Copyright 1986-2022 Xilinx, Inc. All Rights Reserved. Copyright 2022-2024 Advanced Micro Devices, Inc. All Rights Reserved.
----------------------------------------------------------------------------------------------------------------------------------------------------
| Tool Version : Vivado v.2024.1 (win64) Build 5076996 Wed May 22 18:37:14 MDT 2024
| Date         : Thu Jul  2 21:48:23 2026
| Host         : LAPTOP-KNBVGAN8 running 64-bit major release  (build 9200)
| Command      : report_timing_summary -file E:/workspace/chip/dsm_ip/syn/reports/ooc_xc7z020clg400_1_20260702_214700/p0_ooc_lp1/timing_summary.rpt
| Design       : p0_ooc_lp1
| Device       : 7z020-clg400
| Speed File   : -1  PRODUCTION 1.12 2019-11-22
| Design State : Routed
----------------------------------------------------------------------------------------------------------------------------------------------------

Timing Summary Report

------------------------------------------------------------------------------------------------
| Timer Settings
| --------------
------------------------------------------------------------------------------------------------

  Enable Multi Corner Analysis               :  Yes
  Enable Pessimism Removal                   :  Yes
  Pessimism Removal Resolution               :  Nearest Common Node
  Enable Input Delay Default Clock           :  No
  Enable Preset / Clear Arcs                 :  No
  Disable Flight Delays                      :  No
  Ignore I/O Paths                           :  No
  Timing Early Launch at Borrowing Latches   :  No
  Borrow Time for Max Delay Exceptions       :  Yes
  Merge Timing Exceptions                    :  Yes
  Inter-SLR Compensation                     :  Conservative

  Corner  Analyze    Analyze    
  Name    Max Paths  Min Paths  
  ------  ---------  ---------  
  Slow    Yes        Yes        
  Fast    Yes        Yes        


------------------------------------------------------------------------------------------------
| Report Methodology
| ------------------
------------------------------------------------------------------------------------------------

No report available as report_methodology has not been run prior. Run report_methodology on the current design for the summary of methodology violations.



check_timing report

Table of Contents
-----------------
1. checking no_clock (0)
2. checking constant_clock (0)
3. checking pulse_width_clock (0)
4. checking unconstrained_internal_endpoints (0)
5. checking no_input_delay (34)
6. checking no_output_delay (2)
7. checking multiple_clock (0)
8. checking generated_clocks (0)
9. checking loops (0)
10. checking partial_input_delay (0)
11. checking partial_output_delay (0)
12. checking latch_loops (0)

1. checking no_clock (0)
------------------------
 There are 0 register/latch pins with no clock.


2. checking constant_clock (0)
------------------------------
 There are 0 register/latch pins with constant_clock.


3. checking pulse_width_clock (0)
---------------------------------
 There are 0 register/latch pins which need pulse_width check


4. checking unconstrained_internal_endpoints (0)
------------------------------------------------
 There are 0 pins that are not constrained for maximum delay.

 There are 0 pins that are not constrained for maximum delay due to constant clock.


5. checking no_input_delay (34)
-------------------------------
 There are 0 input ports with no input delay specified.

 There are 34 input ports with no input delay but user has a false path constraint. (MEDIUM)


6. checking no_output_delay (2)
-------------------------------
 There are 0 ports with no output delay specified.

 There are 2 ports with no output delay but user has a false path constraint (MEDIUM)

 There are 0 ports with no output delay but with a timing clock defined on it or propagating through it


7. checking multiple_clock (0)
------------------------------
 There are 0 register/latch pins with multiple clocks.


8. checking generated_clocks (0)
--------------------------------
 There are 0 generated clocks that are not connected to a clock source.


9. checking loops (0)
---------------------
 There are 0 combinational loops in the design.


10. checking partial_input_delay (0)
------------------------------------
 There are 0 input ports with partial input delay specified.


11. checking partial_output_delay (0)
-------------------------------------
 There are 0 ports with partial output delay specified.


12. checking latch_loops (0)
----------------------------
 There are 0 combinational latch loops in the design through latch input



------------------------------------------------------------------------------------------------
| Design Timing Summary
| ---------------------
------------------------------------------------------------------------------------------------

    WNS(ns)      TNS(ns)  TNS Failing Endpoints  TNS Total Endpoints      WHS(ns)      THS(ns)  THS Failing Endpoints  THS Total Endpoints     WPWS(ns)     TPWS(ns)  TPWS Failing Endpoints  TPWS Total Endpoints  
    -------      -------  ---------------------  -------------------      -------      -------  ---------------------  -------------------     --------     --------  ----------------------  --------------------  
      6.557        0.000                      0                   70        0.168        0.000                      0                   70        4.500        0.000                       0                    71  


All user specified timing constraints are met.


------------------------------------------------------------------------------------------------
| Clock Summary
| -------------
------------------------------------------------------------------------------------------------

Clock  Waveform(ns)       Period(ns)      Frequency(MHz)
-----  ------------       ----------      --------------
clk    {0.000 5.000}      10.000          100.000         


------------------------------------------------------------------------------------------------
| Intra Clock Table
| -----------------
------------------------------------------------------------------------------------------------

Clock             WNS(ns)      TNS(ns)  TNS Failing Endpoints  TNS Total Endpoints      WHS(ns)      THS(ns)  THS Failing Endpoints  THS Total Endpoints     WPWS(ns)     TPWS(ns)  TPWS Failing Endpoints  TPWS Total Endpoints  
-----             -------      -------  ---------------------  -------------------      -------      -------  ---------------------  -------------------     --------     --------  ----------------------  --------------------  
clk                 6.557        0.000                      0                   70        0.168        0.000                      0                   70        4.500        0.000                       0                    71  


------------------------------------------------------------------------------------------------
| Inter Clock Table
| -----------------
------------------------------------------------------------------------------------------------

From Clock    To Clock          WNS(ns)      TNS(ns)  TNS Failing Endpoints  TNS Total Endpoints      WHS(ns)      THS(ns)  THS Failing Endpoints  THS Total Endpoints  
----------    --------          -------      -------  ---------------------  -------------------      -------      -------  ---------------------  -------------------  


------------------------------------------------------------------------------------------------
| Other Path Groups Table
| -----------------------
------------------------------------------------------------------------------------------------

Path Group    From Clock    To Clock          WNS(ns)      TNS(ns)  TNS Failing Endpoints  TNS Total Endpoints      WHS(ns)      THS(ns)  THS Failing Endpoints  THS Total Endpoints  
----------    ----------    --------          -------      -------  ---------------------  -------------------      -------      -------  ---------------------  -------------------  


------------------------------------------------------------------------------------------------
| Timing Details
| --------------
------------------------------------------------------------------------------------------------


---------------------------------------------------------------------------------------------------
From Clock:  clk
  To Clock:  clk

Setup :            0  Failing Endpoints,  Worst Slack        6.557ns,  Total Violation        0.000ns
Hold  :            0  Failing Endpoints,  Worst Slack        0.168ns,  Total Violation        0.000ns
PW    :            0  Failing Endpoints,  Worst Slack        4.500ns,  Total Violation        0.000ns
---------------------------------------------------------------------------------------------------


Max Delay Paths
--------------------------------------------------------------------------------------
Slack (MET) :             6.557ns  (required time - arrival time)
  Source:                 u_q/v_reg[31]/C
                            (rising edge-triggered cell FDCE clocked by clk  {rise@0.000ns fall@5.000ns period=10.000ns})
  Destination:            u_q/v_reg[29]/D
                            (rising edge-triggered cell FDCE clocked by clk  {rise@0.000ns fall@5.000ns period=10.000ns})
  Path Group:             clk
  Path Type:              Setup (Max at Slow Process Corner)
  Requirement:            10.000ns  (clk rise@10.000ns - clk rise@0.000ns)
  Data Path Delay:        3.468ns  (logic 2.200ns (63.444%)  route 1.268ns (36.556%))
  Logic Levels:           9  (CARRY4=8 LUT5=1)
  Clock Path Skew:        -0.049ns (DCD - SCD + CPR)
    Destination Clock Delay (DCD):    0.924ns = ( 10.924 - 10.000 ) 
    Source Clock Delay      (SCD):    0.973ns
    Clock Pessimism Removal (CPR):    0.000ns
  Clock Uncertainty:      0.035ns  ((TSJ^2 + TIJ^2)^1/2 + DJ) / 2 + PE
    Total System Jitter     (TSJ):    0.071ns
    Total Input Jitter      (TIJ):    0.000ns
    Discrete Jitter          (DJ):    0.000ns
    Phase Error              (PE):    0.000ns

    Location             Delay type                Incr(ns)  Path(ns)    Netlist Resource(s)
  -------------------------------------------------------------------    -------------------
                         (clock clk rise edge)        0.000     0.000 r  
                                                      0.000     0.000 r  clk (IN)
                         net (fo=70, unset)           0.973     0.973    u_q/clk
    SLICE_X26Y73         FDCE                                         r  u_q/v_reg[31]/C
  -------------------------------------------------------------------    -------------------
    SLICE_X26Y73         FDCE (Prop_fdce_C_Q)         0.518     1.491 r  u_q/v_reg[31]/Q
                         net (fo=7, routed)           1.268     2.759    u_q/v_reg_n_0_[31]
    SLICE_X26Y66         LUT5 (Prop_lut5_I4_O)        0.124     2.883 r  u_q/v0__1_carry_i_7/O
                         net (fo=1, routed)           0.000     2.883    u_q/v0__1_carry_i_7_n_0
    SLICE_X26Y66         CARRY4 (Prop_carry4_S[1]_CO[3])
                                                      0.533     3.416 r  u_q/v0__1_carry/CO[3]
                         net (fo=1, routed)           0.000     3.416    u_q/v0__1_carry_n_0
    SLICE_X26Y67         CARRY4 (Prop_carry4_CI_CO[3])
                                                      0.117     3.533 r  u_q/v0__1_carry__0/CO[3]
                         net (fo=1, routed)           0.000     3.533    u_q/v0__1_carry__0_n_0
    SLICE_X26Y68         CARRY4 (Prop_carry4_CI_CO[3])
                                                      0.117     3.650 r  u_q/v0__1_carry__1/CO[3]
                         net (fo=1, routed)           0.000     3.650    u_q/v0__1_carry__1_n_0
    SLICE_X26Y69         CARRY4 (Prop_carry4_CI_CO[3])
                                                      0.117     3.767 r  u_q/v0__1_carry__2/CO[3]
                         net (fo=1, routed)           0.000     3.767    u_q/v0__1_carry__2_n_0
    SLICE_X26Y70         CARRY4 (Prop_carry4_CI_CO[3])
                                                      0.117     3.884 r  u_q/v0__1_carry__3/CO[3]
                         net (fo=1, routed)           0.000     3.884    u_q/v0__1_carry__3_n_0
    SLICE_X26Y71         CARRY4 (Prop_carry4_CI_CO[3])
                                                      0.117     4.001 r  u_q/v0__1_carry__4/CO[3]
                         net (fo=1, routed)           0.000     4.001    u_q/v0__1_carry__4_n_0
    SLICE_X26Y72         CARRY4 (Prop_carry4_CI_CO[3])
                                                      0.117     4.118 r  u_q/v0__1_carry__5/CO[3]
                         net (fo=1, routed)           0.000     4.118    u_q/v0__1_carry__5_n_0
    SLICE_X26Y73         CARRY4 (Prop_carry4_CI_O[1])
                                                      0.323     4.441 r  u_q/v0__1_carry__6/O[1]
                         net (fo=1, routed)           0.000     4.441    u_q/v0__1_carry__6_n_6
    SLICE_X26Y73         FDCE                                         r  u_q/v_reg[29]/D
  -------------------------------------------------------------------    -------------------

                         (clock clk rise edge)       10.000    10.000 r  
                                                      0.000    10.000 r  clk (IN)
                         net (fo=70, unset)           0.924    10.924    u_q/clk
    SLICE_X26Y73         FDCE                                         r  u_q/v_reg[29]/C
                         clock pessimism              0.000    10.924    
                         clock uncertainty           -0.035    10.889    
    SLICE_X26Y73         FDCE (Setup_fdce_C_D)        0.109    10.998    u_q/v_reg[29]
  -------------------------------------------------------------------
                         required time                         10.998    
                         arrival time                          -4.441    
  -------------------------------------------------------------------
                         slack                                  6.557    





Min Delay Paths
--------------------------------------------------------------------------------------
Slack (MET) :             0.168ns  (arrival time - required time)
  Source:                 u_duc/in_valid_d1_reg/C
                            (rising edge-triggered cell FDCE clocked by clk  {rise@0.000ns fall@5.000ns period=10.000ns})
  Destination:            u_duc/ph_reg[1]/D
                            (rising edge-triggered cell FDCE clocked by clk  {rise@0.000ns fall@5.000ns period=10.000ns})
  Path Group:             clk
  Path Type:              Hold (Min at Fast Process Corner)
  Requirement:            0.000ns  (clk rise@0.000ns - clk rise@0.000ns)
  Data Path Delay:        0.297ns  (logic 0.189ns (63.687%)  route 0.108ns (36.313%))
  Logic Levels:           1  (LUT3=1)
  Clock Path Skew:        0.022ns (DCD - SCD - CPR)
    Destination Clock Delay (DCD):    0.432ns
    Source Clock Delay      (SCD):    0.410ns
    Clock Pessimism Removal (CPR):    -0.000ns

    Location             Delay type                Incr(ns)  Path(ns)    Netlist Resource(s)
  -------------------------------------------------------------------    -------------------
                         (clock clk rise edge)        0.000     0.000 r  
                                                      0.000     0.000 r  clk (IN)
                         net (fo=70, unset)           0.410     0.410    u_duc/clk
    SLICE_X29Y71         FDCE                                         r  u_duc/in_valid_d1_reg/C
  -------------------------------------------------------------------    -------------------
    SLICE_X29Y71         FDCE (Prop_fdce_C_Q)         0.141     0.551 r  u_duc/in_valid_d1_reg/Q
                         net (fo=4, routed)           0.108     0.659    u_duc/in_valid_d1
    SLICE_X28Y71         LUT3 (Prop_lut3_I1_O)        0.048     0.707 r  u_duc/ph[1]_i_1/O
                         net (fo=1, routed)           0.000     0.707    u_duc/ph[1]_i_1_n_0
    SLICE_X28Y71         FDCE                                         r  u_duc/ph_reg[1]/D
  -------------------------------------------------------------------    -------------------

                         (clock clk rise edge)        0.000     0.000 r  
                                                      0.000     0.000 r  clk (IN)
                         net (fo=70, unset)           0.432     0.432    u_duc/clk
    SLICE_X28Y71         FDCE                                         r  u_duc/ph_reg[1]/C
                         clock pessimism              0.000     0.432    
    SLICE_X28Y71         FDCE (Hold_fdce_C_D)         0.107     0.539    u_duc/ph_reg[1]
  -------------------------------------------------------------------
                         required time                         -0.539    
                         arrival time                           0.707    
  -------------------------------------------------------------------
                         slack                                  0.168    





Pulse Width Checks
--------------------------------------------------------------------------------------
Clock Name:         clk
Waveform(ns):       { 0.000 5.000 }
Period(ns):         10.000
Sources:            { clk }

Check Type        Corner  Lib Pin  Reference Pin  Required(ns)  Actual(ns)  Slack(ns)  Location      Pin
Min Period        n/a     FDCE/C   n/a            1.000         10.000      9.000      SLICE_X29Y71  u_duc/in_valid_d1_reg/C
Low Pulse Width   Slow    FDCE/C   n/a            0.500         5.000       4.500      SLICE_X29Y71  u_duc/in_valid_d1_reg/C
High Pulse Width  Slow    FDCE/C   n/a            0.500         5.000       4.500      SLICE_X29Y71  u_duc/in_valid_d1_reg/C



