Copyright 1986-2022 Xilinx, Inc. All Rights Reserved. Copyright 2022-2024 Advanced Micro Devices, Inc. All Rights Reserved.
--------------------------------------------------------------------------------------------------------------------------------------------------
| Tool Version      : Vivado v.2024.1 (win64) Build 5076996 Wed May 22 18:37:14 MDT 2024
| Date              : Wed Sep 16 17:30:14 2026
| Host              : LAPTOP-KNBVGAN8 running 64-bit major release  (build 9200)
| Command           : report_timing_summary -file E:/workspace/chip/dsm_ip/syn/out/tid32_thermo3_frontend_tx_20260916_160624/timing_summary.rpt
| Design            : tid32_thermo3_frontend_tx_ooc
| Device            : xczu15eg-ffvb1156
| Speed File        : -2  PRODUCTION 1.30 05-15-2022
| Design State      : Routed
| Temperature Grade : I
--------------------------------------------------------------------------------------------------------------------------------------------------

Timing Summary Report

------------------------------------------------------------------------------------------------
| Timer Settings
| --------------
------------------------------------------------------------------------------------------------

  Enable Multi Corner Analysis               :  Yes
  Enable Pessimism Removal                   :  Yes
  Pessimism Removal Resolution               :  Nearest Common Node
  Enable Input Delay Default Clock           :  No
  Enable Preset / Clear Arcs                 :  No
  Disable Flight Delays                      :  No
  Ignore I/O Paths                           :  No
  Timing Early Launch at Borrowing Latches   :  No
  Borrow Time for Max Delay Exceptions       :  Yes
  Merge Timing Exceptions                    :  Yes
  Inter-SLR Compensation                     :  Conservative

  Corner  Analyze    Analyze    
  Name    Max Paths  Min Paths  
  ------  ---------  ---------  
  Slow    Yes        Yes        
  Fast    Yes        Yes        


------------------------------------------------------------------------------------------------
| Report Methodology
| ------------------
------------------------------------------------------------------------------------------------

No report available as report_methodology has not been run prior. Run report_methodology on the current design for the summary of methodology violations.



check_timing report

Table of Contents
-----------------
1. checking no_clock (0)
2. checking constant_clock (0)
3. checking pulse_width_clock (0)
4. checking unconstrained_internal_endpoints (0)
5. checking no_input_delay (645)
6. checking no_output_delay (130)
7. checking multiple_clock (0)
8. checking generated_clocks (0)
9. checking loops (0)
10. checking partial_input_delay (0)
11. checking partial_output_delay (0)
12. checking latch_loops (0)

1. checking no_clock (0)
------------------------
 There are 0 register/latch pins with no clock.


2. checking constant_clock (0)
------------------------------
 There are 0 register/latch pins with constant_clock.


3. checking pulse_width_clock (0)
---------------------------------
 There are 0 register/latch pins which need pulse_width check


4. checking unconstrained_internal_endpoints (0)
------------------------------------------------
 There are 0 pins that are not constrained for maximum delay.

 There are 0 pins that are not constrained for maximum delay due to constant clock.


5. checking no_input_delay (645)
--------------------------------
 There are 644 input ports with no input delay specified. (HIGH)

 There is 1 input port with no input delay but user has a false path constraint. (MEDIUM)


6. checking no_output_delay (130)
---------------------------------
 There are 130 ports with no output delay specified. (HIGH)

 There are 0 ports with no output delay but user has a false path constraint

 There are 0 ports with no output delay but with a timing clock defined on it or propagating through it


7. checking multiple_clock (0)
------------------------------
 There are 0 register/latch pins with multiple clocks.


8. checking generated_clocks (0)
--------------------------------
 There are 0 generated clocks that are not connected to a clock source.


9. checking loops (0)
---------------------
 There are 0 combinational loops in the design.


10. checking partial_input_delay (0)
------------------------------------
 There are 0 input ports with partial input delay specified.


11. checking partial_output_delay (0)
-------------------------------------
 There are 0 ports with partial output delay specified.


12. checking latch_loops (0)
----------------------------
 There are 0 combinational latch loops in the design through latch input



------------------------------------------------------------------------------------------------
| Design Timing Summary
| ---------------------
------------------------------------------------------------------------------------------------

    WNS(ns)      TNS(ns)  TNS Failing Endpoints  TNS Total Endpoints      WHS(ns)      THS(ns)  THS Failing Endpoints  THS Total Endpoints     WPWS(ns)     TPWS(ns)  TPWS Failing Endpoints  TPWS Total Endpoints  
    -------      -------  ---------------------  -------------------      -------      -------  ---------------------  -------------------     --------     --------  ----------------------  --------------------  
     -0.864     -523.845                    768               193350        0.009        0.000                      0               193350        1.753        0.000                       0                 85773  


Timing constraints are not met.


------------------------------------------------------------------------------------------------
| Clock Summary
| -------------
------------------------------------------------------------------------------------------------

Clock  Waveform(ns)         Period(ns)      Frequency(MHz)
-----  ------------         ----------      --------------
clk    {0.000 2.286}        4.571           218.771         


------------------------------------------------------------------------------------------------
| Intra Clock Table
| -----------------
------------------------------------------------------------------------------------------------

Clock             WNS(ns)      TNS(ns)  TNS Failing Endpoints  TNS Total Endpoints      WHS(ns)      THS(ns)  THS Failing Endpoints  THS Total Endpoints     WPWS(ns)     TPWS(ns)  TPWS Failing Endpoints  TPWS Total Endpoints  
-----             -------      -------  ---------------------  -------------------      -------      -------  ---------------------  -------------------     --------     --------  ----------------------  --------------------  
clk                -0.864     -523.845                    768               193350        0.009        0.000                      0               193350        1.753        0.000                       0                 85773  


------------------------------------------------------------------------------------------------
| Inter Clock Table
| -----------------
------------------------------------------------------------------------------------------------

From Clock    To Clock          WNS(ns)      TNS(ns)  TNS Failing Endpoints  TNS Total Endpoints      WHS(ns)      THS(ns)  THS Failing Endpoints  THS Total Endpoints  
----------    --------          -------      -------  ---------------------  -------------------      -------      -------  ---------------------  -------------------  


------------------------------------------------------------------------------------------------
| Other Path Groups Table
| -----------------------
------------------------------------------------------------------------------------------------

Path Group    From Clock    To Clock          WNS(ns)      TNS(ns)  TNS Failing Endpoints  TNS Total Endpoints      WHS(ns)      THS(ns)  THS Failing Endpoints  THS Total Endpoints  
----------    ----------    --------          -------      -------  ---------------------  -------------------      -------      -------  ---------------------  -------------------  


------------------------------------------------------------------------------------------------
| Timing Details
| --------------
------------------------------------------------------------------------------------------------


---------------------------------------------------------------------------------------------------
From Clock:  clk
  To Clock:  clk

Setup :          768  Failing Endpoints,  Worst Slack       -0.864ns,  Total Violation     -523.845ns
Hold  :            0  Failing Endpoints,  Worst Slack        0.009ns,  Total Violation        0.000ns
PW    :            0  Failing Endpoints,  Worst Slack        1.753ns,  Total Violation        0.000ns
---------------------------------------------------------------------------------------------------


Max Delay Paths
--------------------------------------------------------------------------------------
Slack (VIOLATED) :        -0.864ns  (required time - arrival time)
  Source:                 u_dut/u_interp_1/p_interp.(null)[0].value__11/DSP_A_B_DATA_INST/CLK
                            (rising edge-triggered cell DSP_A_B_DATA clocked by clk  {rise@0.000ns fall@2.286ns period=4.571ns})
  Destination:            u_dut/u_interp_1/out_i_vec_reg[158]/D
                            (rising edge-triggered cell FDRE clocked by clk  {rise@0.000ns fall@2.286ns period=4.571ns})
  Path Group:             clk
  Path Type:              Setup (Max at Slow Process Corner)
  Requirement:            4.571ns  (clk rise@4.571ns - clk rise@0.000ns)
  Data Path Delay:        5.385ns  (logic 3.904ns (72.494%)  route 1.481ns (27.506%))
  Logic Levels:           19  (CARRY8=6 DSP_ALU=3 DSP_M_DATA=1 DSP_MULTIPLIER=1 DSP_OUTPUT=3 DSP_PREADD_DATA=1 LUT1=2 LUT5=2)
  Clock Path Skew:        -0.039ns (DCD - SCD + CPR)
    Destination Clock Delay (DCD):    0.021ns = ( 4.592 - 4.571 ) 
    Source Clock Delay      (SCD):    0.060ns
    Clock Pessimism Removal (CPR):    0.000ns
  Clock Uncertainty:      0.035ns  ((TSJ^2 + TIJ^2)^1/2 + DJ) / 2 + PE
    Total System Jitter     (TSJ):    0.071ns
    Total Input Jitter      (TIJ):    0.000ns
    Discrete Jitter          (DJ):    0.000ns
    Phase Error              (PE):    0.000ns

    Location             Delay type                Incr(ns)  Path(ns)    Netlist Resource(s)
  -------------------------------------------------------------------    -------------------
                         (clock clk rise edge)        0.000     0.000 r  
                                                      0.000     0.000 r  clk (IN)
                         net (fo=96236, unset)        0.060     0.060    u_dut/u_interp_1/p_interp.(null)[0].value__11/CLK
    DSP48E2_X15Y116      DSP_A_B_DATA                                 r  u_dut/u_interp_1/p_interp.(null)[0].value__11/DSP_A_B_DATA_INST/CLK
  -------------------------------------------------------------------    -------------------
    DSP48E2_X15Y116      DSP_A_B_DATA (Prop_DSP_A_B_DATA_DSP48E2_CLK_A2_DATA[26])
                                                      0.234     0.294 r  u_dut/u_interp_1/p_interp.(null)[0].value__11/DSP_A_B_DATA_INST/A2_DATA[26]
                         net (fo=1, routed)           0.000     0.294    u_dut/u_interp_1/p_interp.(null)[0].value__11/DSP_A_B_DATA.A2_DATA<26>
    DSP48E2_X15Y116      DSP_PREADD_DATA (Prop_DSP_PREADD_DATA_DSP48E2_A2_DATA[26]_A2A1[26])
                                                      0.076     0.370 r  u_dut/u_interp_1/p_interp.(null)[0].value__11/DSP_PREADD_DATA_INST/A2A1[26]
                         net (fo=1, routed)           0.000     0.370    u_dut/u_interp_1/p_interp.(null)[0].value__11/DSP_PREADD_DATA.A2A1<26>
    DSP48E2_X15Y116      DSP_MULTIPLIER (Prop_DSP_MULTIPLIER_DSP48E2_A2A1[26]_U[43])
                                                      0.505     0.875 f  u_dut/u_interp_1/p_interp.(null)[0].value__11/DSP_MULTIPLIER_INST/U[43]
                         net (fo=1, routed)           0.000     0.875    u_dut/u_interp_1/p_interp.(null)[0].value__11/DSP_MULTIPLIER.U<43>
    DSP48E2_X15Y116      DSP_M_DATA (Prop_DSP_M_DATA_DSP48E2_U[43]_U_DATA[43])
                                                      0.047     0.922 r  u_dut/u_interp_1/p_interp.(null)[0].value__11/DSP_M_DATA_INST/U_DATA[43]
                         net (fo=1, routed)           0.000     0.922    u_dut/u_interp_1/p_interp.(null)[0].value__11/DSP_M_DATA.U_DATA<43>
    DSP48E2_X15Y116      DSP_ALU (Prop_DSP_ALU_DSP48E2_U_DATA[43]_ALU_OUT[47])
                                                      0.585     1.507 f  u_dut/u_interp_1/p_interp.(null)[0].value__11/DSP_ALU_INST/ALU_OUT[47]
                         net (fo=1, routed)           0.000     1.507    u_dut/u_interp_1/p_interp.(null)[0].value__11/DSP_ALU.ALU_OUT<47>
    DSP48E2_X15Y116      DSP_OUTPUT (Prop_DSP_OUTPUT_DSP48E2_ALU_OUT[47]_PCOUT[47])
                                                      0.122     1.629 r  u_dut/u_interp_1/p_interp.(null)[0].value__11/DSP_OUTPUT_INST/PCOUT[47]
                         net (fo=1, routed)           0.014     1.643    u_dut/u_interp_1/p_interp.(null)[0].value__12/PCIN[47]
    DSP48E2_X15Y117      DSP_ALU (Prop_DSP_ALU_DSP48E2_PCIN[47]_ALU_OUT[47])
                                                      0.546     2.189 f  u_dut/u_interp_1/p_interp.(null)[0].value__12/DSP_ALU_INST/ALU_OUT[47]
                         net (fo=1, routed)           0.000     2.189    u_dut/u_interp_1/p_interp.(null)[0].value__12/DSP_ALU.ALU_OUT<47>
    DSP48E2_X15Y117      DSP_OUTPUT (Prop_DSP_OUTPUT_DSP48E2_ALU_OUT[47]_PCOUT[47])
                                                      0.122     2.311 r  u_dut/u_interp_1/p_interp.(null)[0].value__12/DSP_OUTPUT_INST/PCOUT[47]
                         net (fo=1, routed)           0.038     2.349    u_dut/u_interp_1/p_interp.(null)[0].value__13/PCIN[47]
    DSP48E2_X15Y118      DSP_ALU (Prop_DSP_ALU_DSP48E2_PCIN[47]_ALU_OUT[0])
                                                      0.546     2.895 r  u_dut/u_interp_1/p_interp.(null)[0].value__13/DSP_ALU_INST/ALU_OUT[0]
                         net (fo=1, routed)           0.000     2.895    u_dut/u_interp_1/p_interp.(null)[0].value__13/DSP_ALU.ALU_OUT<0>
    DSP48E2_X15Y118      DSP_OUTPUT (Prop_DSP_OUTPUT_DSP48E2_ALU_OUT[0]_P[0])
                                                      0.109     3.004 f  u_dut/u_interp_1/p_interp.(null)[0].value__13/DSP_OUTPUT_INST/P[0]
                         net (fo=1, routed)           0.201     3.205    u_dut/u_interp_1/p_interp.(null)[0].value__13_n_105
    SLICE_X75Y293        LUT1 (Prop_H6LUT_SLICEL_I0_O)
                                                      0.036     3.241 r  u_dut/u_interp_1/out_i_vec[144]_i_12/O
                         net (fo=1, routed)           0.127     3.368    u_dut/u_interp_1/out_i_vec[144]_i_12_n_0
    SLICE_X76Y294        CARRY8 (Prop_CARRY8_SLICEM_CI_CO[7])
                                                      0.153     3.521 r  u_dut/u_interp_1/out_i_vec_reg[144]_i_3/CO[7]
                         net (fo=1, routed)           0.026     3.547    u_dut/u_interp_1/out_i_vec_reg[144]_i_3_n_0
    SLICE_X76Y295        CARRY8 (Prop_CARRY8_SLICEM_CI_O[5])
                                                      0.116     3.663 f  u_dut/u_interp_1/out_i_vec_reg[144]_i_2/O[5]
                         net (fo=2, routed)           0.186     3.849    u_dut/u_interp_1/out_i_vec_reg[144]_i_2_n_10
    SLICE_X75Y293        LUT1 (Prop_G6LUT_SLICEL_I0_O)
                                                      0.035     3.884 r  u_dut/u_interp_1/out_i_vec[152]_i_3/O
                         net (fo=1, routed)           0.226     4.110    u_dut/u_interp_1/out_i_vec[152]_i_3_n_0
    SLICE_X75Y294        CARRY8 (Prop_CARRY8_SLICEL_CI_CO[7])
                                                      0.151     4.261 r  u_dut/u_interp_1/out_i_vec_reg[152]_i_2/CO[7]
                         net (fo=1, routed)           0.026     4.287    u_dut/u_interp_1/out_i_vec_reg[152]_i_2_n_0
    SLICE_X75Y295        CARRY8 (Prop_CARRY8_SLICEL_CI_O[6])
                                                      0.103     4.390 f  u_dut/u_interp_1/out_i_vec_reg[159]_i_2/O[6]
                         net (fo=5, routed)           0.277     4.667    u_dut/u_interp_1/out_i_vec_reg[159]_i_2_n_9
    SLICE_X74Y298        LUT5 (Prop_A6LUT_SLICEL_I0_O)
                                                      0.098     4.765 r  u_dut/u_interp_1/out_i_vec[159]_i_49/O
                         net (fo=1, routed)           0.009     4.774    u_dut/u_interp_1/out_i_vec[159]_i_49_n_0
    SLICE_X74Y298        CARRY8 (Prop_CARRY8_SLICEL_S[0]_CO[7])
                                                      0.190     4.964 r  u_dut/u_interp_1/out_i_vec_reg[159]_i_18/CO[7]
                         net (fo=1, routed)           0.026     4.990    u_dut/u_interp_1/out_i_vec_reg[159]_i_18_n_0
    SLICE_X74Y299        CARRY8 (Prop_CARRY8_SLICEL_CI_CO[1])
                                                      0.042     5.032 r  u_dut/u_interp_1/out_i_vec_reg[159]_i_5/CO[1]
                         net (fo=16, routed)          0.253     5.285    u_dut/u_interp_1/round_sat118_in
    SLICE_X76Y299        LUT5 (Prop_D6LUT_SLICEM_I0_O)
                                                      0.088     5.373 r  u_dut/u_interp_1/out_i_vec[158]_i_1/O
                         net (fo=1, routed)           0.072     5.445    u_dut/u_interp_1/p_23_out[158]
    SLICE_X76Y299        FDRE                                         r  u_dut/u_interp_1/out_i_vec_reg[158]/D
  -------------------------------------------------------------------    -------------------

                         (clock clk rise edge)        4.571     4.571 r  
                                                      0.000     4.571 r  clk (IN)
                         net (fo=96236, unset)        0.021     4.592    u_dut/u_interp_1/clk
    SLICE_X76Y299        FDRE                                         r  u_dut/u_interp_1/out_i_vec_reg[158]/C
                         clock pessimism              0.000     4.592    
                         clock uncertainty           -0.035     4.557    
    SLICE_X76Y299        FDRE (Setup_DFF_SLICEM_C_D)
                                                      0.025     4.582    u_dut/u_interp_1/out_i_vec_reg[158]
  -------------------------------------------------------------------
                         required time                          4.582    
                         arrival time                          -5.445    
  -------------------------------------------------------------------
                         slack                                 -0.864    





Min Delay Paths
--------------------------------------------------------------------------------------
Slack (MET) :             0.009ns  (arrival time - required time)
  Source:                 u_dut/u_tid/u_m/a_q_reg[0][0][12]/C
                            (rising edge-triggered cell FDCE clocked by clk  {rise@0.000ns fall@2.286ns period=4.571ns})
  Destination:            u_dut/u_tid/u_m/a_q_reg[0][29][12]_srl29_a_q_reg_c_216/D
                            (rising edge-triggered cell SRLC32E clocked by clk  {rise@0.000ns fall@2.286ns period=4.571ns})
  Path Group:             clk
  Path Type:              Hold (Min at Fast Process Corner)
  Requirement:            0.000ns  (clk rise@0.000ns - clk rise@0.000ns)
  Data Path Delay:        0.097ns  (logic 0.039ns (40.338%)  route 0.058ns (59.662%))
  Logic Levels:           0  
  Clock Path Skew:        0.026ns (DCD - SCD - CPR)
    Destination Clock Delay (DCD):    0.039ns
    Source Clock Delay      (SCD):    0.013ns
    Clock Pessimism Removal (CPR):    -0.000ns

    Location             Delay type                Incr(ns)  Path(ns)    Netlist Resource(s)
  -------------------------------------------------------------------    -------------------
                         (clock clk rise edge)        0.000     0.000 r  
                                                      0.000     0.000 r  clk (IN)
                         net (fo=96236, unset)        0.013     0.013    u_dut/u_tid/u_m/clk
    SLICE_X97Y253        FDCE                                         r  u_dut/u_tid/u_m/a_q_reg[0][0][12]/C
  -------------------------------------------------------------------    -------------------
    SLICE_X97Y253        FDCE (Prop_DFF_SLICEM_C_Q)
                                                      0.039     0.052 r  u_dut/u_tid/u_m/a_q_reg[0][0][12]/Q
                         net (fo=3, routed)           0.058     0.110    u_dut/u_tid/u_m/a_q_reg[0][0][12]
    SLICE_X97Y252        SRLC32E                                      r  u_dut/u_tid/u_m/a_q_reg[0][29][12]_srl29_a_q_reg_c_216/D
  -------------------------------------------------------------------    -------------------

                         (clock clk rise edge)        0.000     0.000 r  
                                                      0.000     0.000 r  clk (IN)
                         net (fo=96236, unset)        0.039     0.039    u_dut/u_tid/u_m/clk
    SLICE_X97Y252        SRLC32E                                      r  u_dut/u_tid/u_m/a_q_reg[0][29][12]_srl29_a_q_reg_c_216/CLK
                         clock pessimism              0.000     0.039    
    SLICE_X97Y252        SRLC32E (Hold_H6LUT_SLICEM_CLK_D)
                                                      0.062     0.101    u_dut/u_tid/u_m/a_q_reg[0][29][12]_srl29_a_q_reg_c_216
  -------------------------------------------------------------------
                         required time                         -0.101    
                         arrival time                           0.110    
  -------------------------------------------------------------------
                         slack                                  0.009    





Pulse Width Checks
--------------------------------------------------------------------------------------
Clock Name:         clk
Waveform(ns):       { 0.000 2.286 }
Period(ns):         4.571
Sources:            { clk }

Check Type        Corner  Lib Pin     Reference Pin  Required(ns)  Actual(ns)  Slack(ns)  Location       Pin
Min Period        n/a     SRL16E/CLK  n/a            1.064         4.571       3.507      SLICE_X46Y247  u_dut/u_memory_dpd/g_lane[0].u_dpd/c1_im_s3_reg[0][0]_srl3/CLK
Low Pulse Width   Slow    SRL16E/CLK  n/a            0.532         2.285       1.753      SLICE_X46Y247  u_dut/u_memory_dpd/g_lane[0].u_dpd/c1_im_s3_reg[0][0]_srl3/CLK
High Pulse Width  Slow    SRL16E/CLK  n/a            0.532         2.286       1.754      SLICE_X46Y247  u_dut/u_memory_dpd/g_lane[0].u_dpd/c1_im_s3_reg[0][0]_srl3/CLK



