Copyright 1986-2022 Xilinx, Inc. All Rights Reserved. Copyright 2022-2024 Advanced Micro Devices, Inc. All Rights Reserved.
---------------------------------------------------------------------------------------------------------------------------------------------------------------
| Tool Version      : Vivado v.2024.1 (win64) Build 5076996 Wed May 22 18:37:14 MDT 2024
| Date              : Thu Jul  2 22:01:00 2026
| Host              : LAPTOP-KNBVGAN8 running 64-bit major release  (build 9200)
| Command           : report_timing_summary -file E:/workspace/chip/dsm_ip/syn/reports/ooc_xczu48dr_ffvg1517_2_e_20260702_215711/p0_ooc_lp1/timing_summary.rpt
| Design            : p0_ooc_lp1
| Device            : xczu48dr-ffvg1517
| Speed File        : -2  PRODUCTION 1.32 01-31-2021
| Design State      : Routed
| Temperature Grade : E
---------------------------------------------------------------------------------------------------------------------------------------------------------------

Timing Summary Report

------------------------------------------------------------------------------------------------
| Timer Settings
| --------------
------------------------------------------------------------------------------------------------

  Enable Multi Corner Analysis               :  Yes
  Enable Pessimism Removal                   :  Yes
  Pessimism Removal Resolution               :  Nearest Common Node
  Enable Input Delay Default Clock           :  No
  Enable Preset / Clear Arcs                 :  No
  Disable Flight Delays                      :  No
  Ignore I/O Paths                           :  No
  Timing Early Launch at Borrowing Latches   :  No
  Borrow Time for Max Delay Exceptions       :  Yes
  Merge Timing Exceptions                    :  Yes
  Inter-SLR Compensation                     :  Conservative

  Corner  Analyze    Analyze    
  Name    Max Paths  Min Paths  
  ------  ---------  ---------  
  Slow    Yes        Yes        
  Fast    Yes        Yes        


------------------------------------------------------------------------------------------------
| Report Methodology
| ------------------
------------------------------------------------------------------------------------------------

No report available as report_methodology has not been run prior. Run report_methodology on the current design for the summary of methodology violations.



check_timing report

Table of Contents
-----------------
1. checking no_clock (0)
2. checking constant_clock (0)
3. checking pulse_width_clock (0)
4. checking unconstrained_internal_endpoints (0)
5. checking no_input_delay (34)
6. checking no_output_delay (2)
7. checking multiple_clock (0)
8. checking generated_clocks (0)
9. checking loops (0)
10. checking partial_input_delay (0)
11. checking partial_output_delay (0)
12. checking latch_loops (0)

1. checking no_clock (0)
------------------------
 There are 0 register/latch pins with no clock.


2. checking constant_clock (0)
------------------------------
 There are 0 register/latch pins with constant_clock.


3. checking pulse_width_clock (0)
---------------------------------
 There are 0 register/latch pins which need pulse_width check


4. checking unconstrained_internal_endpoints (0)
------------------------------------------------
 There are 0 pins that are not constrained for maximum delay.

 There are 0 pins that are not constrained for maximum delay due to constant clock.


5. checking no_input_delay (34)
-------------------------------
 There are 0 input ports with no input delay specified.

 There are 34 input ports with no input delay but user has a false path constraint. (MEDIUM)


6. checking no_output_delay (2)
-------------------------------
 There are 0 ports with no output delay specified.

 There are 2 ports with no output delay but user has a false path constraint (MEDIUM)

 There are 0 ports with no output delay but with a timing clock defined on it or propagating through it


7. checking multiple_clock (0)
------------------------------
 There are 0 register/latch pins with multiple clocks.


8. checking generated_clocks (0)
--------------------------------
 There are 0 generated clocks that are not connected to a clock source.


9. checking loops (0)
---------------------
 There are 0 combinational loops in the design.


10. checking partial_input_delay (0)
------------------------------------
 There are 0 input ports with partial input delay specified.


11. checking partial_output_delay (0)
-------------------------------------
 There are 0 ports with partial output delay specified.


12. checking latch_loops (0)
----------------------------
 There are 0 combinational latch loops in the design through latch input



------------------------------------------------------------------------------------------------
| Design Timing Summary
| ---------------------
------------------------------------------------------------------------------------------------

    WNS(ns)      TNS(ns)  TNS Failing Endpoints  TNS Total Endpoints      WHS(ns)      THS(ns)  THS Failing Endpoints  THS Total Endpoints     WPWS(ns)     TPWS(ns)  TPWS Failing Endpoints  TPWS Total Endpoints  
    -------      -------  ---------------------  -------------------      -------      -------  ---------------------  -------------------     --------     --------  ----------------------  --------------------  
      9.072        0.000                      0                   73        0.050        0.000                      0                   73        4.725        0.000                       0                    71  


All user specified timing constraints are met.


------------------------------------------------------------------------------------------------
| Clock Summary
| -------------
------------------------------------------------------------------------------------------------

Clock  Waveform(ns)       Period(ns)      Frequency(MHz)
-----  ------------       ----------      --------------
clk    {0.000 5.000}      10.000          100.000         


------------------------------------------------------------------------------------------------
| Intra Clock Table
| -----------------
------------------------------------------------------------------------------------------------

Clock             WNS(ns)      TNS(ns)  TNS Failing Endpoints  TNS Total Endpoints      WHS(ns)      THS(ns)  THS Failing Endpoints  THS Total Endpoints     WPWS(ns)     TPWS(ns)  TPWS Failing Endpoints  TPWS Total Endpoints  
-----             -------      -------  ---------------------  -------------------      -------      -------  ---------------------  -------------------     --------     --------  ----------------------  --------------------  
clk                 9.072        0.000                      0                   73        0.050        0.000                      0                   73        4.725        0.000                       0                    71  


------------------------------------------------------------------------------------------------
| Inter Clock Table
| -----------------
------------------------------------------------------------------------------------------------

From Clock    To Clock          WNS(ns)      TNS(ns)  TNS Failing Endpoints  TNS Total Endpoints      WHS(ns)      THS(ns)  THS Failing Endpoints  THS Total Endpoints  
----------    --------          -------      -------  ---------------------  -------------------      -------      -------  ---------------------  -------------------  


------------------------------------------------------------------------------------------------
| Other Path Groups Table
| -----------------------
------------------------------------------------------------------------------------------------

Path Group    From Clock    To Clock          WNS(ns)      TNS(ns)  TNS Failing Endpoints  TNS Total Endpoints      WHS(ns)      THS(ns)  THS Failing Endpoints  THS Total Endpoints  
----------    ----------    --------          -------      -------  ---------------------  -------------------      -------      -------  ---------------------  -------------------  


------------------------------------------------------------------------------------------------
| Timing Details
| --------------
------------------------------------------------------------------------------------------------


---------------------------------------------------------------------------------------------------
From Clock:  clk
  To Clock:  clk

Setup :            0  Failing Endpoints,  Worst Slack        9.072ns,  Total Violation        0.000ns
Hold  :            0  Failing Endpoints,  Worst Slack        0.050ns,  Total Violation        0.000ns
PW    :            0  Failing Endpoints,  Worst Slack        4.725ns,  Total Violation        0.000ns
---------------------------------------------------------------------------------------------------


Max Delay Paths
--------------------------------------------------------------------------------------
Slack (MET) :             9.072ns  (required time - arrival time)
  Source:                 u_q/v_reg[6]/C
                            (rising edge-triggered cell FDCE clocked by clk  {rise@0.000ns fall@5.000ns period=10.000ns})
  Destination:            u_q/v_reg[31]/D
                            (rising edge-triggered cell FDCE clocked by clk  {rise@0.000ns fall@5.000ns period=10.000ns})
  Path Group:             clk
  Path Type:              Setup (Max at Slow Process Corner)
  Requirement:            10.000ns  (clk rise@10.000ns - clk rise@0.000ns)
  Data Path Delay:        0.909ns  (logic 0.463ns (50.940%)  route 0.446ns (49.060%))
  Logic Levels:           5  (CARRY8=4 LUT4=1)
  Clock Path Skew:        -0.009ns (DCD - SCD + CPR)
    Destination Clock Delay (DCD):    0.020ns = ( 10.020 - 10.000 ) 
    Source Clock Delay      (SCD):    0.029ns
    Clock Pessimism Removal (CPR):    0.000ns
  Clock Uncertainty:      0.035ns  ((TSJ^2 + TIJ^2)^1/2 + DJ) / 2 + PE
    Total System Jitter     (TSJ):    0.071ns
    Total Input Jitter      (TIJ):    0.000ns
    Discrete Jitter          (DJ):    0.000ns
    Phase Error              (PE):    0.000ns

    Location             Delay type                Incr(ns)  Path(ns)    Netlist Resource(s)
  -------------------------------------------------------------------    -------------------
                         (clock clk rise edge)        0.000     0.000 r  
                                                      0.000     0.000 r  clk (IN)
                         net (fo=70, unset)           0.029     0.029    u_q/clk
    SLICE_X101Y186       FDCE                                         r  u_q/v_reg[6]/C
  -------------------------------------------------------------------    -------------------
    SLICE_X101Y186       FDCE (Prop_GFF_SLICEL_C_Q)
                                                      0.079     0.108 r  u_q/v_reg[6]/Q
                         net (fo=3, routed)           0.334     0.442    u_q/v_reg_n_0_[6]
    SLICE_X101Y186       LUT4 (Prop_G6LUT_SLICEL_I2_O)
                                                      0.123     0.565 r  u_q/v0__1_carry_i_10/O
                         net (fo=1, routed)           0.008     0.573    u_q/v0__1_carry_i_10_n_0
    SLICE_X101Y186       CARRY8 (Prop_CARRY8_SLICEL_S[6]_CO[7])
                                                      0.115     0.688 r  u_q/v0__1_carry/CO[7]
                         net (fo=1, routed)           0.026     0.714    u_q/v0__1_carry_n_0
    SLICE_X101Y187       CARRY8 (Prop_CARRY8_SLICEL_CI_CO[7])
                                                      0.015     0.729 r  u_q/v0__1_carry__0/CO[7]
                         net (fo=1, routed)           0.026     0.755    u_q/v0__1_carry__0_n_0
    SLICE_X101Y188       CARRY8 (Prop_CARRY8_SLICEL_CI_CO[7])
                                                      0.015     0.770 r  u_q/v0__1_carry__1/CO[7]
                         net (fo=1, routed)           0.026     0.796    u_q/v0__1_carry__1_n_0
    SLICE_X101Y189       CARRY8 (Prop_CARRY8_SLICEL_CI_O[7])
                                                      0.116     0.912 r  u_q/v0__1_carry__2/O[7]
                         net (fo=1, routed)           0.026     0.938    u_q/v0__1_carry__2_n_8
    SLICE_X101Y189       FDCE                                         r  u_q/v_reg[31]/D
  -------------------------------------------------------------------    -------------------

                         (clock clk rise edge)       10.000    10.000 r  
                                                      0.000    10.000 r  clk (IN)
                         net (fo=70, unset)           0.020    10.020    u_q/clk
    SLICE_X101Y189       FDCE                                         r  u_q/v_reg[31]/C
                         clock pessimism              0.000    10.020    
                         clock uncertainty           -0.035     9.985    
    SLICE_X101Y189       FDCE (Setup_HFF_SLICEL_C_D)
                                                      0.025    10.010    u_q/v_reg[31]
  -------------------------------------------------------------------
                         required time                         10.010    
                         arrival time                          -0.938    
  -------------------------------------------------------------------
                         slack                                  9.072    





Min Delay Paths
--------------------------------------------------------------------------------------
Slack (MET) :             0.050ns  (arrival time - required time)
  Source:                 u_duc/ph_reg[0]/C
                            (rising edge-triggered cell FDCE clocked by clk  {rise@0.000ns fall@5.000ns period=10.000ns})
  Destination:            u_duc/ph_reg[1]/D
                            (rising edge-triggered cell FDCE clocked by clk  {rise@0.000ns fall@5.000ns period=10.000ns})
  Path Group:             clk
  Path Type:              Hold (Min at Fast Process Corner)
  Requirement:            0.000ns  (clk rise@0.000ns - clk rise@0.000ns)
  Data Path Delay:        0.103ns  (logic 0.072ns (70.006%)  route 0.031ns (29.994%))
  Logic Levels:           1  (LUT2=1)
  Clock Path Skew:        0.006ns (DCD - SCD - CPR)
    Destination Clock Delay (DCD):    0.018ns
    Source Clock Delay      (SCD):    0.012ns
    Clock Pessimism Removal (CPR):    -0.000ns

    Location             Delay type                Incr(ns)  Path(ns)    Netlist Resource(s)
  -------------------------------------------------------------------    -------------------
                         (clock clk rise edge)        0.000     0.000 r  
                                                      0.000     0.000 r  clk (IN)
                         net (fo=70, unset)           0.012     0.012    u_duc/clk
    SLICE_X100Y189       FDCE                                         r  u_duc/ph_reg[0]/C
  -------------------------------------------------------------------    -------------------
    SLICE_X100Y189       FDCE (Prop_DFF_SLICEL_C_Q)
                                                      0.039     0.051 r  u_duc/ph_reg[0]/Q
                         net (fo=3, routed)           0.025     0.076    u_duc/ph[0]
    SLICE_X100Y189       LUT2 (Prop_D5LUT_SLICEL_I0_O)
                                                      0.033     0.109 r  u_duc/ph[1]_i_1/O
                         net (fo=1, routed)           0.006     0.115    u_duc/p_0_in[1]
    SLICE_X100Y189       FDCE                                         r  u_duc/ph_reg[1]/D
  -------------------------------------------------------------------    -------------------

                         (clock clk rise edge)        0.000     0.000 r  
                                                      0.000     0.000 r  clk (IN)
                         net (fo=70, unset)           0.018     0.018    u_duc/clk
    SLICE_X100Y189       FDCE                                         r  u_duc/ph_reg[1]/C
                         clock pessimism              0.000     0.018    
    SLICE_X100Y189       FDCE (Hold_DFF2_SLICEL_C_D)
                                                      0.047     0.065    u_duc/ph_reg[1]
  -------------------------------------------------------------------
                         required time                         -0.065    
                         arrival time                           0.115    
  -------------------------------------------------------------------
                         slack                                  0.050    





Pulse Width Checks
--------------------------------------------------------------------------------------
Clock Name:         clk
Waveform(ns):       { 0.000 5.000 }
Period(ns):         10.000
Sources:            { clk }

Check Type        Corner  Lib Pin  Reference Pin  Required(ns)  Actual(ns)  Slack(ns)  Location        Pin
Min Period        n/a     FDCE/C   n/a            0.550         10.000      9.450      SLICE_X100Y189  u_duc/in_valid_d1_reg/C
Low Pulse Width   Slow    FDCE/C   n/a            0.275         5.000       4.725      SLICE_X100Y189  u_duc/in_valid_d1_reg/C
High Pulse Width  Slow    FDCE/C   n/a            0.275         5.000       4.725      SLICE_X100Y189  u_duc/in_valid_d1_reg/C



