Copyright 1986-2022 Xilinx, Inc. All Rights Reserved. Copyright 2022-2024 Advanced Micro Devices, Inc. All Rights Reserved.
--------------------------------------------------------------------------------------------------------------------------------------------------
| Tool Version      : Vivado v.2024.1 (win64) Build 5076996 Wed May 22 18:37:14 MDT 2024
| Date              : Sun Sep 20 16:33:41 2026
| Host              : LAPTOP-KNBVGAN8 running 64-bit major release  (build 9200)
| Command           : report_timing_summary -file E:/workspace/chip/dsm_ip/syn/out/tid32_thermo3_axis_frontend_20260920_155300/timing_summary.rpt
| Design            : tid32_thermo3_axis_frontend_tx_ooc
| Device            : xczu15eg-ffvb1156
| Speed File        : -2  PRODUCTION 1.30 05-15-2022
| Design State      : Routed
| Temperature Grade : I
--------------------------------------------------------------------------------------------------------------------------------------------------

Timing Summary Report

------------------------------------------------------------------------------------------------
| Timer Settings
| --------------
------------------------------------------------------------------------------------------------

  Enable Multi Corner Analysis               :  Yes
  Enable Pessimism Removal                   :  Yes
  Pessimism Removal Resolution               :  Nearest Common Node
  Enable Input Delay Default Clock           :  No
  Enable Preset / Clear Arcs                 :  No
  Disable Flight Delays                      :  No
  Ignore I/O Paths                           :  No
  Timing Early Launch at Borrowing Latches   :  No
  Borrow Time for Max Delay Exceptions       :  Yes
  Merge Timing Exceptions                    :  Yes
  Inter-SLR Compensation                     :  Conservative

  Corner  Analyze    Analyze    
  Name    Max Paths  Min Paths  
  ------  ---------  ---------  
  Slow    Yes        Yes        
  Fast    Yes        Yes        


------------------------------------------------------------------------------------------------
| Report Methodology
| ------------------
------------------------------------------------------------------------------------------------

No report available as report_methodology has not been run prior. Run report_methodology on the current design for the summary of methodology violations.



check_timing report

Table of Contents
-----------------
1. checking no_clock (0)
2. checking constant_clock (0)
3. checking pulse_width_clock (0)
4. checking unconstrained_internal_endpoints (0)
5. checking no_input_delay (855)
6. checking no_output_delay (134)
7. checking multiple_clock (0)
8. checking generated_clocks (0)
9. checking loops (0)
10. checking partial_input_delay (0)
11. checking partial_output_delay (0)
12. checking latch_loops (0)

1. checking no_clock (0)
------------------------
 There are 0 register/latch pins with no clock.


2. checking constant_clock (0)
------------------------------
 There are 0 register/latch pins with constant_clock.


3. checking pulse_width_clock (0)
---------------------------------
 There are 0 register/latch pins which need pulse_width check


4. checking unconstrained_internal_endpoints (0)
------------------------------------------------
 There are 0 pins that are not constrained for maximum delay.

 There are 0 pins that are not constrained for maximum delay due to constant clock.


5. checking no_input_delay (855)
--------------------------------
 There are 853 input ports with no input delay specified. (HIGH)

 There are 2 input ports with no input delay but user has a false path constraint. (MEDIUM)


6. checking no_output_delay (134)
---------------------------------
 There are 134 ports with no output delay specified. (HIGH)

 There are 0 ports with no output delay but user has a false path constraint

 There are 0 ports with no output delay but with a timing clock defined on it or propagating through it


7. checking multiple_clock (0)
------------------------------
 There are 0 register/latch pins with multiple clocks.


8. checking generated_clocks (0)
--------------------------------
 There are 0 generated clocks that are not connected to a clock source.


9. checking loops (0)
---------------------
 There are 0 combinational loops in the design.


10. checking partial_input_delay (0)
------------------------------------
 There are 0 input ports with partial input delay specified.


11. checking partial_output_delay (0)
-------------------------------------
 There are 0 ports with partial output delay specified.


12. checking latch_loops (0)
----------------------------
 There are 0 combinational latch loops in the design through latch input



------------------------------------------------------------------------------------------------
| Design Timing Summary
| ---------------------
------------------------------------------------------------------------------------------------

    WNS(ns)      TNS(ns)  TNS Failing Endpoints  TNS Total Endpoints      WHS(ns)      THS(ns)  THS Failing Endpoints  THS Total Endpoints     WPWS(ns)     TPWS(ns)  TPWS Failing Endpoints  TPWS Total Endpoints  
    -------      -------  ---------------------  -------------------      -------      -------  ---------------------  -------------------     --------     --------  ----------------------  --------------------  
     -2.214     -244.406                    431               210867       -0.019       -0.057                      3               210867        1.743        0.000                       0                 91115  


Timing constraints are not met.


------------------------------------------------------------------------------------------------
| Clock Summary
| -------------
------------------------------------------------------------------------------------------------

Clock        Waveform(ns)         Period(ns)      Frequency(MHz)
-----        ------------         ----------      --------------
core_clk     {0.000 2.286}        4.571           218.771         
s_axis_aclk  {0.000 4.000}        8.000           125.000         


------------------------------------------------------------------------------------------------
| Intra Clock Table
| -----------------
------------------------------------------------------------------------------------------------

Clock             WNS(ns)      TNS(ns)  TNS Failing Endpoints  TNS Total Endpoints      WHS(ns)      THS(ns)  THS Failing Endpoints  THS Total Endpoints     WPWS(ns)     TPWS(ns)  TPWS Failing Endpoints  TPWS Total Endpoints  
-----             -------      -------  ---------------------  -------------------      -------      -------  ---------------------  -------------------     --------     --------  ----------------------  --------------------  
core_clk           -2.214     -244.406                    431               210091       -0.019       -0.057                      3               210091        1.743        0.000                       0                 91050  
s_axis_aclk         5.574        0.000                      0                  158        0.046        0.000                      0                  158        3.458        0.000                       0                    65  


------------------------------------------------------------------------------------------------
| Inter Clock Table
| -----------------
------------------------------------------------------------------------------------------------

From Clock    To Clock          WNS(ns)      TNS(ns)  TNS Failing Endpoints  TNS Total Endpoints      WHS(ns)      THS(ns)  THS Failing Endpoints  THS Total Endpoints  
----------    --------          -------      -------  ---------------------  -------------------      -------      -------  ---------------------  -------------------  


------------------------------------------------------------------------------------------------
| Other Path Groups Table
| -----------------------
------------------------------------------------------------------------------------------------

Path Group         From Clock         To Clock               WNS(ns)      TNS(ns)  TNS Failing Endpoints  TNS Total Endpoints      WHS(ns)      THS(ns)  THS Failing Endpoints  THS Total Endpoints  
----------         ----------         --------               -------      -------  ---------------------  -------------------      -------      -------  ---------------------  -------------------  
**async_default**  core_clk           core_clk                 2.085        0.000                      0                  618        0.365        0.000                      0                  618  


------------------------------------------------------------------------------------------------
| Timing Details
| --------------
------------------------------------------------------------------------------------------------


---------------------------------------------------------------------------------------------------
From Clock:  core_clk
  To Clock:  core_clk

Setup :          431  Failing Endpoints,  Worst Slack       -2.214ns,  Total Violation     -244.406ns
Hold  :            3  Failing Endpoints,  Worst Slack       -0.019ns,  Total Violation       -0.057ns
PW    :            0  Failing Endpoints,  Worst Slack        1.743ns,  Total Violation        0.000ns
---------------------------------------------------------------------------------------------------


Max Delay Paths
--------------------------------------------------------------------------------------
Slack (VIOLATED) :        -2.214ns  (required time - arrival time)
  Source:                 u_dut/u_frame_gain/s0_gain_reg[6]/C
                            (rising edge-triggered cell FDRE clocked by core_clk  {rise@0.000ns fall@2.286ns period=4.571ns})
  Destination:            u_dut/u_frame_gain/out_q_vec_reg[56]/D
                            (rising edge-triggered cell FDRE clocked by core_clk  {rise@0.000ns fall@2.286ns period=4.571ns})
  Path Group:             core_clk
  Path Type:              Setup (Max at Slow Process Corner)
  Requirement:            4.571ns  (core_clk rise@4.571ns - core_clk rise@0.000ns)
  Data Path Delay:        6.768ns  (logic 2.409ns (35.594%)  route 4.359ns (64.406%))
  Logic Levels:           13  (CARRY8=4 DSP_A_B_DATA=1 DSP_ALU=1 DSP_M_DATA=1 DSP_MULTIPLIER=1 DSP_OUTPUT=1 DSP_PREADD_DATA=1 LUT1=1 LUT5=2)
  Clock Path Skew:        -0.007ns (DCD - SCD + CPR)
    Destination Clock Delay (DCD):    0.021ns = ( 4.592 - 4.571 ) 
    Source Clock Delay      (SCD):    0.028ns
    Clock Pessimism Removal (CPR):    0.000ns
  Clock Uncertainty:      0.035ns  ((TSJ^2 + TIJ^2)^1/2 + DJ) / 2 + PE
    Total System Jitter     (TSJ):    0.071ns
    Total Input Jitter      (TIJ):    0.000ns
    Discrete Jitter          (DJ):    0.000ns
    Phase Error              (PE):    0.000ns

    Location             Delay type                Incr(ns)  Path(ns)    Netlist Resource(s)
  -------------------------------------------------------------------    -------------------
                         (clock core_clk rise edge)
                                                      0.000     0.000 r  
                                                      0.000     0.000 r  clk218 (IN)
                         net (fo=101429, unset)       0.028     0.028    u_dut/u_frame_gain/clk
    SLICE_X41Y195        FDRE                                         r  u_dut/u_frame_gain/s0_gain_reg[6]/C
  -------------------------------------------------------------------    -------------------
    SLICE_X41Y195        FDRE (Prop_CFF_SLICEL_C_Q)
                                                      0.079     0.107 f  u_dut/u_frame_gain/s0_gain_reg[6]/Q
                         net (fo=42, routed)          2.453     2.560    u_dut/u_frame_gain/p_gain.(null)[0].rounded2__9/B[6]
    DSP48E2_X7Y63        DSP_A_B_DATA (Prop_DSP_A_B_DATA_DSP48E2_B[6]_B2_DATA[6])
                                                      0.151     2.711 r  u_dut/u_frame_gain/p_gain.(null)[0].rounded2__9/DSP_A_B_DATA_INST/B2_DATA[6]
                         net (fo=1, routed)           0.000     2.711    u_dut/u_frame_gain/p_gain.(null)[0].rounded2__9/DSP_A_B_DATA.B2_DATA<6>
    DSP48E2_X7Y63        DSP_PREADD_DATA (Prop_DSP_PREADD_DATA_DSP48E2_B2_DATA[6]_B2B1[6])
                                                      0.073     2.784 r  u_dut/u_frame_gain/p_gain.(null)[0].rounded2__9/DSP_PREADD_DATA_INST/B2B1[6]
                         net (fo=1, routed)           0.000     2.784    u_dut/u_frame_gain/p_gain.(null)[0].rounded2__9/DSP_PREADD_DATA.B2B1<6>
    DSP48E2_X7Y63        DSP_MULTIPLIER (Prop_DSP_MULTIPLIER_DSP48E2_B2B1[6]_V[14])
                                                      0.609     3.393 f  u_dut/u_frame_gain/p_gain.(null)[0].rounded2__9/DSP_MULTIPLIER_INST/V[14]
                         net (fo=1, routed)           0.000     3.393    u_dut/u_frame_gain/p_gain.(null)[0].rounded2__9/DSP_MULTIPLIER.V<14>
    DSP48E2_X7Y63        DSP_M_DATA (Prop_DSP_M_DATA_DSP48E2_V[14]_V_DATA[14])
                                                      0.046     3.439 r  u_dut/u_frame_gain/p_gain.(null)[0].rounded2__9/DSP_M_DATA_INST/V_DATA[14]
                         net (fo=1, routed)           0.000     3.439    u_dut/u_frame_gain/p_gain.(null)[0].rounded2__9/DSP_M_DATA.V_DATA<14>
    DSP48E2_X7Y63        DSP_ALU (Prop_DSP_ALU_DSP48E2_V_DATA[14]_ALU_OUT[14])
                                                      0.571     4.010 r  u_dut/u_frame_gain/p_gain.(null)[0].rounded2__9/DSP_ALU_INST/ALU_OUT[14]
                         net (fo=1, routed)           0.000     4.010    u_dut/u_frame_gain/p_gain.(null)[0].rounded2__9/DSP_ALU.ALU_OUT<14>
    DSP48E2_X7Y63        DSP_OUTPUT (Prop_DSP_OUTPUT_DSP48E2_ALU_OUT[14]_P[14])
                                                      0.109     4.119 f  u_dut/u_frame_gain/p_gain.(null)[0].rounded2__9/DSP_OUTPUT_INST/P[14]
                         net (fo=2, routed)           0.548     4.667    u_dut/u_frame_gain/p_gain.(null)[0].rounded2__9_n_91
    SLICE_X42Y181        LUT1 (Prop_D6LUT_SLICEM_I0_O)
                                                      0.122     4.789 r  u_dut/u_frame_gain/out_q_vec[56]_i_3/O
                         net (fo=1, routed)           0.267     5.056    u_dut/u_frame_gain/out_q_vec[56]_i_3_n_0
    SLICE_X41Y181        CARRY8 (Prop_CARRY8_SLICEL_CI_CO[7])
                                                      0.151     5.207 r  u_dut/u_frame_gain/out_q_vec_reg[56]_i_2/CO[7]
                         net (fo=1, routed)           0.026     5.233    u_dut/u_frame_gain/out_q_vec_reg[56]_i_2_n_0
    SLICE_X41Y182        CARRY8 (Prop_CARRY8_SLICEL_CI_O[5])
                                                      0.116     5.349 r  u_dut/u_frame_gain/out_q_vec_reg[63]_i_2/O[5]
                         net (fo=3, routed)           0.334     5.683    u_dut/u_frame_gain/out_q_vec_reg[63]_i_2_n_10
    SLICE_X43Y183        LUT5 (Prop_A6LUT_SLICEL_I4_O)
                                                      0.050     5.733 r  u_dut/u_frame_gain/out_q_vec[63]_i_43/O
                         net (fo=1, routed)           0.009     5.742    u_dut/u_frame_gain/out_q_vec[63]_i_43_n_0
    SLICE_X43Y183        CARRY8 (Prop_CARRY8_SLICEL_S[0]_CO[7])
                                                      0.190     5.932 r  u_dut/u_frame_gain/out_q_vec_reg[63]_i_15/CO[7]
                         net (fo=1, routed)           0.026     5.958    u_dut/u_frame_gain/out_q_vec_reg[63]_i_15_n_0
    SLICE_X43Y184        CARRY8 (Prop_CARRY8_SLICEL_CI_CO[0])
                                                      0.052     6.010 r  u_dut/u_frame_gain/out_q_vec_reg[63]_i_4/CO[0]
                         net (fo=16, routed)          0.643     6.653    u_dut/u_frame_gain/out_q_vec_reg[63]_i_4_n_7
    SLICE_X46Y186        LUT5 (Prop_A6LUT_SLICEM_I0_O)
                                                      0.090     6.743 r  u_dut/u_frame_gain/out_q_vec[56]_i_1/O
                         net (fo=1, routed)           0.053     6.796    u_dut/u_frame_gain/p_16_out__0[56]
    SLICE_X46Y186        FDRE                                         r  u_dut/u_frame_gain/out_q_vec_reg[56]/D
  -------------------------------------------------------------------    -------------------

                         (clock core_clk rise edge)
                                                      4.571     4.571 r  
                                                      0.000     4.571 r  clk218 (IN)
                         net (fo=101429, unset)       0.021     4.592    u_dut/u_frame_gain/clk
    SLICE_X46Y186        FDRE                                         r  u_dut/u_frame_gain/out_q_vec_reg[56]/C
                         clock pessimism              0.000     4.592    
                         clock uncertainty           -0.035     4.557    
    SLICE_X46Y186        FDRE (Setup_AFF_SLICEM_C_D)
                                                      0.025     4.582    u_dut/u_frame_gain/out_q_vec_reg[56]
  -------------------------------------------------------------------
                         required time                          4.582    
                         arrival time                          -6.796    
  -------------------------------------------------------------------
                         slack                                 -2.214    





Min Delay Paths
--------------------------------------------------------------------------------------
Slack (VIOLATED) :        -0.019ns  (arrival time - required time)
  Source:                 u_dut/u_frontend/u_memory_dpd/g_lane[2].u_dpd/c1_im_s0_reg[3][15]/C
                            (rising edge-triggered cell FDRE clocked by core_clk  {rise@0.000ns fall@2.286ns period=4.571ns})
  Destination:            u_dut/u_frontend/u_memory_dpd/g_lane[2].u_dpd/c1_im_s3_reg[3][15]_srl3/D
                            (rising edge-triggered cell SRL16E clocked by core_clk  {rise@0.000ns fall@2.286ns period=4.571ns})
  Path Group:             core_clk
  Path Type:              Hold (Min at Fast Process Corner)
  Requirement:            0.000ns  (core_clk rise@0.000ns - core_clk rise@0.000ns)
  Data Path Delay:        0.069ns  (logic 0.038ns (55.072%)  route 0.031ns (44.928%))
  Logic Levels:           0  
  Clock Path Skew:        0.026ns (DCD - SCD - CPR)
    Destination Clock Delay (DCD):    0.039ns
    Source Clock Delay      (SCD):    0.013ns
    Clock Pessimism Removal (CPR):    -0.000ns

    Location             Delay type                Incr(ns)  Path(ns)    Netlist Resource(s)
  -------------------------------------------------------------------    -------------------
                         (clock core_clk rise edge)
                                                      0.000     0.000 r  
                                                      0.000     0.000 r  clk218 (IN)
                         net (fo=101429, unset)       0.013     0.013    u_dut/u_frontend/u_memory_dpd/g_lane[2].u_dpd/clk
    SLICE_X26Y323        FDRE                                         r  u_dut/u_frontend/u_memory_dpd/g_lane[2].u_dpd/c1_im_s0_reg[3][15]/C
  -------------------------------------------------------------------    -------------------
    SLICE_X26Y323        FDRE (Prop_CFF_SLICEM_C_Q)
                                                      0.038     0.051 r  u_dut/u_frontend/u_memory_dpd/g_lane[2].u_dpd/c1_im_s0_reg[3][15]/Q
                         net (fo=1, routed)           0.031     0.082    u_dut/u_frontend/u_memory_dpd/g_lane[2].u_dpd/c1_im_s0_reg_n_0_[3][15]
    SLICE_X26Y322        SRL16E                                       r  u_dut/u_frontend/u_memory_dpd/g_lane[2].u_dpd/c1_im_s3_reg[3][15]_srl3/D
  -------------------------------------------------------------------    -------------------

                         (clock core_clk rise edge)
                                                      0.000     0.000 r  
                                                      0.000     0.000 r  clk218 (IN)
                         net (fo=101429, unset)       0.039     0.039    u_dut/u_frontend/u_memory_dpd/g_lane[2].u_dpd/clk
    SLICE_X26Y322        SRL16E                                       r  u_dut/u_frontend/u_memory_dpd/g_lane[2].u_dpd/c1_im_s3_reg[3][15]_srl3/CLK
                         clock pessimism              0.000     0.039    
    SLICE_X26Y322        SRL16E (Hold_H5LUT_SLICEM_CLK_D)
                                                      0.062     0.101    u_dut/u_frontend/u_memory_dpd/g_lane[2].u_dpd/c1_im_s3_reg[3][15]_srl3
  -------------------------------------------------------------------
                         required time                         -0.101    
                         arrival time                           0.082    
  -------------------------------------------------------------------
                         slack                                 -0.019    





Pulse Width Checks
--------------------------------------------------------------------------------------
Clock Name:         core_clk
Waveform(ns):       { 0.000 2.286 }
Period(ns):         4.571
Sources:            { clk218 }

Check Type        Corner  Lib Pin             Reference Pin  Required(ns)  Actual(ns)  Slack(ns)  Location      Pin
Min Period        n/a     RAMB36E2/CLKARDCLK  n/a            1.355         4.571       3.216      RAMB36_X6Y41  u_dut/u_cdc/g_xpm_fifo.u_async_fifo/u_xpm_fifo_async/gnuram_async_fifo.xpm_fifo_base_inst/gen_sdpram.xpm_memory_base_inst/gen_wr_a.gen_word_narrow.mem_reg_0/CLKARDCLK
Low Pulse Width   Slow    RAMB36E2/CLKARDCLK  n/a            0.542         2.285       1.743      RAMB36_X6Y41  u_dut/u_cdc/g_xpm_fifo.u_async_fifo/u_xpm_fifo_async/gnuram_async_fifo.xpm_fifo_base_inst/gen_sdpram.xpm_memory_base_inst/gen_wr_a.gen_word_narrow.mem_reg_0/CLKARDCLK
High Pulse Width  Slow    RAMB36E2/CLKARDCLK  n/a            0.542         2.286       1.744      RAMB36_X6Y41  u_dut/u_cdc/g_xpm_fifo.u_async_fifo/u_xpm_fifo_async/gnuram_async_fifo.xpm_fifo_base_inst/gen_sdpram.xpm_memory_base_inst/gen_wr_a.gen_word_narrow.mem_reg_0/CLKARDCLK



---------------------------------------------------------------------------------------------------
From Clock:  s_axis_aclk
  To Clock:  s_axis_aclk

Setup :            0  Failing Endpoints,  Worst Slack        5.574ns,  Total Violation        0.000ns
Hold  :            0  Failing Endpoints,  Worst Slack        0.046ns,  Total Violation        0.000ns
PW    :            0  Failing Endpoints,  Worst Slack        3.458ns,  Total Violation        0.000ns
---------------------------------------------------------------------------------------------------


Max Delay Paths
--------------------------------------------------------------------------------------
Slack (MET) :             5.574ns  (required time - arrival time)
  Source:                 u_dut/u_cdc/g_xpm_fifo.u_async_fifo/u_xpm_fifo_async/gnuram_async_fifo.xpm_fifo_base_inst/xpm_fifo_rst_inst/gen_rst_ic.wr_rst_busy_ic_reg/C
                            (rising edge-triggered cell FDRE clocked by s_axis_aclk  {rise@0.000ns fall@4.000ns period=8.000ns})
  Destination:            u_dut/u_cdc/g_xpm_fifo.u_async_fifo/u_xpm_fifo_async/gnuram_async_fifo.xpm_fifo_base_inst/gen_sdpram.xpm_memory_base_inst/gen_wr_a.gen_word_narrow.mem_reg_5/WEBWE[3]
                            (rising edge-triggered cell RAMB36E2 clocked by s_axis_aclk  {rise@0.000ns fall@4.000ns period=8.000ns})
  Path Group:             s_axis_aclk
  Path Type:              Setup (Max at Slow Process Corner)
  Requirement:            8.000ns  (s_axis_aclk rise@8.000ns - s_axis_aclk rise@0.000ns)
  Data Path Delay:        2.007ns  (logic 0.454ns (22.626%)  route 1.553ns (77.374%))
  Logic Levels:           3  (LUT2=1 LUT4=2)
  Clock Path Skew:        0.010ns (DCD - SCD + CPR)
    Destination Clock Delay (DCD):    0.040ns = ( 8.040 - 8.000 ) 
    Source Clock Delay      (SCD):    0.030ns
    Clock Pessimism Removal (CPR):    0.000ns
  Clock Uncertainty:      0.035ns  ((TSJ^2 + TIJ^2)^1/2 + DJ) / 2 + PE
    Total System Jitter     (TSJ):    0.071ns
    Total Input Jitter      (TIJ):    0.000ns
    Discrete Jitter          (DJ):    0.000ns
    Phase Error              (PE):    0.000ns

    Location             Delay type                Incr(ns)  Path(ns)    Netlist Resource(s)
  -------------------------------------------------------------------    -------------------
                         (clock s_axis_aclk rise edge)
                                                      0.000     0.000 r  
                                                      0.000     0.000 r  clk125 (IN)
                         net (fo=64, unset)           0.030     0.030    u_dut/u_cdc/g_xpm_fifo.u_async_fifo/u_xpm_fifo_async/gnuram_async_fifo.xpm_fifo_base_inst/xpm_fifo_rst_inst/wr_clk
    SLICE_X40Y205        FDRE                                         r  u_dut/u_cdc/g_xpm_fifo.u_async_fifo/u_xpm_fifo_async/gnuram_async_fifo.xpm_fifo_base_inst/xpm_fifo_rst_inst/gen_rst_ic.wr_rst_busy_ic_reg/C
  -------------------------------------------------------------------    -------------------
    SLICE_X40Y205        FDRE (Prop_AFF_SLICEM_C_Q)
                                                      0.077     0.107 f  u_dut/u_cdc/g_xpm_fifo.u_async_fifo/u_xpm_fifo_async/gnuram_async_fifo.xpm_fifo_base_inst/xpm_fifo_rst_inst/gen_rst_ic.wr_rst_busy_ic_reg/Q
                         net (fo=22, routed)          0.332     0.439    u_dut/u_cdc/g_xpm_fifo.u_async_fifo/u_xpm_fifo_async/gnuram_async_fifo.xpm_fifo_base_inst/wrst_busy
    SLICE_X43Y202        LUT2 (Prop_G5LUT_SLICEL_I0_O)
                                                      0.160     0.599 f  u_dut/u_cdc/g_xpm_fifo.u_async_fifo/u_xpm_fifo_async/gnuram_async_fifo.xpm_fifo_base_inst/wr_rst_busy_INST_0/O
                         net (fo=2, routed)           0.216     0.815    u_dut/u_cdc/g_xpm_fifo.u_async_fifo/wr_rst_busy
    SLICE_X43Y202        LUT4 (Prop_F5LUT_SLICEL_I3_O)
                                                      0.167     0.982 r  u_dut/u_cdc/g_xpm_fifo.u_async_fifo/u_xpm_fifo_async_i_2/O
                         net (fo=1, routed)           0.177     1.159    u_dut/u_cdc/g_xpm_fifo.u_async_fifo/u_xpm_fifo_async/gnuram_async_fifo.xpm_fifo_base_inst/wr_en
    SLICE_X43Y202        LUT4 (Prop_G6LUT_SLICEL_I0_O)
                                                      0.050     1.209 r  u_dut/u_cdc/g_xpm_fifo.u_async_fifo/u_xpm_fifo_async/gnuram_async_fifo.xpm_fifo_base_inst/gen_sdpram.xpm_memory_base_inst_i_1/O
                         net (fo=66, routed)          0.827     2.037    u_dut/u_cdc/g_xpm_fifo.u_async_fifo/u_xpm_fifo_async/gnuram_async_fifo.xpm_fifo_base_inst/gen_sdpram.xpm_memory_base_inst/wea[0]
    RAMB36_X5Y37         RAMB36E2                                     r  u_dut/u_cdc/g_xpm_fifo.u_async_fifo/u_xpm_fifo_async/gnuram_async_fifo.xpm_fifo_base_inst/gen_sdpram.xpm_memory_base_inst/gen_wr_a.gen_word_narrow.mem_reg_5/WEBWE[3]
  -------------------------------------------------------------------    -------------------

                         (clock s_axis_aclk rise edge)
                                                      8.000     8.000 r  
                                                      0.000     8.000 r  clk125 (IN)
                         net (fo=64, unset)           0.040     8.040    u_dut/u_cdc/g_xpm_fifo.u_async_fifo/u_xpm_fifo_async/gnuram_async_fifo.xpm_fifo_base_inst/gen_sdpram.xpm_memory_base_inst/clka
    RAMB36_X5Y37         RAMB36E2                                     r  u_dut/u_cdc/g_xpm_fifo.u_async_fifo/u_xpm_fifo_async/gnuram_async_fifo.xpm_fifo_base_inst/gen_sdpram.xpm_memory_base_inst/gen_wr_a.gen_word_narrow.mem_reg_5/CLKBWRCLK
                         clock pessimism              0.000     8.040    
                         clock uncertainty           -0.035     8.005    
    RAMB36_X5Y37         RAMB36E2 (Setup_RAMB36E2_RAMB36_CLKBWRCLK_WEBWE[3])
                                                     -0.394     7.611    u_dut/u_cdc/g_xpm_fifo.u_async_fifo/u_xpm_fifo_async/gnuram_async_fifo.xpm_fifo_base_inst/gen_sdpram.xpm_memory_base_inst/gen_wr_a.gen_word_narrow.mem_reg_5
  -------------------------------------------------------------------
                         required time                          7.611    
                         arrival time                          -2.037    
  -------------------------------------------------------------------
                         slack                                  5.574    





Min Delay Paths
--------------------------------------------------------------------------------------
Slack (MET) :             0.046ns  (arrival time - required time)
  Source:                 u_dut/u_cdc/g_xpm_fifo.u_async_fifo/u_xpm_fifo_async/gnuram_async_fifo.xpm_fifo_base_inst/wrpp2_inst/count_value_i_reg[0]/C
                            (rising edge-triggered cell FDRE clocked by s_axis_aclk  {rise@0.000ns fall@4.000ns period=8.000ns})
  Destination:            u_dut/u_cdc/g_xpm_fifo.u_async_fifo/u_xpm_fifo_async/gnuram_async_fifo.xpm_fifo_base_inst/wrpp2_inst/count_value_i_reg[1]/D
                            (rising edge-triggered cell FDSE clocked by s_axis_aclk  {rise@0.000ns fall@4.000ns period=8.000ns})
  Path Group:             s_axis_aclk
  Path Type:              Hold (Min at Fast Process Corner)
  Requirement:            0.000ns  (s_axis_aclk rise@0.000ns - s_axis_aclk rise@0.000ns)
  Data Path Delay:        0.099ns  (logic 0.060ns (60.791%)  route 0.039ns (39.209%))
  Logic Levels:           1  (LUT2=1)
  Clock Path Skew:        0.006ns (DCD - SCD - CPR)
    Destination Clock Delay (DCD):    0.019ns
    Source Clock Delay      (SCD):    0.013ns
    Clock Pessimism Removal (CPR):    -0.000ns

    Location             Delay type                Incr(ns)  Path(ns)    Netlist Resource(s)
  -------------------------------------------------------------------    -------------------
                         (clock s_axis_aclk rise edge)
                                                      0.000     0.000 r  
                                                      0.000     0.000 r  clk125 (IN)
                         net (fo=64, unset)           0.013     0.013    u_dut/u_cdc/g_xpm_fifo.u_async_fifo/u_xpm_fifo_async/gnuram_async_fifo.xpm_fifo_base_inst/wrpp2_inst/clk
    SLICE_X40Y204        FDRE                                         r  u_dut/u_cdc/g_xpm_fifo.u_async_fifo/u_xpm_fifo_async/gnuram_async_fifo.xpm_fifo_base_inst/wrpp2_inst/count_value_i_reg[0]/C
  -------------------------------------------------------------------    -------------------
    SLICE_X40Y204        FDRE (Prop_BFF_SLICEM_C_Q)
                                                      0.038     0.051 r  u_dut/u_cdc/g_xpm_fifo.u_async_fifo/u_xpm_fifo_async/gnuram_async_fifo.xpm_fifo_base_inst/wrpp2_inst/count_value_i_reg[0]/Q
                         net (fo=5, routed)           0.031     0.082    u_dut/u_cdc/g_xpm_fifo.u_async_fifo/u_xpm_fifo_async/gnuram_async_fifo.xpm_fifo_base_inst/wrpp2_inst/count_value[0]
    SLICE_X40Y204        LUT2 (Prop_B5LUT_SLICEM_I1_O)
                                                      0.022     0.104 r  u_dut/u_cdc/g_xpm_fifo.u_async_fifo/u_xpm_fifo_async/gnuram_async_fifo.xpm_fifo_base_inst/wrpp2_inst/count_value_i[1]_i_1/O
                         net (fo=1, routed)           0.008     0.112    u_dut/u_cdc/g_xpm_fifo.u_async_fifo/u_xpm_fifo_async/gnuram_async_fifo.xpm_fifo_base_inst/wrpp2_inst/count_value_i[1]_i_1_n_0
    SLICE_X40Y204        FDSE                                         r  u_dut/u_cdc/g_xpm_fifo.u_async_fifo/u_xpm_fifo_async/gnuram_async_fifo.xpm_fifo_base_inst/wrpp2_inst/count_value_i_reg[1]/D
  -------------------------------------------------------------------    -------------------

                         (clock s_axis_aclk rise edge)
                                                      0.000     0.000 r  
                                                      0.000     0.000 r  clk125 (IN)
                         net (fo=64, unset)           0.019     0.019    u_dut/u_cdc/g_xpm_fifo.u_async_fifo/u_xpm_fifo_async/gnuram_async_fifo.xpm_fifo_base_inst/wrpp2_inst/clk
    SLICE_X40Y204        FDSE                                         r  u_dut/u_cdc/g_xpm_fifo.u_async_fifo/u_xpm_fifo_async/gnuram_async_fifo.xpm_fifo_base_inst/wrpp2_inst/count_value_i_reg[1]/C
                         clock pessimism              0.000     0.019    
    SLICE_X40Y204        FDSE (Hold_BFF2_SLICEM_C_D)
                                                      0.047     0.066    u_dut/u_cdc/g_xpm_fifo.u_async_fifo/u_xpm_fifo_async/gnuram_async_fifo.xpm_fifo_base_inst/wrpp2_inst/count_value_i_reg[1]
  -------------------------------------------------------------------
                         required time                         -0.066    
                         arrival time                           0.112    
  -------------------------------------------------------------------
                         slack                                  0.046    





Pulse Width Checks
--------------------------------------------------------------------------------------
Clock Name:         s_axis_aclk
Waveform(ns):       { 0.000 4.000 }
Period(ns):         8.000
Sources:            { clk125 }

Check Type        Corner  Lib Pin             Reference Pin  Required(ns)  Actual(ns)  Slack(ns)  Location      Pin
Min Period        n/a     RAMB36E2/CLKBWRCLK  n/a            1.355         8.000       6.645      RAMB36_X6Y41  u_dut/u_cdc/g_xpm_fifo.u_async_fifo/u_xpm_fifo_async/gnuram_async_fifo.xpm_fifo_base_inst/gen_sdpram.xpm_memory_base_inst/gen_wr_a.gen_word_narrow.mem_reg_0/CLKBWRCLK
Low Pulse Width   Slow    RAMB36E2/CLKBWRCLK  n/a            0.542         4.000       3.458      RAMB36_X6Y41  u_dut/u_cdc/g_xpm_fifo.u_async_fifo/u_xpm_fifo_async/gnuram_async_fifo.xpm_fifo_base_inst/gen_sdpram.xpm_memory_base_inst/gen_wr_a.gen_word_narrow.mem_reg_0/CLKBWRCLK
High Pulse Width  Slow    RAMB36E2/CLKBWRCLK  n/a            0.542         4.000       3.458      RAMB36_X6Y41  u_dut/u_cdc/g_xpm_fifo.u_async_fifo/u_xpm_fifo_async/gnuram_async_fifo.xpm_fifo_base_inst/gen_sdpram.xpm_memory_base_inst/gen_wr_a.gen_word_narrow.mem_reg_0/CLKBWRCLK



---------------------------------------------------------------------------------------------------
Path Group:  **async_default**
From Clock:  core_clk
  To Clock:  core_clk

Setup :            0  Failing Endpoints,  Worst Slack        2.085ns,  Total Violation        0.000ns
Hold  :            0  Failing Endpoints,  Worst Slack        0.365ns,  Total Violation        0.000ns
---------------------------------------------------------------------------------------------------


Max Delay Paths
--------------------------------------------------------------------------------------
Slack (MET) :             2.085ns  (required time - arrival time)
  Source:                 u_dut/u_cdc/u_c_reset/sync_q_reg[1]/C
                            (rising edge-triggered cell FDCE clocked by core_clk  {rise@0.000ns fall@2.286ns period=4.571ns})
  Destination:            u_dut/u_cdc/out_q_q_reg[25]/CLR
                            (recovery check against rising-edge clock core_clk  {rise@0.000ns fall@2.286ns period=4.571ns})
  Path Group:             **async_default**
  Path Type:              Recovery (Max at Slow Process Corner)
  Requirement:            4.571ns  (core_clk rise@4.571ns - core_clk rise@0.000ns)
  Data Path Delay:        2.376ns  (logic 0.231ns (9.722%)  route 2.145ns (90.278%))
  Logic Levels:           1  (LUT1=1)
  Clock Path Skew:        -0.008ns (DCD - SCD + CPR)
    Destination Clock Delay (DCD):    0.021ns = ( 4.592 - 4.571 ) 
    Source Clock Delay      (SCD):    0.029ns
    Clock Pessimism Removal (CPR):    0.000ns
  Clock Uncertainty:      0.035ns  ((TSJ^2 + TIJ^2)^1/2 + DJ) / 2 + PE
    Total System Jitter     (TSJ):    0.071ns
    Total Input Jitter      (TIJ):    0.000ns
    Discrete Jitter          (DJ):    0.000ns
    Phase Error              (PE):    0.000ns

    Location             Delay type                Incr(ns)  Path(ns)    Netlist Resource(s)
  -------------------------------------------------------------------    -------------------
                         (clock core_clk rise edge)
                                                      0.000     0.000 r  
                                                      0.000     0.000 r  clk218 (IN)
                         net (fo=101429, unset)       0.029     0.029    u_dut/u_cdc/u_c_reset/clk
    SLICE_X41Y200        FDCE                                         r  u_dut/u_cdc/u_c_reset/sync_q_reg[1]/C
  -------------------------------------------------------------------    -------------------
    SLICE_X41Y200        FDCE (Prop_EFF2_SLICEL_C_Q)
                                                      0.081     0.110 r  u_dut/u_cdc/u_c_reset/sync_q_reg[1]/Q
                         net (fo=1, routed)           0.150     0.260    u_dut/u_cdc/c_rst_n
    SLICE_X41Y200        LUT1 (Prop_H6LUT_SLICEL_I0_O)
                                                      0.150     0.410 f  u_dut/u_cdc/out_valid_q_i_2/O
                         net (fo=618, routed)         1.995     2.405    u_dut/u_cdc/out_valid_q_i_2_n_0
    SLICE_X40Y189        FDCE                                         f  u_dut/u_cdc/out_q_q_reg[25]/CLR
  -------------------------------------------------------------------    -------------------

                         (clock core_clk rise edge)
                                                      4.571     4.571 r  
                                                      0.000     4.571 r  clk218 (IN)
                         net (fo=101429, unset)       0.021     4.592    u_dut/u_cdc/core_clk
    SLICE_X40Y189        FDCE                                         r  u_dut/u_cdc/out_q_q_reg[25]/C
                         clock pessimism              0.000     4.592    
                         clock uncertainty           -0.035     4.557    
    SLICE_X40Y189        FDCE (Recov_DFF_SLICEM_C_CLR)
                                                     -0.066     4.491    u_dut/u_cdc/out_q_q_reg[25]
  -------------------------------------------------------------------
                         required time                          4.491    
                         arrival time                          -2.405    
  -------------------------------------------------------------------
                         slack                                  2.085    





Min Delay Paths
--------------------------------------------------------------------------------------
Slack (MET) :             0.365ns  (arrival time - required time)
  Source:                 u_dut/u_cdc/u_c_reset/sync_q_reg[1]/C
                            (rising edge-triggered cell FDCE clocked by core_clk  {rise@0.000ns fall@2.286ns period=4.571ns})
  Destination:            u_dut/u_cdc/rem_count_q_reg[1]_rep/CLR
                            (removal check against rising-edge clock core_clk  {rise@0.000ns fall@2.286ns period=4.571ns})
  Path Group:             **async_default**
  Path Type:              Removal (Min at Fast Process Corner)
  Requirement:            0.000ns  (core_clk rise@0.000ns - core_clk rise@0.000ns)
  Data Path Delay:        0.351ns  (logic 0.100ns (28.518%)  route 0.251ns (71.482%))
  Logic Levels:           1  (LUT1=1)
  Clock Path Skew:        0.006ns (DCD - SCD - CPR)
    Destination Clock Delay (DCD):    0.019ns
    Source Clock Delay      (SCD):    0.013ns
    Clock Pessimism Removal (CPR):    -0.000ns

    Location             Delay type                Incr(ns)  Path(ns)    Netlist Resource(s)
  -------------------------------------------------------------------    -------------------
                         (clock core_clk rise edge)
                                                      0.000     0.000 r  
                                                      0.000     0.000 r  clk218 (IN)
                         net (fo=101429, unset)       0.013     0.013    u_dut/u_cdc/u_c_reset/clk
    SLICE_X41Y200        FDCE                                         r  u_dut/u_cdc/u_c_reset/sync_q_reg[1]/C
  -------------------------------------------------------------------    -------------------
    SLICE_X41Y200        FDCE (Prop_EFF2_SLICEL_C_Q)
                                                      0.040     0.053 r  u_dut/u_cdc/u_c_reset/sync_q_reg[1]/Q
                         net (fo=1, routed)           0.075     0.128    u_dut/u_cdc/c_rst_n
    SLICE_X41Y200        LUT1 (Prop_H6LUT_SLICEL_I0_O)
                                                      0.060     0.188 f  u_dut/u_cdc/out_valid_q_i_2/O
                         net (fo=618, routed)         0.176     0.364    u_dut/u_cdc/out_valid_q_i_2_n_0
    SLICE_X45Y199        FDCE                                         f  u_dut/u_cdc/rem_count_q_reg[1]_rep/CLR
  -------------------------------------------------------------------    -------------------

                         (clock core_clk rise edge)
                                                      0.000     0.000 r  
                                                      0.000     0.000 r  clk218 (IN)
                         net (fo=101429, unset)       0.019     0.019    u_dut/u_cdc/core_clk
    SLICE_X45Y199        FDCE                                         r  u_dut/u_cdc/rem_count_q_reg[1]_rep/C
                         clock pessimism              0.000     0.019    
    SLICE_X45Y199        FDCE (Remov_AFF_SLICEM_C_CLR)
                                                     -0.020    -0.001    u_dut/u_cdc/rem_count_q_reg[1]_rep
  -------------------------------------------------------------------
                         required time                          0.001    
                         arrival time                           0.364    
  -------------------------------------------------------------------
                         slack                                  0.365    





