Copyright 1986-2022 Xilinx, Inc. All Rights Reserved. Copyright 2022-2024 Advanced Micro Devices, Inc. All Rights Reserved.
----------------------------------------------------------------------------------------------------------------------------------------------------------
| Tool Version      : Vivado v.2024.1 (win64) Build 5076996 Wed May 22 18:37:14 MDT 2024
| Date              : Sun Sep 20 10:56:03 2026
| Host              : LAPTOP-KNBVGAN8 running 64-bit major release  (build 9200)
| Command           : report_timing -max_paths 20 -file E:/workspace/chip/dsm_ip/syn/out/tid32_thermo3_axis_frontend_20260920_101916/timing_max_paths.rpt
| Design            : tid32_thermo3_axis_frontend_tx_ooc
| Device            : xczu15eg-ffvb1156
| Speed File        : -2  PRODUCTION 1.30 05-15-2022
| Design State      : Routed
| Temperature Grade : I
----------------------------------------------------------------------------------------------------------------------------------------------------------

Timing Report

Slack (VIOLATED) :        -4.407ns  (required time - arrival time)
  Source:                 u_dut/u_frontend/u_memory_dpd/g_lane[11].u_dpd/valid_pipe_reg[10]/C
                            (rising edge-triggered cell FDCE clocked by core_clk  {rise@0.000ns fall@2.286ns period=4.571ns})
  Destination:            u_dut/u_frontend/u_interp_2/p_interp.(null)[0].value__7__0/DSP_C_DATA_INST/CEC
                            (rising edge-triggered cell DSP_C_DATA clocked by core_clk  {rise@0.000ns fall@2.286ns period=4.571ns})
  Path Group:             core_clk
  Path Type:              Setup (Max at Slow Process Corner)
  Requirement:            4.571ns  (core_clk rise@4.571ns - core_clk rise@0.000ns)
  Data Path Delay:        8.796ns  (logic 0.380ns (4.320%)  route 8.416ns (95.680%))
  Logic Levels:           3  (LUT2=1 LUT6=2)
  Clock Path Skew:        0.013ns (DCD - SCD + CPR)
    Destination Clock Delay (DCD):    0.043ns = ( 4.614 - 4.571 ) 
    Source Clock Delay      (SCD):    0.030ns
    Clock Pessimism Removal (CPR):    0.000ns
  Clock Uncertainty:      0.035ns  ((TSJ^2 + TIJ^2)^1/2 + DJ) / 2 + PE
    Total System Jitter     (TSJ):    0.071ns
    Total Input Jitter      (TIJ):    0.000ns
    Discrete Jitter          (DJ):    0.000ns
    Phase Error              (PE):    0.000ns

    Location             Delay type                Incr(ns)  Path(ns)    Netlist Resource(s)
  -------------------------------------------------------------------    -------------------
                         (clock core_clk rise edge)
                                                      0.000     0.000 r  
                                                      0.000     0.000 r  clk218 (IN)
                         net (fo=98508, unset)        0.030     0.030    u_dut/u_frontend/u_memory_dpd/g_lane[11].u_dpd/clk
    SLICE_X80Y113        FDCE                                         r  u_dut/u_frontend/u_memory_dpd/g_lane[11].u_dpd/valid_pipe_reg[10]/C
  -------------------------------------------------------------------    -------------------
    SLICE_X80Y113        FDCE (Prop_DFF2_SLICEM_C_Q)
                                                      0.080     0.110 r  u_dut/u_frontend/u_memory_dpd/g_lane[11].u_dpd/valid_pipe_reg[10]/Q
                         net (fo=1, routed)           0.692     0.802    u_dut/u_frontend/u_memory_dpd/lane_out_valid[11]
    SLICE_X67Y154        LUT6 (Prop_H6LUT_SLICEL_I3_O)
                                                      0.124     0.926 r  u_dut/u_frontend/u_memory_dpd/out_valid_INST_0_i_1/O
                         net (fo=1, routed)           1.335     2.261    u_dut/u_frontend/u_memory_dpd/out_valid_INST_0_i_1_n_0
    SLICE_X67Y316        LUT6 (Prop_H6LUT_SLICEL_I0_O)
                                                      0.124     2.385 r  u_dut/u_frontend/u_memory_dpd/out_valid_INST_0/O
                         net (fo=98, routed)          1.704     4.089    u_dut/u_frontend/u_interp_2/in_valid
    SLICE_X54Y204        LUT2 (Prop_B6LUT_SLICEM_I0_O)
                                                      0.052     4.141 r  u_dut/u_frontend/u_interp_2/p_interp.(null)[0].value_i_1/O
                         net (fo=672, routed)         4.684     8.826    u_dut/u_frontend/u_interp_2/p_interp.(null)[0].value__7__0/CEC
    DSP48E2_X6Y98        DSP_C_DATA                                   r  u_dut/u_frontend/u_interp_2/p_interp.(null)[0].value__7__0/DSP_C_DATA_INST/CEC
  -------------------------------------------------------------------    -------------------

                         (clock core_clk rise edge)
                                                      4.571     4.571 r  
                                                      0.000     4.571 r  clk218 (IN)
                         net (fo=98508, unset)        0.043     4.614    u_dut/u_frontend/u_interp_2/p_interp.(null)[0].value__7__0/CLK
    DSP48E2_X6Y98        DSP_C_DATA                                   r  u_dut/u_frontend/u_interp_2/p_interp.(null)[0].value__7__0/DSP_C_DATA_INST/CLK
                         clock pessimism              0.000     4.614    
                         clock uncertainty           -0.035     4.579    
    DSP48E2_X6Y98        DSP_C_DATA (Setup_DSP_C_DATA_DSP48E2_CLK_CEC)
                                                     -0.160     4.419    u_dut/u_frontend/u_interp_2/p_interp.(null)[0].value__7__0/DSP_C_DATA_INST
  -------------------------------------------------------------------
                         required time                          4.419    
                         arrival time                          -8.826    
  -------------------------------------------------------------------
                         slack                                 -4.407    

Slack (VIOLATED) :        -4.313ns  (required time - arrival time)
  Source:                 u_dut/u_frontend/u_memory_dpd/g_lane[11].u_dpd/valid_pipe_reg[10]/C
                            (rising edge-triggered cell FDCE clocked by core_clk  {rise@0.000ns fall@2.286ns period=4.571ns})
  Destination:            u_dut/u_frontend/u_interp_2/s0_i_vec_reg[33]/CE
                            (rising edge-triggered cell FDRE clocked by core_clk  {rise@0.000ns fall@2.286ns period=4.571ns})
  Path Group:             core_clk
  Path Type:              Setup (Max at Slow Process Corner)
  Requirement:            4.571ns  (core_clk rise@4.571ns - core_clk rise@0.000ns)
  Data Path Delay:        8.779ns  (logic 0.380ns (4.329%)  route 8.399ns (95.671%))
  Logic Levels:           3  (LUT2=1 LUT6=2)
  Clock Path Skew:        -0.009ns (DCD - SCD + CPR)
    Destination Clock Delay (DCD):    0.021ns = ( 4.592 - 4.571 ) 
    Source Clock Delay      (SCD):    0.030ns
    Clock Pessimism Removal (CPR):    0.000ns
  Clock Uncertainty:      0.035ns  ((TSJ^2 + TIJ^2)^1/2 + DJ) / 2 + PE
    Total System Jitter     (TSJ):    0.071ns
    Total Input Jitter      (TIJ):    0.000ns
    Discrete Jitter          (DJ):    0.000ns
    Phase Error              (PE):    0.000ns

    Location             Delay type                Incr(ns)  Path(ns)    Netlist Resource(s)
  -------------------------------------------------------------------    -------------------
                         (clock core_clk rise edge)
                                                      0.000     0.000 r  
                                                      0.000     0.000 r  clk218 (IN)
                         net (fo=98508, unset)        0.030     0.030    u_dut/u_frontend/u_memory_dpd/g_lane[11].u_dpd/clk
    SLICE_X80Y113        FDCE                                         r  u_dut/u_frontend/u_memory_dpd/g_lane[11].u_dpd/valid_pipe_reg[10]/C
  -------------------------------------------------------------------    -------------------
    SLICE_X80Y113        FDCE (Prop_DFF2_SLICEM_C_Q)
                                                      0.080     0.110 r  u_dut/u_frontend/u_memory_dpd/g_lane[11].u_dpd/valid_pipe_reg[10]/Q
                         net (fo=1, routed)           0.692     0.802    u_dut/u_frontend/u_memory_dpd/lane_out_valid[11]
    SLICE_X67Y154        LUT6 (Prop_H6LUT_SLICEL_I3_O)
                                                      0.124     0.926 r  u_dut/u_frontend/u_memory_dpd/out_valid_INST_0_i_1/O
                         net (fo=1, routed)           1.335     2.261    u_dut/u_frontend/u_memory_dpd/out_valid_INST_0_i_1_n_0
    SLICE_X67Y316        LUT6 (Prop_H6LUT_SLICEL_I0_O)
                                                      0.124     2.385 r  u_dut/u_frontend/u_memory_dpd/out_valid_INST_0/O
                         net (fo=98, routed)          1.704     4.089    u_dut/u_frontend/u_interp_2/in_valid
    SLICE_X54Y204        LUT2 (Prop_B6LUT_SLICEM_I0_O)
                                                      0.052     4.141 r  u_dut/u_frontend/u_interp_2/p_interp.(null)[0].value_i_1/O
                         net (fo=672, routed)         4.667     8.809    u_dut/u_frontend/u_interp_2/s0_history_i
    SLICE_X34Y245        FDRE                                         r  u_dut/u_frontend/u_interp_2/s0_i_vec_reg[33]/CE
  -------------------------------------------------------------------    -------------------

                         (clock core_clk rise edge)
                                                      4.571     4.571 r  
                                                      0.000     4.571 r  clk218 (IN)
                         net (fo=98508, unset)        0.021     4.592    u_dut/u_frontend/u_interp_2/clk
    SLICE_X34Y245        FDRE                                         r  u_dut/u_frontend/u_interp_2/s0_i_vec_reg[33]/C
                         clock pessimism              0.000     4.592    
                         clock uncertainty           -0.035     4.557    
    SLICE_X34Y245        FDRE (Setup_EFF2_SLICEM_C_CE)
                                                     -0.061     4.496    u_dut/u_frontend/u_interp_2/s0_i_vec_reg[33]
  -------------------------------------------------------------------
                         required time                          4.496    
                         arrival time                          -8.809    
  -------------------------------------------------------------------
                         slack                                 -4.313    

Slack (VIOLATED) :        -4.312ns  (required time - arrival time)
  Source:                 u_dut/u_frontend/u_memory_dpd/g_lane[11].u_dpd/valid_pipe_reg[10]/C
                            (rising edge-triggered cell FDCE clocked by core_clk  {rise@0.000ns fall@2.286ns period=4.571ns})
  Destination:            u_dut/u_frontend/u_interp_2/s0_i_vec_reg[32]/CE
                            (rising edge-triggered cell FDRE clocked by core_clk  {rise@0.000ns fall@2.286ns period=4.571ns})
  Path Group:             core_clk
  Path Type:              Setup (Max at Slow Process Corner)
  Requirement:            4.571ns  (core_clk rise@4.571ns - core_clk rise@0.000ns)
  Data Path Delay:        8.778ns  (logic 0.380ns (4.329%)  route 8.398ns (95.671%))
  Logic Levels:           3  (LUT2=1 LUT6=2)
  Clock Path Skew:        -0.009ns (DCD - SCD + CPR)
    Destination Clock Delay (DCD):    0.021ns = ( 4.592 - 4.571 ) 
    Source Clock Delay      (SCD):    0.030ns
    Clock Pessimism Removal (CPR):    0.000ns
  Clock Uncertainty:      0.035ns  ((TSJ^2 + TIJ^2)^1/2 + DJ) / 2 + PE
    Total System Jitter     (TSJ):    0.071ns
    Total Input Jitter      (TIJ):    0.000ns
    Discrete Jitter          (DJ):    0.000ns
    Phase Error              (PE):    0.000ns

    Location             Delay type                Incr(ns)  Path(ns)    Netlist Resource(s)
  -------------------------------------------------------------------    -------------------
                         (clock core_clk rise edge)
                                                      0.000     0.000 r  
                                                      0.000     0.000 r  clk218 (IN)
                         net (fo=98508, unset)        0.030     0.030    u_dut/u_frontend/u_memory_dpd/g_lane[11].u_dpd/clk
    SLICE_X80Y113        FDCE                                         r  u_dut/u_frontend/u_memory_dpd/g_lane[11].u_dpd/valid_pipe_reg[10]/C
  -------------------------------------------------------------------    -------------------
    SLICE_X80Y113        FDCE (Prop_DFF2_SLICEM_C_Q)
                                                      0.080     0.110 r  u_dut/u_frontend/u_memory_dpd/g_lane[11].u_dpd/valid_pipe_reg[10]/Q
                         net (fo=1, routed)           0.692     0.802    u_dut/u_frontend/u_memory_dpd/lane_out_valid[11]
    SLICE_X67Y154        LUT6 (Prop_H6LUT_SLICEL_I3_O)
                                                      0.124     0.926 r  u_dut/u_frontend/u_memory_dpd/out_valid_INST_0_i_1/O
                         net (fo=1, routed)           1.335     2.261    u_dut/u_frontend/u_memory_dpd/out_valid_INST_0_i_1_n_0
    SLICE_X67Y316        LUT6 (Prop_H6LUT_SLICEL_I0_O)
                                                      0.124     2.385 r  u_dut/u_frontend/u_memory_dpd/out_valid_INST_0/O
                         net (fo=98, routed)          1.704     4.089    u_dut/u_frontend/u_interp_2/in_valid
    SLICE_X54Y204        LUT2 (Prop_B6LUT_SLICEM_I0_O)
                                                      0.052     4.141 r  u_dut/u_frontend/u_interp_2/p_interp.(null)[0].value_i_1/O
                         net (fo=672, routed)         4.666     8.808    u_dut/u_frontend/u_interp_2/s0_history_i
    SLICE_X34Y245        FDRE                                         r  u_dut/u_frontend/u_interp_2/s0_i_vec_reg[32]/CE
  -------------------------------------------------------------------    -------------------

                         (clock core_clk rise edge)
                                                      4.571     4.571 r  
                                                      0.000     4.571 r  clk218 (IN)
                         net (fo=98508, unset)        0.021     4.592    u_dut/u_frontend/u_interp_2/clk
    SLICE_X34Y245        FDRE                                         r  u_dut/u_frontend/u_interp_2/s0_i_vec_reg[32]/C
                         clock pessimism              0.000     4.592    
                         clock uncertainty           -0.035     4.557    
    SLICE_X34Y245        FDRE (Setup_EFF_SLICEM_C_CE)
                                                     -0.061     4.496    u_dut/u_frontend/u_interp_2/s0_i_vec_reg[32]
  -------------------------------------------------------------------
                         required time                          4.496    
                         arrival time                          -8.808    
  -------------------------------------------------------------------
                         slack                                 -4.312    

Slack (VIOLATED) :        -4.226ns  (required time - arrival time)
  Source:                 u_dut/u_frontend/u_memory_dpd/g_lane[11].u_dpd/valid_pipe_reg[10]/C
                            (rising edge-triggered cell FDCE clocked by core_clk  {rise@0.000ns fall@2.286ns period=4.571ns})
  Destination:            u_dut/u_frontend/u_interp_2/p_interp.(null)[0].value__5__0/DSP_A_B_DATA_INST/CEA2
                            (rising edge-triggered cell DSP_A_B_DATA clocked by core_clk  {rise@0.000ns fall@2.286ns period=4.571ns})
  Path Group:             core_clk
  Path Type:              Setup (Max at Slow Process Corner)
  Requirement:            4.571ns  (core_clk rise@4.571ns - core_clk rise@0.000ns)
  Data Path Delay:        8.616ns  (logic 0.380ns (4.411%)  route 8.236ns (95.589%))
  Logic Levels:           3  (LUT2=1 LUT6=2)
  Clock Path Skew:        0.013ns (DCD - SCD + CPR)
    Destination Clock Delay (DCD):    0.043ns = ( 4.614 - 4.571 ) 
    Source Clock Delay      (SCD):    0.030ns
    Clock Pessimism Removal (CPR):    0.000ns
  Clock Uncertainty:      0.035ns  ((TSJ^2 + TIJ^2)^1/2 + DJ) / 2 + PE
    Total System Jitter     (TSJ):    0.071ns
    Total Input Jitter      (TIJ):    0.000ns
    Discrete Jitter          (DJ):    0.000ns
    Phase Error              (PE):    0.000ns

    Location             Delay type                Incr(ns)  Path(ns)    Netlist Resource(s)
  -------------------------------------------------------------------    -------------------
                         (clock core_clk rise edge)
                                                      0.000     0.000 r  
                                                      0.000     0.000 r  clk218 (IN)
                         net (fo=98508, unset)        0.030     0.030    u_dut/u_frontend/u_memory_dpd/g_lane[11].u_dpd/clk
    SLICE_X80Y113        FDCE                                         r  u_dut/u_frontend/u_memory_dpd/g_lane[11].u_dpd/valid_pipe_reg[10]/C
  -------------------------------------------------------------------    -------------------
    SLICE_X80Y113        FDCE (Prop_DFF2_SLICEM_C_Q)
                                                      0.080     0.110 r  u_dut/u_frontend/u_memory_dpd/g_lane[11].u_dpd/valid_pipe_reg[10]/Q
                         net (fo=1, routed)           0.692     0.802    u_dut/u_frontend/u_memory_dpd/lane_out_valid[11]
    SLICE_X67Y154        LUT6 (Prop_H6LUT_SLICEL_I3_O)
                                                      0.124     0.926 r  u_dut/u_frontend/u_memory_dpd/out_valid_INST_0_i_1/O
                         net (fo=1, routed)           1.335     2.261    u_dut/u_frontend/u_memory_dpd/out_valid_INST_0_i_1_n_0
    SLICE_X67Y316        LUT6 (Prop_H6LUT_SLICEL_I0_O)
                                                      0.124     2.385 r  u_dut/u_frontend/u_memory_dpd/out_valid_INST_0/O
                         net (fo=98, routed)          1.704     4.089    u_dut/u_frontend/u_interp_2/in_valid
    SLICE_X54Y204        LUT2 (Prop_B6LUT_SLICEM_I0_O)
                                                      0.052     4.141 r  u_dut/u_frontend/u_interp_2/p_interp.(null)[0].value_i_1/O
                         net (fo=672, routed)         4.504     8.646    u_dut/u_frontend/u_interp_2/p_interp.(null)[0].value__5__0/CEA2
    DSP48E2_X4Y98        DSP_A_B_DATA                                 r  u_dut/u_frontend/u_interp_2/p_interp.(null)[0].value__5__0/DSP_A_B_DATA_INST/CEA2
  -------------------------------------------------------------------    -------------------

                         (clock core_clk rise edge)
                                                      4.571     4.571 r  
                                                      0.000     4.571 r  clk218 (IN)
                         net (fo=98508, unset)        0.043     4.614    u_dut/u_frontend/u_interp_2/p_interp.(null)[0].value__5__0/CLK
    DSP48E2_X4Y98        DSP_A_B_DATA                                 r  u_dut/u_frontend/u_interp_2/p_interp.(null)[0].value__5__0/DSP_A_B_DATA_INST/CLK
                         clock pessimism              0.000     4.614    
                         clock uncertainty           -0.035     4.579    
    DSP48E2_X4Y98        DSP_A_B_DATA (Setup_DSP_A_B_DATA_DSP48E2_CLK_CEA2)
                                                     -0.159     4.420    u_dut/u_frontend/u_interp_2/p_interp.(null)[0].value__5__0/DSP_A_B_DATA_INST
  -------------------------------------------------------------------
                         required time                          4.420    
                         arrival time                          -8.646    
  -------------------------------------------------------------------
                         slack                                 -4.226    

Slack (VIOLATED) :        -4.219ns  (required time - arrival time)
  Source:                 u_dut/u_frontend/u_memory_dpd/g_lane[11].u_dpd/valid_pipe_reg[10]/C
                            (rising edge-triggered cell FDCE clocked by core_clk  {rise@0.000ns fall@2.286ns period=4.571ns})
  Destination:            u_dut/u_frontend/u_interp_2/p_interp.(null)[0].value__5__0/DSP_C_DATA_INST/CEC
                            (rising edge-triggered cell DSP_C_DATA clocked by core_clk  {rise@0.000ns fall@2.286ns period=4.571ns})
  Path Group:             core_clk
  Path Type:              Setup (Max at Slow Process Corner)
  Requirement:            4.571ns  (core_clk rise@4.571ns - core_clk rise@0.000ns)
  Data Path Delay:        8.608ns  (logic 0.380ns (4.415%)  route 8.228ns (95.585%))
  Logic Levels:           3  (LUT2=1 LUT6=2)
  Clock Path Skew:        0.013ns (DCD - SCD + CPR)
    Destination Clock Delay (DCD):    0.043ns = ( 4.614 - 4.571 ) 
    Source Clock Delay      (SCD):    0.030ns
    Clock Pessimism Removal (CPR):    0.000ns
  Clock Uncertainty:      0.035ns  ((TSJ^2 + TIJ^2)^1/2 + DJ) / 2 + PE
    Total System Jitter     (TSJ):    0.071ns
    Total Input Jitter      (TIJ):    0.000ns
    Discrete Jitter          (DJ):    0.000ns
    Phase Error              (PE):    0.000ns

    Location             Delay type                Incr(ns)  Path(ns)    Netlist Resource(s)
  -------------------------------------------------------------------    -------------------
                         (clock core_clk rise edge)
                                                      0.000     0.000 r  
                                                      0.000     0.000 r  clk218 (IN)
                         net (fo=98508, unset)        0.030     0.030    u_dut/u_frontend/u_memory_dpd/g_lane[11].u_dpd/clk
    SLICE_X80Y113        FDCE                                         r  u_dut/u_frontend/u_memory_dpd/g_lane[11].u_dpd/valid_pipe_reg[10]/C
  -------------------------------------------------------------------    -------------------
    SLICE_X80Y113        FDCE (Prop_DFF2_SLICEM_C_Q)
                                                      0.080     0.110 r  u_dut/u_frontend/u_memory_dpd/g_lane[11].u_dpd/valid_pipe_reg[10]/Q
                         net (fo=1, routed)           0.692     0.802    u_dut/u_frontend/u_memory_dpd/lane_out_valid[11]
    SLICE_X67Y154        LUT6 (Prop_H6LUT_SLICEL_I3_O)
                                                      0.124     0.926 r  u_dut/u_frontend/u_memory_dpd/out_valid_INST_0_i_1/O
                         net (fo=1, routed)           1.335     2.261    u_dut/u_frontend/u_memory_dpd/out_valid_INST_0_i_1_n_0
    SLICE_X67Y316        LUT6 (Prop_H6LUT_SLICEL_I0_O)
                                                      0.124     2.385 r  u_dut/u_frontend/u_memory_dpd/out_valid_INST_0/O
                         net (fo=98, routed)          1.704     4.089    u_dut/u_frontend/u_interp_2/in_valid
    SLICE_X54Y204        LUT2 (Prop_B6LUT_SLICEM_I0_O)
                                                      0.052     4.141 r  u_dut/u_frontend/u_interp_2/p_interp.(null)[0].value_i_1/O
                         net (fo=672, routed)         4.496     8.638    u_dut/u_frontend/u_interp_2/p_interp.(null)[0].value__5__0/CEC
    DSP48E2_X4Y98        DSP_C_DATA                                   r  u_dut/u_frontend/u_interp_2/p_interp.(null)[0].value__5__0/DSP_C_DATA_INST/CEC
  -------------------------------------------------------------------    -------------------

                         (clock core_clk rise edge)
                                                      4.571     4.571 r  
                                                      0.000     4.571 r  clk218 (IN)
                         net (fo=98508, unset)        0.043     4.614    u_dut/u_frontend/u_interp_2/p_interp.(null)[0].value__5__0/CLK
    DSP48E2_X4Y98        DSP_C_DATA                                   r  u_dut/u_frontend/u_interp_2/p_interp.(null)[0].value__5__0/DSP_C_DATA_INST/CLK
                         clock pessimism              0.000     4.614    
                         clock uncertainty           -0.035     4.579    
    DSP48E2_X4Y98        DSP_C_DATA (Setup_DSP_C_DATA_DSP48E2_CLK_CEC)
                                                     -0.160     4.419    u_dut/u_frontend/u_interp_2/p_interp.(null)[0].value__5__0/DSP_C_DATA_INST
  -------------------------------------------------------------------
                         required time                          4.419    
                         arrival time                          -8.638    
  -------------------------------------------------------------------
                         slack                                 -4.219    

Slack (VIOLATED) :        -4.073ns  (required time - arrival time)
  Source:                 u_dut/u_frontend/u_memory_dpd/g_lane[11].u_dpd/valid_pipe_reg[10]/C
                            (rising edge-triggered cell FDCE clocked by core_clk  {rise@0.000ns fall@2.286ns period=4.571ns})
  Destination:            u_dut/u_frontend/u_interp_2/p_interp.(null)[0].value__3/DSP_C_DATA_INST/CEC
                            (rising edge-triggered cell DSP_C_DATA clocked by core_clk  {rise@0.000ns fall@2.286ns period=4.571ns})
  Path Group:             core_clk
  Path Type:              Setup (Max at Slow Process Corner)
  Requirement:            4.571ns  (core_clk rise@4.571ns - core_clk rise@0.000ns)
  Data Path Delay:        8.462ns  (logic 0.380ns (4.491%)  route 8.082ns (95.509%))
  Logic Levels:           3  (LUT2=1 LUT6=2)
  Clock Path Skew:        0.013ns (DCD - SCD + CPR)
    Destination Clock Delay (DCD):    0.043ns = ( 4.614 - 4.571 ) 
    Source Clock Delay      (SCD):    0.030ns
    Clock Pessimism Removal (CPR):    0.000ns
  Clock Uncertainty:      0.035ns  ((TSJ^2 + TIJ^2)^1/2 + DJ) / 2 + PE
    Total System Jitter     (TSJ):    0.071ns
    Total Input Jitter      (TIJ):    0.000ns
    Discrete Jitter          (DJ):    0.000ns
    Phase Error              (PE):    0.000ns

    Location             Delay type                Incr(ns)  Path(ns)    Netlist Resource(s)
  -------------------------------------------------------------------    -------------------
                         (clock core_clk rise edge)
                                                      0.000     0.000 r  
                                                      0.000     0.000 r  clk218 (IN)
                         net (fo=98508, unset)        0.030     0.030    u_dut/u_frontend/u_memory_dpd/g_lane[11].u_dpd/clk
    SLICE_X80Y113        FDCE                                         r  u_dut/u_frontend/u_memory_dpd/g_lane[11].u_dpd/valid_pipe_reg[10]/C
  -------------------------------------------------------------------    -------------------
    SLICE_X80Y113        FDCE (Prop_DFF2_SLICEM_C_Q)
                                                      0.080     0.110 r  u_dut/u_frontend/u_memory_dpd/g_lane[11].u_dpd/valid_pipe_reg[10]/Q
                         net (fo=1, routed)           0.692     0.802    u_dut/u_frontend/u_memory_dpd/lane_out_valid[11]
    SLICE_X67Y154        LUT6 (Prop_H6LUT_SLICEL_I3_O)
                                                      0.124     0.926 r  u_dut/u_frontend/u_memory_dpd/out_valid_INST_0_i_1/O
                         net (fo=1, routed)           1.335     2.261    u_dut/u_frontend/u_memory_dpd/out_valid_INST_0_i_1_n_0
    SLICE_X67Y316        LUT6 (Prop_H6LUT_SLICEL_I0_O)
                                                      0.124     2.385 r  u_dut/u_frontend/u_memory_dpd/out_valid_INST_0/O
                         net (fo=98, routed)          1.704     4.089    u_dut/u_frontend/u_interp_2/in_valid
    SLICE_X54Y204        LUT2 (Prop_B6LUT_SLICEM_I0_O)
                                                      0.052     4.141 r  u_dut/u_frontend/u_interp_2/p_interp.(null)[0].value_i_1/O
                         net (fo=672, routed)         4.350     8.492    u_dut/u_frontend/u_interp_2/p_interp.(null)[0].value__3/CEC
    DSP48E2_X3Y90        DSP_C_DATA                                   r  u_dut/u_frontend/u_interp_2/p_interp.(null)[0].value__3/DSP_C_DATA_INST/CEC
  -------------------------------------------------------------------    -------------------

                         (clock core_clk rise edge)
                                                      4.571     4.571 r  
                                                      0.000     4.571 r  clk218 (IN)
                         net (fo=98508, unset)        0.043     4.614    u_dut/u_frontend/u_interp_2/p_interp.(null)[0].value__3/CLK
    DSP48E2_X3Y90        DSP_C_DATA                                   r  u_dut/u_frontend/u_interp_2/p_interp.(null)[0].value__3/DSP_C_DATA_INST/CLK
                         clock pessimism              0.000     4.614    
                         clock uncertainty           -0.035     4.579    
    DSP48E2_X3Y90        DSP_C_DATA (Setup_DSP_C_DATA_DSP48E2_CLK_CEC)
                                                     -0.160     4.419    u_dut/u_frontend/u_interp_2/p_interp.(null)[0].value__3/DSP_C_DATA_INST
  -------------------------------------------------------------------
                         required time                          4.419    
                         arrival time                          -8.492    
  -------------------------------------------------------------------
                         slack                                 -4.073    

Slack (VIOLATED) :        -4.054ns  (required time - arrival time)
  Source:                 u_dut/u_frontend/u_memory_dpd/g_lane[11].u_dpd/valid_pipe_reg[10]/C
                            (rising edge-triggered cell FDCE clocked by core_clk  {rise@0.000ns fall@2.286ns period=4.571ns})
  Destination:            u_dut/u_frontend/u_interp_2/p_interp.(null)[0].value__2__0/DSP_A_B_DATA_INST/CEA2
                            (rising edge-triggered cell DSP_A_B_DATA clocked by core_clk  {rise@0.000ns fall@2.286ns period=4.571ns})
  Path Group:             core_clk
  Path Type:              Setup (Max at Slow Process Corner)
  Requirement:            4.571ns  (core_clk rise@4.571ns - core_clk rise@0.000ns)
  Data Path Delay:        8.443ns  (logic 0.380ns (4.501%)  route 8.063ns (95.499%))
  Logic Levels:           3  (LUT2=1 LUT6=2)
  Clock Path Skew:        0.013ns (DCD - SCD + CPR)
    Destination Clock Delay (DCD):    0.043ns = ( 4.614 - 4.571 ) 
    Source Clock Delay      (SCD):    0.030ns
    Clock Pessimism Removal (CPR):    0.000ns
  Clock Uncertainty:      0.035ns  ((TSJ^2 + TIJ^2)^1/2 + DJ) / 2 + PE
    Total System Jitter     (TSJ):    0.071ns
    Total Input Jitter      (TIJ):    0.000ns
    Discrete Jitter          (DJ):    0.000ns
    Phase Error              (PE):    0.000ns

    Location             Delay type                Incr(ns)  Path(ns)    Netlist Resource(s)
  -------------------------------------------------------------------    -------------------
                         (clock core_clk rise edge)
                                                      0.000     0.000 r  
                                                      0.000     0.000 r  clk218 (IN)
                         net (fo=98508, unset)        0.030     0.030    u_dut/u_frontend/u_memory_dpd/g_lane[11].u_dpd/clk
    SLICE_X80Y113        FDCE                                         r  u_dut/u_frontend/u_memory_dpd/g_lane[11].u_dpd/valid_pipe_reg[10]/C
  -------------------------------------------------------------------    -------------------
    SLICE_X80Y113        FDCE (Prop_DFF2_SLICEM_C_Q)
                                                      0.080     0.110 r  u_dut/u_frontend/u_memory_dpd/g_lane[11].u_dpd/valid_pipe_reg[10]/Q
                         net (fo=1, routed)           0.692     0.802    u_dut/u_frontend/u_memory_dpd/lane_out_valid[11]
    SLICE_X67Y154        LUT6 (Prop_H6LUT_SLICEL_I3_O)
                                                      0.124     0.926 r  u_dut/u_frontend/u_memory_dpd/out_valid_INST_0_i_1/O
                         net (fo=1, routed)           1.335     2.261    u_dut/u_frontend/u_memory_dpd/out_valid_INST_0_i_1_n_0
    SLICE_X67Y316        LUT6 (Prop_H6LUT_SLICEL_I0_O)
                                                      0.124     2.385 r  u_dut/u_frontend/u_memory_dpd/out_valid_INST_0/O
                         net (fo=98, routed)          1.704     4.089    u_dut/u_frontend/u_interp_2/in_valid
    SLICE_X54Y204        LUT2 (Prop_B6LUT_SLICEM_I0_O)
                                                      0.052     4.141 r  u_dut/u_frontend/u_interp_2/p_interp.(null)[0].value_i_1/O
                         net (fo=672, routed)         4.332     8.473    u_dut/u_frontend/u_interp_2/p_interp.(null)[0].value__2__0/CEA2
    DSP48E2_X4Y93        DSP_A_B_DATA                                 r  u_dut/u_frontend/u_interp_2/p_interp.(null)[0].value__2__0/DSP_A_B_DATA_INST/CEA2
  -------------------------------------------------------------------    -------------------

                         (clock core_clk rise edge)
                                                      4.571     4.571 r  
                                                      0.000     4.571 r  clk218 (IN)
                         net (fo=98508, unset)        0.043     4.614    u_dut/u_frontend/u_interp_2/p_interp.(null)[0].value__2__0/CLK
    DSP48E2_X4Y93        DSP_A_B_DATA                                 r  u_dut/u_frontend/u_interp_2/p_interp.(null)[0].value__2__0/DSP_A_B_DATA_INST/CLK
                         clock pessimism              0.000     4.614    
                         clock uncertainty           -0.035     4.579    
    DSP48E2_X4Y93        DSP_A_B_DATA (Setup_DSP_A_B_DATA_DSP48E2_CLK_CEA2)
                                                     -0.159     4.420    u_dut/u_frontend/u_interp_2/p_interp.(null)[0].value__2__0/DSP_A_B_DATA_INST
  -------------------------------------------------------------------
                         required time                          4.420    
                         arrival time                          -8.473    
  -------------------------------------------------------------------
                         slack                                 -4.054    

Slack (VIOLATED) :        -4.035ns  (required time - arrival time)
  Source:                 u_dut/u_frontend/u_memory_dpd/g_lane[11].u_dpd/valid_pipe_reg[10]/C
                            (rising edge-triggered cell FDCE clocked by core_clk  {rise@0.000ns fall@2.286ns period=4.571ns})
  Destination:            u_dut/u_frontend/u_interp_2/s0_history_i_reg[1][10]/CE
                            (rising edge-triggered cell FDRE clocked by core_clk  {rise@0.000ns fall@2.286ns period=4.571ns})
  Path Group:             core_clk
  Path Type:              Setup (Max at Slow Process Corner)
  Requirement:            4.571ns  (core_clk rise@4.571ns - core_clk rise@0.000ns)
  Data Path Delay:        8.500ns  (logic 0.380ns (4.470%)  route 8.120ns (95.530%))
  Logic Levels:           3  (LUT2=1 LUT6=2)
  Clock Path Skew:        -0.009ns (DCD - SCD + CPR)
    Destination Clock Delay (DCD):    0.021ns = ( 4.592 - 4.571 ) 
    Source Clock Delay      (SCD):    0.030ns
    Clock Pessimism Removal (CPR):    0.000ns
  Clock Uncertainty:      0.035ns  ((TSJ^2 + TIJ^2)^1/2 + DJ) / 2 + PE
    Total System Jitter     (TSJ):    0.071ns
    Total Input Jitter      (TIJ):    0.000ns
    Discrete Jitter          (DJ):    0.000ns
    Phase Error              (PE):    0.000ns

    Location             Delay type                Incr(ns)  Path(ns)    Netlist Resource(s)
  -------------------------------------------------------------------    -------------------
                         (clock core_clk rise edge)
                                                      0.000     0.000 r  
                                                      0.000     0.000 r  clk218 (IN)
                         net (fo=98508, unset)        0.030     0.030    u_dut/u_frontend/u_memory_dpd/g_lane[11].u_dpd/clk
    SLICE_X80Y113        FDCE                                         r  u_dut/u_frontend/u_memory_dpd/g_lane[11].u_dpd/valid_pipe_reg[10]/C
  -------------------------------------------------------------------    -------------------
    SLICE_X80Y113        FDCE (Prop_DFF2_SLICEM_C_Q)
                                                      0.080     0.110 r  u_dut/u_frontend/u_memory_dpd/g_lane[11].u_dpd/valid_pipe_reg[10]/Q
                         net (fo=1, routed)           0.692     0.802    u_dut/u_frontend/u_memory_dpd/lane_out_valid[11]
    SLICE_X67Y154        LUT6 (Prop_H6LUT_SLICEL_I3_O)
                                                      0.124     0.926 r  u_dut/u_frontend/u_memory_dpd/out_valid_INST_0_i_1/O
                         net (fo=1, routed)           1.335     2.261    u_dut/u_frontend/u_memory_dpd/out_valid_INST_0_i_1_n_0
    SLICE_X67Y316        LUT6 (Prop_H6LUT_SLICEL_I0_O)
                                                      0.124     2.385 r  u_dut/u_frontend/u_memory_dpd/out_valid_INST_0/O
                         net (fo=98, routed)          1.704     4.089    u_dut/u_frontend/u_interp_2/in_valid
    SLICE_X54Y204        LUT2 (Prop_B6LUT_SLICEM_I0_O)
                                                      0.052     4.141 r  u_dut/u_frontend/u_interp_2/p_interp.(null)[0].value_i_1/O
                         net (fo=672, routed)         4.389     8.530    u_dut/u_frontend/u_interp_2/s0_history_i
    SLICE_X26Y230        FDRE                                         r  u_dut/u_frontend/u_interp_2/s0_history_i_reg[1][10]/CE
  -------------------------------------------------------------------    -------------------

                         (clock core_clk rise edge)
                                                      4.571     4.571 r  
                                                      0.000     4.571 r  clk218 (IN)
                         net (fo=98508, unset)        0.021     4.592    u_dut/u_frontend/u_interp_2/clk
    SLICE_X26Y230        FDRE                                         r  u_dut/u_frontend/u_interp_2/s0_history_i_reg[1][10]/C
                         clock pessimism              0.000     4.592    
                         clock uncertainty           -0.035     4.557    
    SLICE_X26Y230        FDRE (Setup_EFF2_SLICEM_C_CE)
                                                     -0.061     4.496    u_dut/u_frontend/u_interp_2/s0_history_i_reg[1][10]
  -------------------------------------------------------------------
                         required time                          4.496    
                         arrival time                          -8.530    
  -------------------------------------------------------------------
                         slack                                 -4.035    

Slack (VIOLATED) :        -4.035ns  (required time - arrival time)
  Source:                 u_dut/u_frontend/u_memory_dpd/g_lane[11].u_dpd/valid_pipe_reg[10]/C
                            (rising edge-triggered cell FDCE clocked by core_clk  {rise@0.000ns fall@2.286ns period=4.571ns})
  Destination:            u_dut/u_frontend/u_interp_2/s0_history_i_reg[1][14]/CE
                            (rising edge-triggered cell FDRE clocked by core_clk  {rise@0.000ns fall@2.286ns period=4.571ns})
  Path Group:             core_clk
  Path Type:              Setup (Max at Slow Process Corner)
  Requirement:            4.571ns  (core_clk rise@4.571ns - core_clk rise@0.000ns)
  Data Path Delay:        8.500ns  (logic 0.380ns (4.470%)  route 8.120ns (95.530%))
  Logic Levels:           3  (LUT2=1 LUT6=2)
  Clock Path Skew:        -0.009ns (DCD - SCD + CPR)
    Destination Clock Delay (DCD):    0.021ns = ( 4.592 - 4.571 ) 
    Source Clock Delay      (SCD):    0.030ns
    Clock Pessimism Removal (CPR):    0.000ns
  Clock Uncertainty:      0.035ns  ((TSJ^2 + TIJ^2)^1/2 + DJ) / 2 + PE
    Total System Jitter     (TSJ):    0.071ns
    Total Input Jitter      (TIJ):    0.000ns
    Discrete Jitter          (DJ):    0.000ns
    Phase Error              (PE):    0.000ns

    Location             Delay type                Incr(ns)  Path(ns)    Netlist Resource(s)
  -------------------------------------------------------------------    -------------------
                         (clock core_clk rise edge)
                                                      0.000     0.000 r  
                                                      0.000     0.000 r  clk218 (IN)
                         net (fo=98508, unset)        0.030     0.030    u_dut/u_frontend/u_memory_dpd/g_lane[11].u_dpd/clk
    SLICE_X80Y113        FDCE                                         r  u_dut/u_frontend/u_memory_dpd/g_lane[11].u_dpd/valid_pipe_reg[10]/C
  -------------------------------------------------------------------    -------------------
    SLICE_X80Y113        FDCE (Prop_DFF2_SLICEM_C_Q)
                                                      0.080     0.110 r  u_dut/u_frontend/u_memory_dpd/g_lane[11].u_dpd/valid_pipe_reg[10]/Q
                         net (fo=1, routed)           0.692     0.802    u_dut/u_frontend/u_memory_dpd/lane_out_valid[11]
    SLICE_X67Y154        LUT6 (Prop_H6LUT_SLICEL_I3_O)
                                                      0.124     0.926 r  u_dut/u_frontend/u_memory_dpd/out_valid_INST_0_i_1/O
                         net (fo=1, routed)           1.335     2.261    u_dut/u_frontend/u_memory_dpd/out_valid_INST_0_i_1_n_0
    SLICE_X67Y316        LUT6 (Prop_H6LUT_SLICEL_I0_O)
                                                      0.124     2.385 r  u_dut/u_frontend/u_memory_dpd/out_valid_INST_0/O
                         net (fo=98, routed)          1.704     4.089    u_dut/u_frontend/u_interp_2/in_valid
    SLICE_X54Y204        LUT2 (Prop_B6LUT_SLICEM_I0_O)
                                                      0.052     4.141 r  u_dut/u_frontend/u_interp_2/p_interp.(null)[0].value_i_1/O
                         net (fo=672, routed)         4.389     8.530    u_dut/u_frontend/u_interp_2/s0_history_i
    SLICE_X26Y230        FDRE                                         r  u_dut/u_frontend/u_interp_2/s0_history_i_reg[1][14]/CE
  -------------------------------------------------------------------    -------------------

                         (clock core_clk rise edge)
                                                      4.571     4.571 r  
                                                      0.000     4.571 r  clk218 (IN)
                         net (fo=98508, unset)        0.021     4.592    u_dut/u_frontend/u_interp_2/clk
    SLICE_X26Y230        FDRE                                         r  u_dut/u_frontend/u_interp_2/s0_history_i_reg[1][14]/C
                         clock pessimism              0.000     4.592    
                         clock uncertainty           -0.035     4.557    
    SLICE_X26Y230        FDRE (Setup_FFF2_SLICEM_C_CE)
                                                     -0.061     4.496    u_dut/u_frontend/u_interp_2/s0_history_i_reg[1][14]
  -------------------------------------------------------------------
                         required time                          4.496    
                         arrival time                          -8.530    
  -------------------------------------------------------------------
                         slack                                 -4.035    

Slack (VIOLATED) :        -4.035ns  (required time - arrival time)
  Source:                 u_dut/u_frontend/u_memory_dpd/g_lane[11].u_dpd/valid_pipe_reg[10]/C
                            (rising edge-triggered cell FDCE clocked by core_clk  {rise@0.000ns fall@2.286ns period=4.571ns})
  Destination:            u_dut/u_frontend/u_interp_2/s0_history_i_reg[1][1]/CE
                            (rising edge-triggered cell FDRE clocked by core_clk  {rise@0.000ns fall@2.286ns period=4.571ns})
  Path Group:             core_clk
  Path Type:              Setup (Max at Slow Process Corner)
  Requirement:            4.571ns  (core_clk rise@4.571ns - core_clk rise@0.000ns)
  Data Path Delay:        8.500ns  (logic 0.380ns (4.470%)  route 8.120ns (95.530%))
  Logic Levels:           3  (LUT2=1 LUT6=2)
  Clock Path Skew:        -0.009ns (DCD - SCD + CPR)
    Destination Clock Delay (DCD):    0.021ns = ( 4.592 - 4.571 ) 
    Source Clock Delay      (SCD):    0.030ns
    Clock Pessimism Removal (CPR):    0.000ns
  Clock Uncertainty:      0.035ns  ((TSJ^2 + TIJ^2)^1/2 + DJ) / 2 + PE
    Total System Jitter     (TSJ):    0.071ns
    Total Input Jitter      (TIJ):    0.000ns
    Discrete Jitter          (DJ):    0.000ns
    Phase Error              (PE):    0.000ns

    Location             Delay type                Incr(ns)  Path(ns)    Netlist Resource(s)
  -------------------------------------------------------------------    -------------------
                         (clock core_clk rise edge)
                                                      0.000     0.000 r  
                                                      0.000     0.000 r  clk218 (IN)
                         net (fo=98508, unset)        0.030     0.030    u_dut/u_frontend/u_memory_dpd/g_lane[11].u_dpd/clk
    SLICE_X80Y113        FDCE                                         r  u_dut/u_frontend/u_memory_dpd/g_lane[11].u_dpd/valid_pipe_reg[10]/C
  -------------------------------------------------------------------    -------------------
    SLICE_X80Y113        FDCE (Prop_DFF2_SLICEM_C_Q)
                                                      0.080     0.110 r  u_dut/u_frontend/u_memory_dpd/g_lane[11].u_dpd/valid_pipe_reg[10]/Q
                         net (fo=1, routed)           0.692     0.802    u_dut/u_frontend/u_memory_dpd/lane_out_valid[11]
    SLICE_X67Y154        LUT6 (Prop_H6LUT_SLICEL_I3_O)
                                                      0.124     0.926 r  u_dut/u_frontend/u_memory_dpd/out_valid_INST_0_i_1/O
                         net (fo=1, routed)           1.335     2.261    u_dut/u_frontend/u_memory_dpd/out_valid_INST_0_i_1_n_0
    SLICE_X67Y316        LUT6 (Prop_H6LUT_SLICEL_I0_O)
                                                      0.124     2.385 r  u_dut/u_frontend/u_memory_dpd/out_valid_INST_0/O
                         net (fo=98, routed)          1.704     4.089    u_dut/u_frontend/u_interp_2/in_valid
    SLICE_X54Y204        LUT2 (Prop_B6LUT_SLICEM_I0_O)
                                                      0.052     4.141 r  u_dut/u_frontend/u_interp_2/p_interp.(null)[0].value_i_1/O
                         net (fo=672, routed)         4.389     8.530    u_dut/u_frontend/u_interp_2/s0_history_i
    SLICE_X26Y230        FDRE                                         r  u_dut/u_frontend/u_interp_2/s0_history_i_reg[1][1]/CE
  -------------------------------------------------------------------    -------------------

                         (clock core_clk rise edge)
                                                      4.571     4.571 r  
                                                      0.000     4.571 r  clk218 (IN)
                         net (fo=98508, unset)        0.021     4.592    u_dut/u_frontend/u_interp_2/clk
    SLICE_X26Y230        FDRE                                         r  u_dut/u_frontend/u_interp_2/s0_history_i_reg[1][1]/C
                         clock pessimism              0.000     4.592    
                         clock uncertainty           -0.035     4.557    
    SLICE_X26Y230        FDRE (Setup_GFF2_SLICEM_C_CE)
                                                     -0.061     4.496    u_dut/u_frontend/u_interp_2/s0_history_i_reg[1][1]
  -------------------------------------------------------------------
                         required time                          4.496    
                         arrival time                          -8.530    
  -------------------------------------------------------------------
                         slack                                 -4.035    

Slack (VIOLATED) :        -4.035ns  (required time - arrival time)
  Source:                 u_dut/u_frontend/u_memory_dpd/g_lane[11].u_dpd/valid_pipe_reg[10]/C
                            (rising edge-triggered cell FDCE clocked by core_clk  {rise@0.000ns fall@2.286ns period=4.571ns})
  Destination:            u_dut/u_frontend/u_interp_2/s0_history_i_reg[1][3]/CE
                            (rising edge-triggered cell FDRE clocked by core_clk  {rise@0.000ns fall@2.286ns period=4.571ns})
  Path Group:             core_clk
  Path Type:              Setup (Max at Slow Process Corner)
  Requirement:            4.571ns  (core_clk rise@4.571ns - core_clk rise@0.000ns)
  Data Path Delay:        8.500ns  (logic 0.380ns (4.470%)  route 8.120ns (95.530%))
  Logic Levels:           3  (LUT2=1 LUT6=2)
  Clock Path Skew:        -0.010ns (DCD - SCD + CPR)
    Destination Clock Delay (DCD):    0.020ns = ( 4.591 - 4.571 ) 
    Source Clock Delay      (SCD):    0.030ns
    Clock Pessimism Removal (CPR):    0.000ns
  Clock Uncertainty:      0.035ns  ((TSJ^2 + TIJ^2)^1/2 + DJ) / 2 + PE
    Total System Jitter     (TSJ):    0.071ns
    Total Input Jitter      (TIJ):    0.000ns
    Discrete Jitter          (DJ):    0.000ns
    Phase Error              (PE):    0.000ns

    Location             Delay type                Incr(ns)  Path(ns)    Netlist Resource(s)
  -------------------------------------------------------------------    -------------------
                         (clock core_clk rise edge)
                                                      0.000     0.000 r  
                                                      0.000     0.000 r  clk218 (IN)
                         net (fo=98508, unset)        0.030     0.030    u_dut/u_frontend/u_memory_dpd/g_lane[11].u_dpd/clk
    SLICE_X80Y113        FDCE                                         r  u_dut/u_frontend/u_memory_dpd/g_lane[11].u_dpd/valid_pipe_reg[10]/C
  -------------------------------------------------------------------    -------------------
    SLICE_X80Y113        FDCE (Prop_DFF2_SLICEM_C_Q)
                                                      0.080     0.110 r  u_dut/u_frontend/u_memory_dpd/g_lane[11].u_dpd/valid_pipe_reg[10]/Q
                         net (fo=1, routed)           0.692     0.802    u_dut/u_frontend/u_memory_dpd/lane_out_valid[11]
    SLICE_X67Y154        LUT6 (Prop_H6LUT_SLICEL_I3_O)
                                                      0.124     0.926 r  u_dut/u_frontend/u_memory_dpd/out_valid_INST_0_i_1/O
                         net (fo=1, routed)           1.335     2.261    u_dut/u_frontend/u_memory_dpd/out_valid_INST_0_i_1_n_0
    SLICE_X67Y316        LUT6 (Prop_H6LUT_SLICEL_I0_O)
                                                      0.124     2.385 r  u_dut/u_frontend/u_memory_dpd/out_valid_INST_0/O
                         net (fo=98, routed)          1.704     4.089    u_dut/u_frontend/u_interp_2/in_valid
    SLICE_X54Y204        LUT2 (Prop_B6LUT_SLICEM_I0_O)
                                                      0.052     4.141 r  u_dut/u_frontend/u_interp_2/p_interp.(null)[0].value_i_1/O
                         net (fo=672, routed)         4.389     8.530    u_dut/u_frontend/u_interp_2/s0_history_i
    SLICE_X27Y230        FDRE                                         r  u_dut/u_frontend/u_interp_2/s0_history_i_reg[1][3]/CE
  -------------------------------------------------------------------    -------------------

                         (clock core_clk rise edge)
                                                      4.571     4.571 r  
                                                      0.000     4.571 r  clk218 (IN)
                         net (fo=98508, unset)        0.020     4.591    u_dut/u_frontend/u_interp_2/clk
    SLICE_X27Y230        FDRE                                         r  u_dut/u_frontend/u_interp_2/s0_history_i_reg[1][3]/C
                         clock pessimism              0.000     4.591    
                         clock uncertainty           -0.035     4.556    
    SLICE_X27Y230        FDRE (Setup_EFF2_SLICEL_C_CE)
                                                     -0.060     4.496    u_dut/u_frontend/u_interp_2/s0_history_i_reg[1][3]
  -------------------------------------------------------------------
                         required time                          4.496    
                         arrival time                          -8.530    
  -------------------------------------------------------------------
                         slack                                 -4.035    

Slack (VIOLATED) :        -4.035ns  (required time - arrival time)
  Source:                 u_dut/u_frontend/u_memory_dpd/g_lane[11].u_dpd/valid_pipe_reg[10]/C
                            (rising edge-triggered cell FDCE clocked by core_clk  {rise@0.000ns fall@2.286ns period=4.571ns})
  Destination:            u_dut/u_frontend/u_interp_2/s0_history_i_reg[1][5]/CE
                            (rising edge-triggered cell FDRE clocked by core_clk  {rise@0.000ns fall@2.286ns period=4.571ns})
  Path Group:             core_clk
  Path Type:              Setup (Max at Slow Process Corner)
  Requirement:            4.571ns  (core_clk rise@4.571ns - core_clk rise@0.000ns)
  Data Path Delay:        8.500ns  (logic 0.380ns (4.470%)  route 8.120ns (95.530%))
  Logic Levels:           3  (LUT2=1 LUT6=2)
  Clock Path Skew:        -0.010ns (DCD - SCD + CPR)
    Destination Clock Delay (DCD):    0.020ns = ( 4.591 - 4.571 ) 
    Source Clock Delay      (SCD):    0.030ns
    Clock Pessimism Removal (CPR):    0.000ns
  Clock Uncertainty:      0.035ns  ((TSJ^2 + TIJ^2)^1/2 + DJ) / 2 + PE
    Total System Jitter     (TSJ):    0.071ns
    Total Input Jitter      (TIJ):    0.000ns
    Discrete Jitter          (DJ):    0.000ns
    Phase Error              (PE):    0.000ns

    Location             Delay type                Incr(ns)  Path(ns)    Netlist Resource(s)
  -------------------------------------------------------------------    -------------------
                         (clock core_clk rise edge)
                                                      0.000     0.000 r  
                                                      0.000     0.000 r  clk218 (IN)
                         net (fo=98508, unset)        0.030     0.030    u_dut/u_frontend/u_memory_dpd/g_lane[11].u_dpd/clk
    SLICE_X80Y113        FDCE                                         r  u_dut/u_frontend/u_memory_dpd/g_lane[11].u_dpd/valid_pipe_reg[10]/C
  -------------------------------------------------------------------    -------------------
    SLICE_X80Y113        FDCE (Prop_DFF2_SLICEM_C_Q)
                                                      0.080     0.110 r  u_dut/u_frontend/u_memory_dpd/g_lane[11].u_dpd/valid_pipe_reg[10]/Q
                         net (fo=1, routed)           0.692     0.802    u_dut/u_frontend/u_memory_dpd/lane_out_valid[11]
    SLICE_X67Y154        LUT6 (Prop_H6LUT_SLICEL_I3_O)
                                                      0.124     0.926 r  u_dut/u_frontend/u_memory_dpd/out_valid_INST_0_i_1/O
                         net (fo=1, routed)           1.335     2.261    u_dut/u_frontend/u_memory_dpd/out_valid_INST_0_i_1_n_0
    SLICE_X67Y316        LUT6 (Prop_H6LUT_SLICEL_I0_O)
                                                      0.124     2.385 r  u_dut/u_frontend/u_memory_dpd/out_valid_INST_0/O
                         net (fo=98, routed)          1.704     4.089    u_dut/u_frontend/u_interp_2/in_valid
    SLICE_X54Y204        LUT2 (Prop_B6LUT_SLICEM_I0_O)
                                                      0.052     4.141 r  u_dut/u_frontend/u_interp_2/p_interp.(null)[0].value_i_1/O
                         net (fo=672, routed)         4.389     8.530    u_dut/u_frontend/u_interp_2/s0_history_i
    SLICE_X27Y230        FDRE                                         r  u_dut/u_frontend/u_interp_2/s0_history_i_reg[1][5]/CE
  -------------------------------------------------------------------    -------------------

                         (clock core_clk rise edge)
                                                      4.571     4.571 r  
                                                      0.000     4.571 r  clk218 (IN)
                         net (fo=98508, unset)        0.020     4.591    u_dut/u_frontend/u_interp_2/clk
    SLICE_X27Y230        FDRE                                         r  u_dut/u_frontend/u_interp_2/s0_history_i_reg[1][5]/C
                         clock pessimism              0.000     4.591    
                         clock uncertainty           -0.035     4.556    
    SLICE_X27Y230        FDRE (Setup_FFF2_SLICEL_C_CE)
                                                     -0.060     4.496    u_dut/u_frontend/u_interp_2/s0_history_i_reg[1][5]
  -------------------------------------------------------------------
                         required time                          4.496    
                         arrival time                          -8.530    
  -------------------------------------------------------------------
                         slack                                 -4.035    

Slack (VIOLATED) :        -4.035ns  (required time - arrival time)
  Source:                 u_dut/u_frontend/u_memory_dpd/g_lane[11].u_dpd/valid_pipe_reg[10]/C
                            (rising edge-triggered cell FDCE clocked by core_clk  {rise@0.000ns fall@2.286ns period=4.571ns})
  Destination:            u_dut/u_frontend/u_interp_2/s0_history_i_reg[1][8]/CE
                            (rising edge-triggered cell FDRE clocked by core_clk  {rise@0.000ns fall@2.286ns period=4.571ns})
  Path Group:             core_clk
  Path Type:              Setup (Max at Slow Process Corner)
  Requirement:            4.571ns  (core_clk rise@4.571ns - core_clk rise@0.000ns)
  Data Path Delay:        8.500ns  (logic 0.380ns (4.470%)  route 8.120ns (95.530%))
  Logic Levels:           3  (LUT2=1 LUT6=2)
  Clock Path Skew:        -0.010ns (DCD - SCD + CPR)
    Destination Clock Delay (DCD):    0.020ns = ( 4.591 - 4.571 ) 
    Source Clock Delay      (SCD):    0.030ns
    Clock Pessimism Removal (CPR):    0.000ns
  Clock Uncertainty:      0.035ns  ((TSJ^2 + TIJ^2)^1/2 + DJ) / 2 + PE
    Total System Jitter     (TSJ):    0.071ns
    Total Input Jitter      (TIJ):    0.000ns
    Discrete Jitter          (DJ):    0.000ns
    Phase Error              (PE):    0.000ns

    Location             Delay type                Incr(ns)  Path(ns)    Netlist Resource(s)
  -------------------------------------------------------------------    -------------------
                         (clock core_clk rise edge)
                                                      0.000     0.000 r  
                                                      0.000     0.000 r  clk218 (IN)
                         net (fo=98508, unset)        0.030     0.030    u_dut/u_frontend/u_memory_dpd/g_lane[11].u_dpd/clk
    SLICE_X80Y113        FDCE                                         r  u_dut/u_frontend/u_memory_dpd/g_lane[11].u_dpd/valid_pipe_reg[10]/C
  -------------------------------------------------------------------    -------------------
    SLICE_X80Y113        FDCE (Prop_DFF2_SLICEM_C_Q)
                                                      0.080     0.110 r  u_dut/u_frontend/u_memory_dpd/g_lane[11].u_dpd/valid_pipe_reg[10]/Q
                         net (fo=1, routed)           0.692     0.802    u_dut/u_frontend/u_memory_dpd/lane_out_valid[11]
    SLICE_X67Y154        LUT6 (Prop_H6LUT_SLICEL_I3_O)
                                                      0.124     0.926 r  u_dut/u_frontend/u_memory_dpd/out_valid_INST_0_i_1/O
                         net (fo=1, routed)           1.335     2.261    u_dut/u_frontend/u_memory_dpd/out_valid_INST_0_i_1_n_0
    SLICE_X67Y316        LUT6 (Prop_H6LUT_SLICEL_I0_O)
                                                      0.124     2.385 r  u_dut/u_frontend/u_memory_dpd/out_valid_INST_0/O
                         net (fo=98, routed)          1.704     4.089    u_dut/u_frontend/u_interp_2/in_valid
    SLICE_X54Y204        LUT2 (Prop_B6LUT_SLICEM_I0_O)
                                                      0.052     4.141 r  u_dut/u_frontend/u_interp_2/p_interp.(null)[0].value_i_1/O
                         net (fo=672, routed)         4.389     8.530    u_dut/u_frontend/u_interp_2/s0_history_i
    SLICE_X27Y230        FDRE                                         r  u_dut/u_frontend/u_interp_2/s0_history_i_reg[1][8]/CE
  -------------------------------------------------------------------    -------------------

                         (clock core_clk rise edge)
                                                      4.571     4.571 r  
                                                      0.000     4.571 r  clk218 (IN)
                         net (fo=98508, unset)        0.020     4.591    u_dut/u_frontend/u_interp_2/clk
    SLICE_X27Y230        FDRE                                         r  u_dut/u_frontend/u_interp_2/s0_history_i_reg[1][8]/C
                         clock pessimism              0.000     4.591    
                         clock uncertainty           -0.035     4.556    
    SLICE_X27Y230        FDRE (Setup_GFF2_SLICEL_C_CE)
                                                     -0.060     4.496    u_dut/u_frontend/u_interp_2/s0_history_i_reg[1][8]
  -------------------------------------------------------------------
                         required time                          4.496    
                         arrival time                          -8.530    
  -------------------------------------------------------------------
                         slack                                 -4.035    

Slack (VIOLATED) :        -4.033ns  (required time - arrival time)
  Source:                 u_dut/u_frontend/u_memory_dpd/g_lane[11].u_dpd/valid_pipe_reg[10]/C
                            (rising edge-triggered cell FDCE clocked by core_clk  {rise@0.000ns fall@2.286ns period=4.571ns})
  Destination:            u_dut/u_frontend/u_interp_2/s0_history_i_reg[1][0]/CE
                            (rising edge-triggered cell FDRE clocked by core_clk  {rise@0.000ns fall@2.286ns period=4.571ns})
  Path Group:             core_clk
  Path Type:              Setup (Max at Slow Process Corner)
  Requirement:            4.571ns  (core_clk rise@4.571ns - core_clk rise@0.000ns)
  Data Path Delay:        8.498ns  (logic 0.380ns (4.471%)  route 8.118ns (95.529%))
  Logic Levels:           3  (LUT2=1 LUT6=2)
  Clock Path Skew:        -0.009ns (DCD - SCD + CPR)
    Destination Clock Delay (DCD):    0.021ns = ( 4.592 - 4.571 ) 
    Source Clock Delay      (SCD):    0.030ns
    Clock Pessimism Removal (CPR):    0.000ns
  Clock Uncertainty:      0.035ns  ((TSJ^2 + TIJ^2)^1/2 + DJ) / 2 + PE
    Total System Jitter     (TSJ):    0.071ns
    Total Input Jitter      (TIJ):    0.000ns
    Discrete Jitter          (DJ):    0.000ns
    Phase Error              (PE):    0.000ns

    Location             Delay type                Incr(ns)  Path(ns)    Netlist Resource(s)
  -------------------------------------------------------------------    -------------------
                         (clock core_clk rise edge)
                                                      0.000     0.000 r  
                                                      0.000     0.000 r  clk218 (IN)
                         net (fo=98508, unset)        0.030     0.030    u_dut/u_frontend/u_memory_dpd/g_lane[11].u_dpd/clk
    SLICE_X80Y113        FDCE                                         r  u_dut/u_frontend/u_memory_dpd/g_lane[11].u_dpd/valid_pipe_reg[10]/C
  -------------------------------------------------------------------    -------------------
    SLICE_X80Y113        FDCE (Prop_DFF2_SLICEM_C_Q)
                                                      0.080     0.110 r  u_dut/u_frontend/u_memory_dpd/g_lane[11].u_dpd/valid_pipe_reg[10]/Q
                         net (fo=1, routed)           0.692     0.802    u_dut/u_frontend/u_memory_dpd/lane_out_valid[11]
    SLICE_X67Y154        LUT6 (Prop_H6LUT_SLICEL_I3_O)
                                                      0.124     0.926 r  u_dut/u_frontend/u_memory_dpd/out_valid_INST_0_i_1/O
                         net (fo=1, routed)           1.335     2.261    u_dut/u_frontend/u_memory_dpd/out_valid_INST_0_i_1_n_0
    SLICE_X67Y316        LUT6 (Prop_H6LUT_SLICEL_I0_O)
                                                      0.124     2.385 r  u_dut/u_frontend/u_memory_dpd/out_valid_INST_0/O
                         net (fo=98, routed)          1.704     4.089    u_dut/u_frontend/u_interp_2/in_valid
    SLICE_X54Y204        LUT2 (Prop_B6LUT_SLICEM_I0_O)
                                                      0.052     4.141 r  u_dut/u_frontend/u_interp_2/p_interp.(null)[0].value_i_1/O
                         net (fo=672, routed)         4.387     8.528    u_dut/u_frontend/u_interp_2/s0_history_i
    SLICE_X26Y230        FDRE                                         r  u_dut/u_frontend/u_interp_2/s0_history_i_reg[1][0]/CE
  -------------------------------------------------------------------    -------------------

                         (clock core_clk rise edge)
                                                      4.571     4.571 r  
                                                      0.000     4.571 r  clk218 (IN)
                         net (fo=98508, unset)        0.021     4.592    u_dut/u_frontend/u_interp_2/clk
    SLICE_X26Y230        FDRE                                         r  u_dut/u_frontend/u_interp_2/s0_history_i_reg[1][0]/C
                         clock pessimism              0.000     4.592    
                         clock uncertainty           -0.035     4.557    
    SLICE_X26Y230        FDRE (Setup_EFF_SLICEM_C_CE)
                                                     -0.061     4.496    u_dut/u_frontend/u_interp_2/s0_history_i_reg[1][0]
  -------------------------------------------------------------------
                         required time                          4.496    
                         arrival time                          -8.528    
  -------------------------------------------------------------------
                         slack                                 -4.033    

Slack (VIOLATED) :        -4.033ns  (required time - arrival time)
  Source:                 u_dut/u_frontend/u_memory_dpd/g_lane[11].u_dpd/valid_pipe_reg[10]/C
                            (rising edge-triggered cell FDCE clocked by core_clk  {rise@0.000ns fall@2.286ns period=4.571ns})
  Destination:            u_dut/u_frontend/u_interp_2/s0_history_i_reg[1][13]/CE
                            (rising edge-triggered cell FDRE clocked by core_clk  {rise@0.000ns fall@2.286ns period=4.571ns})
  Path Group:             core_clk
  Path Type:              Setup (Max at Slow Process Corner)
  Requirement:            4.571ns  (core_clk rise@4.571ns - core_clk rise@0.000ns)
  Data Path Delay:        8.498ns  (logic 0.380ns (4.471%)  route 8.118ns (95.529%))
  Logic Levels:           3  (LUT2=1 LUT6=2)
  Clock Path Skew:        -0.009ns (DCD - SCD + CPR)
    Destination Clock Delay (DCD):    0.021ns = ( 4.592 - 4.571 ) 
    Source Clock Delay      (SCD):    0.030ns
    Clock Pessimism Removal (CPR):    0.000ns
  Clock Uncertainty:      0.035ns  ((TSJ^2 + TIJ^2)^1/2 + DJ) / 2 + PE
    Total System Jitter     (TSJ):    0.071ns
    Total Input Jitter      (TIJ):    0.000ns
    Discrete Jitter          (DJ):    0.000ns
    Phase Error              (PE):    0.000ns

    Location             Delay type                Incr(ns)  Path(ns)    Netlist Resource(s)
  -------------------------------------------------------------------    -------------------
                         (clock core_clk rise edge)
                                                      0.000     0.000 r  
                                                      0.000     0.000 r  clk218 (IN)
                         net (fo=98508, unset)        0.030     0.030    u_dut/u_frontend/u_memory_dpd/g_lane[11].u_dpd/clk
    SLICE_X80Y113        FDCE                                         r  u_dut/u_frontend/u_memory_dpd/g_lane[11].u_dpd/valid_pipe_reg[10]/C
  -------------------------------------------------------------------    -------------------
    SLICE_X80Y113        FDCE (Prop_DFF2_SLICEM_C_Q)
                                                      0.080     0.110 r  u_dut/u_frontend/u_memory_dpd/g_lane[11].u_dpd/valid_pipe_reg[10]/Q
                         net (fo=1, routed)           0.692     0.802    u_dut/u_frontend/u_memory_dpd/lane_out_valid[11]
    SLICE_X67Y154        LUT6 (Prop_H6LUT_SLICEL_I3_O)
                                                      0.124     0.926 r  u_dut/u_frontend/u_memory_dpd/out_valid_INST_0_i_1/O
                         net (fo=1, routed)           1.335     2.261    u_dut/u_frontend/u_memory_dpd/out_valid_INST_0_i_1_n_0
    SLICE_X67Y316        LUT6 (Prop_H6LUT_SLICEL_I0_O)
                                                      0.124     2.385 r  u_dut/u_frontend/u_memory_dpd/out_valid_INST_0/O
                         net (fo=98, routed)          1.704     4.089    u_dut/u_frontend/u_interp_2/in_valid
    SLICE_X54Y204        LUT2 (Prop_B6LUT_SLICEM_I0_O)
                                                      0.052     4.141 r  u_dut/u_frontend/u_interp_2/p_interp.(null)[0].value_i_1/O
                         net (fo=672, routed)         4.387     8.528    u_dut/u_frontend/u_interp_2/s0_history_i
    SLICE_X26Y230        FDRE                                         r  u_dut/u_frontend/u_interp_2/s0_history_i_reg[1][13]/CE
  -------------------------------------------------------------------    -------------------

                         (clock core_clk rise edge)
                                                      4.571     4.571 r  
                                                      0.000     4.571 r  clk218 (IN)
                         net (fo=98508, unset)        0.021     4.592    u_dut/u_frontend/u_interp_2/clk
    SLICE_X26Y230        FDRE                                         r  u_dut/u_frontend/u_interp_2/s0_history_i_reg[1][13]/C
                         clock pessimism              0.000     4.592    
                         clock uncertainty           -0.035     4.557    
    SLICE_X26Y230        FDRE (Setup_FFF_SLICEM_C_CE)
                                                     -0.061     4.496    u_dut/u_frontend/u_interp_2/s0_history_i_reg[1][13]
  -------------------------------------------------------------------
                         required time                          4.496    
                         arrival time                          -8.528    
  -------------------------------------------------------------------
                         slack                                 -4.033    

Slack (VIOLATED) :        -4.033ns  (required time - arrival time)
  Source:                 u_dut/u_frontend/u_memory_dpd/g_lane[11].u_dpd/valid_pipe_reg[10]/C
                            (rising edge-triggered cell FDCE clocked by core_clk  {rise@0.000ns fall@2.286ns period=4.571ns})
  Destination:            u_dut/u_frontend/u_interp_2/s0_history_i_reg[1][15]/CE
                            (rising edge-triggered cell FDRE clocked by core_clk  {rise@0.000ns fall@2.286ns period=4.571ns})
  Path Group:             core_clk
  Path Type:              Setup (Max at Slow Process Corner)
  Requirement:            4.571ns  (core_clk rise@4.571ns - core_clk rise@0.000ns)
  Data Path Delay:        8.498ns  (logic 0.380ns (4.471%)  route 8.118ns (95.529%))
  Logic Levels:           3  (LUT2=1 LUT6=2)
  Clock Path Skew:        -0.009ns (DCD - SCD + CPR)
    Destination Clock Delay (DCD):    0.021ns = ( 4.592 - 4.571 ) 
    Source Clock Delay      (SCD):    0.030ns
    Clock Pessimism Removal (CPR):    0.000ns
  Clock Uncertainty:      0.035ns  ((TSJ^2 + TIJ^2)^1/2 + DJ) / 2 + PE
    Total System Jitter     (TSJ):    0.071ns
    Total Input Jitter      (TIJ):    0.000ns
    Discrete Jitter          (DJ):    0.000ns
    Phase Error              (PE):    0.000ns

    Location             Delay type                Incr(ns)  Path(ns)    Netlist Resource(s)
  -------------------------------------------------------------------    -------------------
                         (clock core_clk rise edge)
                                                      0.000     0.000 r  
                                                      0.000     0.000 r  clk218 (IN)
                         net (fo=98508, unset)        0.030     0.030    u_dut/u_frontend/u_memory_dpd/g_lane[11].u_dpd/clk
    SLICE_X80Y113        FDCE                                         r  u_dut/u_frontend/u_memory_dpd/g_lane[11].u_dpd/valid_pipe_reg[10]/C
  -------------------------------------------------------------------    -------------------
    SLICE_X80Y113        FDCE (Prop_DFF2_SLICEM_C_Q)
                                                      0.080     0.110 r  u_dut/u_frontend/u_memory_dpd/g_lane[11].u_dpd/valid_pipe_reg[10]/Q
                         net (fo=1, routed)           0.692     0.802    u_dut/u_frontend/u_memory_dpd/lane_out_valid[11]
    SLICE_X67Y154        LUT6 (Prop_H6LUT_SLICEL_I3_O)
                                                      0.124     0.926 r  u_dut/u_frontend/u_memory_dpd/out_valid_INST_0_i_1/O
                         net (fo=1, routed)           1.335     2.261    u_dut/u_frontend/u_memory_dpd/out_valid_INST_0_i_1_n_0
    SLICE_X67Y316        LUT6 (Prop_H6LUT_SLICEL_I0_O)
                                                      0.124     2.385 r  u_dut/u_frontend/u_memory_dpd/out_valid_INST_0/O
                         net (fo=98, routed)          1.704     4.089    u_dut/u_frontend/u_interp_2/in_valid
    SLICE_X54Y204        LUT2 (Prop_B6LUT_SLICEM_I0_O)
                                                      0.052     4.141 r  u_dut/u_frontend/u_interp_2/p_interp.(null)[0].value_i_1/O
                         net (fo=672, routed)         4.387     8.528    u_dut/u_frontend/u_interp_2/s0_history_i
    SLICE_X26Y230        FDRE                                         r  u_dut/u_frontend/u_interp_2/s0_history_i_reg[1][15]/CE
  -------------------------------------------------------------------    -------------------

                         (clock core_clk rise edge)
                                                      4.571     4.571 r  
                                                      0.000     4.571 r  clk218 (IN)
                         net (fo=98508, unset)        0.021     4.592    u_dut/u_frontend/u_interp_2/clk
    SLICE_X26Y230        FDRE                                         r  u_dut/u_frontend/u_interp_2/s0_history_i_reg[1][15]/C
                         clock pessimism              0.000     4.592    
                         clock uncertainty           -0.035     4.557    
    SLICE_X26Y230        FDRE (Setup_GFF_SLICEM_C_CE)
                                                     -0.061     4.496    u_dut/u_frontend/u_interp_2/s0_history_i_reg[1][15]
  -------------------------------------------------------------------
                         required time                          4.496    
                         arrival time                          -8.528    
  -------------------------------------------------------------------
                         slack                                 -4.033    

Slack (VIOLATED) :        -4.033ns  (required time - arrival time)
  Source:                 u_dut/u_frontend/u_memory_dpd/g_lane[11].u_dpd/valid_pipe_reg[10]/C
                            (rising edge-triggered cell FDCE clocked by core_clk  {rise@0.000ns fall@2.286ns period=4.571ns})
  Destination:            u_dut/u_frontend/u_interp_2/s0_history_i_reg[1][2]/CE
                            (rising edge-triggered cell FDRE clocked by core_clk  {rise@0.000ns fall@2.286ns period=4.571ns})
  Path Group:             core_clk
  Path Type:              Setup (Max at Slow Process Corner)
  Requirement:            4.571ns  (core_clk rise@4.571ns - core_clk rise@0.000ns)
  Data Path Delay:        8.498ns  (logic 0.380ns (4.471%)  route 8.118ns (95.529%))
  Logic Levels:           3  (LUT2=1 LUT6=2)
  Clock Path Skew:        -0.010ns (DCD - SCD + CPR)
    Destination Clock Delay (DCD):    0.020ns = ( 4.591 - 4.571 ) 
    Source Clock Delay      (SCD):    0.030ns
    Clock Pessimism Removal (CPR):    0.000ns
  Clock Uncertainty:      0.035ns  ((TSJ^2 + TIJ^2)^1/2 + DJ) / 2 + PE
    Total System Jitter     (TSJ):    0.071ns
    Total Input Jitter      (TIJ):    0.000ns
    Discrete Jitter          (DJ):    0.000ns
    Phase Error              (PE):    0.000ns

    Location             Delay type                Incr(ns)  Path(ns)    Netlist Resource(s)
  -------------------------------------------------------------------    -------------------
                         (clock core_clk rise edge)
                                                      0.000     0.000 r  
                                                      0.000     0.000 r  clk218 (IN)
                         net (fo=98508, unset)        0.030     0.030    u_dut/u_frontend/u_memory_dpd/g_lane[11].u_dpd/clk
    SLICE_X80Y113        FDCE                                         r  u_dut/u_frontend/u_memory_dpd/g_lane[11].u_dpd/valid_pipe_reg[10]/C
  -------------------------------------------------------------------    -------------------
    SLICE_X80Y113        FDCE (Prop_DFF2_SLICEM_C_Q)
                                                      0.080     0.110 r  u_dut/u_frontend/u_memory_dpd/g_lane[11].u_dpd/valid_pipe_reg[10]/Q
                         net (fo=1, routed)           0.692     0.802    u_dut/u_frontend/u_memory_dpd/lane_out_valid[11]
    SLICE_X67Y154        LUT6 (Prop_H6LUT_SLICEL_I3_O)
                                                      0.124     0.926 r  u_dut/u_frontend/u_memory_dpd/out_valid_INST_0_i_1/O
                         net (fo=1, routed)           1.335     2.261    u_dut/u_frontend/u_memory_dpd/out_valid_INST_0_i_1_n_0
    SLICE_X67Y316        LUT6 (Prop_H6LUT_SLICEL_I0_O)
                                                      0.124     2.385 r  u_dut/u_frontend/u_memory_dpd/out_valid_INST_0/O
                         net (fo=98, routed)          1.704     4.089    u_dut/u_frontend/u_interp_2/in_valid
    SLICE_X54Y204        LUT2 (Prop_B6LUT_SLICEM_I0_O)
                                                      0.052     4.141 r  u_dut/u_frontend/u_interp_2/p_interp.(null)[0].value_i_1/O
                         net (fo=672, routed)         4.387     8.528    u_dut/u_frontend/u_interp_2/s0_history_i
    SLICE_X27Y230        FDRE                                         r  u_dut/u_frontend/u_interp_2/s0_history_i_reg[1][2]/CE
  -------------------------------------------------------------------    -------------------

                         (clock core_clk rise edge)
                                                      4.571     4.571 r  
                                                      0.000     4.571 r  clk218 (IN)
                         net (fo=98508, unset)        0.020     4.591    u_dut/u_frontend/u_interp_2/clk
    SLICE_X27Y230        FDRE                                         r  u_dut/u_frontend/u_interp_2/s0_history_i_reg[1][2]/C
                         clock pessimism              0.000     4.591    
                         clock uncertainty           -0.035     4.556    
    SLICE_X27Y230        FDRE (Setup_EFF_SLICEL_C_CE)
                                                     -0.060     4.496    u_dut/u_frontend/u_interp_2/s0_history_i_reg[1][2]
  -------------------------------------------------------------------
                         required time                          4.496    
                         arrival time                          -8.528    
  -------------------------------------------------------------------
                         slack                                 -4.033    

Slack (VIOLATED) :        -4.033ns  (required time - arrival time)
  Source:                 u_dut/u_frontend/u_memory_dpd/g_lane[11].u_dpd/valid_pipe_reg[10]/C
                            (rising edge-triggered cell FDCE clocked by core_clk  {rise@0.000ns fall@2.286ns period=4.571ns})
  Destination:            u_dut/u_frontend/u_interp_2/s0_history_i_reg[1][4]/CE
                            (rising edge-triggered cell FDRE clocked by core_clk  {rise@0.000ns fall@2.286ns period=4.571ns})
  Path Group:             core_clk
  Path Type:              Setup (Max at Slow Process Corner)
  Requirement:            4.571ns  (core_clk rise@4.571ns - core_clk rise@0.000ns)
  Data Path Delay:        8.498ns  (logic 0.380ns (4.471%)  route 8.118ns (95.529%))
  Logic Levels:           3  (LUT2=1 LUT6=2)
  Clock Path Skew:        -0.010ns (DCD - SCD + CPR)
    Destination Clock Delay (DCD):    0.020ns = ( 4.591 - 4.571 ) 
    Source Clock Delay      (SCD):    0.030ns
    Clock Pessimism Removal (CPR):    0.000ns
  Clock Uncertainty:      0.035ns  ((TSJ^2 + TIJ^2)^1/2 + DJ) / 2 + PE
    Total System Jitter     (TSJ):    0.071ns
    Total Input Jitter      (TIJ):    0.000ns
    Discrete Jitter          (DJ):    0.000ns
    Phase Error              (PE):    0.000ns

    Location             Delay type                Incr(ns)  Path(ns)    Netlist Resource(s)
  -------------------------------------------------------------------    -------------------
                         (clock core_clk rise edge)
                                                      0.000     0.000 r  
                                                      0.000     0.000 r  clk218 (IN)
                         net (fo=98508, unset)        0.030     0.030    u_dut/u_frontend/u_memory_dpd/g_lane[11].u_dpd/clk
    SLICE_X80Y113        FDCE                                         r  u_dut/u_frontend/u_memory_dpd/g_lane[11].u_dpd/valid_pipe_reg[10]/C
  -------------------------------------------------------------------    -------------------
    SLICE_X80Y113        FDCE (Prop_DFF2_SLICEM_C_Q)
                                                      0.080     0.110 r  u_dut/u_frontend/u_memory_dpd/g_lane[11].u_dpd/valid_pipe_reg[10]/Q
                         net (fo=1, routed)           0.692     0.802    u_dut/u_frontend/u_memory_dpd/lane_out_valid[11]
    SLICE_X67Y154        LUT6 (Prop_H6LUT_SLICEL_I3_O)
                                                      0.124     0.926 r  u_dut/u_frontend/u_memory_dpd/out_valid_INST_0_i_1/O
                         net (fo=1, routed)           1.335     2.261    u_dut/u_frontend/u_memory_dpd/out_valid_INST_0_i_1_n_0
    SLICE_X67Y316        LUT6 (Prop_H6LUT_SLICEL_I0_O)
                                                      0.124     2.385 r  u_dut/u_frontend/u_memory_dpd/out_valid_INST_0/O
                         net (fo=98, routed)          1.704     4.089    u_dut/u_frontend/u_interp_2/in_valid
    SLICE_X54Y204        LUT2 (Prop_B6LUT_SLICEM_I0_O)
                                                      0.052     4.141 r  u_dut/u_frontend/u_interp_2/p_interp.(null)[0].value_i_1/O
                         net (fo=672, routed)         4.387     8.528    u_dut/u_frontend/u_interp_2/s0_history_i
    SLICE_X27Y230        FDRE                                         r  u_dut/u_frontend/u_interp_2/s0_history_i_reg[1][4]/CE
  -------------------------------------------------------------------    -------------------

                         (clock core_clk rise edge)
                                                      4.571     4.571 r  
                                                      0.000     4.571 r  clk218 (IN)
                         net (fo=98508, unset)        0.020     4.591    u_dut/u_frontend/u_interp_2/clk
    SLICE_X27Y230        FDRE                                         r  u_dut/u_frontend/u_interp_2/s0_history_i_reg[1][4]/C
                         clock pessimism              0.000     4.591    
                         clock uncertainty           -0.035     4.556    
    SLICE_X27Y230        FDRE (Setup_FFF_SLICEL_C_CE)
                                                     -0.060     4.496    u_dut/u_frontend/u_interp_2/s0_history_i_reg[1][4]
  -------------------------------------------------------------------
                         required time                          4.496    
                         arrival time                          -8.528    
  -------------------------------------------------------------------
                         slack                                 -4.033    

Slack (VIOLATED) :        -4.033ns  (required time - arrival time)
  Source:                 u_dut/u_frontend/u_memory_dpd/g_lane[11].u_dpd/valid_pipe_reg[10]/C
                            (rising edge-triggered cell FDCE clocked by core_clk  {rise@0.000ns fall@2.286ns period=4.571ns})
  Destination:            u_dut/u_frontend/u_interp_2/s0_history_i_reg[1][6]/CE
                            (rising edge-triggered cell FDRE clocked by core_clk  {rise@0.000ns fall@2.286ns period=4.571ns})
  Path Group:             core_clk
  Path Type:              Setup (Max at Slow Process Corner)
  Requirement:            4.571ns  (core_clk rise@4.571ns - core_clk rise@0.000ns)
  Data Path Delay:        8.498ns  (logic 0.380ns (4.471%)  route 8.118ns (95.529%))
  Logic Levels:           3  (LUT2=1 LUT6=2)
  Clock Path Skew:        -0.009ns (DCD - SCD + CPR)
    Destination Clock Delay (DCD):    0.021ns = ( 4.592 - 4.571 ) 
    Source Clock Delay      (SCD):    0.030ns
    Clock Pessimism Removal (CPR):    0.000ns
  Clock Uncertainty:      0.035ns  ((TSJ^2 + TIJ^2)^1/2 + DJ) / 2 + PE
    Total System Jitter     (TSJ):    0.071ns
    Total Input Jitter      (TIJ):    0.000ns
    Discrete Jitter          (DJ):    0.000ns
    Phase Error              (PE):    0.000ns

    Location             Delay type                Incr(ns)  Path(ns)    Netlist Resource(s)
  -------------------------------------------------------------------    -------------------
                         (clock core_clk rise edge)
                                                      0.000     0.000 r  
                                                      0.000     0.000 r  clk218 (IN)
                         net (fo=98508, unset)        0.030     0.030    u_dut/u_frontend/u_memory_dpd/g_lane[11].u_dpd/clk
    SLICE_X80Y113        FDCE                                         r  u_dut/u_frontend/u_memory_dpd/g_lane[11].u_dpd/valid_pipe_reg[10]/C
  -------------------------------------------------------------------    -------------------
    SLICE_X80Y113        FDCE (Prop_DFF2_SLICEM_C_Q)
                                                      0.080     0.110 r  u_dut/u_frontend/u_memory_dpd/g_lane[11].u_dpd/valid_pipe_reg[10]/Q
                         net (fo=1, routed)           0.692     0.802    u_dut/u_frontend/u_memory_dpd/lane_out_valid[11]
    SLICE_X67Y154        LUT6 (Prop_H6LUT_SLICEL_I3_O)
                                                      0.124     0.926 r  u_dut/u_frontend/u_memory_dpd/out_valid_INST_0_i_1/O
                         net (fo=1, routed)           1.335     2.261    u_dut/u_frontend/u_memory_dpd/out_valid_INST_0_i_1_n_0
    SLICE_X67Y316        LUT6 (Prop_H6LUT_SLICEL_I0_O)
                                                      0.124     2.385 r  u_dut/u_frontend/u_memory_dpd/out_valid_INST_0/O
                         net (fo=98, routed)          1.704     4.089    u_dut/u_frontend/u_interp_2/in_valid
    SLICE_X54Y204        LUT2 (Prop_B6LUT_SLICEM_I0_O)
                                                      0.052     4.141 r  u_dut/u_frontend/u_interp_2/p_interp.(null)[0].value_i_1/O
                         net (fo=672, routed)         4.387     8.528    u_dut/u_frontend/u_interp_2/s0_history_i
    SLICE_X26Y230        FDRE                                         r  u_dut/u_frontend/u_interp_2/s0_history_i_reg[1][6]/CE
  -------------------------------------------------------------------    -------------------

                         (clock core_clk rise edge)
                                                      4.571     4.571 r  
                                                      0.000     4.571 r  clk218 (IN)
                         net (fo=98508, unset)        0.021     4.592    u_dut/u_frontend/u_interp_2/clk
    SLICE_X26Y230        FDRE                                         r  u_dut/u_frontend/u_interp_2/s0_history_i_reg[1][6]/C
                         clock pessimism              0.000     4.592    
                         clock uncertainty           -0.035     4.557    
    SLICE_X26Y230        FDRE (Setup_HFF_SLICEM_C_CE)
                                                     -0.061     4.496    u_dut/u_frontend/u_interp_2/s0_history_i_reg[1][6]
  -------------------------------------------------------------------
                         required time                          4.496    
                         arrival time                          -8.528    
  -------------------------------------------------------------------
                         slack                                 -4.033    

Slack (VIOLATED) :        -4.033ns  (required time - arrival time)
  Source:                 u_dut/u_frontend/u_memory_dpd/g_lane[11].u_dpd/valid_pipe_reg[10]/C
                            (rising edge-triggered cell FDCE clocked by core_clk  {rise@0.000ns fall@2.286ns period=4.571ns})
  Destination:            u_dut/u_frontend/u_interp_2/s0_history_i_reg[1][7]/CE
                            (rising edge-triggered cell FDRE clocked by core_clk  {rise@0.000ns fall@2.286ns period=4.571ns})
  Path Group:             core_clk
  Path Type:              Setup (Max at Slow Process Corner)
  Requirement:            4.571ns  (core_clk rise@4.571ns - core_clk rise@0.000ns)
  Data Path Delay:        8.498ns  (logic 0.380ns (4.471%)  route 8.118ns (95.529%))
  Logic Levels:           3  (LUT2=1 LUT6=2)
  Clock Path Skew:        -0.010ns (DCD - SCD + CPR)
    Destination Clock Delay (DCD):    0.020ns = ( 4.591 - 4.571 ) 
    Source Clock Delay      (SCD):    0.030ns
    Clock Pessimism Removal (CPR):    0.000ns
  Clock Uncertainty:      0.035ns  ((TSJ^2 + TIJ^2)^1/2 + DJ) / 2 + PE
    Total System Jitter     (TSJ):    0.071ns
    Total Input Jitter      (TIJ):    0.000ns
    Discrete Jitter          (DJ):    0.000ns
    Phase Error              (PE):    0.000ns

    Location             Delay type                Incr(ns)  Path(ns)    Netlist Resource(s)
  -------------------------------------------------------------------    -------------------
                         (clock core_clk rise edge)
                                                      0.000     0.000 r  
                                                      0.000     0.000 r  clk218 (IN)
                         net (fo=98508, unset)        0.030     0.030    u_dut/u_frontend/u_memory_dpd/g_lane[11].u_dpd/clk
    SLICE_X80Y113        FDCE                                         r  u_dut/u_frontend/u_memory_dpd/g_lane[11].u_dpd/valid_pipe_reg[10]/C
  -------------------------------------------------------------------    -------------------
    SLICE_X80Y113        FDCE (Prop_DFF2_SLICEM_C_Q)
                                                      0.080     0.110 r  u_dut/u_frontend/u_memory_dpd/g_lane[11].u_dpd/valid_pipe_reg[10]/Q
                         net (fo=1, routed)           0.692     0.802    u_dut/u_frontend/u_memory_dpd/lane_out_valid[11]
    SLICE_X67Y154        LUT6 (Prop_H6LUT_SLICEL_I3_O)
                                                      0.124     0.926 r  u_dut/u_frontend/u_memory_dpd/out_valid_INST_0_i_1/O
                         net (fo=1, routed)           1.335     2.261    u_dut/u_frontend/u_memory_dpd/out_valid_INST_0_i_1_n_0
    SLICE_X67Y316        LUT6 (Prop_H6LUT_SLICEL_I0_O)
                                                      0.124     2.385 r  u_dut/u_frontend/u_memory_dpd/out_valid_INST_0/O
                         net (fo=98, routed)          1.704     4.089    u_dut/u_frontend/u_interp_2/in_valid
    SLICE_X54Y204        LUT2 (Prop_B6LUT_SLICEM_I0_O)
                                                      0.052     4.141 r  u_dut/u_frontend/u_interp_2/p_interp.(null)[0].value_i_1/O
                         net (fo=672, routed)         4.387     8.528    u_dut/u_frontend/u_interp_2/s0_history_i
    SLICE_X27Y230        FDRE                                         r  u_dut/u_frontend/u_interp_2/s0_history_i_reg[1][7]/CE
  -------------------------------------------------------------------    -------------------

                         (clock core_clk rise edge)
                                                      4.571     4.571 r  
                                                      0.000     4.571 r  clk218 (IN)
                         net (fo=98508, unset)        0.020     4.591    u_dut/u_frontend/u_interp_2/clk
    SLICE_X27Y230        FDRE                                         r  u_dut/u_frontend/u_interp_2/s0_history_i_reg[1][7]/C
                         clock pessimism              0.000     4.591    
                         clock uncertainty           -0.035     4.556    
    SLICE_X27Y230        FDRE (Setup_GFF_SLICEL_C_CE)
                                                     -0.060     4.496    u_dut/u_frontend/u_interp_2/s0_history_i_reg[1][7]
  -------------------------------------------------------------------
                         required time                          4.496    
                         arrival time                          -8.528    
  -------------------------------------------------------------------
                         slack                                 -4.033    




