Copyright 1986-2022 Xilinx, Inc. All Rights Reserved. Copyright 2022-2024 Advanced Micro Devices, Inc. All Rights Reserved.
----------------------------------------------------------------------------------------------------------------------------------------------------------
| Tool Version      : Vivado v.2024.1 (win64) Build 5076996 Wed May 22 18:37:14 MDT 2024
| Date              : Sun Sep 20 23:59:09 2026
| Host              : LAPTOP-KNBVGAN8 running 64-bit major release  (build 9200)
| Command           : report_timing -max_paths 20 -file E:/workspace/chip/dsm_ip/syn/out/tid32_thermo3_axis_frontend_20260920_230344/timing_max_paths.rpt
| Design            : tid32_thermo3_axis_frontend_tx_ooc
| Device            : xczu15eg-ffvb1156
| Speed File        : -2  PRODUCTION 1.30 05-15-2022
| Design State      : Routed
| Temperature Grade : I
----------------------------------------------------------------------------------------------------------------------------------------------------------

Timing Report

Slack (VIOLATED) :        -1.524ns  (required time - arrival time)
  Source:                 u_dut/u_frontend/u_interp_1/out_i_vec_reg[239]/C
                            (rising edge-triggered cell FDRE clocked by core_clk  {rise@0.000ns fall@2.286ns period=4.571ns})
  Destination:            u_dut/u_frontend/u_memory_dpd/g_lane[12].u_dpd/p_0_out__30/DSP_A_B_DATA_INST/B[17]
                            (rising edge-triggered cell DSP_A_B_DATA clocked by core_clk  {rise@0.000ns fall@2.286ns period=4.571ns})
  Path Group:             core_clk
  Path Type:              Setup (Max at Slow Process Corner)
  Requirement:            4.571ns  (core_clk rise@4.571ns - core_clk rise@0.000ns)
  Data Path Delay:        5.809ns  (logic 0.077ns (1.325%)  route 5.732ns (98.675%))
  Logic Levels:           0  
  Clock Path Skew:        0.013ns (DCD - SCD + CPR)
    Destination Clock Delay (DCD):    0.043ns = ( 4.614 - 4.571 ) 
    Source Clock Delay      (SCD):    0.030ns
    Clock Pessimism Removal (CPR):    0.000ns
  Clock Uncertainty:      0.035ns  ((TSJ^2 + TIJ^2)^1/2 + DJ) / 2 + PE
    Total System Jitter     (TSJ):    0.071ns
    Total Input Jitter      (TIJ):    0.000ns
    Discrete Jitter          (DJ):    0.000ns
    Phase Error              (PE):    0.000ns

    Location             Delay type                Incr(ns)  Path(ns)    Netlist Resource(s)
  -------------------------------------------------------------------    -------------------
                         (clock core_clk rise edge)
                                                      0.000     0.000 r  
                                                      0.000     0.000 r  clk218 (IN)
                         net (fo=103357, unset)       0.030     0.030    u_dut/u_frontend/u_interp_1/clk
    SLICE_X49Y230        FDRE                                         r  u_dut/u_frontend/u_interp_1/out_i_vec_reg[239]/C
  -------------------------------------------------------------------    -------------------
    SLICE_X49Y230        FDRE (Prop_AFF_SLICEM_C_Q)
                                                      0.077     0.107 r  u_dut/u_frontend/u_interp_1/out_i_vec_reg[239]/Q
                         net (fo=173, routed)         5.732     5.839    u_dut/u_frontend/u_memory_dpd/g_lane[12].u_dpd/p_0_out__30/B[17]
    DSP48E2_X11Y8        DSP_A_B_DATA                                 r  u_dut/u_frontend/u_memory_dpd/g_lane[12].u_dpd/p_0_out__30/DSP_A_B_DATA_INST/B[17]
  -------------------------------------------------------------------    -------------------

                         (clock core_clk rise edge)
                                                      4.571     4.571 r  
                                                      0.000     4.571 r  clk218 (IN)
                         net (fo=103357, unset)       0.043     4.614    u_dut/u_frontend/u_memory_dpd/g_lane[12].u_dpd/p_0_out__30/CLK
    DSP48E2_X11Y8        DSP_A_B_DATA                                 r  u_dut/u_frontend/u_memory_dpd/g_lane[12].u_dpd/p_0_out__30/DSP_A_B_DATA_INST/CLK
                         clock pessimism              0.000     4.614    
                         clock uncertainty           -0.035     4.579    
    DSP48E2_X11Y8        DSP_A_B_DATA (Setup_DSP_A_B_DATA_DSP48E2_CLK_B[17])
                                                     -0.263     4.316    u_dut/u_frontend/u_memory_dpd/g_lane[12].u_dpd/p_0_out__30/DSP_A_B_DATA_INST
  -------------------------------------------------------------------
                         required time                          4.316    
                         arrival time                          -5.839    
  -------------------------------------------------------------------
                         slack                                 -1.524    

Slack (VIOLATED) :        -1.504ns  (required time - arrival time)
  Source:                 u_dut/u_frontend/u_interp_1/out_i_vec_reg[239]/C
                            (rising edge-triggered cell FDRE clocked by core_clk  {rise@0.000ns fall@2.286ns period=4.571ns})
  Destination:            u_dut/u_frontend/u_memory_dpd/g_lane[12].u_dpd/p_0_out__30/DSP_A_B_DATA_INST/A[22]
                            (rising edge-triggered cell DSP_A_B_DATA clocked by core_clk  {rise@0.000ns fall@2.286ns period=4.571ns})
  Path Group:             core_clk
  Path Type:              Setup (Max at Slow Process Corner)
  Requirement:            4.571ns  (core_clk rise@4.571ns - core_clk rise@0.000ns)
  Data Path Delay:        5.802ns  (logic 0.077ns (1.327%)  route 5.725ns (98.673%))
  Logic Levels:           0  
  Clock Path Skew:        0.013ns (DCD - SCD + CPR)
    Destination Clock Delay (DCD):    0.043ns = ( 4.614 - 4.571 ) 
    Source Clock Delay      (SCD):    0.030ns
    Clock Pessimism Removal (CPR):    0.000ns
  Clock Uncertainty:      0.035ns  ((TSJ^2 + TIJ^2)^1/2 + DJ) / 2 + PE
    Total System Jitter     (TSJ):    0.071ns
    Total Input Jitter      (TIJ):    0.000ns
    Discrete Jitter          (DJ):    0.000ns
    Phase Error              (PE):    0.000ns

    Location             Delay type                Incr(ns)  Path(ns)    Netlist Resource(s)
  -------------------------------------------------------------------    -------------------
                         (clock core_clk rise edge)
                                                      0.000     0.000 r  
                                                      0.000     0.000 r  clk218 (IN)
                         net (fo=103357, unset)       0.030     0.030    u_dut/u_frontend/u_interp_1/clk
    SLICE_X49Y230        FDRE                                         r  u_dut/u_frontend/u_interp_1/out_i_vec_reg[239]/C
  -------------------------------------------------------------------    -------------------
    SLICE_X49Y230        FDRE (Prop_AFF_SLICEM_C_Q)
                                                      0.077     0.107 r  u_dut/u_frontend/u_interp_1/out_i_vec_reg[239]/Q
                         net (fo=173, routed)         5.725     5.832    u_dut/u_frontend/u_memory_dpd/g_lane[12].u_dpd/p_0_out__30/A[22]
    DSP48E2_X11Y8        DSP_A_B_DATA                                 r  u_dut/u_frontend/u_memory_dpd/g_lane[12].u_dpd/p_0_out__30/DSP_A_B_DATA_INST/A[22]
  -------------------------------------------------------------------    -------------------

                         (clock core_clk rise edge)
                                                      4.571     4.571 r  
                                                      0.000     4.571 r  clk218 (IN)
                         net (fo=103357, unset)       0.043     4.614    u_dut/u_frontend/u_memory_dpd/g_lane[12].u_dpd/p_0_out__30/CLK
    DSP48E2_X11Y8        DSP_A_B_DATA                                 r  u_dut/u_frontend/u_memory_dpd/g_lane[12].u_dpd/p_0_out__30/DSP_A_B_DATA_INST/CLK
                         clock pessimism              0.000     4.614    
                         clock uncertainty           -0.035     4.579    
    DSP48E2_X11Y8        DSP_A_B_DATA (Setup_DSP_A_B_DATA_DSP48E2_CLK_A[22])
                                                     -0.251     4.328    u_dut/u_frontend/u_memory_dpd/g_lane[12].u_dpd/p_0_out__30/DSP_A_B_DATA_INST
  -------------------------------------------------------------------
                         required time                          4.328    
                         arrival time                          -5.832    
  -------------------------------------------------------------------
                         slack                                 -1.504    

Slack (VIOLATED) :        -1.318ns  (required time - arrival time)
  Source:                 u_dut/u_frontend/u_interp_1/out_i_vec_reg[239]/C
                            (rising edge-triggered cell FDRE clocked by core_clk  {rise@0.000ns fall@2.286ns period=4.571ns})
  Destination:            u_dut/u_frontend/u_memory_dpd/g_lane[12].u_dpd/p_0_out__30/DSP_A_B_DATA_INST/A[27]
                            (rising edge-triggered cell DSP_A_B_DATA clocked by core_clk  {rise@0.000ns fall@2.286ns period=4.571ns})
  Path Group:             core_clk
  Path Type:              Setup (Max at Slow Process Corner)
  Requirement:            4.571ns  (core_clk rise@4.571ns - core_clk rise@0.000ns)
  Data Path Delay:        5.585ns  (logic 0.077ns (1.379%)  route 5.508ns (98.621%))
  Logic Levels:           0  
  Clock Path Skew:        0.013ns (DCD - SCD + CPR)
    Destination Clock Delay (DCD):    0.043ns = ( 4.614 - 4.571 ) 
    Source Clock Delay      (SCD):    0.030ns
    Clock Pessimism Removal (CPR):    0.000ns
  Clock Uncertainty:      0.035ns  ((TSJ^2 + TIJ^2)^1/2 + DJ) / 2 + PE
    Total System Jitter     (TSJ):    0.071ns
    Total Input Jitter      (TIJ):    0.000ns
    Discrete Jitter          (DJ):    0.000ns
    Phase Error              (PE):    0.000ns

    Location             Delay type                Incr(ns)  Path(ns)    Netlist Resource(s)
  -------------------------------------------------------------------    -------------------
                         (clock core_clk rise edge)
                                                      0.000     0.000 r  
                                                      0.000     0.000 r  clk218 (IN)
                         net (fo=103357, unset)       0.030     0.030    u_dut/u_frontend/u_interp_1/clk
    SLICE_X49Y230        FDRE                                         r  u_dut/u_frontend/u_interp_1/out_i_vec_reg[239]/C
  -------------------------------------------------------------------    -------------------
    SLICE_X49Y230        FDRE (Prop_AFF_SLICEM_C_Q)
                                                      0.077     0.107 r  u_dut/u_frontend/u_interp_1/out_i_vec_reg[239]/Q
                         net (fo=173, routed)         5.508     5.615    u_dut/u_frontend/u_memory_dpd/g_lane[12].u_dpd/p_0_out__30/A[27]
    DSP48E2_X11Y8        DSP_A_B_DATA                                 r  u_dut/u_frontend/u_memory_dpd/g_lane[12].u_dpd/p_0_out__30/DSP_A_B_DATA_INST/A[27]
  -------------------------------------------------------------------    -------------------

                         (clock core_clk rise edge)
                                                      4.571     4.571 r  
                                                      0.000     4.571 r  clk218 (IN)
                         net (fo=103357, unset)       0.043     4.614    u_dut/u_frontend/u_memory_dpd/g_lane[12].u_dpd/p_0_out__30/CLK
    DSP48E2_X11Y8        DSP_A_B_DATA                                 r  u_dut/u_frontend/u_memory_dpd/g_lane[12].u_dpd/p_0_out__30/DSP_A_B_DATA_INST/CLK
                         clock pessimism              0.000     4.614    
                         clock uncertainty           -0.035     4.579    
    DSP48E2_X11Y8        DSP_A_B_DATA (Setup_DSP_A_B_DATA_DSP48E2_CLK_A[27])
                                                     -0.282     4.297    u_dut/u_frontend/u_memory_dpd/g_lane[12].u_dpd/p_0_out__30/DSP_A_B_DATA_INST
  -------------------------------------------------------------------
                         required time                          4.297    
                         arrival time                          -5.615    
  -------------------------------------------------------------------
                         slack                                 -1.318    

Slack (VIOLATED) :        -1.284ns  (required time - arrival time)
  Source:                 u_dut/u_frontend/u_interp_1/out_i_vec_reg[239]/C
                            (rising edge-triggered cell FDRE clocked by core_clk  {rise@0.000ns fall@2.286ns period=4.571ns})
  Destination:            u_dut/u_frontend/u_memory_dpd/g_lane[12].u_dpd/p_0_out__30/DSP_A_B_DATA_INST/A[29]
                            (rising edge-triggered cell DSP_A_B_DATA clocked by core_clk  {rise@0.000ns fall@2.286ns period=4.571ns})
  Path Group:             core_clk
  Path Type:              Setup (Max at Slow Process Corner)
  Requirement:            4.571ns  (core_clk rise@4.571ns - core_clk rise@0.000ns)
  Data Path Delay:        5.558ns  (logic 0.077ns (1.385%)  route 5.481ns (98.615%))
  Logic Levels:           0  
  Clock Path Skew:        0.013ns (DCD - SCD + CPR)
    Destination Clock Delay (DCD):    0.043ns = ( 4.614 - 4.571 ) 
    Source Clock Delay      (SCD):    0.030ns
    Clock Pessimism Removal (CPR):    0.000ns
  Clock Uncertainty:      0.035ns  ((TSJ^2 + TIJ^2)^1/2 + DJ) / 2 + PE
    Total System Jitter     (TSJ):    0.071ns
    Total Input Jitter      (TIJ):    0.000ns
    Discrete Jitter          (DJ):    0.000ns
    Phase Error              (PE):    0.000ns

    Location             Delay type                Incr(ns)  Path(ns)    Netlist Resource(s)
  -------------------------------------------------------------------    -------------------
                         (clock core_clk rise edge)
                                                      0.000     0.000 r  
                                                      0.000     0.000 r  clk218 (IN)
                         net (fo=103357, unset)       0.030     0.030    u_dut/u_frontend/u_interp_1/clk
    SLICE_X49Y230        FDRE                                         r  u_dut/u_frontend/u_interp_1/out_i_vec_reg[239]/C
  -------------------------------------------------------------------    -------------------
    SLICE_X49Y230        FDRE (Prop_AFF_SLICEM_C_Q)
                                                      0.077     0.107 r  u_dut/u_frontend/u_interp_1/out_i_vec_reg[239]/Q
                         net (fo=173, routed)         5.481     5.588    u_dut/u_frontend/u_memory_dpd/g_lane[12].u_dpd/p_0_out__30/A[29]
    DSP48E2_X11Y8        DSP_A_B_DATA                                 r  u_dut/u_frontend/u_memory_dpd/g_lane[12].u_dpd/p_0_out__30/DSP_A_B_DATA_INST/A[29]
  -------------------------------------------------------------------    -------------------

                         (clock core_clk rise edge)
                                                      4.571     4.571 r  
                                                      0.000     4.571 r  clk218 (IN)
                         net (fo=103357, unset)       0.043     4.614    u_dut/u_frontend/u_memory_dpd/g_lane[12].u_dpd/p_0_out__30/CLK
    DSP48E2_X11Y8        DSP_A_B_DATA                                 r  u_dut/u_frontend/u_memory_dpd/g_lane[12].u_dpd/p_0_out__30/DSP_A_B_DATA_INST/CLK
                         clock pessimism              0.000     4.614    
                         clock uncertainty           -0.035     4.579    
    DSP48E2_X11Y8        DSP_A_B_DATA (Setup_DSP_A_B_DATA_DSP48E2_CLK_A[29])
                                                     -0.275     4.304    u_dut/u_frontend/u_memory_dpd/g_lane[12].u_dpd/p_0_out__30/DSP_A_B_DATA_INST
  -------------------------------------------------------------------
                         required time                          4.304    
                         arrival time                          -5.588    
  -------------------------------------------------------------------
                         slack                                 -1.284    

Slack (VIOLATED) :        -1.250ns  (required time - arrival time)
  Source:                 u_dut/u_frontend/u_interp_1/out_i_vec_reg[239]/C
                            (rising edge-triggered cell FDRE clocked by core_clk  {rise@0.000ns fall@2.286ns period=4.571ns})
  Destination:            u_dut/u_frontend/u_memory_dpd/g_lane[12].u_dpd/p_0_out__30/DSP_A_B_DATA_INST/A[19]
                            (rising edge-triggered cell DSP_A_B_DATA clocked by core_clk  {rise@0.000ns fall@2.286ns period=4.571ns})
  Path Group:             core_clk
  Path Type:              Setup (Max at Slow Process Corner)
  Requirement:            4.571ns  (core_clk rise@4.571ns - core_clk rise@0.000ns)
  Data Path Delay:        5.533ns  (logic 0.077ns (1.392%)  route 5.456ns (98.608%))
  Logic Levels:           0  
  Clock Path Skew:        0.013ns (DCD - SCD + CPR)
    Destination Clock Delay (DCD):    0.043ns = ( 4.614 - 4.571 ) 
    Source Clock Delay      (SCD):    0.030ns
    Clock Pessimism Removal (CPR):    0.000ns
  Clock Uncertainty:      0.035ns  ((TSJ^2 + TIJ^2)^1/2 + DJ) / 2 + PE
    Total System Jitter     (TSJ):    0.071ns
    Total Input Jitter      (TIJ):    0.000ns
    Discrete Jitter          (DJ):    0.000ns
    Phase Error              (PE):    0.000ns

    Location             Delay type                Incr(ns)  Path(ns)    Netlist Resource(s)
  -------------------------------------------------------------------    -------------------
                         (clock core_clk rise edge)
                                                      0.000     0.000 r  
                                                      0.000     0.000 r  clk218 (IN)
                         net (fo=103357, unset)       0.030     0.030    u_dut/u_frontend/u_interp_1/clk
    SLICE_X49Y230        FDRE                                         r  u_dut/u_frontend/u_interp_1/out_i_vec_reg[239]/C
  -------------------------------------------------------------------    -------------------
    SLICE_X49Y230        FDRE (Prop_AFF_SLICEM_C_Q)
                                                      0.077     0.107 r  u_dut/u_frontend/u_interp_1/out_i_vec_reg[239]/Q
                         net (fo=173, routed)         5.456     5.563    u_dut/u_frontend/u_memory_dpd/g_lane[12].u_dpd/p_0_out__30/A[19]
    DSP48E2_X11Y8        DSP_A_B_DATA                                 r  u_dut/u_frontend/u_memory_dpd/g_lane[12].u_dpd/p_0_out__30/DSP_A_B_DATA_INST/A[19]
  -------------------------------------------------------------------    -------------------

                         (clock core_clk rise edge)
                                                      4.571     4.571 r  
                                                      0.000     4.571 r  clk218 (IN)
                         net (fo=103357, unset)       0.043     4.614    u_dut/u_frontend/u_memory_dpd/g_lane[12].u_dpd/p_0_out__30/CLK
    DSP48E2_X11Y8        DSP_A_B_DATA                                 r  u_dut/u_frontend/u_memory_dpd/g_lane[12].u_dpd/p_0_out__30/DSP_A_B_DATA_INST/CLK
                         clock pessimism              0.000     4.614    
                         clock uncertainty           -0.035     4.579    
    DSP48E2_X11Y8        DSP_A_B_DATA (Setup_DSP_A_B_DATA_DSP48E2_CLK_A[19])
                                                     -0.266     4.313    u_dut/u_frontend/u_memory_dpd/g_lane[12].u_dpd/p_0_out__30/DSP_A_B_DATA_INST
  -------------------------------------------------------------------
                         required time                          4.313    
                         arrival time                          -5.563    
  -------------------------------------------------------------------
                         slack                                 -1.250    

Slack (VIOLATED) :        -1.232ns  (required time - arrival time)
  Source:                 u_dut/u_frontend/u_interp_1/out_i_vec_reg[239]/C
                            (rising edge-triggered cell FDRE clocked by core_clk  {rise@0.000ns fall@2.286ns period=4.571ns})
  Destination:            u_dut/u_frontend/u_memory_dpd/g_lane[12].u_dpd/p_0_out__30/DSP_A_B_DATA_INST/A[20]
                            (rising edge-triggered cell DSP_A_B_DATA clocked by core_clk  {rise@0.000ns fall@2.286ns period=4.571ns})
  Path Group:             core_clk
  Path Type:              Setup (Max at Slow Process Corner)
  Requirement:            4.571ns  (core_clk rise@4.571ns - core_clk rise@0.000ns)
  Data Path Delay:        5.512ns  (logic 0.077ns (1.397%)  route 5.435ns (98.603%))
  Logic Levels:           0  
  Clock Path Skew:        0.013ns (DCD - SCD + CPR)
    Destination Clock Delay (DCD):    0.043ns = ( 4.614 - 4.571 ) 
    Source Clock Delay      (SCD):    0.030ns
    Clock Pessimism Removal (CPR):    0.000ns
  Clock Uncertainty:      0.035ns  ((TSJ^2 + TIJ^2)^1/2 + DJ) / 2 + PE
    Total System Jitter     (TSJ):    0.071ns
    Total Input Jitter      (TIJ):    0.000ns
    Discrete Jitter          (DJ):    0.000ns
    Phase Error              (PE):    0.000ns

    Location             Delay type                Incr(ns)  Path(ns)    Netlist Resource(s)
  -------------------------------------------------------------------    -------------------
                         (clock core_clk rise edge)
                                                      0.000     0.000 r  
                                                      0.000     0.000 r  clk218 (IN)
                         net (fo=103357, unset)       0.030     0.030    u_dut/u_frontend/u_interp_1/clk
    SLICE_X49Y230        FDRE                                         r  u_dut/u_frontend/u_interp_1/out_i_vec_reg[239]/C
  -------------------------------------------------------------------    -------------------
    SLICE_X49Y230        FDRE (Prop_AFF_SLICEM_C_Q)
                                                      0.077     0.107 r  u_dut/u_frontend/u_interp_1/out_i_vec_reg[239]/Q
                         net (fo=173, routed)         5.435     5.542    u_dut/u_frontend/u_memory_dpd/g_lane[12].u_dpd/p_0_out__30/A[20]
    DSP48E2_X11Y8        DSP_A_B_DATA                                 r  u_dut/u_frontend/u_memory_dpd/g_lane[12].u_dpd/p_0_out__30/DSP_A_B_DATA_INST/A[20]
  -------------------------------------------------------------------    -------------------

                         (clock core_clk rise edge)
                                                      4.571     4.571 r  
                                                      0.000     4.571 r  clk218 (IN)
                         net (fo=103357, unset)       0.043     4.614    u_dut/u_frontend/u_memory_dpd/g_lane[12].u_dpd/p_0_out__30/CLK
    DSP48E2_X11Y8        DSP_A_B_DATA                                 r  u_dut/u_frontend/u_memory_dpd/g_lane[12].u_dpd/p_0_out__30/DSP_A_B_DATA_INST/CLK
                         clock pessimism              0.000     4.614    
                         clock uncertainty           -0.035     4.579    
    DSP48E2_X11Y8        DSP_A_B_DATA (Setup_DSP_A_B_DATA_DSP48E2_CLK_A[20])
                                                     -0.268     4.311    u_dut/u_frontend/u_memory_dpd/g_lane[12].u_dpd/p_0_out__30/DSP_A_B_DATA_INST
  -------------------------------------------------------------------
                         required time                          4.311    
                         arrival time                          -5.542    
  -------------------------------------------------------------------
                         slack                                 -1.232    

Slack (VIOLATED) :        -1.221ns  (required time - arrival time)
  Source:                 u_dut/u_frontend/u_interp_1/out_i_vec_reg[239]/C
                            (rising edge-triggered cell FDRE clocked by core_clk  {rise@0.000ns fall@2.286ns period=4.571ns})
  Destination:            u_dut/u_frontend/u_memory_dpd/g_lane[12].u_dpd/p_0_out__30/DSP_A_B_DATA_INST/A[17]
                            (rising edge-triggered cell DSP_A_B_DATA clocked by core_clk  {rise@0.000ns fall@2.286ns period=4.571ns})
  Path Group:             core_clk
  Path Type:              Setup (Max at Slow Process Corner)
  Requirement:            4.571ns  (core_clk rise@4.571ns - core_clk rise@0.000ns)
  Data Path Delay:        5.501ns  (logic 0.077ns (1.400%)  route 5.424ns (98.600%))
  Logic Levels:           0  
  Clock Path Skew:        0.013ns (DCD - SCD + CPR)
    Destination Clock Delay (DCD):    0.043ns = ( 4.614 - 4.571 ) 
    Source Clock Delay      (SCD):    0.030ns
    Clock Pessimism Removal (CPR):    0.000ns
  Clock Uncertainty:      0.035ns  ((TSJ^2 + TIJ^2)^1/2 + DJ) / 2 + PE
    Total System Jitter     (TSJ):    0.071ns
    Total Input Jitter      (TIJ):    0.000ns
    Discrete Jitter          (DJ):    0.000ns
    Phase Error              (PE):    0.000ns

    Location             Delay type                Incr(ns)  Path(ns)    Netlist Resource(s)
  -------------------------------------------------------------------    -------------------
                         (clock core_clk rise edge)
                                                      0.000     0.000 r  
                                                      0.000     0.000 r  clk218 (IN)
                         net (fo=103357, unset)       0.030     0.030    u_dut/u_frontend/u_interp_1/clk
    SLICE_X49Y230        FDRE                                         r  u_dut/u_frontend/u_interp_1/out_i_vec_reg[239]/C
  -------------------------------------------------------------------    -------------------
    SLICE_X49Y230        FDRE (Prop_AFF_SLICEM_C_Q)
                                                      0.077     0.107 r  u_dut/u_frontend/u_interp_1/out_i_vec_reg[239]/Q
                         net (fo=173, routed)         5.424     5.531    u_dut/u_frontend/u_memory_dpd/g_lane[12].u_dpd/p_0_out__30/A[17]
    DSP48E2_X11Y8        DSP_A_B_DATA                                 r  u_dut/u_frontend/u_memory_dpd/g_lane[12].u_dpd/p_0_out__30/DSP_A_B_DATA_INST/A[17]
  -------------------------------------------------------------------    -------------------

                         (clock core_clk rise edge)
                                                      4.571     4.571 r  
                                                      0.000     4.571 r  clk218 (IN)
                         net (fo=103357, unset)       0.043     4.614    u_dut/u_frontend/u_memory_dpd/g_lane[12].u_dpd/p_0_out__30/CLK
    DSP48E2_X11Y8        DSP_A_B_DATA                                 r  u_dut/u_frontend/u_memory_dpd/g_lane[12].u_dpd/p_0_out__30/DSP_A_B_DATA_INST/CLK
                         clock pessimism              0.000     4.614    
                         clock uncertainty           -0.035     4.579    
    DSP48E2_X11Y8        DSP_A_B_DATA (Setup_DSP_A_B_DATA_DSP48E2_CLK_A[17])
                                                     -0.269     4.310    u_dut/u_frontend/u_memory_dpd/g_lane[12].u_dpd/p_0_out__30/DSP_A_B_DATA_INST
  -------------------------------------------------------------------
                         required time                          4.310    
                         arrival time                          -5.531    
  -------------------------------------------------------------------
                         slack                                 -1.221    

Slack (VIOLATED) :        -1.207ns  (required time - arrival time)
  Source:                 u_dut/u_frontend/u_interp_1/out_i_vec_reg[239]/C
                            (rising edge-triggered cell FDRE clocked by core_clk  {rise@0.000ns fall@2.286ns period=4.571ns})
  Destination:            u_dut/u_frontend/u_memory_dpd/g_lane[12].u_dpd/p_0_out__30/DSP_A_B_DATA_INST/A[21]
                            (rising edge-triggered cell DSP_A_B_DATA clocked by core_clk  {rise@0.000ns fall@2.286ns period=4.571ns})
  Path Group:             core_clk
  Path Type:              Setup (Max at Slow Process Corner)
  Requirement:            4.571ns  (core_clk rise@4.571ns - core_clk rise@0.000ns)
  Data Path Delay:        5.492ns  (logic 0.077ns (1.402%)  route 5.415ns (98.598%))
  Logic Levels:           0  
  Clock Path Skew:        0.013ns (DCD - SCD + CPR)
    Destination Clock Delay (DCD):    0.043ns = ( 4.614 - 4.571 ) 
    Source Clock Delay      (SCD):    0.030ns
    Clock Pessimism Removal (CPR):    0.000ns
  Clock Uncertainty:      0.035ns  ((TSJ^2 + TIJ^2)^1/2 + DJ) / 2 + PE
    Total System Jitter     (TSJ):    0.071ns
    Total Input Jitter      (TIJ):    0.000ns
    Discrete Jitter          (DJ):    0.000ns
    Phase Error              (PE):    0.000ns

    Location             Delay type                Incr(ns)  Path(ns)    Netlist Resource(s)
  -------------------------------------------------------------------    -------------------
                         (clock core_clk rise edge)
                                                      0.000     0.000 r  
                                                      0.000     0.000 r  clk218 (IN)
                         net (fo=103357, unset)       0.030     0.030    u_dut/u_frontend/u_interp_1/clk
    SLICE_X49Y230        FDRE                                         r  u_dut/u_frontend/u_interp_1/out_i_vec_reg[239]/C
  -------------------------------------------------------------------    -------------------
    SLICE_X49Y230        FDRE (Prop_AFF_SLICEM_C_Q)
                                                      0.077     0.107 r  u_dut/u_frontend/u_interp_1/out_i_vec_reg[239]/Q
                         net (fo=173, routed)         5.415     5.522    u_dut/u_frontend/u_memory_dpd/g_lane[12].u_dpd/p_0_out__30/A[21]
    DSP48E2_X11Y8        DSP_A_B_DATA                                 r  u_dut/u_frontend/u_memory_dpd/g_lane[12].u_dpd/p_0_out__30/DSP_A_B_DATA_INST/A[21]
  -------------------------------------------------------------------    -------------------

                         (clock core_clk rise edge)
                                                      4.571     4.571 r  
                                                      0.000     4.571 r  clk218 (IN)
                         net (fo=103357, unset)       0.043     4.614    u_dut/u_frontend/u_memory_dpd/g_lane[12].u_dpd/p_0_out__30/CLK
    DSP48E2_X11Y8        DSP_A_B_DATA                                 r  u_dut/u_frontend/u_memory_dpd/g_lane[12].u_dpd/p_0_out__30/DSP_A_B_DATA_INST/CLK
                         clock pessimism              0.000     4.614    
                         clock uncertainty           -0.035     4.579    
    DSP48E2_X11Y8        DSP_A_B_DATA (Setup_DSP_A_B_DATA_DSP48E2_CLK_A[21])
                                                     -0.263     4.316    u_dut/u_frontend/u_memory_dpd/g_lane[12].u_dpd/p_0_out__30/DSP_A_B_DATA_INST
  -------------------------------------------------------------------
                         required time                          4.316    
                         arrival time                          -5.522    
  -------------------------------------------------------------------
                         slack                                 -1.207    

Slack (VIOLATED) :        -1.181ns  (required time - arrival time)
  Source:                 u_dut/u_frontend/u_interp_1/out_i_vec_reg[239]/C
                            (rising edge-triggered cell FDRE clocked by core_clk  {rise@0.000ns fall@2.286ns period=4.571ns})
  Destination:            u_dut/u_frontend/u_memory_dpd/g_lane[12].u_dpd/p_0_out__30/DSP_A_B_DATA_INST/A[18]
                            (rising edge-triggered cell DSP_A_B_DATA clocked by core_clk  {rise@0.000ns fall@2.286ns period=4.571ns})
  Path Group:             core_clk
  Path Type:              Setup (Max at Slow Process Corner)
  Requirement:            4.571ns  (core_clk rise@4.571ns - core_clk rise@0.000ns)
  Data Path Delay:        5.469ns  (logic 0.077ns (1.408%)  route 5.392ns (98.592%))
  Logic Levels:           0  
  Clock Path Skew:        0.013ns (DCD - SCD + CPR)
    Destination Clock Delay (DCD):    0.043ns = ( 4.614 - 4.571 ) 
    Source Clock Delay      (SCD):    0.030ns
    Clock Pessimism Removal (CPR):    0.000ns
  Clock Uncertainty:      0.035ns  ((TSJ^2 + TIJ^2)^1/2 + DJ) / 2 + PE
    Total System Jitter     (TSJ):    0.071ns
    Total Input Jitter      (TIJ):    0.000ns
    Discrete Jitter          (DJ):    0.000ns
    Phase Error              (PE):    0.000ns

    Location             Delay type                Incr(ns)  Path(ns)    Netlist Resource(s)
  -------------------------------------------------------------------    -------------------
                         (clock core_clk rise edge)
                                                      0.000     0.000 r  
                                                      0.000     0.000 r  clk218 (IN)
                         net (fo=103357, unset)       0.030     0.030    u_dut/u_frontend/u_interp_1/clk
    SLICE_X49Y230        FDRE                                         r  u_dut/u_frontend/u_interp_1/out_i_vec_reg[239]/C
  -------------------------------------------------------------------    -------------------
    SLICE_X49Y230        FDRE (Prop_AFF_SLICEM_C_Q)
                                                      0.077     0.107 r  u_dut/u_frontend/u_interp_1/out_i_vec_reg[239]/Q
                         net (fo=173, routed)         5.392     5.499    u_dut/u_frontend/u_memory_dpd/g_lane[12].u_dpd/p_0_out__30/A[18]
    DSP48E2_X11Y8        DSP_A_B_DATA                                 r  u_dut/u_frontend/u_memory_dpd/g_lane[12].u_dpd/p_0_out__30/DSP_A_B_DATA_INST/A[18]
  -------------------------------------------------------------------    -------------------

                         (clock core_clk rise edge)
                                                      4.571     4.571 r  
                                                      0.000     4.571 r  clk218 (IN)
                         net (fo=103357, unset)       0.043     4.614    u_dut/u_frontend/u_memory_dpd/g_lane[12].u_dpd/p_0_out__30/CLK
    DSP48E2_X11Y8        DSP_A_B_DATA                                 r  u_dut/u_frontend/u_memory_dpd/g_lane[12].u_dpd/p_0_out__30/DSP_A_B_DATA_INST/CLK
                         clock pessimism              0.000     4.614    
                         clock uncertainty           -0.035     4.579    
    DSP48E2_X11Y8        DSP_A_B_DATA (Setup_DSP_A_B_DATA_DSP48E2_CLK_A[18])
                                                     -0.261     4.318    u_dut/u_frontend/u_memory_dpd/g_lane[12].u_dpd/p_0_out__30/DSP_A_B_DATA_INST
  -------------------------------------------------------------------
                         required time                          4.318    
                         arrival time                          -5.499    
  -------------------------------------------------------------------
                         slack                                 -1.181    

Slack (VIOLATED) :        -1.138ns  (required time - arrival time)
  Source:                 u_dut/u_frontend/u_interp_1/out_i_vec_reg[239]/C
                            (rising edge-triggered cell FDRE clocked by core_clk  {rise@0.000ns fall@2.286ns period=4.571ns})
  Destination:            u_dut/u_frontend/u_memory_dpd/g_lane[12].u_dpd/p_0_out__30/DSP_A_B_DATA_INST/A[25]
                            (rising edge-triggered cell DSP_A_B_DATA clocked by core_clk  {rise@0.000ns fall@2.286ns period=4.571ns})
  Path Group:             core_clk
  Path Type:              Setup (Max at Slow Process Corner)
  Requirement:            4.571ns  (core_clk rise@4.571ns - core_clk rise@0.000ns)
  Data Path Delay:        5.388ns  (logic 0.077ns (1.429%)  route 5.311ns (98.571%))
  Logic Levels:           0  
  Clock Path Skew:        0.013ns (DCD - SCD + CPR)
    Destination Clock Delay (DCD):    0.043ns = ( 4.614 - 4.571 ) 
    Source Clock Delay      (SCD):    0.030ns
    Clock Pessimism Removal (CPR):    0.000ns
  Clock Uncertainty:      0.035ns  ((TSJ^2 + TIJ^2)^1/2 + DJ) / 2 + PE
    Total System Jitter     (TSJ):    0.071ns
    Total Input Jitter      (TIJ):    0.000ns
    Discrete Jitter          (DJ):    0.000ns
    Phase Error              (PE):    0.000ns

    Location             Delay type                Incr(ns)  Path(ns)    Netlist Resource(s)
  -------------------------------------------------------------------    -------------------
                         (clock core_clk rise edge)
                                                      0.000     0.000 r  
                                                      0.000     0.000 r  clk218 (IN)
                         net (fo=103357, unset)       0.030     0.030    u_dut/u_frontend/u_interp_1/clk
    SLICE_X49Y230        FDRE                                         r  u_dut/u_frontend/u_interp_1/out_i_vec_reg[239]/C
  -------------------------------------------------------------------    -------------------
    SLICE_X49Y230        FDRE (Prop_AFF_SLICEM_C_Q)
                                                      0.077     0.107 r  u_dut/u_frontend/u_interp_1/out_i_vec_reg[239]/Q
                         net (fo=173, routed)         5.311     5.418    u_dut/u_frontend/u_memory_dpd/g_lane[12].u_dpd/p_0_out__30/A[25]
    DSP48E2_X11Y8        DSP_A_B_DATA                                 r  u_dut/u_frontend/u_memory_dpd/g_lane[12].u_dpd/p_0_out__30/DSP_A_B_DATA_INST/A[25]
  -------------------------------------------------------------------    -------------------

                         (clock core_clk rise edge)
                                                      4.571     4.571 r  
                                                      0.000     4.571 r  clk218 (IN)
                         net (fo=103357, unset)       0.043     4.614    u_dut/u_frontend/u_memory_dpd/g_lane[12].u_dpd/p_0_out__30/CLK
    DSP48E2_X11Y8        DSP_A_B_DATA                                 r  u_dut/u_frontend/u_memory_dpd/g_lane[12].u_dpd/p_0_out__30/DSP_A_B_DATA_INST/CLK
                         clock pessimism              0.000     4.614    
                         clock uncertainty           -0.035     4.579    
    DSP48E2_X11Y8        DSP_A_B_DATA (Setup_DSP_A_B_DATA_DSP48E2_CLK_A[25])
                                                     -0.299     4.280    u_dut/u_frontend/u_memory_dpd/g_lane[12].u_dpd/p_0_out__30/DSP_A_B_DATA_INST
  -------------------------------------------------------------------
                         required time                          4.280    
                         arrival time                          -5.418    
  -------------------------------------------------------------------
                         slack                                 -1.138    

Slack (VIOLATED) :        -1.125ns  (required time - arrival time)
  Source:                 u_dut/u_frontend/u_interp_1/out_i_vec_reg[239]/C
                            (rising edge-triggered cell FDRE clocked by core_clk  {rise@0.000ns fall@2.286ns period=4.571ns})
  Destination:            u_dut/u_frontend/u_memory_dpd/g_lane[12].u_dpd/p_0_out__30/DSP_A_B_DATA_INST/A[23]
                            (rising edge-triggered cell DSP_A_B_DATA clocked by core_clk  {rise@0.000ns fall@2.286ns period=4.571ns})
  Path Group:             core_clk
  Path Type:              Setup (Max at Slow Process Corner)
  Requirement:            4.571ns  (core_clk rise@4.571ns - core_clk rise@0.000ns)
  Data Path Delay:        5.388ns  (logic 0.077ns (1.429%)  route 5.311ns (98.571%))
  Logic Levels:           0  
  Clock Path Skew:        0.013ns (DCD - SCD + CPR)
    Destination Clock Delay (DCD):    0.043ns = ( 4.614 - 4.571 ) 
    Source Clock Delay      (SCD):    0.030ns
    Clock Pessimism Removal (CPR):    0.000ns
  Clock Uncertainty:      0.035ns  ((TSJ^2 + TIJ^2)^1/2 + DJ) / 2 + PE
    Total System Jitter     (TSJ):    0.071ns
    Total Input Jitter      (TIJ):    0.000ns
    Discrete Jitter          (DJ):    0.000ns
    Phase Error              (PE):    0.000ns

    Location             Delay type                Incr(ns)  Path(ns)    Netlist Resource(s)
  -------------------------------------------------------------------    -------------------
                         (clock core_clk rise edge)
                                                      0.000     0.000 r  
                                                      0.000     0.000 r  clk218 (IN)
                         net (fo=103357, unset)       0.030     0.030    u_dut/u_frontend/u_interp_1/clk
    SLICE_X49Y230        FDRE                                         r  u_dut/u_frontend/u_interp_1/out_i_vec_reg[239]/C
  -------------------------------------------------------------------    -------------------
    SLICE_X49Y230        FDRE (Prop_AFF_SLICEM_C_Q)
                                                      0.077     0.107 r  u_dut/u_frontend/u_interp_1/out_i_vec_reg[239]/Q
                         net (fo=173, routed)         5.311     5.418    u_dut/u_frontend/u_memory_dpd/g_lane[12].u_dpd/p_0_out__30/A[23]
    DSP48E2_X11Y8        DSP_A_B_DATA                                 r  u_dut/u_frontend/u_memory_dpd/g_lane[12].u_dpd/p_0_out__30/DSP_A_B_DATA_INST/A[23]
  -------------------------------------------------------------------    -------------------

                         (clock core_clk rise edge)
                                                      4.571     4.571 r  
                                                      0.000     4.571 r  clk218 (IN)
                         net (fo=103357, unset)       0.043     4.614    u_dut/u_frontend/u_memory_dpd/g_lane[12].u_dpd/p_0_out__30/CLK
    DSP48E2_X11Y8        DSP_A_B_DATA                                 r  u_dut/u_frontend/u_memory_dpd/g_lane[12].u_dpd/p_0_out__30/DSP_A_B_DATA_INST/CLK
                         clock pessimism              0.000     4.614    
                         clock uncertainty           -0.035     4.579    
    DSP48E2_X11Y8        DSP_A_B_DATA (Setup_DSP_A_B_DATA_DSP48E2_CLK_A[23])
                                                     -0.286     4.293    u_dut/u_frontend/u_memory_dpd/g_lane[12].u_dpd/p_0_out__30/DSP_A_B_DATA_INST
  -------------------------------------------------------------------
                         required time                          4.293    
                         arrival time                          -5.418    
  -------------------------------------------------------------------
                         slack                                 -1.125    

Slack (VIOLATED) :        -1.110ns  (required time - arrival time)
  Source:                 u_dut/u_frontend/u_interp_1/out_i_vec_reg[239]/C
                            (rising edge-triggered cell FDRE clocked by core_clk  {rise@0.000ns fall@2.286ns period=4.571ns})
  Destination:            u_dut/u_frontend/u_memory_dpd/g_lane[12].u_dpd/p_0_out__30/DSP_A_B_DATA_INST/A[24]
                            (rising edge-triggered cell DSP_A_B_DATA clocked by core_clk  {rise@0.000ns fall@2.286ns period=4.571ns})
  Path Group:             core_clk
  Path Type:              Setup (Max at Slow Process Corner)
  Requirement:            4.571ns  (core_clk rise@4.571ns - core_clk rise@0.000ns)
  Data Path Delay:        5.377ns  (logic 0.077ns (1.432%)  route 5.300ns (98.568%))
  Logic Levels:           0  
  Clock Path Skew:        0.013ns (DCD - SCD + CPR)
    Destination Clock Delay (DCD):    0.043ns = ( 4.614 - 4.571 ) 
    Source Clock Delay      (SCD):    0.030ns
    Clock Pessimism Removal (CPR):    0.000ns
  Clock Uncertainty:      0.035ns  ((TSJ^2 + TIJ^2)^1/2 + DJ) / 2 + PE
    Total System Jitter     (TSJ):    0.071ns
    Total Input Jitter      (TIJ):    0.000ns
    Discrete Jitter          (DJ):    0.000ns
    Phase Error              (PE):    0.000ns

    Location             Delay type                Incr(ns)  Path(ns)    Netlist Resource(s)
  -------------------------------------------------------------------    -------------------
                         (clock core_clk rise edge)
                                                      0.000     0.000 r  
                                                      0.000     0.000 r  clk218 (IN)
                         net (fo=103357, unset)       0.030     0.030    u_dut/u_frontend/u_interp_1/clk
    SLICE_X49Y230        FDRE                                         r  u_dut/u_frontend/u_interp_1/out_i_vec_reg[239]/C
  -------------------------------------------------------------------    -------------------
    SLICE_X49Y230        FDRE (Prop_AFF_SLICEM_C_Q)
                                                      0.077     0.107 r  u_dut/u_frontend/u_interp_1/out_i_vec_reg[239]/Q
                         net (fo=173, routed)         5.300     5.407    u_dut/u_frontend/u_memory_dpd/g_lane[12].u_dpd/p_0_out__30/A[24]
    DSP48E2_X11Y8        DSP_A_B_DATA                                 r  u_dut/u_frontend/u_memory_dpd/g_lane[12].u_dpd/p_0_out__30/DSP_A_B_DATA_INST/A[24]
  -------------------------------------------------------------------    -------------------

                         (clock core_clk rise edge)
                                                      4.571     4.571 r  
                                                      0.000     4.571 r  clk218 (IN)
                         net (fo=103357, unset)       0.043     4.614    u_dut/u_frontend/u_memory_dpd/g_lane[12].u_dpd/p_0_out__30/CLK
    DSP48E2_X11Y8        DSP_A_B_DATA                                 r  u_dut/u_frontend/u_memory_dpd/g_lane[12].u_dpd/p_0_out__30/DSP_A_B_DATA_INST/CLK
                         clock pessimism              0.000     4.614    
                         clock uncertainty           -0.035     4.579    
    DSP48E2_X11Y8        DSP_A_B_DATA (Setup_DSP_A_B_DATA_DSP48E2_CLK_A[24])
                                                     -0.282     4.297    u_dut/u_frontend/u_memory_dpd/g_lane[12].u_dpd/p_0_out__30/DSP_A_B_DATA_INST
  -------------------------------------------------------------------
                         required time                          4.297    
                         arrival time                          -5.407    
  -------------------------------------------------------------------
                         slack                                 -1.110    

Slack (VIOLATED) :        -1.088ns  (required time - arrival time)
  Source:                 u_dut/u_frontend/u_interp_1/out_i_vec_reg[239]/C
                            (rising edge-triggered cell FDRE clocked by core_clk  {rise@0.000ns fall@2.286ns period=4.571ns})
  Destination:            u_dut/u_frontend/u_memory_dpd/g_lane[12].u_dpd/p_0_out__30/DSP_A_B_DATA_INST/A[28]
                            (rising edge-triggered cell DSP_A_B_DATA clocked by core_clk  {rise@0.000ns fall@2.286ns period=4.571ns})
  Path Group:             core_clk
  Path Type:              Setup (Max at Slow Process Corner)
  Requirement:            4.571ns  (core_clk rise@4.571ns - core_clk rise@0.000ns)
  Data Path Delay:        5.345ns  (logic 0.077ns (1.441%)  route 5.268ns (98.559%))
  Logic Levels:           0  
  Clock Path Skew:        0.013ns (DCD - SCD + CPR)
    Destination Clock Delay (DCD):    0.043ns = ( 4.614 - 4.571 ) 
    Source Clock Delay      (SCD):    0.030ns
    Clock Pessimism Removal (CPR):    0.000ns
  Clock Uncertainty:      0.035ns  ((TSJ^2 + TIJ^2)^1/2 + DJ) / 2 + PE
    Total System Jitter     (TSJ):    0.071ns
    Total Input Jitter      (TIJ):    0.000ns
    Discrete Jitter          (DJ):    0.000ns
    Phase Error              (PE):    0.000ns

    Location             Delay type                Incr(ns)  Path(ns)    Netlist Resource(s)
  -------------------------------------------------------------------    -------------------
                         (clock core_clk rise edge)
                                                      0.000     0.000 r  
                                                      0.000     0.000 r  clk218 (IN)
                         net (fo=103357, unset)       0.030     0.030    u_dut/u_frontend/u_interp_1/clk
    SLICE_X49Y230        FDRE                                         r  u_dut/u_frontend/u_interp_1/out_i_vec_reg[239]/C
  -------------------------------------------------------------------    -------------------
    SLICE_X49Y230        FDRE (Prop_AFF_SLICEM_C_Q)
                                                      0.077     0.107 r  u_dut/u_frontend/u_interp_1/out_i_vec_reg[239]/Q
                         net (fo=173, routed)         5.268     5.375    u_dut/u_frontend/u_memory_dpd/g_lane[12].u_dpd/p_0_out__30/A[28]
    DSP48E2_X11Y8        DSP_A_B_DATA                                 r  u_dut/u_frontend/u_memory_dpd/g_lane[12].u_dpd/p_0_out__30/DSP_A_B_DATA_INST/A[28]
  -------------------------------------------------------------------    -------------------

                         (clock core_clk rise edge)
                                                      4.571     4.571 r  
                                                      0.000     4.571 r  clk218 (IN)
                         net (fo=103357, unset)       0.043     4.614    u_dut/u_frontend/u_memory_dpd/g_lane[12].u_dpd/p_0_out__30/CLK
    DSP48E2_X11Y8        DSP_A_B_DATA                                 r  u_dut/u_frontend/u_memory_dpd/g_lane[12].u_dpd/p_0_out__30/DSP_A_B_DATA_INST/CLK
                         clock pessimism              0.000     4.614    
                         clock uncertainty           -0.035     4.579    
    DSP48E2_X11Y8        DSP_A_B_DATA (Setup_DSP_A_B_DATA_DSP48E2_CLK_A[28])
                                                     -0.292     4.287    u_dut/u_frontend/u_memory_dpd/g_lane[12].u_dpd/p_0_out__30/DSP_A_B_DATA_INST
  -------------------------------------------------------------------
                         required time                          4.287    
                         arrival time                          -5.375    
  -------------------------------------------------------------------
                         slack                                 -1.088    

Slack (VIOLATED) :        -1.067ns  (required time - arrival time)
  Source:                 u_dut/u_frontend/u_interp_1/out_i_vec_reg[239]/C
                            (rising edge-triggered cell FDRE clocked by core_clk  {rise@0.000ns fall@2.286ns period=4.571ns})
  Destination:            u_dut/u_frontend/u_memory_dpd/g_lane[12].u_dpd/p_0_out__30/DSP_A_B_DATA_INST/A[26]
                            (rising edge-triggered cell DSP_A_B_DATA clocked by core_clk  {rise@0.000ns fall@2.286ns period=4.571ns})
  Path Group:             core_clk
  Path Type:              Setup (Max at Slow Process Corner)
  Requirement:            4.571ns  (core_clk rise@4.571ns - core_clk rise@0.000ns)
  Data Path Delay:        5.331ns  (logic 0.077ns (1.444%)  route 5.254ns (98.556%))
  Logic Levels:           0  
  Clock Path Skew:        0.013ns (DCD - SCD + CPR)
    Destination Clock Delay (DCD):    0.043ns = ( 4.614 - 4.571 ) 
    Source Clock Delay      (SCD):    0.030ns
    Clock Pessimism Removal (CPR):    0.000ns
  Clock Uncertainty:      0.035ns  ((TSJ^2 + TIJ^2)^1/2 + DJ) / 2 + PE
    Total System Jitter     (TSJ):    0.071ns
    Total Input Jitter      (TIJ):    0.000ns
    Discrete Jitter          (DJ):    0.000ns
    Phase Error              (PE):    0.000ns

    Location             Delay type                Incr(ns)  Path(ns)    Netlist Resource(s)
  -------------------------------------------------------------------    -------------------
                         (clock core_clk rise edge)
                                                      0.000     0.000 r  
                                                      0.000     0.000 r  clk218 (IN)
                         net (fo=103357, unset)       0.030     0.030    u_dut/u_frontend/u_interp_1/clk
    SLICE_X49Y230        FDRE                                         r  u_dut/u_frontend/u_interp_1/out_i_vec_reg[239]/C
  -------------------------------------------------------------------    -------------------
    SLICE_X49Y230        FDRE (Prop_AFF_SLICEM_C_Q)
                                                      0.077     0.107 r  u_dut/u_frontend/u_interp_1/out_i_vec_reg[239]/Q
                         net (fo=173, routed)         5.254     5.361    u_dut/u_frontend/u_memory_dpd/g_lane[12].u_dpd/p_0_out__30/A[26]
    DSP48E2_X11Y8        DSP_A_B_DATA                                 r  u_dut/u_frontend/u_memory_dpd/g_lane[12].u_dpd/p_0_out__30/DSP_A_B_DATA_INST/A[26]
  -------------------------------------------------------------------    -------------------

                         (clock core_clk rise edge)
                                                      4.571     4.571 r  
                                                      0.000     4.571 r  clk218 (IN)
                         net (fo=103357, unset)       0.043     4.614    u_dut/u_frontend/u_memory_dpd/g_lane[12].u_dpd/p_0_out__30/CLK
    DSP48E2_X11Y8        DSP_A_B_DATA                                 r  u_dut/u_frontend/u_memory_dpd/g_lane[12].u_dpd/p_0_out__30/DSP_A_B_DATA_INST/CLK
                         clock pessimism              0.000     4.614    
                         clock uncertainty           -0.035     4.579    
    DSP48E2_X11Y8        DSP_A_B_DATA (Setup_DSP_A_B_DATA_DSP48E2_CLK_A[26])
                                                     -0.285     4.294    u_dut/u_frontend/u_memory_dpd/g_lane[12].u_dpd/p_0_out__30/DSP_A_B_DATA_INST
  -------------------------------------------------------------------
                         required time                          4.294    
                         arrival time                          -5.361    
  -------------------------------------------------------------------
                         slack                                 -1.067    

Slack (VIOLATED) :        -0.931ns  (required time - arrival time)
  Source:                 u_dut/u_frontend/u_interp_1/out_i_vec_reg[239]/C
                            (rising edge-triggered cell FDRE clocked by core_clk  {rise@0.000ns fall@2.286ns period=4.571ns})
  Destination:            u_dut/u_frontend/u_memory_dpd/g_lane[12].u_dpd/p_0_out__30/DSP_A_B_DATA_INST/A[15]
                            (rising edge-triggered cell DSP_A_B_DATA clocked by core_clk  {rise@0.000ns fall@2.286ns period=4.571ns})
  Path Group:             core_clk
  Path Type:              Setup (Max at Slow Process Corner)
  Requirement:            4.571ns  (core_clk rise@4.571ns - core_clk rise@0.000ns)
  Data Path Delay:        5.209ns  (logic 0.077ns (1.478%)  route 5.132ns (98.522%))
  Logic Levels:           0  
  Clock Path Skew:        0.013ns (DCD - SCD + CPR)
    Destination Clock Delay (DCD):    0.043ns = ( 4.614 - 4.571 ) 
    Source Clock Delay      (SCD):    0.030ns
    Clock Pessimism Removal (CPR):    0.000ns
  Clock Uncertainty:      0.035ns  ((TSJ^2 + TIJ^2)^1/2 + DJ) / 2 + PE
    Total System Jitter     (TSJ):    0.071ns
    Total Input Jitter      (TIJ):    0.000ns
    Discrete Jitter          (DJ):    0.000ns
    Phase Error              (PE):    0.000ns

    Location             Delay type                Incr(ns)  Path(ns)    Netlist Resource(s)
  -------------------------------------------------------------------    -------------------
                         (clock core_clk rise edge)
                                                      0.000     0.000 r  
                                                      0.000     0.000 r  clk218 (IN)
                         net (fo=103357, unset)       0.030     0.030    u_dut/u_frontend/u_interp_1/clk
    SLICE_X49Y230        FDRE                                         r  u_dut/u_frontend/u_interp_1/out_i_vec_reg[239]/C
  -------------------------------------------------------------------    -------------------
    SLICE_X49Y230        FDRE (Prop_AFF_SLICEM_C_Q)
                                                      0.077     0.107 r  u_dut/u_frontend/u_interp_1/out_i_vec_reg[239]/Q
                         net (fo=173, routed)         5.132     5.239    u_dut/u_frontend/u_memory_dpd/g_lane[12].u_dpd/p_0_out__30/A[15]
    DSP48E2_X11Y8        DSP_A_B_DATA                                 r  u_dut/u_frontend/u_memory_dpd/g_lane[12].u_dpd/p_0_out__30/DSP_A_B_DATA_INST/A[15]
  -------------------------------------------------------------------    -------------------

                         (clock core_clk rise edge)
                                                      4.571     4.571 r  
                                                      0.000     4.571 r  clk218 (IN)
                         net (fo=103357, unset)       0.043     4.614    u_dut/u_frontend/u_memory_dpd/g_lane[12].u_dpd/p_0_out__30/CLK
    DSP48E2_X11Y8        DSP_A_B_DATA                                 r  u_dut/u_frontend/u_memory_dpd/g_lane[12].u_dpd/p_0_out__30/DSP_A_B_DATA_INST/CLK
                         clock pessimism              0.000     4.614    
                         clock uncertainty           -0.035     4.579    
    DSP48E2_X11Y8        DSP_A_B_DATA (Setup_DSP_A_B_DATA_DSP48E2_CLK_A[15])
                                                     -0.271     4.308    u_dut/u_frontend/u_memory_dpd/g_lane[12].u_dpd/p_0_out__30/DSP_A_B_DATA_INST
  -------------------------------------------------------------------
                         required time                          4.308    
                         arrival time                          -5.239    
  -------------------------------------------------------------------
                         slack                                 -0.931    

Slack (VIOLATED) :        -0.921ns  (required time - arrival time)
  Source:                 u_dut/u_frontend/u_interp_1/out_i_vec_reg[239]/C
                            (rising edge-triggered cell FDRE clocked by core_clk  {rise@0.000ns fall@2.286ns period=4.571ns})
  Destination:            u_dut/u_frontend/u_memory_dpd/g_lane[12].u_dpd/p_0_out__30/DSP_A_B_DATA_INST/B[16]
                            (rising edge-triggered cell DSP_A_B_DATA clocked by core_clk  {rise@0.000ns fall@2.286ns period=4.571ns})
  Path Group:             core_clk
  Path Type:              Setup (Max at Slow Process Corner)
  Requirement:            4.571ns  (core_clk rise@4.571ns - core_clk rise@0.000ns)
  Data Path Delay:        5.216ns  (logic 0.077ns (1.476%)  route 5.139ns (98.524%))
  Logic Levels:           0  
  Clock Path Skew:        0.013ns (DCD - SCD + CPR)
    Destination Clock Delay (DCD):    0.043ns = ( 4.614 - 4.571 ) 
    Source Clock Delay      (SCD):    0.030ns
    Clock Pessimism Removal (CPR):    0.000ns
  Clock Uncertainty:      0.035ns  ((TSJ^2 + TIJ^2)^1/2 + DJ) / 2 + PE
    Total System Jitter     (TSJ):    0.071ns
    Total Input Jitter      (TIJ):    0.000ns
    Discrete Jitter          (DJ):    0.000ns
    Phase Error              (PE):    0.000ns

    Location             Delay type                Incr(ns)  Path(ns)    Netlist Resource(s)
  -------------------------------------------------------------------    -------------------
                         (clock core_clk rise edge)
                                                      0.000     0.000 r  
                                                      0.000     0.000 r  clk218 (IN)
                         net (fo=103357, unset)       0.030     0.030    u_dut/u_frontend/u_interp_1/clk
    SLICE_X49Y230        FDRE                                         r  u_dut/u_frontend/u_interp_1/out_i_vec_reg[239]/C
  -------------------------------------------------------------------    -------------------
    SLICE_X49Y230        FDRE (Prop_AFF_SLICEM_C_Q)
                                                      0.077     0.107 r  u_dut/u_frontend/u_interp_1/out_i_vec_reg[239]/Q
                         net (fo=173, routed)         5.139     5.246    u_dut/u_frontend/u_memory_dpd/g_lane[12].u_dpd/p_0_out__30/B[16]
    DSP48E2_X11Y8        DSP_A_B_DATA                                 r  u_dut/u_frontend/u_memory_dpd/g_lane[12].u_dpd/p_0_out__30/DSP_A_B_DATA_INST/B[16]
  -------------------------------------------------------------------    -------------------

                         (clock core_clk rise edge)
                                                      4.571     4.571 r  
                                                      0.000     4.571 r  clk218 (IN)
                         net (fo=103357, unset)       0.043     4.614    u_dut/u_frontend/u_memory_dpd/g_lane[12].u_dpd/p_0_out__30/CLK
    DSP48E2_X11Y8        DSP_A_B_DATA                                 r  u_dut/u_frontend/u_memory_dpd/g_lane[12].u_dpd/p_0_out__30/DSP_A_B_DATA_INST/CLK
                         clock pessimism              0.000     4.614    
                         clock uncertainty           -0.035     4.579    
    DSP48E2_X11Y8        DSP_A_B_DATA (Setup_DSP_A_B_DATA_DSP48E2_CLK_B[16])
                                                     -0.254     4.325    u_dut/u_frontend/u_memory_dpd/g_lane[12].u_dpd/p_0_out__30/DSP_A_B_DATA_INST
  -------------------------------------------------------------------
                         required time                          4.325    
                         arrival time                          -5.246    
  -------------------------------------------------------------------
                         slack                                 -0.921    

Slack (VIOLATED) :        -0.915ns  (required time - arrival time)
  Source:                 u_dut/u_frontend/u_interp_1/out_i_vec_reg[239]/C
                            (rising edge-triggered cell FDRE clocked by core_clk  {rise@0.000ns fall@2.286ns period=4.571ns})
  Destination:            u_dut/u_frontend/u_memory_dpd/g_lane[12].u_dpd/p_0_out__30/DSP_A_B_DATA_INST/B[15]
                            (rising edge-triggered cell DSP_A_B_DATA clocked by core_clk  {rise@0.000ns fall@2.286ns period=4.571ns})
  Path Group:             core_clk
  Path Type:              Setup (Max at Slow Process Corner)
  Requirement:            4.571ns  (core_clk rise@4.571ns - core_clk rise@0.000ns)
  Data Path Delay:        5.215ns  (logic 0.077ns (1.476%)  route 5.138ns (98.523%))
  Logic Levels:           0  
  Clock Path Skew:        0.013ns (DCD - SCD + CPR)
    Destination Clock Delay (DCD):    0.043ns = ( 4.614 - 4.571 ) 
    Source Clock Delay      (SCD):    0.030ns
    Clock Pessimism Removal (CPR):    0.000ns
  Clock Uncertainty:      0.035ns  ((TSJ^2 + TIJ^2)^1/2 + DJ) / 2 + PE
    Total System Jitter     (TSJ):    0.071ns
    Total Input Jitter      (TIJ):    0.000ns
    Discrete Jitter          (DJ):    0.000ns
    Phase Error              (PE):    0.000ns

    Location             Delay type                Incr(ns)  Path(ns)    Netlist Resource(s)
  -------------------------------------------------------------------    -------------------
                         (clock core_clk rise edge)
                                                      0.000     0.000 r  
                                                      0.000     0.000 r  clk218 (IN)
                         net (fo=103357, unset)       0.030     0.030    u_dut/u_frontend/u_interp_1/clk
    SLICE_X49Y230        FDRE                                         r  u_dut/u_frontend/u_interp_1/out_i_vec_reg[239]/C
  -------------------------------------------------------------------    -------------------
    SLICE_X49Y230        FDRE (Prop_AFF_SLICEM_C_Q)
                                                      0.077     0.107 r  u_dut/u_frontend/u_interp_1/out_i_vec_reg[239]/Q
                         net (fo=173, routed)         5.138     5.245    u_dut/u_frontend/u_memory_dpd/g_lane[12].u_dpd/p_0_out__30/B[15]
    DSP48E2_X11Y8        DSP_A_B_DATA                                 r  u_dut/u_frontend/u_memory_dpd/g_lane[12].u_dpd/p_0_out__30/DSP_A_B_DATA_INST/B[15]
  -------------------------------------------------------------------    -------------------

                         (clock core_clk rise edge)
                                                      4.571     4.571 r  
                                                      0.000     4.571 r  clk218 (IN)
                         net (fo=103357, unset)       0.043     4.614    u_dut/u_frontend/u_memory_dpd/g_lane[12].u_dpd/p_0_out__30/CLK
    DSP48E2_X11Y8        DSP_A_B_DATA                                 r  u_dut/u_frontend/u_memory_dpd/g_lane[12].u_dpd/p_0_out__30/DSP_A_B_DATA_INST/CLK
                         clock pessimism              0.000     4.614    
                         clock uncertainty           -0.035     4.579    
    DSP48E2_X11Y8        DSP_A_B_DATA (Setup_DSP_A_B_DATA_DSP48E2_CLK_B[15])
                                                     -0.249     4.330    u_dut/u_frontend/u_memory_dpd/g_lane[12].u_dpd/p_0_out__30/DSP_A_B_DATA_INST
  -------------------------------------------------------------------
                         required time                          4.330    
                         arrival time                          -5.245    
  -------------------------------------------------------------------
                         slack                                 -0.915    

Slack (VIOLATED) :        -0.914ns  (required time - arrival time)
  Source:                 u_dut/u_frontend/u_interp_1/out_i_vec_reg[239]/C
                            (rising edge-triggered cell FDRE clocked by core_clk  {rise@0.000ns fall@2.286ns period=4.571ns})
  Destination:            u_dut/u_frontend/u_memory_dpd/g_lane[12].u_dpd/p_0_out__30/DSP_A_B_DATA_INST/A[16]
                            (rising edge-triggered cell DSP_A_B_DATA clocked by core_clk  {rise@0.000ns fall@2.286ns period=4.571ns})
  Path Group:             core_clk
  Path Type:              Setup (Max at Slow Process Corner)
  Requirement:            4.571ns  (core_clk rise@4.571ns - core_clk rise@0.000ns)
  Data Path Delay:        5.208ns  (logic 0.077ns (1.478%)  route 5.131ns (98.521%))
  Logic Levels:           0  
  Clock Path Skew:        0.013ns (DCD - SCD + CPR)
    Destination Clock Delay (DCD):    0.043ns = ( 4.614 - 4.571 ) 
    Source Clock Delay      (SCD):    0.030ns
    Clock Pessimism Removal (CPR):    0.000ns
  Clock Uncertainty:      0.035ns  ((TSJ^2 + TIJ^2)^1/2 + DJ) / 2 + PE
    Total System Jitter     (TSJ):    0.071ns
    Total Input Jitter      (TIJ):    0.000ns
    Discrete Jitter          (DJ):    0.000ns
    Phase Error              (PE):    0.000ns

    Location             Delay type                Incr(ns)  Path(ns)    Netlist Resource(s)
  -------------------------------------------------------------------    -------------------
                         (clock core_clk rise edge)
                                                      0.000     0.000 r  
                                                      0.000     0.000 r  clk218 (IN)
                         net (fo=103357, unset)       0.030     0.030    u_dut/u_frontend/u_interp_1/clk
    SLICE_X49Y230        FDRE                                         r  u_dut/u_frontend/u_interp_1/out_i_vec_reg[239]/C
  -------------------------------------------------------------------    -------------------
    SLICE_X49Y230        FDRE (Prop_AFF_SLICEM_C_Q)
                                                      0.077     0.107 r  u_dut/u_frontend/u_interp_1/out_i_vec_reg[239]/Q
                         net (fo=173, routed)         5.131     5.238    u_dut/u_frontend/u_memory_dpd/g_lane[12].u_dpd/p_0_out__30/A[16]
    DSP48E2_X11Y8        DSP_A_B_DATA                                 r  u_dut/u_frontend/u_memory_dpd/g_lane[12].u_dpd/p_0_out__30/DSP_A_B_DATA_INST/A[16]
  -------------------------------------------------------------------    -------------------

                         (clock core_clk rise edge)
                                                      4.571     4.571 r  
                                                      0.000     4.571 r  clk218 (IN)
                         net (fo=103357, unset)       0.043     4.614    u_dut/u_frontend/u_memory_dpd/g_lane[12].u_dpd/p_0_out__30/CLK
    DSP48E2_X11Y8        DSP_A_B_DATA                                 r  u_dut/u_frontend/u_memory_dpd/g_lane[12].u_dpd/p_0_out__30/DSP_A_B_DATA_INST/CLK
                         clock pessimism              0.000     4.614    
                         clock uncertainty           -0.035     4.579    
    DSP48E2_X11Y8        DSP_A_B_DATA (Setup_DSP_A_B_DATA_DSP48E2_CLK_A[16])
                                                     -0.255     4.324    u_dut/u_frontend/u_memory_dpd/g_lane[12].u_dpd/p_0_out__30/DSP_A_B_DATA_INST
  -------------------------------------------------------------------
                         required time                          4.324    
                         arrival time                          -5.238    
  -------------------------------------------------------------------
                         slack                                 -0.914    

Slack (VIOLATED) :        -0.877ns  (required time - arrival time)
  Source:                 u_dut/u_frontend/u_interp_1/out_i_vec_reg[239]/C
                            (rising edge-triggered cell FDRE clocked by core_clk  {rise@0.000ns fall@2.286ns period=4.571ns})
  Destination:            u_dut/u_frontend/u_memory_dpd/g_lane[14].u_dpd/p_0_out__10/DSP_A_B_DATA_INST/A[22]
                            (rising edge-triggered cell DSP_A_B_DATA clocked by core_clk  {rise@0.000ns fall@2.286ns period=4.571ns})
  Path Group:             core_clk
  Path Type:              Setup (Max at Slow Process Corner)
  Requirement:            4.571ns  (core_clk rise@4.571ns - core_clk rise@0.000ns)
  Data Path Delay:        5.174ns  (logic 0.077ns (1.488%)  route 5.097ns (98.512%))
  Logic Levels:           0  
  Clock Path Skew:        0.013ns (DCD - SCD + CPR)
    Destination Clock Delay (DCD):    0.043ns = ( 4.614 - 4.571 ) 
    Source Clock Delay      (SCD):    0.030ns
    Clock Pessimism Removal (CPR):    0.000ns
  Clock Uncertainty:      0.035ns  ((TSJ^2 + TIJ^2)^1/2 + DJ) / 2 + PE
    Total System Jitter     (TSJ):    0.071ns
    Total Input Jitter      (TIJ):    0.000ns
    Discrete Jitter          (DJ):    0.000ns
    Phase Error              (PE):    0.000ns

    Location             Delay type                Incr(ns)  Path(ns)    Netlist Resource(s)
  -------------------------------------------------------------------    -------------------
                         (clock core_clk rise edge)
                                                      0.000     0.000 r  
                                                      0.000     0.000 r  clk218 (IN)
                         net (fo=103357, unset)       0.030     0.030    u_dut/u_frontend/u_interp_1/clk
    SLICE_X49Y230        FDRE                                         r  u_dut/u_frontend/u_interp_1/out_i_vec_reg[239]/C
  -------------------------------------------------------------------    -------------------
    SLICE_X49Y230        FDRE (Prop_AFF_SLICEM_C_Q)
                                                      0.077     0.107 r  u_dut/u_frontend/u_interp_1/out_i_vec_reg[239]/Q
                         net (fo=173, routed)         5.097     5.204    u_dut/u_frontend/u_memory_dpd/g_lane[14].u_dpd/p_0_out__10/A[22]
    DSP48E2_X16Y8        DSP_A_B_DATA                                 r  u_dut/u_frontend/u_memory_dpd/g_lane[14].u_dpd/p_0_out__10/DSP_A_B_DATA_INST/A[22]
  -------------------------------------------------------------------    -------------------

                         (clock core_clk rise edge)
                                                      4.571     4.571 r  
                                                      0.000     4.571 r  clk218 (IN)
                         net (fo=103357, unset)       0.043     4.614    u_dut/u_frontend/u_memory_dpd/g_lane[14].u_dpd/p_0_out__10/CLK
    DSP48E2_X16Y8        DSP_A_B_DATA                                 r  u_dut/u_frontend/u_memory_dpd/g_lane[14].u_dpd/p_0_out__10/DSP_A_B_DATA_INST/CLK
                         clock pessimism              0.000     4.614    
                         clock uncertainty           -0.035     4.579    
    DSP48E2_X16Y8        DSP_A_B_DATA (Setup_DSP_A_B_DATA_DSP48E2_CLK_A[22])
                                                     -0.251     4.328    u_dut/u_frontend/u_memory_dpd/g_lane[14].u_dpd/p_0_out__10/DSP_A_B_DATA_INST
  -------------------------------------------------------------------
                         required time                          4.328    
                         arrival time                          -5.204    
  -------------------------------------------------------------------
                         slack                                 -0.877    

Slack (VIOLATED) :        -0.753ns  (required time - arrival time)
  Source:                 u_dut/u_frontend/u_interp_1/out_i_vec_reg[239]/C
                            (rising edge-triggered cell FDRE clocked by core_clk  {rise@0.000ns fall@2.286ns period=4.571ns})
  Destination:            u_dut/u_frontend/u_memory_dpd/g_lane[14].u_dpd/p_0_out__10/DSP_A_B_DATA_INST/A[23]
                            (rising edge-triggered cell DSP_A_B_DATA clocked by core_clk  {rise@0.000ns fall@2.286ns period=4.571ns})
  Path Group:             core_clk
  Path Type:              Setup (Max at Slow Process Corner)
  Requirement:            4.571ns  (core_clk rise@4.571ns - core_clk rise@0.000ns)
  Data Path Delay:        5.016ns  (logic 0.077ns (1.535%)  route 4.939ns (98.465%))
  Logic Levels:           0  
  Clock Path Skew:        0.013ns (DCD - SCD + CPR)
    Destination Clock Delay (DCD):    0.043ns = ( 4.614 - 4.571 ) 
    Source Clock Delay      (SCD):    0.030ns
    Clock Pessimism Removal (CPR):    0.000ns
  Clock Uncertainty:      0.035ns  ((TSJ^2 + TIJ^2)^1/2 + DJ) / 2 + PE
    Total System Jitter     (TSJ):    0.071ns
    Total Input Jitter      (TIJ):    0.000ns
    Discrete Jitter          (DJ):    0.000ns
    Phase Error              (PE):    0.000ns

    Location             Delay type                Incr(ns)  Path(ns)    Netlist Resource(s)
  -------------------------------------------------------------------    -------------------
                         (clock core_clk rise edge)
                                                      0.000     0.000 r  
                                                      0.000     0.000 r  clk218 (IN)
                         net (fo=103357, unset)       0.030     0.030    u_dut/u_frontend/u_interp_1/clk
    SLICE_X49Y230        FDRE                                         r  u_dut/u_frontend/u_interp_1/out_i_vec_reg[239]/C
  -------------------------------------------------------------------    -------------------
    SLICE_X49Y230        FDRE (Prop_AFF_SLICEM_C_Q)
                                                      0.077     0.107 r  u_dut/u_frontend/u_interp_1/out_i_vec_reg[239]/Q
                         net (fo=173, routed)         4.939     5.046    u_dut/u_frontend/u_memory_dpd/g_lane[14].u_dpd/p_0_out__10/A[23]
    DSP48E2_X16Y8        DSP_A_B_DATA                                 r  u_dut/u_frontend/u_memory_dpd/g_lane[14].u_dpd/p_0_out__10/DSP_A_B_DATA_INST/A[23]
  -------------------------------------------------------------------    -------------------

                         (clock core_clk rise edge)
                                                      4.571     4.571 r  
                                                      0.000     4.571 r  clk218 (IN)
                         net (fo=103357, unset)       0.043     4.614    u_dut/u_frontend/u_memory_dpd/g_lane[14].u_dpd/p_0_out__10/CLK
    DSP48E2_X16Y8        DSP_A_B_DATA                                 r  u_dut/u_frontend/u_memory_dpd/g_lane[14].u_dpd/p_0_out__10/DSP_A_B_DATA_INST/CLK
                         clock pessimism              0.000     4.614    
                         clock uncertainty           -0.035     4.579    
    DSP48E2_X16Y8        DSP_A_B_DATA (Setup_DSP_A_B_DATA_DSP48E2_CLK_A[23])
                                                     -0.286     4.293    u_dut/u_frontend/u_memory_dpd/g_lane[14].u_dpd/p_0_out__10/DSP_A_B_DATA_INST
  -------------------------------------------------------------------
                         required time                          4.293    
                         arrival time                          -5.046    
  -------------------------------------------------------------------
                         slack                                 -0.753    




