Copyright 1986-2022 Xilinx, Inc. All Rights Reserved. Copyright 2022-2024 Advanced Micro Devices, Inc. All Rights Reserved.
--------------------------------------------------------------------------------------------------------------------------------------------------
| Tool Version      : Vivado v.2024.1 (win64) Build 5076996 Wed May 22 18:37:14 MDT 2024
| Date              : Sun Sep 20 21:10:56 2026
| Host              : LAPTOP-KNBVGAN8 running 64-bit major release  (build 9200)
| Command           : report_timing_summary -file E:/workspace/chip/dsm_ip/syn/out/tid32_thermo3_axis_frontend_20260920_202951/timing_summary.rpt
| Design            : tid32_thermo3_axis_frontend_tx_ooc
| Device            : xczu15eg-ffvb1156
| Speed File        : -2  PRODUCTION 1.30 05-15-2022
| Design State      : Routed
| Temperature Grade : I
--------------------------------------------------------------------------------------------------------------------------------------------------

Timing Summary Report

------------------------------------------------------------------------------------------------
| Timer Settings
| --------------
------------------------------------------------------------------------------------------------

  Enable Multi Corner Analysis               :  Yes
  Enable Pessimism Removal                   :  Yes
  Pessimism Removal Resolution               :  Nearest Common Node
  Enable Input Delay Default Clock           :  No
  Enable Preset / Clear Arcs                 :  No
  Disable Flight Delays                      :  No
  Ignore I/O Paths                           :  No
  Timing Early Launch at Borrowing Latches   :  No
  Borrow Time for Max Delay Exceptions       :  Yes
  Merge Timing Exceptions                    :  Yes
  Inter-SLR Compensation                     :  Conservative

  Corner  Analyze    Analyze    
  Name    Max Paths  Min Paths  
  ------  ---------  ---------  
  Slow    Yes        Yes        
  Fast    Yes        Yes        


------------------------------------------------------------------------------------------------
| Report Methodology
| ------------------
------------------------------------------------------------------------------------------------

No report available as report_methodology has not been run prior. Run report_methodology on the current design for the summary of methodology violations.



check_timing report

Table of Contents
-----------------
1. checking no_clock (0)
2. checking constant_clock (0)
3. checking pulse_width_clock (0)
4. checking unconstrained_internal_endpoints (0)
5. checking no_input_delay (855)
6. checking no_output_delay (134)
7. checking multiple_clock (0)
8. checking generated_clocks (0)
9. checking loops (0)
10. checking partial_input_delay (0)
11. checking partial_output_delay (0)
12. checking latch_loops (0)

1. checking no_clock (0)
------------------------
 There are 0 register/latch pins with no clock.


2. checking constant_clock (0)
------------------------------
 There are 0 register/latch pins with constant_clock.


3. checking pulse_width_clock (0)
---------------------------------
 There are 0 register/latch pins which need pulse_width check


4. checking unconstrained_internal_endpoints (0)
------------------------------------------------
 There are 0 pins that are not constrained for maximum delay.

 There are 0 pins that are not constrained for maximum delay due to constant clock.


5. checking no_input_delay (855)
--------------------------------
 There are 853 input ports with no input delay specified. (HIGH)

 There are 2 input ports with no input delay but user has a false path constraint. (MEDIUM)


6. checking no_output_delay (134)
---------------------------------
 There are 134 ports with no output delay specified. (HIGH)

 There are 0 ports with no output delay but user has a false path constraint

 There are 0 ports with no output delay but with a timing clock defined on it or propagating through it


7. checking multiple_clock (0)
------------------------------
 There are 0 register/latch pins with multiple clocks.


8. checking generated_clocks (0)
--------------------------------
 There are 0 generated clocks that are not connected to a clock source.


9. checking loops (0)
---------------------
 There are 0 combinational loops in the design.


10. checking partial_input_delay (0)
------------------------------------
 There are 0 input ports with partial input delay specified.


11. checking partial_output_delay (0)
-------------------------------------
 There are 0 ports with partial output delay specified.


12. checking latch_loops (0)
----------------------------
 There are 0 combinational latch loops in the design through latch input



------------------------------------------------------------------------------------------------
| Design Timing Summary
| ---------------------
------------------------------------------------------------------------------------------------

    WNS(ns)      TNS(ns)  TNS Failing Endpoints  TNS Total Endpoints      WHS(ns)      THS(ns)  THS Failing Endpoints  THS Total Endpoints     WPWS(ns)     TPWS(ns)  TPWS Failing Endpoints  TPWS Total Endpoints  
    -------      -------  ---------------------  -------------------      -------      -------  ---------------------  -------------------     --------     --------  ----------------------  --------------------  
     -0.397      -20.853                    160               206492        0.001        0.000                      0               206492        1.743        0.000                       0                 91063  


Timing constraints are not met.


------------------------------------------------------------------------------------------------
| Clock Summary
| -------------
------------------------------------------------------------------------------------------------

Clock        Waveform(ns)         Period(ns)      Frequency(MHz)
-----        ------------         ----------      --------------
core_clk     {0.000 2.286}        4.571           218.771         
s_axis_aclk  {0.000 4.000}        8.000           125.000         


------------------------------------------------------------------------------------------------
| Intra Clock Table
| -----------------
------------------------------------------------------------------------------------------------

Clock             WNS(ns)      TNS(ns)  TNS Failing Endpoints  TNS Total Endpoints      WHS(ns)      THS(ns)  THS Failing Endpoints  THS Total Endpoints     WPWS(ns)     TPWS(ns)  TPWS Failing Endpoints  TPWS Total Endpoints  
-----             -------      -------  ---------------------  -------------------      -------      -------  ---------------------  -------------------     --------     --------  ----------------------  --------------------  
core_clk           -0.397      -20.853                    160               205716        0.001        0.000                      0               205716        1.743        0.000                       0                 90998  
s_axis_aclk         5.557        0.000                      0                  158        0.040        0.000                      0                  158        3.458        0.000                       0                    65  


------------------------------------------------------------------------------------------------
| Inter Clock Table
| -----------------
------------------------------------------------------------------------------------------------

From Clock    To Clock          WNS(ns)      TNS(ns)  TNS Failing Endpoints  TNS Total Endpoints      WHS(ns)      THS(ns)  THS Failing Endpoints  THS Total Endpoints  
----------    --------          -------      -------  ---------------------  -------------------      -------      -------  ---------------------  -------------------  


------------------------------------------------------------------------------------------------
| Other Path Groups Table
| -----------------------
------------------------------------------------------------------------------------------------

Path Group         From Clock         To Clock               WNS(ns)      TNS(ns)  TNS Failing Endpoints  TNS Total Endpoints      WHS(ns)      THS(ns)  THS Failing Endpoints  THS Total Endpoints  
----------         ----------         --------               -------      -------  ---------------------  -------------------      -------      -------  ---------------------  -------------------  
**async_default**  core_clk           core_clk                 2.478        0.000                      0                  618        0.289        0.000                      0                  618  


------------------------------------------------------------------------------------------------
| Timing Details
| --------------
------------------------------------------------------------------------------------------------


---------------------------------------------------------------------------------------------------
From Clock:  core_clk
  To Clock:  core_clk

Setup :          160  Failing Endpoints,  Worst Slack       -0.397ns,  Total Violation      -20.853ns
Hold  :            0  Failing Endpoints,  Worst Slack        0.001ns,  Total Violation        0.000ns
PW    :            0  Failing Endpoints,  Worst Slack        1.743ns,  Total Violation        0.000ns
---------------------------------------------------------------------------------------------------


Max Delay Paths
--------------------------------------------------------------------------------------
Slack (VIOLATED) :        -0.397ns  (required time - arrival time)
  Source:                 u_dut/u_frontend/u_interp_2/p_interp.(null)[0].value__30/DSP_M_DATA_INST/CLK
                            (rising edge-triggered cell DSP_M_DATA clocked by core_clk  {rise@0.000ns fall@2.286ns period=4.571ns})
  Destination:            u_dut/u_frontend/u_interp_2/out_q_vec_reg[509]/D
                            (rising edge-triggered cell FDRE clocked by core_clk  {rise@0.000ns fall@2.286ns period=4.571ns})
  Path Group:             core_clk
  Path Type:              Setup (Max at Slow Process Corner)
  Requirement:            4.571ns  (core_clk rise@4.571ns - core_clk rise@0.000ns)
  Data Path Delay:        4.918ns  (logic 2.237ns (45.485%)  route 2.681ns (54.515%))
  Logic Levels:           12  (CARRY8=6 DSP_ALU=1 DSP_OUTPUT=1 LUT1=2 LUT5=2)
  Clock Path Skew:        -0.040ns (DCD - SCD + CPR)
    Destination Clock Delay (DCD):    0.020ns = ( 4.591 - 4.571 ) 
    Source Clock Delay      (SCD):    0.060ns
    Clock Pessimism Removal (CPR):    0.000ns
  Clock Uncertainty:      0.035ns  ((TSJ^2 + TIJ^2)^1/2 + DJ) / 2 + PE
    Total System Jitter     (TSJ):    0.071ns
    Total Input Jitter      (TIJ):    0.000ns
    Discrete Jitter          (DJ):    0.000ns
    Phase Error              (PE):    0.000ns

    Location             Delay type                Incr(ns)  Path(ns)    Netlist Resource(s)
  -------------------------------------------------------------------    -------------------
                         (clock core_clk rise edge)
                                                      0.000     0.000 r  
                                                      0.000     0.000 r  clk218 (IN)
                         net (fo=101195, unset)       0.060     0.060    u_dut/u_frontend/u_interp_2/p_interp.(null)[0].value__30/CLK
    DSP48E2_X8Y88        DSP_M_DATA                                   r  u_dut/u_frontend/u_interp_2/p_interp.(null)[0].value__30/DSP_M_DATA_INST/CLK
  -------------------------------------------------------------------    -------------------
    DSP48E2_X8Y88        DSP_M_DATA (Prop_DSP_M_DATA_DSP48E2_CLK_V_DATA[0])
                                                      0.277     0.337 r  u_dut/u_frontend/u_interp_2/p_interp.(null)[0].value__30/DSP_M_DATA_INST/V_DATA[0]
                         net (fo=1, routed)           0.000     0.337    u_dut/u_frontend/u_interp_2/p_interp.(null)[0].value__30/DSP_M_DATA.V_DATA<0>
    DSP48E2_X8Y88        DSP_ALU (Prop_DSP_ALU_DSP48E2_V_DATA[0]_ALU_OUT[0])
                                                      0.571     0.908 r  u_dut/u_frontend/u_interp_2/p_interp.(null)[0].value__30/DSP_ALU_INST/ALU_OUT[0]
                         net (fo=1, routed)           0.000     0.908    u_dut/u_frontend/u_interp_2/p_interp.(null)[0].value__30/DSP_ALU.ALU_OUT<0>
    DSP48E2_X8Y88        DSP_OUTPUT (Prop_DSP_OUTPUT_DSP48E2_ALU_OUT[0]_P[0])
                                                      0.109     1.017 f  u_dut/u_frontend/u_interp_2/p_interp.(null)[0].value__30/DSP_OUTPUT_INST/P[0]
                         net (fo=1, routed)           0.690     1.707    u_dut/u_frontend/u_interp_2/p_interp.(null)[0].value__30_n_105
    SLICE_X39Y214        LUT1 (Prop_H6LUT_SLICEM_I0_O)
                                                      0.152     1.859 r  u_dut/u_frontend/u_interp_2/out_q_vec[496]_i_12/O
                         net (fo=1, routed)           0.522     2.381    u_dut/u_frontend/u_interp_2/p_1_out[0]
    SLICE_X33Y214        CARRY8 (Prop_CARRY8_SLICEL_CI_CO[7])
                                                      0.151     2.532 r  u_dut/u_frontend/u_interp_2/out_q_vec_reg[496]_i_3/CO[7]
                         net (fo=1, routed)           0.026     2.558    u_dut/u_frontend/u_interp_2/out_q_vec_reg[496]_i_3_n_0
    SLICE_X33Y215        CARRY8 (Prop_CARRY8_SLICEL_CI_O[5])
                                                      0.116     2.674 f  u_dut/u_frontend/u_interp_2/out_q_vec_reg[496]_i_2/O[5]
                         net (fo=2, routed)           0.293     2.967    u_dut/u_frontend/u_interp_2/p_interp.(null)[0].rounded2[14]
    SLICE_X31Y214        LUT1 (Prop_H6LUT_SLICEM_I0_O)
                                                      0.152     3.119 r  u_dut/u_frontend/u_interp_2/out_q_vec[504]_i_3/O
                         net (fo=1, routed)           0.247     3.366    u_dut/u_frontend/u_interp_2/out_q_vec[504]_i_3_n_0
    SLICE_X31Y215        CARRY8 (Prop_CARRY8_SLICEM_CI_CO[7])
                                                      0.153     3.519 r  u_dut/u_frontend/u_interp_2/out_q_vec_reg[504]_i_2/CO[7]
                         net (fo=1, routed)           0.026     3.545    u_dut/u_frontend/u_interp_2/out_q_vec_reg[504]_i_2_n_0
    SLICE_X31Y216        CARRY8 (Prop_CARRY8_SLICEM_CI_O[6])
                                                      0.103     3.648 r  u_dut/u_frontend/u_interp_2/out_q_vec_reg[511]_i_3/O[6]
                         net (fo=5, routed)           0.312     3.960    u_dut/u_frontend/u_interp_2/p_interp.(null)[0].rounded0[15]
    SLICE_X32Y218        LUT5 (Prop_A6LUT_SLICEL_I0_O)
                                                      0.098     4.058 r  u_dut/u_frontend/u_interp_2/out_q_vec[511]_i_56/O
                         net (fo=1, routed)           0.009     4.067    u_dut/u_frontend/u_interp_2/out_q_vec[511]_i_56_n_0
    SLICE_X32Y218        CARRY8 (Prop_CARRY8_SLICEL_S[0]_CO[7])
                                                      0.190     4.257 f  u_dut/u_frontend/u_interp_2/out_q_vec_reg[511]_i_24/CO[7]
                         net (fo=1, routed)           0.026     4.283    u_dut/u_frontend/u_interp_2/out_q_vec_reg[511]_i_24_n_0
    SLICE_X32Y219        CARRY8 (Prop_CARRY8_SLICEL_CI_CO[1])
                                                      0.042     4.325 f  u_dut/u_frontend/u_interp_2/out_q_vec_reg[511]_i_6/CO[1]
                         net (fo=16, routed)          0.479     4.804    u_dut/u_frontend/u_interp_2/out_q_vec_reg[511]_i_6_n_6
    SLICE_X32Y214        LUT5 (Prop_F6LUT_SLICEL_I1_O)
                                                      0.123     4.927 r  u_dut/u_frontend/u_interp_2/out_q_vec[509]_i_1/O
                         net (fo=1, routed)           0.051     4.978    u_dut/u_frontend/u_interp_2/round_sat1_return[13]
    SLICE_X32Y214        FDRE                                         r  u_dut/u_frontend/u_interp_2/out_q_vec_reg[509]/D
  -------------------------------------------------------------------    -------------------

                         (clock core_clk rise edge)
                                                      4.571     4.571 r  
                                                      0.000     4.571 r  clk218 (IN)
                         net (fo=101195, unset)       0.020     4.591    u_dut/u_frontend/u_interp_2/clk
    SLICE_X32Y214        FDRE                                         r  u_dut/u_frontend/u_interp_2/out_q_vec_reg[509]/C
                         clock pessimism              0.000     4.591    
                         clock uncertainty           -0.035     4.556    
    SLICE_X32Y214        FDRE (Setup_FFF_SLICEL_C_D)
                                                      0.025     4.581    u_dut/u_frontend/u_interp_2/out_q_vec_reg[509]
  -------------------------------------------------------------------
                         required time                          4.581    
                         arrival time                          -4.978    
  -------------------------------------------------------------------
                         slack                                 -0.397    





Min Delay Paths
--------------------------------------------------------------------------------------
Slack (MET) :             0.001ns  (arrival time - required time)
  Source:                 u_dut/u_frontend/u_tid/u_p/in_q_pipe_reg[366]/C
                            (rising edge-triggered cell FDCE clocked by core_clk  {rise@0.000ns fall@2.286ns period=4.571ns})
  Destination:            u_dut/u_frontend/u_tid/u_p/a_q_reg[22][19][14]_srl20_a_q_reg_c_181/D
                            (rising edge-triggered cell SRLC32E clocked by core_clk  {rise@0.000ns fall@2.286ns period=4.571ns})
  Path Group:             core_clk
  Path Type:              Hold (Min at Fast Process Corner)
  Requirement:            0.000ns  (core_clk rise@0.000ns - core_clk rise@0.000ns)
  Data Path Delay:        0.089ns  (logic 0.039ns (43.820%)  route 0.050ns (56.180%))
  Logic Levels:           0  
  Clock Path Skew:        0.026ns (DCD - SCD - CPR)
    Destination Clock Delay (DCD):    0.039ns
    Source Clock Delay      (SCD):    0.013ns
    Clock Pessimism Removal (CPR):    -0.000ns

    Location             Delay type                Incr(ns)  Path(ns)    Netlist Resource(s)
  -------------------------------------------------------------------    -------------------
                         (clock core_clk rise edge)
                                                      0.000     0.000 r  
                                                      0.000     0.000 r  clk218 (IN)
                         net (fo=101195, unset)       0.013     0.013    u_dut/u_frontend/u_tid/u_p/clk
    SLICE_X59Y220        FDCE                                         r  u_dut/u_frontend/u_tid/u_p/in_q_pipe_reg[366]/C
  -------------------------------------------------------------------    -------------------
    SLICE_X59Y220        FDCE (Prop_HFF_SLICEL_C_Q)
                                                      0.039     0.052 r  u_dut/u_frontend/u_tid/u_p/in_q_pipe_reg[366]/Q
                         net (fo=1, routed)           0.050     0.102    u_dut/u_frontend/u_tid/u_p/in_q_pipe_reg_n_0_[366]
    SLICE_X58Y220        SRLC32E                                      r  u_dut/u_frontend/u_tid/u_p/a_q_reg[22][19][14]_srl20_a_q_reg_c_181/D
  -------------------------------------------------------------------    -------------------

                         (clock core_clk rise edge)
                                                      0.000     0.000 r  
                                                      0.000     0.000 r  clk218 (IN)
                         net (fo=101195, unset)       0.039     0.039    u_dut/u_frontend/u_tid/u_p/clk
    SLICE_X58Y220        SRLC32E                                      r  u_dut/u_frontend/u_tid/u_p/a_q_reg[22][19][14]_srl20_a_q_reg_c_181/CLK
                         clock pessimism              0.000     0.039    
    SLICE_X58Y220        SRLC32E (Hold_H6LUT_SLICEM_CLK_D)
                                                      0.062     0.101    u_dut/u_frontend/u_tid/u_p/a_q_reg[22][19][14]_srl20_a_q_reg_c_181
  -------------------------------------------------------------------
                         required time                         -0.101    
                         arrival time                           0.102    
  -------------------------------------------------------------------
                         slack                                  0.001    





Pulse Width Checks
--------------------------------------------------------------------------------------
Clock Name:         core_clk
Waveform(ns):       { 0.000 2.286 }
Period(ns):         4.571
Sources:            { clk218 }

Check Type        Corner  Lib Pin             Reference Pin  Required(ns)  Actual(ns)  Slack(ns)  Location      Pin
Min Period        n/a     RAMB36E2/CLKARDCLK  n/a            1.355         4.571       3.216      RAMB36_X7Y38  u_dut/u_cdc/g_xpm_fifo.u_async_fifo/u_xpm_fifo_async/gnuram_async_fifo.xpm_fifo_base_inst/gen_sdpram.xpm_memory_base_inst/gen_wr_a.gen_word_narrow.mem_reg_0/CLKARDCLK
Low Pulse Width   Slow    RAMB36E2/CLKARDCLK  n/a            0.542         2.285       1.743      RAMB36_X7Y38  u_dut/u_cdc/g_xpm_fifo.u_async_fifo/u_xpm_fifo_async/gnuram_async_fifo.xpm_fifo_base_inst/gen_sdpram.xpm_memory_base_inst/gen_wr_a.gen_word_narrow.mem_reg_0/CLKARDCLK
High Pulse Width  Slow    RAMB36E2/CLKARDCLK  n/a            0.542         2.286       1.744      RAMB36_X7Y38  u_dut/u_cdc/g_xpm_fifo.u_async_fifo/u_xpm_fifo_async/gnuram_async_fifo.xpm_fifo_base_inst/gen_sdpram.xpm_memory_base_inst/gen_wr_a.gen_word_narrow.mem_reg_0/CLKARDCLK



---------------------------------------------------------------------------------------------------
From Clock:  s_axis_aclk
  To Clock:  s_axis_aclk

Setup :            0  Failing Endpoints,  Worst Slack        5.557ns,  Total Violation        0.000ns
Hold  :            0  Failing Endpoints,  Worst Slack        0.040ns,  Total Violation        0.000ns
PW    :            0  Failing Endpoints,  Worst Slack        3.458ns,  Total Violation        0.000ns
---------------------------------------------------------------------------------------------------


Max Delay Paths
--------------------------------------------------------------------------------------
Slack (MET) :             5.557ns  (required time - arrival time)
  Source:                 u_dut/u_cdc/g_xpm_fifo.u_async_fifo/u_xpm_fifo_async/gnuram_async_fifo.xpm_fifo_base_inst/xpm_fifo_rst_inst/gen_rst_ic.wr_rst_busy_ic_reg/C
                            (rising edge-triggered cell FDRE clocked by s_axis_aclk  {rise@0.000ns fall@4.000ns period=8.000ns})
  Destination:            u_dut/u_cdc/g_xpm_fifo.u_async_fifo/u_xpm_fifo_async/gnuram_async_fifo.xpm_fifo_base_inst/gen_sdpram.xpm_memory_base_inst/gen_wr_a.gen_word_narrow.mem_reg_3/WEBWE[2]
                            (rising edge-triggered cell RAMB36E2 clocked by s_axis_aclk  {rise@0.000ns fall@4.000ns period=8.000ns})
  Path Group:             s_axis_aclk
  Path Type:              Setup (Max at Slow Process Corner)
  Requirement:            8.000ns  (s_axis_aclk rise@8.000ns - s_axis_aclk rise@0.000ns)
  Data Path Delay:        2.023ns  (logic 0.312ns (15.421%)  route 1.711ns (84.579%))
  Logic Levels:           3  (LUT2=1 LUT4=2)
  Clock Path Skew:        0.010ns (DCD - SCD + CPR)
    Destination Clock Delay (DCD):    0.040ns = ( 8.040 - 8.000 ) 
    Source Clock Delay      (SCD):    0.030ns
    Clock Pessimism Removal (CPR):    0.000ns
  Clock Uncertainty:      0.035ns  ((TSJ^2 + TIJ^2)^1/2 + DJ) / 2 + PE
    Total System Jitter     (TSJ):    0.071ns
    Total Input Jitter      (TIJ):    0.000ns
    Discrete Jitter          (DJ):    0.000ns
    Phase Error              (PE):    0.000ns

    Location             Delay type                Incr(ns)  Path(ns)    Netlist Resource(s)
  -------------------------------------------------------------------    -------------------
                         (clock s_axis_aclk rise edge)
                                                      0.000     0.000 r  
                                                      0.000     0.000 r  clk125 (IN)
                         net (fo=64, unset)           0.030     0.030    u_dut/u_cdc/g_xpm_fifo.u_async_fifo/u_xpm_fifo_async/gnuram_async_fifo.xpm_fifo_base_inst/xpm_fifo_rst_inst/wr_clk
    SLICE_X80Y182        FDRE                                         r  u_dut/u_cdc/g_xpm_fifo.u_async_fifo/u_xpm_fifo_async/gnuram_async_fifo.xpm_fifo_base_inst/xpm_fifo_rst_inst/gen_rst_ic.wr_rst_busy_ic_reg/C
  -------------------------------------------------------------------    -------------------
    SLICE_X80Y182        FDRE (Prop_AFF_SLICEM_C_Q)
                                                      0.077     0.107 f  u_dut/u_cdc/g_xpm_fifo.u_async_fifo/u_xpm_fifo_async/gnuram_async_fifo.xpm_fifo_base_inst/xpm_fifo_rst_inst/gen_rst_ic.wr_rst_busy_ic_reg/Q
                         net (fo=22, routed)          0.547     0.654    u_dut/u_cdc/g_xpm_fifo.u_async_fifo/u_xpm_fifo_async/gnuram_async_fifo.xpm_fifo_base_inst/wrst_busy
    SLICE_X79Y193        LUT2 (Prop_H5LUT_SLICEM_I0_O)
                                                      0.066     0.720 f  u_dut/u_cdc/g_xpm_fifo.u_async_fifo/u_xpm_fifo_async/gnuram_async_fifo.xpm_fifo_base_inst/wr_rst_busy_INST_0/O
                         net (fo=2, routed)           0.165     0.885    u_dut/u_cdc/g_xpm_fifo.u_async_fifo/wr_rst_busy
    SLICE_X79Y193        LUT4 (Prop_G5LUT_SLICEM_I3_O)
                                                      0.068     0.953 r  u_dut/u_cdc/g_xpm_fifo.u_async_fifo/u_xpm_fifo_async_i_2/O
                         net (fo=1, routed)           0.180     1.133    u_dut/u_cdc/g_xpm_fifo.u_async_fifo/u_xpm_fifo_async/gnuram_async_fifo.xpm_fifo_base_inst/wr_en
    SLICE_X79Y193        LUT4 (Prop_H6LUT_SLICEM_I0_O)
                                                      0.101     1.234 r  u_dut/u_cdc/g_xpm_fifo.u_async_fifo/u_xpm_fifo_async/gnuram_async_fifo.xpm_fifo_base_inst/gen_sdpram.xpm_memory_base_inst_i_1/O
                         net (fo=66, routed)          0.819     2.053    u_dut/u_cdc/g_xpm_fifo.u_async_fifo/u_xpm_fifo_async/gnuram_async_fifo.xpm_fifo_base_inst/gen_sdpram.xpm_memory_base_inst/wea[0]
    RAMB36_X7Y42         RAMB36E2                                     r  u_dut/u_cdc/g_xpm_fifo.u_async_fifo/u_xpm_fifo_async/gnuram_async_fifo.xpm_fifo_base_inst/gen_sdpram.xpm_memory_base_inst/gen_wr_a.gen_word_narrow.mem_reg_3/WEBWE[2]
  -------------------------------------------------------------------    -------------------

                         (clock s_axis_aclk rise edge)
                                                      8.000     8.000 r  
                                                      0.000     8.000 r  clk125 (IN)
                         net (fo=64, unset)           0.040     8.040    u_dut/u_cdc/g_xpm_fifo.u_async_fifo/u_xpm_fifo_async/gnuram_async_fifo.xpm_fifo_base_inst/gen_sdpram.xpm_memory_base_inst/clka
    RAMB36_X7Y42         RAMB36E2                                     r  u_dut/u_cdc/g_xpm_fifo.u_async_fifo/u_xpm_fifo_async/gnuram_async_fifo.xpm_fifo_base_inst/gen_sdpram.xpm_memory_base_inst/gen_wr_a.gen_word_narrow.mem_reg_3/CLKBWRCLK
                         clock pessimism              0.000     8.040    
                         clock uncertainty           -0.035     8.005    
    RAMB36_X7Y42         RAMB36E2 (Setup_RAMB36E2_RAMB36_CLKBWRCLK_WEBWE[2])
                                                     -0.394     7.611    u_dut/u_cdc/g_xpm_fifo.u_async_fifo/u_xpm_fifo_async/gnuram_async_fifo.xpm_fifo_base_inst/gen_sdpram.xpm_memory_base_inst/gen_wr_a.gen_word_narrow.mem_reg_3
  -------------------------------------------------------------------
                         required time                          7.611    
                         arrival time                          -2.053    
  -------------------------------------------------------------------
                         slack                                  5.557    





Min Delay Paths
--------------------------------------------------------------------------------------
Slack (MET) :             0.040ns  (arrival time - required time)
  Source:                 u_dut/u_cdc/g_xpm_fifo.u_async_fifo/u_xpm_fifo_async/gnuram_async_fifo.xpm_fifo_base_inst/wrpp2_inst/count_value_i_reg[2]/C
                            (rising edge-triggered cell FDRE clocked by s_axis_aclk  {rise@0.000ns fall@4.000ns period=8.000ns})
  Destination:            u_dut/u_cdc/g_xpm_fifo.u_async_fifo/u_xpm_fifo_async/gnuram_async_fifo.xpm_fifo_base_inst/wrpp2_inst/count_value_i_reg[3]/D
                            (rising edge-triggered cell FDRE clocked by s_axis_aclk  {rise@0.000ns fall@4.000ns period=8.000ns})
  Path Group:             s_axis_aclk
  Path Type:              Hold (Min at Fast Process Corner)
  Requirement:            0.000ns  (s_axis_aclk rise@0.000ns - s_axis_aclk rise@0.000ns)
  Data Path Delay:        0.093ns  (logic 0.059ns (63.658%)  route 0.034ns (36.342%))
  Logic Levels:           1  (LUT4=1)
  Clock Path Skew:        0.006ns (DCD - SCD - CPR)
    Destination Clock Delay (DCD):    0.019ns
    Source Clock Delay      (SCD):    0.013ns
    Clock Pessimism Removal (CPR):    -0.000ns

    Location             Delay type                Incr(ns)  Path(ns)    Netlist Resource(s)
  -------------------------------------------------------------------    -------------------
                         (clock s_axis_aclk rise edge)
                                                      0.000     0.000 r  
                                                      0.000     0.000 r  clk125 (IN)
                         net (fo=64, unset)           0.013     0.013    u_dut/u_cdc/g_xpm_fifo.u_async_fifo/u_xpm_fifo_async/gnuram_async_fifo.xpm_fifo_base_inst/wrpp2_inst/clk
    SLICE_X78Y191        FDRE                                         r  u_dut/u_cdc/g_xpm_fifo.u_async_fifo/u_xpm_fifo_async/gnuram_async_fifo.xpm_fifo_base_inst/wrpp2_inst/count_value_i_reg[2]/C
  -------------------------------------------------------------------    -------------------
    SLICE_X78Y191        FDRE (Prop_GFF_SLICEL_C_Q)
                                                      0.039     0.052 r  u_dut/u_cdc/g_xpm_fifo.u_async_fifo/u_xpm_fifo_async/gnuram_async_fifo.xpm_fifo_base_inst/wrpp2_inst/count_value_i_reg[2]/Q
                         net (fo=3, routed)           0.028     0.080    u_dut/u_cdc/g_xpm_fifo.u_async_fifo/u_xpm_fifo_async/gnuram_async_fifo.xpm_fifo_base_inst/wrpp2_inst/count_value[2]
    SLICE_X78Y191        LUT4 (Prop_G5LUT_SLICEL_I3_O)
                                                      0.020     0.100 r  u_dut/u_cdc/g_xpm_fifo.u_async_fifo/u_xpm_fifo_async/gnuram_async_fifo.xpm_fifo_base_inst/wrpp2_inst/count_value_i[3]_i_1/O
                         net (fo=1, routed)           0.006     0.106    u_dut/u_cdc/g_xpm_fifo.u_async_fifo/u_xpm_fifo_async/gnuram_async_fifo.xpm_fifo_base_inst/wrpp2_inst/count_value_i[3]_i_1_n_0
    SLICE_X78Y191        FDRE                                         r  u_dut/u_cdc/g_xpm_fifo.u_async_fifo/u_xpm_fifo_async/gnuram_async_fifo.xpm_fifo_base_inst/wrpp2_inst/count_value_i_reg[3]/D
  -------------------------------------------------------------------    -------------------

                         (clock s_axis_aclk rise edge)
                                                      0.000     0.000 r  
                                                      0.000     0.000 r  clk125 (IN)
                         net (fo=64, unset)           0.019     0.019    u_dut/u_cdc/g_xpm_fifo.u_async_fifo/u_xpm_fifo_async/gnuram_async_fifo.xpm_fifo_base_inst/wrpp2_inst/clk
    SLICE_X78Y191        FDRE                                         r  u_dut/u_cdc/g_xpm_fifo.u_async_fifo/u_xpm_fifo_async/gnuram_async_fifo.xpm_fifo_base_inst/wrpp2_inst/count_value_i_reg[3]/C
                         clock pessimism              0.000     0.019    
    SLICE_X78Y191        FDRE (Hold_GFF2_SLICEL_C_D)
                                                      0.047     0.066    u_dut/u_cdc/g_xpm_fifo.u_async_fifo/u_xpm_fifo_async/gnuram_async_fifo.xpm_fifo_base_inst/wrpp2_inst/count_value_i_reg[3]
  -------------------------------------------------------------------
                         required time                         -0.066    
                         arrival time                           0.106    
  -------------------------------------------------------------------
                         slack                                  0.040    





Pulse Width Checks
--------------------------------------------------------------------------------------
Clock Name:         s_axis_aclk
Waveform(ns):       { 0.000 4.000 }
Period(ns):         8.000
Sources:            { clk125 }

Check Type        Corner  Lib Pin             Reference Pin  Required(ns)  Actual(ns)  Slack(ns)  Location      Pin
Min Period        n/a     RAMB36E2/CLKBWRCLK  n/a            1.355         8.000       6.645      RAMB36_X7Y38  u_dut/u_cdc/g_xpm_fifo.u_async_fifo/u_xpm_fifo_async/gnuram_async_fifo.xpm_fifo_base_inst/gen_sdpram.xpm_memory_base_inst/gen_wr_a.gen_word_narrow.mem_reg_0/CLKBWRCLK
Low Pulse Width   Slow    RAMB36E2/CLKBWRCLK  n/a            0.542         4.000       3.458      RAMB36_X7Y38  u_dut/u_cdc/g_xpm_fifo.u_async_fifo/u_xpm_fifo_async/gnuram_async_fifo.xpm_fifo_base_inst/gen_sdpram.xpm_memory_base_inst/gen_wr_a.gen_word_narrow.mem_reg_0/CLKBWRCLK
High Pulse Width  Slow    RAMB36E2/CLKBWRCLK  n/a            0.542         4.000       3.458      RAMB36_X7Y38  u_dut/u_cdc/g_xpm_fifo.u_async_fifo/u_xpm_fifo_async/gnuram_async_fifo.xpm_fifo_base_inst/gen_sdpram.xpm_memory_base_inst/gen_wr_a.gen_word_narrow.mem_reg_0/CLKBWRCLK



---------------------------------------------------------------------------------------------------
Path Group:  **async_default**
From Clock:  core_clk
  To Clock:  core_clk

Setup :            0  Failing Endpoints,  Worst Slack        2.478ns,  Total Violation        0.000ns
Hold  :            0  Failing Endpoints,  Worst Slack        0.289ns,  Total Violation        0.000ns
---------------------------------------------------------------------------------------------------


Max Delay Paths
--------------------------------------------------------------------------------------
Slack (MET) :             2.478ns  (required time - arrival time)
  Source:                 u_dut/u_cdc/u_c_reset/sync_q_reg[1]/C
                            (rising edge-triggered cell FDCE clocked by core_clk  {rise@0.000ns fall@2.286ns period=4.571ns})
  Destination:            u_dut/u_cdc/out_q_q_reg[15]/CLR
                            (recovery check against rising-edge clock core_clk  {rise@0.000ns fall@2.286ns period=4.571ns})
  Path Group:             **async_default**
  Path Type:              Recovery (Max at Slow Process Corner)
  Requirement:            4.571ns  (core_clk rise@4.571ns - core_clk rise@0.000ns)
  Data Path Delay:        1.981ns  (logic 0.229ns (11.559%)  route 1.752ns (88.441%))
  Logic Levels:           1  (LUT1=1)
  Clock Path Skew:        -0.010ns (DCD - SCD + CPR)
    Destination Clock Delay (DCD):    0.020ns = ( 4.591 - 4.571 ) 
    Source Clock Delay      (SCD):    0.030ns
    Clock Pessimism Removal (CPR):    0.000ns
  Clock Uncertainty:      0.035ns  ((TSJ^2 + TIJ^2)^1/2 + DJ) / 2 + PE
    Total System Jitter     (TSJ):    0.071ns
    Total Input Jitter      (TIJ):    0.000ns
    Discrete Jitter          (DJ):    0.000ns
    Phase Error              (PE):    0.000ns

    Location             Delay type                Incr(ns)  Path(ns)    Netlist Resource(s)
  -------------------------------------------------------------------    -------------------
                         (clock core_clk rise edge)
                                                      0.000     0.000 r  
                                                      0.000     0.000 r  clk218 (IN)
                         net (fo=101195, unset)       0.030     0.030    u_dut/u_cdc/u_c_reset/clk
    SLICE_X70Y189        FDCE                                         r  u_dut/u_cdc/u_c_reset/sync_q_reg[1]/C
  -------------------------------------------------------------------    -------------------
    SLICE_X70Y189        FDCE (Prop_EFF2_SLICEM_C_Q)
                                                      0.079     0.109 r  u_dut/u_cdc/u_c_reset/sync_q_reg[1]/Q
                         net (fo=1, routed)           0.201     0.310    u_dut/u_cdc/c_rst_n
    SLICE_X70Y189        LUT1 (Prop_G6LUT_SLICEM_I0_O)
                                                      0.150     0.460 f  u_dut/u_cdc/out_valid_q_i_2/O
                         net (fo=618, routed)         1.551     2.011    u_dut/u_cdc/out_valid_q_i_2_n_0
    SLICE_X72Y203        FDCE                                         f  u_dut/u_cdc/out_q_q_reg[15]/CLR
  -------------------------------------------------------------------    -------------------

                         (clock core_clk rise edge)
                                                      4.571     4.571 r  
                                                      0.000     4.571 r  clk218 (IN)
                         net (fo=101195, unset)       0.020     4.591    u_dut/u_cdc/core_clk
    SLICE_X72Y203        FDCE                                         r  u_dut/u_cdc/out_q_q_reg[15]/C
                         clock pessimism              0.000     4.591    
                         clock uncertainty           -0.035     4.556    
    SLICE_X72Y203        FDCE (Recov_DFF_SLICEL_C_CLR)
                                                     -0.066     4.490    u_dut/u_cdc/out_q_q_reg[15]
  -------------------------------------------------------------------
                         required time                          4.490    
                         arrival time                          -2.011    
  -------------------------------------------------------------------
                         slack                                  2.478    





Min Delay Paths
--------------------------------------------------------------------------------------
Slack (MET) :             0.289ns  (arrival time - required time)
  Source:                 u_dut/u_cdc/u_c_reset/sync_q_reg[1]/C
                            (rising edge-triggered cell FDCE clocked by core_clk  {rise@0.000ns fall@2.286ns period=4.571ns})
  Destination:            u_dut/u_cdc/out_i_q_reg[51]/CLR
                            (removal check against rising-edge clock core_clk  {rise@0.000ns fall@2.286ns period=4.571ns})
  Path Group:             **async_default**
  Path Type:              Removal (Min at Fast Process Corner)
  Requirement:            0.000ns  (core_clk rise@0.000ns - core_clk rise@0.000ns)
  Data Path Delay:        0.275ns  (logic 0.099ns (35.989%)  route 0.176ns (64.011%))
  Logic Levels:           1  (LUT1=1)
  Clock Path Skew:        0.006ns (DCD - SCD - CPR)
    Destination Clock Delay (DCD):    0.019ns
    Source Clock Delay      (SCD):    0.013ns
    Clock Pessimism Removal (CPR):    -0.000ns

    Location             Delay type                Incr(ns)  Path(ns)    Netlist Resource(s)
  -------------------------------------------------------------------    -------------------
                         (clock core_clk rise edge)
                                                      0.000     0.000 r  
                                                      0.000     0.000 r  clk218 (IN)
                         net (fo=101195, unset)       0.013     0.013    u_dut/u_cdc/u_c_reset/clk
    SLICE_X70Y189        FDCE                                         r  u_dut/u_cdc/u_c_reset/sync_q_reg[1]/C
  -------------------------------------------------------------------    -------------------
    SLICE_X70Y189        FDCE (Prop_EFF2_SLICEM_C_Q)
                                                      0.039     0.052 r  u_dut/u_cdc/u_c_reset/sync_q_reg[1]/Q
                         net (fo=1, routed)           0.083     0.135    u_dut/u_cdc/c_rst_n
    SLICE_X70Y189        LUT1 (Prop_G6LUT_SLICEM_I0_O)
                                                      0.060     0.195 f  u_dut/u_cdc/out_valid_q_i_2/O
                         net (fo=618, routed)         0.093     0.288    u_dut/u_cdc/out_valid_q_i_2_n_0
    SLICE_X69Y189        FDCE                                         f  u_dut/u_cdc/out_i_q_reg[51]/CLR
  -------------------------------------------------------------------    -------------------

                         (clock core_clk rise edge)
                                                      0.000     0.000 r  
                                                      0.000     0.000 r  clk218 (IN)
                         net (fo=101195, unset)       0.019     0.019    u_dut/u_cdc/core_clk
    SLICE_X69Y189        FDCE                                         r  u_dut/u_cdc/out_i_q_reg[51]/C
                         clock pessimism              0.000     0.019    
    SLICE_X69Y189        FDCE (Remov_HFF_SLICEL_C_CLR)
                                                     -0.020    -0.001    u_dut/u_cdc/out_i_q_reg[51]
  -------------------------------------------------------------------
                         required time                          0.001    
                         arrival time                           0.288    
  -------------------------------------------------------------------
                         slack                                  0.289    





