Copyright 1986-2022 Xilinx, Inc. All Rights Reserved. Copyright 2022-2024 Advanced Micro Devices, Inc. All Rights Reserved.
---------------------------------------------------------------------------------------------------------------------------------------------
| Tool Version : Vivado v.2024.1 (win64) Build 5076996 Wed May 22 18:37:14 MDT 2024
| Date         : Sun Sep 20 20:14:33 2026
| Host         : LAPTOP-KNBVGAN8 running 64-bit major release  (build 9200)
| Command      : report_utilization -file E:/workspace/chip/dsm_ip/syn/out/tid32_thermo3_axis_frontend_20260920_194900/utilization.rpt
| Design       : tid32_thermo3_axis_frontend_tx_ooc
| Device       : xczu15eg-ffvb1156-2-i
| Speed File   : -2
| Design State : Routed
---------------------------------------------------------------------------------------------------------------------------------------------

Utilization Design Information

Table of Contents
-----------------
1. CLB Logic
1.1 Summary of Registers by Type
2. CLB Logic Distribution
3. BLOCKRAM
4. ARITHMETIC
5. I/O
6. CLOCK
7. ADVANCED
8. CONFIGURATION
9. Primitives
10. Black Boxes
11. Instantiated Netlists

1. CLB Logic
------------

+----------------------------+-------+-------+------------+-----------+-------+
|          Site Type         |  Used | Fixed | Prohibited | Available | Util% |
+----------------------------+-------+-------+------------+-----------+-------+
| CLB LUTs                   | 59870 |     0 |          0 |    341280 | 17.54 |
|   LUT as Logic             | 54121 |     0 |          0 |    341280 | 15.86 |
|   LUT as Memory            |  5749 |     0 |          0 |    184320 |  3.12 |
|     LUT as Distributed RAM |     0 |     0 |            |           |       |
|     LUT as Shift Register  |  5749 |     0 |            |           |       |
| CLB Registers              | 81400 |     0 |          0 |    682560 | 11.93 |
|   Register as Flip Flop    | 81400 |     0 |          0 |    682560 | 11.93 |
|   Register as Latch        |     0 |     0 |          0 |    682560 |  0.00 |
| CARRY8                     |  6706 |     0 |          0 |     42660 | 15.72 |
| F7 Muxes                   |     0 |     0 |          0 |    170640 |  0.00 |
| F8 Muxes                   |     0 |     0 |          0 |     85320 |  0.00 |
| F9 Muxes                   |     0 |     0 |          0 |     42660 |  0.00 |
+----------------------------+-------+-------+------------+-----------+-------+
* Warning! LUT value is adjusted to account for LUT combining.


1.1 Summary of Registers by Type
--------------------------------

+-------+--------------+-------------+--------------+
| Total | Clock Enable | Synchronous | Asynchronous |
+-------+--------------+-------------+--------------+
| 0     |            _ |           - |            - |
| 0     |            _ |           - |          Set |
| 0     |            _ |           - |        Reset |
| 0     |            _ |         Set |            - |
| 0     |            _ |       Reset |            - |
| 0     |          Yes |           - |            - |
| 0     |          Yes |           - |          Set |
| 23351 |          Yes |           - |        Reset |
| 7     |          Yes |         Set |            - |
| 58042 |          Yes |       Reset |            - |
+-------+--------------+-------------+--------------+


2. CLB Logic Distribution
-------------------------

+--------------------------------------------+-------+-------+------------+-----------+-------+
|                  Site Type                 |  Used | Fixed | Prohibited | Available | Util% |
+--------------------------------------------+-------+-------+------------+-----------+-------+
| CLB                                        | 14493 |     0 |          0 |     42660 | 33.97 |
|   CLBL                                     |  5890 |     0 |            |           |       |
|   CLBM                                     |  8603 |     0 |            |           |       |
| LUT as Logic                               | 54121 |     0 |          0 |    341280 | 15.86 |
|   using O5 output only                     |   119 |       |            |           |       |
|   using O6 output only                     | 40254 |       |            |           |       |
|   using O5 and O6                          | 13748 |       |            |           |       |
| LUT as Memory                              |  5749 |     0 |          0 |    184320 |  3.12 |
|   LUT as Distributed RAM                   |     0 |     0 |            |           |       |
|     using O5 output only                   |     0 |       |            |           |       |
|     using O6 output only                   |     0 |       |            |           |       |
|     using O5 and O6                        |     0 |       |            |           |       |
|   LUT as Shift Register                    |  5749 |     0 |            |           |       |
|     using O5 output only                   |     0 |       |            |           |       |
|     using O6 output only                   |  3765 |       |            |           |       |
|     using O5 and O6                        |  1984 |       |            |           |       |
| CLB Registers                              | 81400 |     0 |          0 |    682560 | 11.93 |
|   Register driven from within the CLB      | 32218 |       |            |           |       |
|   Register driven from outside the CLB     | 49182 |       |            |           |       |
|     LUT in front of the register is unused | 45665 |       |            |           |       |
|     LUT in front of the register is used   |  3517 |       |            |           |       |
| Unique Control Sets                        |   147 |       |          0 |     85320 |  0.17 |
+--------------------------------------------+-------+-------+------------+-----------+-------+
* * Note: Available Control Sets calculated as Slices * 2, Review the Control Sets Report for more information regarding control sets.


3. BLOCKRAM
-----------

+-------------------+------+-------+------------+-----------+-------+
|     Site Type     | Used | Fixed | Prohibited | Available | Util% |
+-------------------+------+-------+------------+-----------+-------+
| Block RAM Tile    |  6.5 |     0 |          0 |       744 |  0.87 |
|   RAMB36/FIFO*    |    6 |     0 |          0 |       744 |  0.81 |
|     RAMB36E2 only |    6 |       |            |           |       |
|   RAMB18          |    1 |     0 |          0 |      1488 |  0.07 |
|     RAMB18E2 only |    1 |       |            |           |       |
| URAM              |    0 |     0 |          0 |       112 |  0.00 |
+-------------------+------+-------+------------+-----------+-------+
* Note: Each Block RAM Tile only has one FIFO logic available and therefore can accommodate only one FIFO36E2 or one FIFO18E2. However, if a FIFO18E2 occupies a Block RAM Tile, that tile can still accommodate a RAMB18E2


4. ARITHMETIC
-------------

+----------------+------+-------+------------+-----------+-------+
|    Site Type   | Used | Fixed | Prohibited | Available | Util% |
+----------------+------+-------+------------+-----------+-------+
| DSPs           | 2030 |     0 |          0 |      3528 | 57.54 |
|   DSP48E2 only | 2030 |       |            |           |       |
+----------------+------+-------+------------+-----------+-------+


5. I/O
------

+------------------+------+-------+------------+-----------+-------+
|     Site Type    | Used | Fixed | Prohibited | Available | Util% |
+------------------+------+-------+------------+-----------+-------+
| Bonded IOB       |    0 |     0 |          0 |       328 |  0.00 |
| HPIOB_M          |    0 |     0 |          0 |        96 |  0.00 |
| HPIOB_S          |    0 |     0 |          0 |        96 |  0.00 |
| HDIOB_M          |    0 |     0 |          0 |        60 |  0.00 |
| HDIOB_S          |    0 |     0 |          0 |        60 |  0.00 |
| HPIOB_SNGL       |    0 |     0 |          0 |        16 |  0.00 |
| HPIOBDIFFINBUF   |    0 |     0 |          0 |        96 |  0.00 |
| HPIOBDIFFOUTBUF  |    0 |     0 |          0 |        96 |  0.00 |
| HDIOBDIFFINBUF   |    0 |     0 |          0 |        60 |  0.00 |
| BITSLICE_CONTROL |    0 |     0 |          0 |        32 |  0.00 |
| BITSLICE_RX_TX   |    0 |     0 |          0 |      1248 |  0.00 |
| BITSLICE_TX      |    0 |     0 |          0 |        32 |  0.00 |
| RIU_OR           |    0 |     0 |          0 |        16 |  0.00 |
+------------------+------+-------+------------+-----------+-------+


6. CLOCK
--------

+------------+------+-------+------------+-----------+-------+
|  Site Type | Used | Fixed | Prohibited | Available | Util% |
+------------+------+-------+------------+-----------+-------+
| BUFGCE     |    0 |     0 |          0 |       116 |  0.00 |
| BUFGCE_DIV |    0 |     0 |          0 |        16 |  0.00 |
| BUFG_GT    |    0 |     0 |          0 |       168 |  0.00 |
| BUFG_PS    |    0 |     0 |          0 |        72 |  0.00 |
| BUFGCTRL*  |    0 |     0 |          0 |        32 |  0.00 |
| PLL        |    0 |     0 |          0 |         8 |  0.00 |
| MMCM       |    0 |     0 |          0 |         4 |  0.00 |
+------------+------+-------+------------+-----------+-------+
* Note: Each used BUFGCTRL counts as two GLOBAL CLOCK BUFFERs. This table does not include global clocking resources, only buffer cell usage. See the Clock Utilization Report (report_clock_utilization) for detailed accounting of global clocking resource availability.


7. ADVANCED
-----------

+-----------------+------+-------+------------+-----------+-------+
|    Site Type    | Used | Fixed | Prohibited | Available | Util% |
+-----------------+------+-------+------------+-----------+-------+
| GTHE4_CHANNEL   |    0 |     0 |          0 |        24 |  0.00 |
| GTHE4_COMMON    |    0 |     0 |          0 |         6 |  0.00 |
| OBUFDS_GTE4     |    0 |     0 |          0 |        12 |  0.00 |
| OBUFDS_GTE4_ADV |    0 |     0 |          0 |        12 |  0.00 |
| PS8             |    0 |     0 |          0 |         1 |  0.00 |
| SYSMONE4        |    0 |     0 |          0 |         1 |  0.00 |
+-----------------+------+-------+------------+-----------+-------+


8. CONFIGURATION
----------------

+-------------+------+-------+------------+-----------+-------+
|  Site Type  | Used | Fixed | Prohibited | Available | Util% |
+-------------+------+-------+------------+-----------+-------+
| BSCANE2     |    0 |     0 |          0 |         4 |  0.00 |
| DNA_PORTE2  |    0 |     0 |          0 |         1 |  0.00 |
| EFUSE_USR   |    0 |     0 |          0 |         1 |  0.00 |
| FRAME_ECCE4 |    0 |     0 |          0 |         1 |  0.00 |
| ICAPE3      |    0 |     0 |          0 |         2 |  0.00 |
| MASTER_JTAG |    0 |     0 |          0 |         1 |  0.00 |
| STARTUPE3   |    0 |     0 |          0 |         1 |  0.00 |
+-------------+------+-------+------------+-----------+-------+


9. Primitives
-------------

+----------+-------+---------------------+
| Ref Name |  Used | Functional Category |
+----------+-------+---------------------+
| FDRE     | 58042 |            Register |
| LUT2     | 45034 |                 CLB |
| FDCE     | 23351 |            Register |
| LUT3     |  9421 |                 CLB |
| LUT4     |  7138 |                 CLB |
| CARRY8   |  6706 |                 CLB |
| SRL16E   |  6021 |                 CLB |
| LUT1     |  3518 |                 CLB |
| DSP48E2  |  2030 |          Arithmetic |
| LUT5     |  1995 |                 CLB |
| SRLC32E  |  1712 |                 CLB |
| LUT6     |   763 |                 CLB |
| FDSE     |     7 |            Register |
| RAMB36E2 |     6 |            BLOCKRAM |
| RAMB18E2 |     1 |            BLOCKRAM |
+----------+-------+---------------------+


10. Black Boxes
---------------

+----------+------+
| Ref Name | Used |
+----------+------+


11. Instantiated Netlists
-------------------------

+----------+------+
| Ref Name | Used |
+----------+------+


