Copyright 1986-2022 Xilinx, Inc. All Rights Reserved. Copyright 2022-2024 Advanced Micro Devices, Inc. All Rights Reserved.
--------------------------------------------------------------------------------------------------------------------------------------------------
| Tool Version      : Vivado v.2024.1 (win64) Build 5076996 Wed May 22 18:37:14 MDT 2024
| Date              : Mon Sep 21 12:06:38 2026
| Host              : LAPTOP-KNBVGAN8 running 64-bit major release  (build 9200)
| Command           : report_timing_summary -file E:/workspace/chip/dsm_ip/syn/out/tid32_thermo3_axis_frontend_20260921_104738/timing_summary.rpt
| Design            : tid32_thermo3_axis_frontend_tx_ooc
| Device            : xczu15eg-ffvb1156
| Speed File        : -2  PRODUCTION 1.30 05-15-2022
| Design State      : Routed
| Temperature Grade : I
--------------------------------------------------------------------------------------------------------------------------------------------------

Timing Summary Report

------------------------------------------------------------------------------------------------
| Timer Settings
| --------------
------------------------------------------------------------------------------------------------

  Enable Multi Corner Analysis               :  Yes
  Enable Pessimism Removal                   :  Yes
  Pessimism Removal Resolution               :  Nearest Common Node
  Enable Input Delay Default Clock           :  No
  Enable Preset / Clear Arcs                 :  No
  Disable Flight Delays                      :  No
  Ignore I/O Paths                           :  No
  Timing Early Launch at Borrowing Latches   :  No
  Borrow Time for Max Delay Exceptions       :  Yes
  Merge Timing Exceptions                    :  Yes
  Inter-SLR Compensation                     :  Conservative

  Corner  Analyze    Analyze    
  Name    Max Paths  Min Paths  
  ------  ---------  ---------  
  Slow    Yes        Yes        
  Fast    Yes        Yes        


------------------------------------------------------------------------------------------------
| Report Methodology
| ------------------
------------------------------------------------------------------------------------------------

No report available as report_methodology has not been run prior. Run report_methodology on the current design for the summary of methodology violations.



check_timing report

Table of Contents
-----------------
1. checking no_clock (0)
2. checking constant_clock (0)
3. checking pulse_width_clock (0)
4. checking unconstrained_internal_endpoints (0)
5. checking no_input_delay (855)
6. checking no_output_delay (134)
7. checking multiple_clock (0)
8. checking generated_clocks (0)
9. checking loops (0)
10. checking partial_input_delay (0)
11. checking partial_output_delay (0)
12. checking latch_loops (0)

1. checking no_clock (0)
------------------------
 There are 0 register/latch pins with no clock.


2. checking constant_clock (0)
------------------------------
 There are 0 register/latch pins with constant_clock.


3. checking pulse_width_clock (0)
---------------------------------
 There are 0 register/latch pins which need pulse_width check


4. checking unconstrained_internal_endpoints (0)
------------------------------------------------
 There are 0 pins that are not constrained for maximum delay.

 There are 0 pins that are not constrained for maximum delay due to constant clock.


5. checking no_input_delay (855)
--------------------------------
 There are 853 input ports with no input delay specified. (HIGH)

 There are 2 input ports with no input delay but user has a false path constraint. (MEDIUM)


6. checking no_output_delay (134)
---------------------------------
 There are 134 ports with no output delay specified. (HIGH)

 There are 0 ports with no output delay but user has a false path constraint

 There are 0 ports with no output delay but with a timing clock defined on it or propagating through it


7. checking multiple_clock (0)
------------------------------
 There are 0 register/latch pins with multiple clocks.


8. checking generated_clocks (0)
--------------------------------
 There are 0 generated clocks that are not connected to a clock source.


9. checking loops (0)
---------------------
 There are 0 combinational loops in the design.


10. checking partial_input_delay (0)
------------------------------------
 There are 0 input ports with partial input delay specified.


11. checking partial_output_delay (0)
-------------------------------------
 There are 0 ports with partial output delay specified.


12. checking latch_loops (0)
----------------------------
 There are 0 combinational latch loops in the design through latch input



------------------------------------------------------------------------------------------------
| Design Timing Summary
| ---------------------
------------------------------------------------------------------------------------------------

    WNS(ns)      TNS(ns)  TNS Failing Endpoints  TNS Total Endpoints      WHS(ns)      THS(ns)  THS Failing Endpoints  THS Total Endpoints     WPWS(ns)     TPWS(ns)  TPWS Failing Endpoints  TPWS Total Endpoints  
    -------      -------  ---------------------  -------------------      -------      -------  ---------------------  -------------------     --------     --------  ----------------------  --------------------  
      0.290        0.000                      0               209049        0.027        0.000                      0               209049        1.743        0.000                       0                 93618  


All user specified timing constraints are met.


------------------------------------------------------------------------------------------------
| Clock Summary
| -------------
------------------------------------------------------------------------------------------------

Clock        Waveform(ns)         Period(ns)      Frequency(MHz)
-----        ------------         ----------      --------------
core_clk     {0.000 2.286}        4.571           218.771         
s_axis_aclk  {0.000 4.000}        8.000           125.000         


------------------------------------------------------------------------------------------------
| Intra Clock Table
| -----------------
------------------------------------------------------------------------------------------------

Clock             WNS(ns)      TNS(ns)  TNS Failing Endpoints  TNS Total Endpoints      WHS(ns)      THS(ns)  THS Failing Endpoints  THS Total Endpoints     WPWS(ns)     TPWS(ns)  TPWS Failing Endpoints  TPWS Total Endpoints  
-----             -------      -------  ---------------------  -------------------      -------      -------  ---------------------  -------------------     --------     --------  ----------------------  --------------------  
core_clk            0.290        0.000                      0               208286        0.027        0.000                      0               208286        1.743        0.000                       0                 93569  
s_axis_aclk         4.966        0.000                      0                  145        0.047        0.000                      0                  145        3.458        0.000                       0                    49  


------------------------------------------------------------------------------------------------
| Inter Clock Table
| -----------------
------------------------------------------------------------------------------------------------

From Clock    To Clock          WNS(ns)      TNS(ns)  TNS Failing Endpoints  TNS Total Endpoints      WHS(ns)      THS(ns)  THS Failing Endpoints  THS Total Endpoints  
----------    --------          -------      -------  ---------------------  -------------------      -------      -------  ---------------------  -------------------  


------------------------------------------------------------------------------------------------
| Other Path Groups Table
| -----------------------
------------------------------------------------------------------------------------------------

Path Group         From Clock         To Clock               WNS(ns)      TNS(ns)  TNS Failing Endpoints  TNS Total Endpoints      WHS(ns)      THS(ns)  THS Failing Endpoints  THS Total Endpoints  
----------         ----------         --------               -------      -------  ---------------------  -------------------      -------      -------  ---------------------  -------------------  
**async_default**  core_clk           core_clk                 2.496        0.000                      0                  618        0.245        0.000                      0                  618  


------------------------------------------------------------------------------------------------
| Timing Details
| --------------
------------------------------------------------------------------------------------------------


---------------------------------------------------------------------------------------------------
From Clock:  core_clk
  To Clock:  core_clk

Setup :            0  Failing Endpoints,  Worst Slack        0.290ns,  Total Violation        0.000ns
Hold  :            0  Failing Endpoints,  Worst Slack        0.027ns,  Total Violation        0.000ns
PW    :            0  Failing Endpoints,  Worst Slack        1.743ns,  Total Violation        0.000ns
---------------------------------------------------------------------------------------------------


Max Delay Paths
--------------------------------------------------------------------------------------
Slack (MET) :             0.290ns  (required time - arrival time)
  Source:                 u_dut/u_frontend/u_memory_dpd/g_lane[1].u_dpd/r4_full_s2[0]__1/DSP_A_B_DATA_INST/CLK
                            (rising edge-triggered cell DSP_A_B_DATA clocked by core_clk  {rise@0.000ns fall@2.286ns period=4.571ns})
  Destination:            u_dut/u_frontend/u_memory_dpd/g_lane[1].u_dpd/p_204_out__0/DSP_A_B_DATA_INST/B[17]
                            (rising edge-triggered cell DSP_A_B_DATA clocked by core_clk  {rise@0.000ns fall@2.286ns period=4.571ns})
  Path Group:             core_clk
  Path Type:              Setup (Max at Slow Process Corner)
  Requirement:            4.571ns  (core_clk rise@4.571ns - core_clk rise@0.000ns)
  Data Path Delay:        3.966ns  (logic 2.730ns (68.843%)  route 1.236ns (31.157%))
  Logic Levels:           10  (CARRY8=2 DSP_ALU=2 DSP_M_DATA=1 DSP_MULTIPLIER=1 DSP_OUTPUT=2 DSP_PREADD_DATA=1 LUT2=1)
  Clock Path Skew:        -0.017ns (DCD - SCD + CPR)
    Destination Clock Delay (DCD):    0.043ns = ( 4.614 - 4.571 ) 
    Source Clock Delay      (SCD):    0.060ns
    Clock Pessimism Removal (CPR):    0.000ns
  Clock Uncertainty:      0.035ns  ((TSJ^2 + TIJ^2)^1/2 + DJ) / 2 + PE
    Total System Jitter     (TSJ):    0.071ns
    Total Input Jitter      (TIJ):    0.000ns
    Discrete Jitter          (DJ):    0.000ns
    Phase Error              (PE):    0.000ns

    Location             Delay type                Incr(ns)  Path(ns)    Netlist Resource(s)
  -------------------------------------------------------------------    -------------------
                         (clock core_clk rise edge)
                                                      0.000     0.000 r  
                                                      0.000     0.000 r  clk218 (IN)
                         net (fo=103766, unset)       0.060     0.060    u_dut/u_frontend/u_memory_dpd/g_lane[1].u_dpd/r4_full_s2[0]__1/CLK
    DSP48E2_X22Y48       DSP_A_B_DATA                                 r  u_dut/u_frontend/u_memory_dpd/g_lane[1].u_dpd/r4_full_s2[0]__1/DSP_A_B_DATA_INST/CLK
  -------------------------------------------------------------------    -------------------
    DSP48E2_X22Y48       DSP_A_B_DATA (Prop_DSP_A_B_DATA_DSP48E2_CLK_B2_DATA[17])
                                                      0.212     0.272 r  u_dut/u_frontend/u_memory_dpd/g_lane[1].u_dpd/r4_full_s2[0]__1/DSP_A_B_DATA_INST/B2_DATA[17]
                         net (fo=1, routed)           0.000     0.272    u_dut/u_frontend/u_memory_dpd/g_lane[1].u_dpd/r4_full_s2[0]__1/DSP_A_B_DATA.B2_DATA<17>
    DSP48E2_X22Y48       DSP_PREADD_DATA (Prop_DSP_PREADD_DATA_DSP48E2_B2_DATA[17]_B2B1[17])
                                                      0.073     0.345 r  u_dut/u_frontend/u_memory_dpd/g_lane[1].u_dpd/r4_full_s2[0]__1/DSP_PREADD_DATA_INST/B2B1[17]
                         net (fo=1, routed)           0.000     0.345    u_dut/u_frontend/u_memory_dpd/g_lane[1].u_dpd/r4_full_s2[0]__1/DSP_PREADD_DATA.B2B1<17>
    DSP48E2_X22Y48       DSP_MULTIPLIER (Prop_DSP_MULTIPLIER_DSP48E2_B2B1[17]_V[43])
                                                      0.609     0.954 f  u_dut/u_frontend/u_memory_dpd/g_lane[1].u_dpd/r4_full_s2[0]__1/DSP_MULTIPLIER_INST/V[43]
                         net (fo=1, routed)           0.000     0.954    u_dut/u_frontend/u_memory_dpd/g_lane[1].u_dpd/r4_full_s2[0]__1/DSP_MULTIPLIER.V<43>
    DSP48E2_X22Y48       DSP_M_DATA (Prop_DSP_M_DATA_DSP48E2_V[43]_V_DATA[43])
                                                      0.046     1.000 r  u_dut/u_frontend/u_memory_dpd/g_lane[1].u_dpd/r4_full_s2[0]__1/DSP_M_DATA_INST/V_DATA[43]
                         net (fo=1, routed)           0.000     1.000    u_dut/u_frontend/u_memory_dpd/g_lane[1].u_dpd/r4_full_s2[0]__1/DSP_M_DATA.V_DATA<43>
    DSP48E2_X22Y48       DSP_ALU (Prop_DSP_ALU_DSP48E2_V_DATA[43]_ALU_OUT[47])
                                                      0.571     1.571 f  u_dut/u_frontend/u_memory_dpd/g_lane[1].u_dpd/r4_full_s2[0]__1/DSP_ALU_INST/ALU_OUT[47]
                         net (fo=1, routed)           0.000     1.571    u_dut/u_frontend/u_memory_dpd/g_lane[1].u_dpd/r4_full_s2[0]__1/DSP_ALU.ALU_OUT<47>
    DSP48E2_X22Y48       DSP_OUTPUT (Prop_DSP_OUTPUT_DSP48E2_ALU_OUT[47]_PCOUT[47])
                                                      0.122     1.693 r  u_dut/u_frontend/u_memory_dpd/g_lane[1].u_dpd/r4_full_s2[0]__1/DSP_OUTPUT_INST/PCOUT[47]
                         net (fo=1, routed)           0.014     1.707    u_dut/u_frontend/u_memory_dpd/g_lane[1].u_dpd/r4_full_s2[0]__2/PCIN[47]
    DSP48E2_X22Y49       DSP_ALU (Prop_DSP_ALU_DSP48E2_PCIN[47]_ALU_OUT[16])
                                                      0.546     2.253 f  u_dut/u_frontend/u_memory_dpd/g_lane[1].u_dpd/r4_full_s2[0]__2/DSP_ALU_INST/ALU_OUT[16]
                         net (fo=1, routed)           0.000     2.253    u_dut/u_frontend/u_memory_dpd/g_lane[1].u_dpd/r4_full_s2[0]__2/DSP_ALU.ALU_OUT<16>
    DSP48E2_X22Y49       DSP_OUTPUT (Prop_DSP_OUTPUT_DSP48E2_ALU_OUT[16]_P[16])
                                                      0.109     2.362 r  u_dut/u_frontend/u_memory_dpd/g_lane[1].u_dpd/r4_full_s2[0]__2/DSP_OUTPUT_INST/P[16]
                         net (fo=2, routed)           0.694     3.056    u_dut/u_frontend/u_memory_dpd/g_lane[1].u_dpd/r4_full_s2[0]__2_n_89
    SLICE_X93Y122        LUT2 (Prop_B6LUT_SLICEM_I0_O)
                                                      0.149     3.205 r  u_dut/u_frontend/u_memory_dpd/g_lane[1].u_dpd/p_204_out__0_i_16/O
                         net (fo=1, routed)           0.016     3.221    u_dut/u_frontend/u_memory_dpd/g_lane[1].u_dpd/p_204_out__0_i_16_n_0
    SLICE_X93Y122        CARRY8 (Prop_CARRY8_SLICEM_S[1]_CO[7])
                                                      0.190     3.411 r  u_dut/u_frontend/u_memory_dpd/g_lane[1].u_dpd/p_204_out__0_i_2/CO[7]
                         net (fo=1, routed)           0.026     3.437    u_dut/u_frontend/u_memory_dpd/g_lane[1].u_dpd/p_204_out__0_i_2_n_0
    SLICE_X93Y123        CARRY8 (Prop_CARRY8_SLICEM_CI_O[6])
                                                      0.103     3.540 r  u_dut/u_frontend/u_memory_dpd/g_lane[1].u_dpd/p_204_out__0_i_1/O[6]
                         net (fo=8, routed)           0.486     4.026    u_dut/u_frontend/u_memory_dpd/g_lane[1].u_dpd/p_204_out__0/B[17]
    DSP48E2_X17Y51       DSP_A_B_DATA                                 r  u_dut/u_frontend/u_memory_dpd/g_lane[1].u_dpd/p_204_out__0/DSP_A_B_DATA_INST/B[17]
  -------------------------------------------------------------------    -------------------

                         (clock core_clk rise edge)
                                                      4.571     4.571 r  
                                                      0.000     4.571 r  clk218 (IN)
                         net (fo=103766, unset)       0.043     4.614    u_dut/u_frontend/u_memory_dpd/g_lane[1].u_dpd/p_204_out__0/CLK
    DSP48E2_X17Y51       DSP_A_B_DATA                                 r  u_dut/u_frontend/u_memory_dpd/g_lane[1].u_dpd/p_204_out__0/DSP_A_B_DATA_INST/CLK
                         clock pessimism              0.000     4.614    
                         clock uncertainty           -0.035     4.579    
    DSP48E2_X17Y51       DSP_A_B_DATA (Setup_DSP_A_B_DATA_DSP48E2_CLK_B[17])
                                                     -0.263     4.316    u_dut/u_frontend/u_memory_dpd/g_lane[1].u_dpd/p_204_out__0/DSP_A_B_DATA_INST
  -------------------------------------------------------------------
                         required time                          4.316    
                         arrival time                          -4.026    
  -------------------------------------------------------------------
                         slack                                  0.290    





Min Delay Paths
--------------------------------------------------------------------------------------
Slack (MET) :             0.027ns  (arrival time - required time)
  Source:                 u_dut/u_frontend/u_memory_dpd/g_lane[10].u_dpd/c1_im_s0_reg[1][14]/C
                            (rising edge-triggered cell FDRE clocked by core_clk  {rise@0.000ns fall@2.286ns period=4.571ns})
  Destination:            u_dut/u_frontend/u_memory_dpd/g_lane[10].u_dpd/c1_im_s3_reg[1][14]_srl3/D
                            (rising edge-triggered cell SRL16E clocked by core_clk  {rise@0.000ns fall@2.286ns period=4.571ns})
  Path Group:             core_clk
  Path Type:              Hold (Min at Fast Process Corner)
  Requirement:            0.000ns  (core_clk rise@0.000ns - core_clk rise@0.000ns)
  Data Path Delay:        0.092ns  (logic 0.037ns (40.217%)  route 0.055ns (59.783%))
  Logic Levels:           0  
  Clock Path Skew:        0.026ns (DCD - SCD - CPR)
    Destination Clock Delay (DCD):    0.039ns
    Source Clock Delay      (SCD):    0.013ns
    Clock Pessimism Removal (CPR):    -0.000ns

    Location             Delay type                Incr(ns)  Path(ns)    Netlist Resource(s)
  -------------------------------------------------------------------    -------------------
                         (clock core_clk rise edge)
                                                      0.000     0.000 r  
                                                      0.000     0.000 r  clk218 (IN)
                         net (fo=103766, unset)       0.013     0.013    u_dut/u_frontend/u_memory_dpd/g_lane[10].u_dpd/clk
    SLICE_X87Y324        FDRE                                         r  u_dut/u_frontend/u_memory_dpd/g_lane[10].u_dpd/c1_im_s0_reg[1][14]/C
  -------------------------------------------------------------------    -------------------
    SLICE_X87Y324        FDRE (Prop_FFF_SLICEM_C_Q)
                                                      0.037     0.050 r  u_dut/u_frontend/u_memory_dpd/g_lane[10].u_dpd/c1_im_s0_reg[1][14]/Q
                         net (fo=1, routed)           0.055     0.105    u_dut/u_frontend/u_memory_dpd/g_lane[10].u_dpd/c1_im_s0_reg_n_0_[1][14]
    SLICE_X87Y325        SRL16E                                       r  u_dut/u_frontend/u_memory_dpd/g_lane[10].u_dpd/c1_im_s3_reg[1][14]_srl3/D
  -------------------------------------------------------------------    -------------------

                         (clock core_clk rise edge)
                                                      0.000     0.000 r  
                                                      0.000     0.000 r  clk218 (IN)
                         net (fo=103766, unset)       0.039     0.039    u_dut/u_frontend/u_memory_dpd/g_lane[10].u_dpd/clk
    SLICE_X87Y325        SRL16E                                       r  u_dut/u_frontend/u_memory_dpd/g_lane[10].u_dpd/c1_im_s3_reg[1][14]_srl3/CLK
                         clock pessimism              0.000     0.039    
    SLICE_X87Y325        SRL16E (Hold_G5LUT_SLICEM_CLK_D)
                                                      0.039     0.078    u_dut/u_frontend/u_memory_dpd/g_lane[10].u_dpd/c1_im_s3_reg[1][14]_srl3
  -------------------------------------------------------------------
                         required time                         -0.078    
                         arrival time                           0.105    
  -------------------------------------------------------------------
                         slack                                  0.027    





Pulse Width Checks
--------------------------------------------------------------------------------------
Clock Name:         core_clk
Waveform(ns):       { 0.000 2.286 }
Period(ns):         4.571
Sources:            { clk218 }

Check Type        Corner  Lib Pin             Reference Pin  Required(ns)  Actual(ns)  Slack(ns)  Location      Pin
Min Period        n/a     RAMB36E2/CLKARDCLK  n/a            1.355         4.571       3.216      RAMB36_X4Y51  u_dut/u_cdc/g_xpm_fifo.u_async_fifo/u_xpm_fifo_async/gnuram_async_fifo.xpm_fifo_base_inst/gen_sdpram.xpm_memory_base_inst/gen_wr_a.gen_word_narrow.mem_reg_0/CLKARDCLK
Low Pulse Width   Slow    RAMB36E2/CLKARDCLK  n/a            0.542         2.285       1.743      RAMB36_X4Y51  u_dut/u_cdc/g_xpm_fifo.u_async_fifo/u_xpm_fifo_async/gnuram_async_fifo.xpm_fifo_base_inst/gen_sdpram.xpm_memory_base_inst/gen_wr_a.gen_word_narrow.mem_reg_0/CLKARDCLK
High Pulse Width  Slow    RAMB36E2/CLKARDCLK  n/a            0.542         2.286       1.744      RAMB36_X4Y51  u_dut/u_cdc/g_xpm_fifo.u_async_fifo/u_xpm_fifo_async/gnuram_async_fifo.xpm_fifo_base_inst/gen_sdpram.xpm_memory_base_inst/gen_wr_a.gen_word_narrow.mem_reg_0/CLKARDCLK



---------------------------------------------------------------------------------------------------
From Clock:  s_axis_aclk
  To Clock:  s_axis_aclk

Setup :            0  Failing Endpoints,  Worst Slack        4.966ns,  Total Violation        0.000ns
Hold  :            0  Failing Endpoints,  Worst Slack        0.047ns,  Total Violation        0.000ns
PW    :            0  Failing Endpoints,  Worst Slack        3.458ns,  Total Violation        0.000ns
---------------------------------------------------------------------------------------------------


Max Delay Paths
--------------------------------------------------------------------------------------
Slack (MET) :             4.966ns  (required time - arrival time)
  Source:                 u_dut/u_cdc/g_xpm_fifo.u_async_fifo/u_xpm_fifo_async/gnuram_async_fifo.xpm_fifo_base_inst/xpm_fifo_rst_inst/gen_rst_ic.wr_rst_busy_ic_reg/C
                            (rising edge-triggered cell FDRE clocked by s_axis_aclk  {rise@0.000ns fall@4.000ns period=8.000ns})
  Destination:            u_dut/u_cdc/g_xpm_fifo.u_async_fifo/u_xpm_fifo_async/gnuram_async_fifo.xpm_fifo_base_inst/gen_sdpram.xpm_memory_base_inst/gen_wr_a.gen_word_narrow.mem_reg_2/WEBWE[1]
                            (rising edge-triggered cell RAMB36E2 clocked by s_axis_aclk  {rise@0.000ns fall@4.000ns period=8.000ns})
  Path Group:             s_axis_aclk
  Path Type:              Setup (Max at Slow Process Corner)
  Requirement:            8.000ns  (s_axis_aclk rise@8.000ns - s_axis_aclk rise@0.000ns)
  Data Path Delay:        2.615ns  (logic 0.301ns (11.513%)  route 2.314ns (88.487%))
  Logic Levels:           3  (LUT2=1 LUT4=2)
  Clock Path Skew:        0.010ns (DCD - SCD + CPR)
    Destination Clock Delay (DCD):    0.040ns = ( 8.040 - 8.000 ) 
    Source Clock Delay      (SCD):    0.030ns
    Clock Pessimism Removal (CPR):    0.000ns
  Clock Uncertainty:      0.035ns  ((TSJ^2 + TIJ^2)^1/2 + DJ) / 2 + PE
    Total System Jitter     (TSJ):    0.071ns
    Total Input Jitter      (TIJ):    0.000ns
    Discrete Jitter          (DJ):    0.000ns
    Phase Error              (PE):    0.000ns

    Location             Delay type                Incr(ns)  Path(ns)    Netlist Resource(s)
  -------------------------------------------------------------------    -------------------
                         (clock s_axis_aclk rise edge)
                                                      0.000     0.000 r  
                                                      0.000     0.000 r  clk125 (IN)
                         net (fo=48, unset)           0.030     0.030    u_dut/u_cdc/g_xpm_fifo.u_async_fifo/u_xpm_fifo_async/gnuram_async_fifo.xpm_fifo_base_inst/xpm_fifo_rst_inst/wr_clk
    SLICE_X42Y283        FDRE                                         r  u_dut/u_cdc/g_xpm_fifo.u_async_fifo/u_xpm_fifo_async/gnuram_async_fifo.xpm_fifo_base_inst/xpm_fifo_rst_inst/gen_rst_ic.wr_rst_busy_ic_reg/C
  -------------------------------------------------------------------    -------------------
    SLICE_X42Y283        FDRE (Prop_FFF_SLICEM_C_Q)
                                                      0.076     0.106 f  u_dut/u_cdc/g_xpm_fifo.u_async_fifo/u_xpm_fifo_async/gnuram_async_fifo.xpm_fifo_base_inst/xpm_fifo_rst_inst/gen_rst_ic.wr_rst_busy_ic_reg/Q
                         net (fo=21, routed)          0.548     0.654    u_dut/u_cdc/g_xpm_fifo.u_async_fifo/u_xpm_fifo_async/gnuram_async_fifo.xpm_fifo_base_inst/wrst_busy
    SLICE_X41Y276        LUT2 (Prop_H6LUT_SLICEL_I0_O)
                                                      0.090     0.744 f  u_dut/u_cdc/g_xpm_fifo.u_async_fifo/u_xpm_fifo_async/gnuram_async_fifo.xpm_fifo_base_inst/wr_rst_busy_INST_0/O
                         net (fo=2, routed)           0.162     0.906    u_dut/u_cdc/g_xpm_fifo.u_async_fifo/wr_rst_busy
    SLICE_X41Y276        LUT4 (Prop_E5LUT_SLICEL_I3_O)
                                                      0.070     0.976 r  u_dut/u_cdc/g_xpm_fifo.u_async_fifo/u_xpm_fifo_async_i_2/O
                         net (fo=1, routed)           0.161     1.137    u_dut/u_cdc/g_xpm_fifo.u_async_fifo/u_xpm_fifo_async/gnuram_async_fifo.xpm_fifo_base_inst/wr_en
    SLICE_X41Y276        LUT4 (Prop_H5LUT_SLICEL_I0_O)
                                                      0.065     1.202 r  u_dut/u_cdc/g_xpm_fifo.u_async_fifo/u_xpm_fifo_async/gnuram_async_fifo.xpm_fifo_base_inst/gen_sdpram.xpm_memory_base_inst_i_1/O
                         net (fo=65, routed)          1.443     2.645    u_dut/u_cdc/g_xpm_fifo.u_async_fifo/u_xpm_fifo_async/gnuram_async_fifo.xpm_fifo_base_inst/gen_sdpram.xpm_memory_base_inst/wea[0]
    RAMB36_X5Y52         RAMB36E2                                     r  u_dut/u_cdc/g_xpm_fifo.u_async_fifo/u_xpm_fifo_async/gnuram_async_fifo.xpm_fifo_base_inst/gen_sdpram.xpm_memory_base_inst/gen_wr_a.gen_word_narrow.mem_reg_2/WEBWE[1]
  -------------------------------------------------------------------    -------------------

                         (clock s_axis_aclk rise edge)
                                                      8.000     8.000 r  
                                                      0.000     8.000 r  clk125 (IN)
                         net (fo=48, unset)           0.040     8.040    u_dut/u_cdc/g_xpm_fifo.u_async_fifo/u_xpm_fifo_async/gnuram_async_fifo.xpm_fifo_base_inst/gen_sdpram.xpm_memory_base_inst/clka
    RAMB36_X5Y52         RAMB36E2                                     r  u_dut/u_cdc/g_xpm_fifo.u_async_fifo/u_xpm_fifo_async/gnuram_async_fifo.xpm_fifo_base_inst/gen_sdpram.xpm_memory_base_inst/gen_wr_a.gen_word_narrow.mem_reg_2/CLKBWRCLK
                         clock pessimism              0.000     8.040    
                         clock uncertainty           -0.035     8.005    
    RAMB36_X5Y52         RAMB36E2 (Setup_RAMB36E2_RAMB36_CLKBWRCLK_WEBWE[1])
                                                     -0.394     7.611    u_dut/u_cdc/g_xpm_fifo.u_async_fifo/u_xpm_fifo_async/gnuram_async_fifo.xpm_fifo_base_inst/gen_sdpram.xpm_memory_base_inst/gen_wr_a.gen_word_narrow.mem_reg_2
  -------------------------------------------------------------------
                         required time                          7.611    
                         arrival time                          -2.645    
  -------------------------------------------------------------------
                         slack                                  4.966    





Min Delay Paths
--------------------------------------------------------------------------------------
Slack (MET) :             0.047ns  (arrival time - required time)
  Source:                 u_dut/u_cdc/g_xpm_fifo.u_async_fifo/u_xpm_fifo_async/gnuram_async_fifo.xpm_fifo_base_inst/xpm_fifo_rst_inst/power_on_rst_reg[0]/C
                            (rising edge-triggered cell FDRE clocked by s_axis_aclk  {rise@0.000ns fall@4.000ns period=8.000ns})
  Destination:            u_dut/u_cdc/g_xpm_fifo.u_async_fifo/u_xpm_fifo_async/gnuram_async_fifo.xpm_fifo_base_inst/xpm_fifo_rst_inst/power_on_rst_reg[1]/D
                            (rising edge-triggered cell FDRE clocked by s_axis_aclk  {rise@0.000ns fall@4.000ns period=8.000ns})
  Path Group:             s_axis_aclk
  Path Type:              Hold (Min at Fast Process Corner)
  Requirement:            0.000ns  (s_axis_aclk rise@0.000ns - s_axis_aclk rise@0.000ns)
  Data Path Delay:        0.100ns  (logic 0.039ns (39.000%)  route 0.061ns (61.000%))
  Logic Levels:           0  
  Clock Path Skew:        0.006ns (DCD - SCD - CPR)
    Destination Clock Delay (DCD):    0.019ns
    Source Clock Delay      (SCD):    0.013ns
    Clock Pessimism Removal (CPR):    -0.000ns

    Location             Delay type                Incr(ns)  Path(ns)    Netlist Resource(s)
  -------------------------------------------------------------------    -------------------
                         (clock s_axis_aclk rise edge)
                                                      0.000     0.000 r  
                                                      0.000     0.000 r  clk125 (IN)
                         net (fo=48, unset)           0.013     0.013    u_dut/u_cdc/g_xpm_fifo.u_async_fifo/u_xpm_fifo_async/gnuram_async_fifo.xpm_fifo_base_inst/xpm_fifo_rst_inst/wr_clk
    SLICE_X43Y284        FDRE                                         r  u_dut/u_cdc/g_xpm_fifo.u_async_fifo/u_xpm_fifo_async/gnuram_async_fifo.xpm_fifo_base_inst/xpm_fifo_rst_inst/power_on_rst_reg[0]/C
  -------------------------------------------------------------------    -------------------
    SLICE_X43Y284        FDRE (Prop_EFF_SLICEL_C_Q)
                                                      0.039     0.052 r  u_dut/u_cdc/g_xpm_fifo.u_async_fifo/u_xpm_fifo_async/gnuram_async_fifo.xpm_fifo_base_inst/xpm_fifo_rst_inst/power_on_rst_reg[0]/Q
                         net (fo=1, routed)           0.061     0.113    u_dut/u_cdc/g_xpm_fifo.u_async_fifo/u_xpm_fifo_async/gnuram_async_fifo.xpm_fifo_base_inst/xpm_fifo_rst_inst/p_0_in__0[1]
    SLICE_X43Y283        FDRE                                         r  u_dut/u_cdc/g_xpm_fifo.u_async_fifo/u_xpm_fifo_async/gnuram_async_fifo.xpm_fifo_base_inst/xpm_fifo_rst_inst/power_on_rst_reg[1]/D
  -------------------------------------------------------------------    -------------------

                         (clock s_axis_aclk rise edge)
                                                      0.000     0.000 r  
                                                      0.000     0.000 r  clk125 (IN)
                         net (fo=48, unset)           0.019     0.019    u_dut/u_cdc/g_xpm_fifo.u_async_fifo/u_xpm_fifo_async/gnuram_async_fifo.xpm_fifo_base_inst/xpm_fifo_rst_inst/wr_clk
    SLICE_X43Y283        FDRE                                         r  u_dut/u_cdc/g_xpm_fifo.u_async_fifo/u_xpm_fifo_async/gnuram_async_fifo.xpm_fifo_base_inst/xpm_fifo_rst_inst/power_on_rst_reg[1]/C
                         clock pessimism              0.000     0.019    
    SLICE_X43Y283        FDRE (Hold_EFF2_SLICEL_C_D)
                                                      0.047     0.066    u_dut/u_cdc/g_xpm_fifo.u_async_fifo/u_xpm_fifo_async/gnuram_async_fifo.xpm_fifo_base_inst/xpm_fifo_rst_inst/power_on_rst_reg[1]
  -------------------------------------------------------------------
                         required time                         -0.066    
                         arrival time                           0.113    
  -------------------------------------------------------------------
                         slack                                  0.047    





Pulse Width Checks
--------------------------------------------------------------------------------------
Clock Name:         s_axis_aclk
Waveform(ns):       { 0.000 4.000 }
Period(ns):         8.000
Sources:            { clk125 }

Check Type        Corner  Lib Pin             Reference Pin  Required(ns)  Actual(ns)  Slack(ns)  Location      Pin
Min Period        n/a     RAMB36E2/CLKBWRCLK  n/a            1.355         8.000       6.645      RAMB36_X4Y51  u_dut/u_cdc/g_xpm_fifo.u_async_fifo/u_xpm_fifo_async/gnuram_async_fifo.xpm_fifo_base_inst/gen_sdpram.xpm_memory_base_inst/gen_wr_a.gen_word_narrow.mem_reg_0/CLKBWRCLK
Low Pulse Width   Slow    RAMB36E2/CLKBWRCLK  n/a            0.542         4.000       3.458      RAMB36_X4Y51  u_dut/u_cdc/g_xpm_fifo.u_async_fifo/u_xpm_fifo_async/gnuram_async_fifo.xpm_fifo_base_inst/gen_sdpram.xpm_memory_base_inst/gen_wr_a.gen_word_narrow.mem_reg_0/CLKBWRCLK
High Pulse Width  Slow    RAMB36E2/CLKBWRCLK  n/a            0.542         4.000       3.458      RAMB36_X4Y51  u_dut/u_cdc/g_xpm_fifo.u_async_fifo/u_xpm_fifo_async/gnuram_async_fifo.xpm_fifo_base_inst/gen_sdpram.xpm_memory_base_inst/gen_wr_a.gen_word_narrow.mem_reg_0/CLKBWRCLK



---------------------------------------------------------------------------------------------------
Path Group:  **async_default**
From Clock:  core_clk
  To Clock:  core_clk

Setup :            0  Failing Endpoints,  Worst Slack        2.496ns,  Total Violation        0.000ns
Hold  :            0  Failing Endpoints,  Worst Slack        0.245ns,  Total Violation        0.000ns
---------------------------------------------------------------------------------------------------


Max Delay Paths
--------------------------------------------------------------------------------------
Slack (MET) :             2.496ns  (required time - arrival time)
  Source:                 u_dut/u_cdc/u_c_reset/sync_q_reg[1]/C
                            (rising edge-triggered cell FDCE clocked by core_clk  {rise@0.000ns fall@2.286ns period=4.571ns})
  Destination:            u_dut/u_cdc/out_i_q_reg[39]/CLR
                            (recovery check against rising-edge clock core_clk  {rise@0.000ns fall@2.286ns period=4.571ns})
  Path Group:             **async_default**
  Path Type:              Recovery (Max at Slow Process Corner)
  Requirement:            4.571ns  (core_clk rise@4.571ns - core_clk rise@0.000ns)
  Data Path Delay:        1.966ns  (logic 0.081ns (4.120%)  route 1.885ns (95.880%))
  Logic Levels:           0  
  Clock Path Skew:        -0.008ns (DCD - SCD + CPR)
    Destination Clock Delay (DCD):    0.021ns = ( 4.592 - 4.571 ) 
    Source Clock Delay      (SCD):    0.029ns
    Clock Pessimism Removal (CPR):    0.000ns
  Clock Uncertainty:      0.035ns  ((TSJ^2 + TIJ^2)^1/2 + DJ) / 2 + PE
    Total System Jitter     (TSJ):    0.071ns
    Total Input Jitter      (TIJ):    0.000ns
    Discrete Jitter          (DJ):    0.000ns
    Phase Error              (PE):    0.000ns

    Location             Delay type                Incr(ns)  Path(ns)    Netlist Resource(s)
  -------------------------------------------------------------------    -------------------
                         (clock core_clk rise edge)
                                                      0.000     0.000 r  
                                                      0.000     0.000 r  clk218 (IN)
                         net (fo=103766, unset)       0.029     0.029    u_dut/u_cdc/u_c_reset/clk
    SLICE_X38Y267        FDCE                                         r  u_dut/u_cdc/u_c_reset/sync_q_reg[1]/C
  -------------------------------------------------------------------    -------------------
    SLICE_X38Y267        FDCE (Prop_EFF2_SLICEL_C_Q)
                                                      0.081     0.110 r  u_dut/u_cdc/u_c_reset/sync_q_reg[1]/Q
                         net (fo=618, routed)         1.885     1.995    u_dut/u_cdc/c_rst_n
    SLICE_X40Y253        FDCE                                         f  u_dut/u_cdc/out_i_q_reg[39]/CLR  (IS_INVERTED)
  -------------------------------------------------------------------    -------------------

                         (clock core_clk rise edge)
                                                      4.571     4.571 r  
                                                      0.000     4.571 r  clk218 (IN)
                         net (fo=103766, unset)       0.021     4.592    u_dut/u_cdc/core_clk
    SLICE_X40Y253        FDCE                                         r  u_dut/u_cdc/out_i_q_reg[39]/C
                         clock pessimism              0.000     4.592    
                         clock uncertainty           -0.035     4.557    
    SLICE_X40Y253        FDCE (Recov_DFF_SLICEM_C_CLR)
                                                     -0.066     4.491    u_dut/u_cdc/out_i_q_reg[39]
  -------------------------------------------------------------------
                         required time                          4.491    
                         arrival time                          -1.995    
  -------------------------------------------------------------------
                         slack                                  2.496    





Min Delay Paths
--------------------------------------------------------------------------------------
Slack (MET) :             0.245ns  (arrival time - required time)
  Source:                 u_dut/u_cdc/u_c_reset/sync_q_reg[1]/C
                            (rising edge-triggered cell FDCE clocked by core_clk  {rise@0.000ns fall@2.286ns period=4.571ns})
  Destination:            u_dut/u_cdc/rem_count_q_reg[1]_rep__1/CLR
                            (removal check against rising-edge clock core_clk  {rise@0.000ns fall@2.286ns period=4.571ns})
  Path Group:             **async_default**
  Path Type:              Removal (Min at Fast Process Corner)
  Requirement:            0.000ns  (core_clk rise@0.000ns - core_clk rise@0.000ns)
  Data Path Delay:        0.231ns  (logic 0.040ns (17.284%)  route 0.191ns (82.716%))
  Logic Levels:           0  
  Clock Path Skew:        0.006ns (DCD - SCD - CPR)
    Destination Clock Delay (DCD):    0.019ns
    Source Clock Delay      (SCD):    0.013ns
    Clock Pessimism Removal (CPR):    -0.000ns

    Location             Delay type                Incr(ns)  Path(ns)    Netlist Resource(s)
  -------------------------------------------------------------------    -------------------
                         (clock core_clk rise edge)
                                                      0.000     0.000 r  
                                                      0.000     0.000 r  clk218 (IN)
                         net (fo=103766, unset)       0.013     0.013    u_dut/u_cdc/u_c_reset/clk
    SLICE_X38Y267        FDCE                                         r  u_dut/u_cdc/u_c_reset/sync_q_reg[1]/C
  -------------------------------------------------------------------    -------------------
    SLICE_X38Y267        FDCE (Prop_EFF2_SLICEL_C_Q)
                                                      0.040     0.053 r  u_dut/u_cdc/u_c_reset/sync_q_reg[1]/Q
                         net (fo=618, routed)         0.191     0.244    u_dut/u_cdc/c_rst_n
    SLICE_X36Y267        FDCE                                         f  u_dut/u_cdc/rem_count_q_reg[1]_rep__1/CLR  (IS_INVERTED)
  -------------------------------------------------------------------    -------------------

                         (clock core_clk rise edge)
                                                      0.000     0.000 r  
                                                      0.000     0.000 r  clk218 (IN)
                         net (fo=103766, unset)       0.019     0.019    u_dut/u_cdc/core_clk
    SLICE_X36Y267        FDCE                                         r  u_dut/u_cdc/rem_count_q_reg[1]_rep__1/C
                         clock pessimism              0.000     0.019    
    SLICE_X36Y267        FDCE (Remov_EFF_SLICEL_C_CLR)
                                                     -0.020    -0.001    u_dut/u_cdc/rem_count_q_reg[1]_rep__1
  -------------------------------------------------------------------
                         required time                          0.001    
                         arrival time                           0.244    
  -------------------------------------------------------------------
                         slack                                  0.245    





